	[00000000] <-- 00100293
	[00000004] <-- 00200393
	[00000008] <-- 00000893
	[0000000C] <-- 00010137
	[00000010] <-- FFC10113
	[00000014] <-- 00500813
	[00000018] <-- 010FA023
	[0000001C] <-- 01C000EF
	[00000020] <-- FFFFFFFF
	[00000024] <-- BADBB337
	[00000028] <-- D0030313
	[0000002C] <-- BADBB3B7
	[00000030] <-- D0138393
	[00000034] <-- 010FA023
	[00000038] <-- 00100E13
	[0000003C] <-- 00100E93
	[00000040] <-- 01DE0C63
	[00000044] <-- FFFFFFFF
	[00000048] <-- BADBBF37
	[0000004C] <-- D02F0F13
	[00000050] <-- BADBBFB7
	[00000054] <-- D03F8F93
	[00000058] <-- FFFFFFFF
	[0000005C] <-- 00100313
	[00000060] <-- 00200393
	[00000064] <-- 00730E33
26 words loaded from meminit.hex
Starting simulation...

	Core 0
	PC <-- 00000000

00000000(Core 0): 00100293 ADDI R5, R0, 1
	PC <-- 00000004
	R5 <-- 00000001

00000004(Core 0): 00200393 ADDI R7, R0, 2
	PC <-- 00000008
	R7 <-- 00000002

00000008(Core 0): 00000893 ADDI R17, R0, 0
	PC <-- 0000000C
	R17 <-- 00000000

0000000C(Core 0): 00010137 LUI R2, 16
	PC <-- 00000010
	R2 <-- 00010000

00000010(Core 0): FFC10113 ADDI R2, R2, -4
	PC <-- 00000014
	R2 <-- 0000FFFC

00000014(Core 0): 00500813 ADDI R16, R0, 5
	PC <-- 00000018
	R16 <-- 00000005

00000018(Core 0): 010FA023 SW R16, 0(R31)
	PC <-- 0000001C
	**Coherence Invalidation
	RsvSet <-- 00000000
	[00000000] <-- 00000005

0000001C(Core 0): 01C000EF JAL R1, 56
	PC <-- 00000038
	R1 <-- 00000020

00000038(Core 0): 00100E13 ADDI R28, R0, 1
	PC <-- 0000003C
	R28 <-- 00000001

0000003C(Core 0): 00100E93 ADDI R29, R0, 1
	PC <-- 00000040
	R29 <-- 00000001

00000040(Core 0): 01DE0C63 BEQ R28, R29, 88
	PC <-- 00000058

00000058(Core 0): FFFFFFFF HALT
	PC <-- 0000005C
HALT executed(Core 0).
Done simulating...

Instruction Breakdown:

	  BEQ:    1 (8.33%)
	 ADDI:    7 (58.33%)
	   SW:    1 (8.33%)
	  JAL:    1 (8.33%)
	  LUI:    1 (8.33%)
	 TOTAL:   11

	PC: 0000005C

General Purpose Registers:
	R 0: 00000000	R 1: 00000020	R 2: 0000FFFC	R 3: 00000000
	R 4: 00000000	R 5: 00000001	R 6: 00000000	R 7: 00000002
	R 8: 00000000	R 9: 00000000	R10: 00000000	R11: 00000000
	R12: 00000000	R13: 00000000	R14: 00000000	R15: 00000000
	R16: 00000005	R17: 00000000	R18: 00000000	R19: 00000000
	R20: 00000000	R21: 00000000	R22: 00000000	R23: 00000000
	R24: 00000000	R25: 00000000	R26: 00000000	R27: 00000000
	R28: 00000001	R29: 00000001	R30: 00000000	R31: 00000000
