	[00000000] <-- 000012B7
	[00000004] <-- AAAA1337
	[00000008] <-- 23430313
	[0000000C] <-- 0062A023
	[00000010] <-- FFFFFFFF
	[00000200] <-- FFFFFFFF
6 words loaded from meminit.hex
Starting simulation...

	Core 0
	PC <-- 00000000
	Core 1
	PC <-- 00000200

00000000(Core 0): 000012B7 LUI R5, 1
	PC <-- 00000004
	R5 <-- 00001000

00000004(Core 0): AAAA1337 LUI R6, -349535
	PC <-- 00000008
	R6 <-- AAAA1000

00000008(Core 0): 23430313 ADDI R6, R6, 564
	PC <-- 0000000C
	R6 <-- AAAA1234

00000200(Core 1): FFFFFFFF HALT
	PC <-- 00000204
HALT executed(Core 1).

0000000C(Core 0): 0062A023 SW R6, 0(R5)
	PC <-- 00000010
	[00001000] <-- AAAA1234

00000010(Core 0): FFFFFFFF HALT
	PC <-- 00000014
HALT executed(Core 0).
Done simulating...

Instruction Breakdown:

		Core 0
	 ADDI:    1 (20.00%)
	   SW:    1 (20.00%)
	  LUI:    2 (40.00%)
	 TOTAL:    4

	PC: 00000014

General Purpose Registers:
	R 0: 00000000	R 1: 00000000	R 2: 00000000	R 3: 00000000
	R 4: 00000000	R 5: 00001000	R 6: AAAA1234	R 7: 00000000
	R 8: 00000000	R 9: 00000000	R10: 00000000	R11: 00000000
	R12: 00000000	R13: 00000000	R14: 00000000	R15: 00000000
	R16: 00000000	R17: 00000000	R18: 00000000	R19: 00000000
	R20: 00000000	R21: 00000000	R22: 00000000	R23: 00000000
	R24: 00000000	R25: 00000000	R26: 00000000	R27: 00000000
	R28: 00000000	R29: 00000000	R30: 00000000	R31: 00000000


		Core 1
	 TOTAL:    1

	PC: 00000204

General Purpose Registers:
	R 0: 00000000	R 1: 00000000	R 2: 00000000	R 3: 00000000
	R 4: 00000000	R 5: 00000000	R 6: 00000000	R 7: 00000000
	R 8: 00000000	R 9: 00000000	R10: 00000000	R11: 00000000
	R12: 00000000	R13: 00000000	R14: 00000000	R15: 00000000
	R16: 00000000	R17: 00000000	R18: 00000000	R19: 00000000
	R20: 00000000	R21: 00000000	R22: 00000000	R23: 00000000
	R24: 00000000	R25: 00000000	R26: 00000000	R27: 00000000
	R28: 00000000	R29: 00000000	R30: 00000000	R31: 00000000
