	[00000000] <-- 000012B7
	[00000004] <-- 12345337
	[00000008] <-- 67830313
	[0000000C] <-- 876543B7
	[00000010] <-- 32138393
	[00000014] <-- 0062A023
	[00000018] <-- 0002AE03
	[0000001C] <-- 0072A023
	[00000020] <-- FFFFFFFF
	[00000200] <-- FFFFFFFF
10 words loaded from meminit.hex
Starting simulation...

	Core 0
	PC <-- 00000000
	Core 1
	PC <-- 00000200

00000000(Core 0): 000012B7 LUI R5, 1
	PC <-- 00000004
	R5 <-- 00001000

00000004(Core 0): 12345337 LUI R6, 74565
	PC <-- 00000008
	R6 <-- 12345000

00000008(Core 0): 67830313 ADDI R6, R6, 1656
	PC <-- 0000000C
	R6 <-- 12345678

00000200(Core 1): FFFFFFFF HALT
	PC <-- 00000204
HALT executed(Core 1).

0000000C(Core 0): 876543B7 LUI R7, -493996
	PC <-- 00000010
	R7 <-- 87654000

00000010(Core 0): 32138393 ADDI R7, R7, 801
	PC <-- 00000014
	R7 <-- 87654321

00000014(Core 0): 0062A023 SW R6, 0(R5)
	PC <-- 00000018
	[00001000] <-- 12345678

00000018(Core 0): 0002AE03 LW R28, 0(R5)
	PC <-- 0000001C
	[word read from 00001000]
	R28 <-- 12345678

0000001C(Core 0): 0072A023 SW R7, 0(R5)
	PC <-- 00000020
	[00001000] <-- 87654321

00000020(Core 0): FFFFFFFF HALT
	PC <-- 00000024
HALT executed(Core 0).
Done simulating...

Instruction Breakdown:

		Core 0
	 ADDI:    2 (22.22%)
	   LW:    1 (11.11%)
	   SW:    2 (22.22%)
	  LUI:    3 (33.33%)
	 TOTAL:    8

	PC: 00000024

General Purpose Registers:
	R 0: 00000000	R 1: 00000000	R 2: 00000000	R 3: 00000000
	R 4: 00000000	R 5: 00001000	R 6: 12345678	R 7: 87654321
	R 8: 00000000	R 9: 00000000	R10: 00000000	R11: 00000000
	R12: 00000000	R13: 00000000	R14: 00000000	R15: 00000000
	R16: 00000000	R17: 00000000	R18: 00000000	R19: 00000000
	R20: 00000000	R21: 00000000	R22: 00000000	R23: 00000000
	R24: 00000000	R25: 00000000	R26: 00000000	R27: 00000000
	R28: 12345678	R29: 00000000	R30: 00000000	R31: 00000000


		Core 1
	 TOTAL:    1

	PC: 00000204

General Purpose Registers:
	R 0: 00000000	R 1: 00000000	R 2: 00000000	R 3: 00000000
	R 4: 00000000	R 5: 00000000	R 6: 00000000	R 7: 00000000
	R 8: 00000000	R 9: 00000000	R10: 00000000	R11: 00000000
	R12: 00000000	R13: 00000000	R14: 00000000	R15: 00000000
	R16: 00000000	R17: 00000000	R18: 00000000	R19: 00000000
	R20: 00000000	R21: 00000000	R22: 00000000	R23: 00000000
	R24: 00000000	R25: 00000000	R26: 00000000	R27: 00000000
	R28: 00000000	R29: 00000000	R30: 00000000	R31: 00000000
