
*** Running vivado
    with args -log system.vdi -applog -m64 -product Vivado -messageDb vivado.pb -mode batch -source system.tcl -notrace


****** Vivado v2023.2 (64-bit)
  **** SW Build 4029153 on Fri Oct 13 20:13:54 MDT 2023
  **** IP Build 4028589 on Sat Oct 14 00:45:43 MDT 2023
  **** SharedData Build 4025554 on Tue Oct 10 17:18:54 MDT 2023
    ** Copyright 1986-2022 Xilinx, Inc. All Rights Reserved.
    ** Copyright 2022-2023 Advanced Micro Devices, Inc. All Rights Reserved.

source system.tcl -notrace
Command: link_design -top system -part xc7s50csga324-1
Design is defaulting to srcset: sources_1
Design is defaulting to constrset: constrs_1
INFO: [Device 21-403] Loading part xc7s50csga324-1
Netlist sorting complete. Time (s): cpu = 00:00:00.03 ; elapsed = 00:00:00.03 . Memory (MB): peak = 1903.352 ; gain = 0.000 ; free physical = 82938 ; free virtual = 291372
INFO: [Netlist 29-17] Analyzing 887 Unisim elements for replacement
INFO: [Netlist 29-28] Unisim Transformation completed in 0 CPU seconds
INFO: [Project 1-479] Netlist was created with Vivado 2023.2
INFO: [Project 1-570] Preparing netlist for logic optimization
Parsing XDC File [/home/ecegridfs/a/437mg108/ece437/pipelinePartner/processors-team/build/generated_clock.xdc]
Finished Parsing XDC File [/home/ecegridfs/a/437mg108/ece437/pipelinePartner/processors-team/build/generated_clock.xdc]
INFO: [Opt 31-138] Pushed 0 inverter(s) to 0 load pin(s).
Netlist sorting complete. Time (s): cpu = 00:00:00 ; elapsed = 00:00:00 . Memory (MB): peak = 2070.816 ; gain = 0.000 ; free physical = 82774 ; free virtual = 291209
INFO: [Project 1-111] Unisim Transformation Summary:
No Unisim elements were transformed.

7 Infos, 0 Warnings, 0 Critical Warnings and 0 Errors encountered.
link_design completed successfully
Command: opt_design
Attempting to get a license for feature 'Implementation' and/or device 'xc7s50'
INFO: [Common 17-349] Got license for feature 'Implementation' and/or device 'xc7s50'
Running DRC as a precondition to command opt_design

Starting DRC Task
INFO: [DRC 23-27] Running DRC with 8 threads
INFO: [Project 1-461] DRC finished with 0 Errors
INFO: [Project 1-462] Please refer to the DRC report (report_drc) for more information.

Time (s): cpu = 00:00:00.72 ; elapsed = 00:00:00.45 . Memory (MB): peak = 2160.598 ; gain = 83.809 ; free physical = 82752 ; free virtual = 291186

Starting Cache Timing Information Task
INFO: [Timing 38-35] Done setting XDC timing constraints.
Ending Cache Timing Information Task | Checksum: c28ac27e

Time (s): cpu = 00:00:04 ; elapsed = 00:00:04 . Memory (MB): peak = 2572.387 ; gain = 411.789 ; free physical = 82087 ; free virtual = 290521

Starting Logic Optimization Task

Phase 1 Initialization

Phase 1.1 Core Generation And Design Setup
Phase 1.1 Core Generation And Design Setup | Checksum: c28ac27e

Time (s): cpu = 00:00:00 ; elapsed = 00:00:00 . Memory (MB): peak = 2880.105 ; gain = 0.000 ; free physical = 81612 ; free virtual = 290047

Phase 1.2 Setup Constraints And Sort Netlist
Phase 1.2 Setup Constraints And Sort Netlist | Checksum: c28ac27e

Time (s): cpu = 00:00:00.01 ; elapsed = 00:00:00.01 . Memory (MB): peak = 2880.105 ; gain = 0.000 ; free physical = 81612 ; free virtual = 290046
Phase 1 Initialization | Checksum: c28ac27e

Time (s): cpu = 00:00:00.01 ; elapsed = 00:00:00.01 . Memory (MB): peak = 2880.105 ; gain = 0.000 ; free physical = 81612 ; free virtual = 290046

Phase 2 Timer Update And Timing Data Collection

Phase 2.1 Timer Update
Phase 2.1 Timer Update | Checksum: c28ac27e

Time (s): cpu = 00:00:00.44 ; elapsed = 00:00:00.11 . Memory (MB): peak = 2880.105 ; gain = 0.000 ; free physical = 81417 ; free virtual = 289851

Phase 2.2 Timing Data Collection
Phase 2.2 Timing Data Collection | Checksum: c28ac27e

Time (s): cpu = 00:00:00.45 ; elapsed = 00:00:00.12 . Memory (MB): peak = 2880.105 ; gain = 0.000 ; free physical = 81416 ; free virtual = 289850
Phase 2 Timer Update And Timing Data Collection | Checksum: c28ac27e

Time (s): cpu = 00:00:00.45 ; elapsed = 00:00:00.12 . Memory (MB): peak = 2880.105 ; gain = 0.000 ; free physical = 81416 ; free virtual = 289850

Phase 3 Retarget
INFO: [Opt 31-1566] Pulled 3 inverters resulting in an inversion of 33 pins
INFO: [Opt 31-138] Pushed 0 inverter(s) to 0 load pin(s).
INFO: [Opt 31-49] Retargeted 0 cell(s).
Phase 3 Retarget | Checksum: 1a2ebfa43

Time (s): cpu = 00:00:00.6 ; elapsed = 00:00:00.23 . Memory (MB): peak = 2880.105 ; gain = 0.000 ; free physical = 81509 ; free virtual = 289944
Retarget | Checksum: 1a2ebfa43
INFO: [Opt 31-389] Phase Retarget created 0 cells and removed 10 cells

Phase 4 Constant propagation
INFO: [Opt 31-138] Pushed 0 inverter(s) to 0 load pin(s).
Phase 4 Constant propagation | Checksum: 155d4bf80

Time (s): cpu = 00:00:00.65 ; elapsed = 00:00:00.27 . Memory (MB): peak = 2880.105 ; gain = 0.000 ; free physical = 81504 ; free virtual = 289938
Constant propagation | Checksum: 155d4bf80
INFO: [Opt 31-389] Phase Constant propagation created 0 cells and removed 0 cells

Phase 5 Sweep
Phase 5 Sweep | Checksum: 126e7582f

Time (s): cpu = 00:00:00.69 ; elapsed = 00:00:00.33 . Memory (MB): peak = 2880.105 ; gain = 0.000 ; free physical = 81505 ; free virtual = 289939
Sweep | Checksum: 126e7582f
INFO: [Opt 31-389] Phase Sweep created 0 cells and removed 0 cells

Phase 6 BUFG optimization
Phase 6 BUFG optimization | Checksum: 126e7582f

Time (s): cpu = 00:00:00.76 ; elapsed = 00:00:00.36 . Memory (MB): peak = 2912.121 ; gain = 32.016 ; free physical = 81501 ; free virtual = 289936
BUFG optimization | Checksum: 126e7582f
INFO: [Opt 31-662] Phase BUFG optimization created 0 cells of which 0 are BUFGs and removed 0 cells.

Phase 7 Shift Register Optimization
INFO: [Opt 31-1064] SRL Remap converted 0 SRLs to 0 registers and converted 0 registers of register chains to 0 SRLs
Phase 7 Shift Register Optimization | Checksum: 126e7582f

Time (s): cpu = 00:00:00.77 ; elapsed = 00:00:00.37 . Memory (MB): peak = 2912.121 ; gain = 32.016 ; free physical = 81501 ; free virtual = 289935
Shift Register Optimization | Checksum: 126e7582f
INFO: [Opt 31-389] Phase Shift Register Optimization created 0 cells and removed 0 cells

Phase 8 Post Processing Netlist
Phase 8 Post Processing Netlist | Checksum: 126e7582f

Time (s): cpu = 00:00:00.78 ; elapsed = 00:00:00.38 . Memory (MB): peak = 2912.121 ; gain = 32.016 ; free physical = 81499 ; free virtual = 289934
Post Processing Netlist | Checksum: 126e7582f
INFO: [Opt 31-389] Phase Post Processing Netlist created 0 cells and removed 0 cells

Phase 9 Finalization

Phase 9.1 Finalizing Design Cores and Updating Shapes
Phase 9.1 Finalizing Design Cores and Updating Shapes | Checksum: affc6153

Time (s): cpu = 00:00:00.82 ; elapsed = 00:00:00.42 . Memory (MB): peak = 2912.121 ; gain = 32.016 ; free physical = 81500 ; free virtual = 289935

Phase 9.2 Verifying Netlist Connectivity

Starting Connectivity Check Task

Time (s): cpu = 00:00:00.01 ; elapsed = 00:00:00.01 . Memory (MB): peak = 2912.121 ; gain = 0.000 ; free physical = 81499 ; free virtual = 289934
Phase 9.2 Verifying Netlist Connectivity | Checksum: affc6153

Time (s): cpu = 00:00:00.83 ; elapsed = 00:00:00.43 . Memory (MB): peak = 2912.121 ; gain = 32.016 ; free physical = 81499 ; free virtual = 289934
Phase 9 Finalization | Checksum: affc6153

Time (s): cpu = 00:00:00.83 ; elapsed = 00:00:00.43 . Memory (MB): peak = 2912.121 ; gain = 32.016 ; free physical = 81499 ; free virtual = 289933
Opt_design Change Summary
=========================


-------------------------------------------------------------------------------------------------------------------------
|  Phase                        |  #Cells created  |  #Cells Removed  |  #Constrained objects preventing optimizations  |
-------------------------------------------------------------------------------------------------------------------------
|  Retarget                     |               0  |              10  |                                              0  |
|  Constant propagation         |               0  |               0  |                                              0  |
|  Sweep                        |               0  |               0  |                                              0  |
|  BUFG optimization            |               0  |               0  |                                              0  |
|  Shift Register Optimization  |               0  |               0  |                                              0  |
|  Post Processing Netlist      |               0  |               0  |                                              0  |
-------------------------------------------------------------------------------------------------------------------------


Ending Logic Optimization Task | Checksum: affc6153

Time (s): cpu = 00:00:00.83 ; elapsed = 00:00:00.44 . Memory (MB): peak = 2912.121 ; gain = 32.016 ; free physical = 81499 ; free virtual = 289933
INFO: [Constraints 18-11670] Building netlist checker database with flags, 0x8
Done building netlist checker database: Time (s): cpu = 00:00:00 ; elapsed = 00:00:00 . Memory (MB): peak = 2912.121 ; gain = 0.000 ; free physical = 81498 ; free virtual = 289933

Starting Power Optimization Task
INFO: [Pwropt 34-132] Skipping clock gating for clocks with a period < 2.00 ns.
INFO: [Timing 38-35] Done setting XDC timing constraints.
INFO: [Pwropt 34-9] Applying IDT optimizations ...
INFO: [Pwropt 34-10] Applying ODC optimizations ...
Running Vector-less Activity Propagation...

Finished Running Vector-less Activity Propagation


Starting PowerOpt Patch Enables Task
INFO: [Pwropt 34-162] WRITE_MODE attribute of 0 BRAM(s) out of a total of 16 has been updated to save power. Run report_power_opt to get a complete listing of the BRAMs updated.
INFO: [Pwropt 34-201] Structural ODC has moved 0 WE to EN ports
Number of BRAM Ports augmented: 0 newly gated: 0 Total Ports: 32
Ending PowerOpt Patch Enables Task | Checksum: affc6153

Time (s): cpu = 00:00:00.05 ; elapsed = 00:00:00.05 . Memory (MB): peak = 3228.453 ; gain = 0.000 ; free physical = 81302 ; free virtual = 289738
Ending Power Optimization Task | Checksum: affc6153

Time (s): cpu = 00:00:04 ; elapsed = 00:00:01 . Memory (MB): peak = 3228.453 ; gain = 316.332 ; free physical = 81301 ; free virtual = 289736

Starting Final Cleanup Task
Ending Final Cleanup Task | Checksum: affc6153

Time (s): cpu = 00:00:00 ; elapsed = 00:00:00 . Memory (MB): peak = 3228.453 ; gain = 0.000 ; free physical = 81301 ; free virtual = 289736

Starting Netlist Obfuscation Task
Netlist sorting complete. Time (s): cpu = 00:00:00 ; elapsed = 00:00:00 . Memory (MB): peak = 3228.453 ; gain = 0.000 ; free physical = 81301 ; free virtual = 289736
Ending Netlist Obfuscation Task | Checksum: affc6153

Time (s): cpu = 00:00:00 ; elapsed = 00:00:00 . Memory (MB): peak = 3228.453 ; gain = 0.000 ; free physical = 81301 ; free virtual = 289736
INFO: [Common 17-83] Releasing license: Implementation
31 Infos, 0 Warnings, 0 Critical Warnings and 0 Errors encountered.
opt_design completed successfully
opt_design: Time (s): cpu = 00:00:11 ; elapsed = 00:00:08 . Memory (MB): peak = 3228.453 ; gain = 1151.664 ; free physical = 81301 ; free virtual = 289736
INFO: [runtcl-4] Executing : report_drc -file system_drc_opted.rpt -pb system_drc_opted.pb -rpx system_drc_opted.rpx
Command: report_drc -file system_drc_opted.rpt -pb system_drc_opted.pb -rpx system_drc_opted.rpx
INFO: [IP_Flow 19-234] Refreshing IP repositories
INFO: [IP_Flow 19-1704] No user IP repositories specified
INFO: [IP_Flow 19-2313] Loaded Vivado IP repository '/package/eda/xilinx/Vivado/2023.2/data/ip'.
INFO: [DRC 23-27] Running DRC with 8 threads
INFO: [Vivado_Tcl 2-168] The results of DRC are in file /home/ecegridfs/a/437mg108/ece437/pipelinePartner/processors-team/build/system.runs/impl_1/system_drc_opted.rpt.
report_drc completed successfully
INFO: [Timing 38-480] Writing timing data to binary archive.
Write ShapeDB Complete: Time (s): cpu = 00:00:00.02 ; elapsed = 00:00:00.01 . Memory (MB): peak = 3228.453 ; gain = 0.000 ; free physical = 81173 ; free virtual = 289611
INFO: [Common 17-1381] The checkpoint '/home/ecegridfs/a/437mg108/ece437/pipelinePartner/processors-team/build/system.runs/impl_1/system_opt.dcp' has been generated.
Command: place_design -directive RuntimeOptimized
Attempting to get a license for feature 'Implementation' and/or device 'xc7s50'
INFO: [Common 17-349] Got license for feature 'Implementation' and/or device 'xc7s50'
INFO: [Common 17-83] Releasing license: Implementation
INFO: [DRC 23-27] Running DRC with 8 threads
INFO: [Vivado_Tcl 4-198] DRC finished with 0 Errors
INFO: [Vivado_Tcl 4-199] Please refer to the DRC report (report_drc) for more information.
Running DRC as a precondition to command place_design
INFO: [DRC 23-27] Running DRC with 8 threads
INFO: [Vivado_Tcl 4-198] DRC finished with 0 Errors, 21 Warnings
INFO: [Vivado_Tcl 4-199] Please refer to the DRC report (report_drc) for more information.
INFO: [Place 46-5] The placer was invoked with the 'RuntimeOptimized' directive.
INFO: [Place 30-611] Multithreading enabled for place_design using a maximum of 8 CPUs

Starting Placer Task

Phase 1 Placer Initialization

Phase 1.1 Placer Initialization Netlist Sorting
Netlist sorting complete. Time (s): cpu = 00:00:00 ; elapsed = 00:00:00 . Memory (MB): peak = 3228.453 ; gain = 0.000 ; free physical = 81092 ; free virtual = 289531
Phase 1.1 Placer Initialization Netlist Sorting | Checksum: 5a70aa94

Time (s): cpu = 00:00:00.01 ; elapsed = 00:00:00.02 . Memory (MB): peak = 3228.453 ; gain = 0.000 ; free physical = 81092 ; free virtual = 289531
Netlist sorting complete. Time (s): cpu = 00:00:00 ; elapsed = 00:00:00 . Memory (MB): peak = 3228.453 ; gain = 0.000 ; free physical = 81092 ; free virtual = 289531

Phase 1.2 IO Placement/ Clock Placement/ Build Placer Device
INFO: [Timing 38-35] Done setting XDC timing constraints.
Phase 1.2 IO Placement/ Clock Placement/ Build Placer Device | Checksum: b76fa19a

Time (s): cpu = 00:00:01 ; elapsed = 00:00:00.63 . Memory (MB): peak = 3228.453 ; gain = 0.000 ; free physical = 81049 ; free virtual = 289488

Phase 1.3 Build Placer Netlist Model
Phase 1.3 Build Placer Netlist Model | Checksum: c409b3cf

Time (s): cpu = 00:00:04 ; elapsed = 00:00:01 . Memory (MB): peak = 3228.453 ; gain = 0.000 ; free physical = 80819 ; free virtual = 289258

Phase 1.4 Constrain Clocks/Macros
Phase 1.4 Constrain Clocks/Macros | Checksum: c409b3cf

Time (s): cpu = 00:00:04 ; elapsed = 00:00:01 . Memory (MB): peak = 3228.453 ; gain = 0.000 ; free physical = 80818 ; free virtual = 289257
Phase 1 Placer Initialization | Checksum: c409b3cf

Time (s): cpu = 00:00:04 ; elapsed = 00:00:01 . Memory (MB): peak = 3228.453 ; gain = 0.000 ; free physical = 80817 ; free virtual = 289256

Phase 2 Global Placement

Phase 2.1 Floorplanning
Phase 2.1 Floorplanning | Checksum: 164910548

Time (s): cpu = 00:00:04 ; elapsed = 00:00:02 . Memory (MB): peak = 3228.453 ; gain = 0.000 ; free physical = 80789 ; free virtual = 289228

Phase 2.2 Update Timing before SLR Path Opt
Phase 2.2 Update Timing before SLR Path Opt | Checksum: 119059421

Time (s): cpu = 00:00:05 ; elapsed = 00:00:02 . Memory (MB): peak = 3228.453 ; gain = 0.000 ; free physical = 80772 ; free virtual = 289211

Phase 2.3 Post-Processing in Floorplanning
Phase 2.3 Post-Processing in Floorplanning | Checksum: 119059421

Time (s): cpu = 00:00:05 ; elapsed = 00:00:02 . Memory (MB): peak = 3228.453 ; gain = 0.000 ; free physical = 80770 ; free virtual = 289210

Phase 2.4 Global Placement Core
Phase 2.4 Global Placement Core | Checksum: 1509803eb

Time (s): cpu = 00:00:18 ; elapsed = 00:00:06 . Memory (MB): peak = 3228.453 ; gain = 0.000 ; free physical = 82028 ; free virtual = 290466
Phase 2 Global Placement | Checksum: 1509803eb

Time (s): cpu = 00:00:18 ; elapsed = 00:00:06 . Memory (MB): peak = 3228.453 ; gain = 0.000 ; free physical = 82028 ; free virtual = 290466

Phase 3 Detail Placement

Phase 3.1 Commit Multi Column Macros
Phase 3.1 Commit Multi Column Macros | Checksum: 13c68e735

Time (s): cpu = 00:00:18 ; elapsed = 00:00:07 . Memory (MB): peak = 3228.453 ; gain = 0.000 ; free physical = 82028 ; free virtual = 290467

Phase 3.2 Commit Most Macros & LUTRAMs
Phase 3.2 Commit Most Macros & LUTRAMs | Checksum: 150e58364

Time (s): cpu = 00:00:20 ; elapsed = 00:00:07 . Memory (MB): peak = 3228.453 ; gain = 0.000 ; free physical = 82026 ; free virtual = 290464

Phase 3.3 Area Swap Optimization
Phase 3.3 Area Swap Optimization | Checksum: a502e474

Time (s): cpu = 00:00:20 ; elapsed = 00:00:07 . Memory (MB): peak = 3228.453 ; gain = 0.000 ; free physical = 82026 ; free virtual = 290465

Phase 3.4 Pipeline Register Optimization
Phase 3.4 Pipeline Register Optimization | Checksum: a502e474

Time (s): cpu = 00:00:20 ; elapsed = 00:00:07 . Memory (MB): peak = 3228.453 ; gain = 0.000 ; free physical = 82026 ; free virtual = 290464

Phase 3.5 Fast Optimization
Phase 3.5 Fast Optimization | Checksum: 9fe34693

Time (s): cpu = 00:00:23 ; elapsed = 00:00:10 . Memory (MB): peak = 3228.453 ; gain = 0.000 ; free physical = 82028 ; free virtual = 290462

Phase 3.6 Small Shape Detail Placement
Phase 3.6 Small Shape Detail Placement | Checksum: 1ea403d0c

Time (s): cpu = 00:00:26 ; elapsed = 00:00:12 . Memory (MB): peak = 3228.453 ; gain = 0.000 ; free physical = 82055 ; free virtual = 290489

Phase 3.7 Re-assign LUT pins
Phase 3.7 Re-assign LUT pins | Checksum: 188825e17

Time (s): cpu = 00:00:26 ; elapsed = 00:00:12 . Memory (MB): peak = 3228.453 ; gain = 0.000 ; free physical = 82055 ; free virtual = 290489

Phase 3.8 Pipeline Register Optimization
Phase 3.8 Pipeline Register Optimization | Checksum: 188825e17

Time (s): cpu = 00:00:26 ; elapsed = 00:00:12 . Memory (MB): peak = 3228.453 ; gain = 0.000 ; free physical = 82056 ; free virtual = 290490

Phase 3.9 Fast Optimization
Phase 3.9 Fast Optimization | Checksum: 20e1fc0e5

Time (s): cpu = 00:00:33 ; elapsed = 00:00:18 . Memory (MB): peak = 3228.453 ; gain = 0.000 ; free physical = 82073 ; free virtual = 290506
Phase 3 Detail Placement | Checksum: 20e1fc0e5

Time (s): cpu = 00:00:33 ; elapsed = 00:00:18 . Memory (MB): peak = 3228.453 ; gain = 0.000 ; free physical = 82073 ; free virtual = 290506

Phase 4 Post Placement Optimization and Clean-Up

Phase 4.1 Post Commit Optimization
INFO: [Timing 38-35] Done setting XDC timing constraints.

Phase 4.1.1 Post Placement Optimization
Post Placement Optimization Initialization | Checksum: 22c906ebb

Phase 4.1.1.1 BUFG Insertion

Starting Physical Synthesis Task

Phase 1 Physical Synthesis Initialization
INFO: [Physopt 32-721] Multithreading enabled for phys_opt_design using a maximum of 8 CPUs
INFO: [Physopt 32-619] Estimated Timing Summary | WNS=-4.535 | TNS=-3388.069 |
Phase 1 Physical Synthesis Initialization | Checksum: 190308967

Time (s): cpu = 00:00:00.72 ; elapsed = 00:00:00.22 . Memory (MB): peak = 3228.453 ; gain = 0.000 ; free physical = 82041 ; free virtual = 290475
INFO: [Place 46-33] Processed net CPU/CM/DCACHE/nRST, BUFG insertion was skipped due to placement/routing conflicts.
INFO: [Place 46-56] BUFG insertion identified 1 candidate nets. Inserted BUFG: 0, Replicated BUFG Driver: 0, Skipped due to Placement/Routing Conflicts: 1, Skipped due to Timing Degradation: 0, Skipped due to netlist editing failed: 0.
Ending Physical Synthesis Task | Checksum: 190308967

Time (s): cpu = 00:00:01 ; elapsed = 00:00:00.55 . Memory (MB): peak = 3228.453 ; gain = 0.000 ; free physical = 82041 ; free virtual = 290475
Phase 4.1.1.1 BUFG Insertion | Checksum: 22c906ebb

Time (s): cpu = 00:00:38 ; elapsed = 00:00:20 . Memory (MB): peak = 3228.453 ; gain = 0.000 ; free physical = 82041 ; free virtual = 290475

Phase 4.1.1.2 Post Placement Timing Optimization
INFO: [Place 30-746] Post Placement Timing Summary WNS=-4.173. For the most accurate timing information please run report_timing.
Phase 4.1.1.2 Post Placement Timing Optimization | Checksum: 133a43501

Time (s): cpu = 00:00:40 ; elapsed = 00:00:22 . Memory (MB): peak = 3228.453 ; gain = 0.000 ; free physical = 82017 ; free virtual = 290450

Time (s): cpu = 00:00:40 ; elapsed = 00:00:22 . Memory (MB): peak = 3228.453 ; gain = 0.000 ; free physical = 82017 ; free virtual = 290450
Phase 4.1 Post Commit Optimization | Checksum: 133a43501

Time (s): cpu = 00:00:40 ; elapsed = 00:00:22 . Memory (MB): peak = 3228.453 ; gain = 0.000 ; free physical = 82017 ; free virtual = 290451

Phase 4.2 Post Placement Cleanup
Phase 4.2 Post Placement Cleanup | Checksum: 133a43501

Time (s): cpu = 00:00:41 ; elapsed = 00:00:22 . Memory (MB): peak = 3228.453 ; gain = 0.000 ; free physical = 82018 ; free virtual = 290452

Phase 4.3 Placer Reporting

Phase 4.3.1 Print Estimated Congestion
INFO: [Place 30-612] Post-Placement Estimated Congestion 
 ____________________________________________________
|           | Global Congestion | Short Congestion  |
| Direction | Region Size       | Region Size       |
|___________|___________________|___________________|
|      North|                1x1|                1x1|
|___________|___________________|___________________|
|      South|                1x1|                4x4|
|___________|___________________|___________________|
|       East|                1x1|                2x2|
|___________|___________________|___________________|
|       West|                1x1|                1x1|
|___________|___________________|___________________|

Phase 4.3.1 Print Estimated Congestion | Checksum: 133a43501

Time (s): cpu = 00:00:41 ; elapsed = 00:00:22 . Memory (MB): peak = 3228.453 ; gain = 0.000 ; free physical = 82018 ; free virtual = 290452
Phase 4.3 Placer Reporting | Checksum: 133a43501

Time (s): cpu = 00:00:41 ; elapsed = 00:00:22 . Memory (MB): peak = 3228.453 ; gain = 0.000 ; free physical = 82018 ; free virtual = 290451

Phase 4.4 Final Placement Cleanup
Netlist sorting complete. Time (s): cpu = 00:00:00.01 ; elapsed = 00:00:00.01 . Memory (MB): peak = 3228.453 ; gain = 0.000 ; free physical = 82018 ; free virtual = 290451

Time (s): cpu = 00:00:41 ; elapsed = 00:00:22 . Memory (MB): peak = 3228.453 ; gain = 0.000 ; free physical = 82018 ; free virtual = 290451
Phase 4 Post Placement Optimization and Clean-Up | Checksum: 12f67622c

Time (s): cpu = 00:00:41 ; elapsed = 00:00:22 . Memory (MB): peak = 3228.453 ; gain = 0.000 ; free physical = 82018 ; free virtual = 290451
Ending Placer Task | Checksum: 6fd1d2e4

Time (s): cpu = 00:00:41 ; elapsed = 00:00:22 . Memory (MB): peak = 3228.453 ; gain = 0.000 ; free physical = 82018 ; free virtual = 290451
57 Infos, 0 Warnings, 0 Critical Warnings and 0 Errors encountered.
place_design completed successfully
place_design: Time (s): cpu = 00:00:42 ; elapsed = 00:00:23 . Memory (MB): peak = 3228.453 ; gain = 0.000 ; free physical = 82018 ; free virtual = 290452
INFO: [runtcl-4] Executing : report_io -file system_io_placed.rpt
report_io: Time (s): cpu = 00:00:00.07 ; elapsed = 00:00:00.17 . Memory (MB): peak = 3228.453 ; gain = 0.000 ; free physical = 82015 ; free virtual = 290448
INFO: [runtcl-4] Executing : report_utilization -file system_utilization_placed.rpt -pb system_utilization_placed.pb
INFO: [runtcl-4] Executing : report_control_sets -verbose -file system_control_sets_placed.rpt
report_control_sets: Time (s): cpu = 00:00:00.02 ; elapsed = 00:00:00.15 . Memory (MB): peak = 3228.453 ; gain = 0.000 ; free physical = 82009 ; free virtual = 290443
INFO: [Timing 38-480] Writing timing data to binary archive.
Write ShapeDB Complete: Time (s): cpu = 00:00:00.05 ; elapsed = 00:00:00.02 . Memory (MB): peak = 3228.453 ; gain = 0.000 ; free physical = 82003 ; free virtual = 290438
Wrote PlaceDB: Time (s): cpu = 00:00:00.96 ; elapsed = 00:00:00.35 . Memory (MB): peak = 3228.453 ; gain = 0.000 ; free physical = 82011 ; free virtual = 290455
Wrote PulsedLatchDB: Time (s): cpu = 00:00:00 ; elapsed = 00:00:00 . Memory (MB): peak = 3228.453 ; gain = 0.000 ; free physical = 82011 ; free virtual = 290456
Writing XDEF routing.
Writing XDEF routing logical nets.
Writing XDEF routing special nets.
Wrote RouteStorage: Time (s): cpu = 00:00:00.02 ; elapsed = 00:00:00.02 . Memory (MB): peak = 3228.453 ; gain = 0.000 ; free physical = 82011 ; free virtual = 290456
Wrote Netlist Cache: Time (s): cpu = 00:00:00 ; elapsed = 00:00:00.01 . Memory (MB): peak = 3228.453 ; gain = 0.000 ; free physical = 82010 ; free virtual = 290455
Wrote Device Cache: Time (s): cpu = 00:00:00.01 ; elapsed = 00:00:00.01 . Memory (MB): peak = 3228.453 ; gain = 0.000 ; free physical = 82009 ; free virtual = 290455
Write Physdb Complete: Time (s): cpu = 00:00:00.99 ; elapsed = 00:00:00.4 . Memory (MB): peak = 3228.453 ; gain = 0.000 ; free physical = 82009 ; free virtual = 290455
INFO: [Common 17-1381] The checkpoint '/home/ecegridfs/a/437mg108/ece437/pipelinePartner/processors-team/build/system.runs/impl_1/system_placed.dcp' has been generated.
Command: phys_opt_design
Attempting to get a license for feature 'Implementation' and/or device 'xc7s50'
INFO: [Common 17-349] Got license for feature 'Implementation' and/or device 'xc7s50'

Starting Initial Update Timing Task

Time (s): cpu = 00:00:02 ; elapsed = 00:00:00.63 . Memory (MB): peak = 3228.453 ; gain = 0.000 ; free physical = 81977 ; free virtual = 290413
INFO: [Vivado_Tcl 4-1435] PhysOpt_Tcl_Interface Runtime Before Starting Physical Synthesis Task | CPU: 2.24s |  WALL: 0.69s
Netlist sorting complete. Time (s): cpu = 00:00:00 ; elapsed = 00:00:00 . Memory (MB): peak = 3228.453 ; gain = 0.000 ; free physical = 81977 ; free virtual = 290413

Starting Physical Synthesis Task

Phase 1 Physical Synthesis Initialization
INFO: [Physopt 32-721] Multithreading enabled for phys_opt_design using a maximum of 8 CPUs
INFO: [Physopt 32-619] Estimated Timing Summary | WNS=-4.173 | TNS=-3341.289 |
Phase 1 Physical Synthesis Initialization | Checksum: 15d2ab882

Time (s): cpu = 00:00:01 ; elapsed = 00:00:00.46 . Memory (MB): peak = 3228.453 ; gain = 0.000 ; free physical = 81975 ; free virtual = 290412
INFO: [Physopt 32-619] Estimated Timing Summary | WNS=-4.173 | TNS=-3341.289 |

Phase 2 DSP Register Optimization
INFO: [Physopt 32-456] No candidate cells for DSP register optimization found in the design.
INFO: [Physopt 32-775] End 2 Pass. Optimized 0 net or cell. Created 0 new cell, deleted 0 existing cell and moved 0 existing cell
Phase 2 DSP Register Optimization | Checksum: 15d2ab882

Time (s): cpu = 00:00:01 ; elapsed = 00:00:00.5 . Memory (MB): peak = 3228.453 ; gain = 0.000 ; free physical = 81975 ; free virtual = 290411

Phase 3 Critical Path Optimization
INFO: [Physopt 32-619] Estimated Timing Summary | WNS=-4.173 | TNS=-3341.289 |
INFO: [Physopt 32-702] Processed net RAM/dbg_data_out_reg[14]. Optimizations did not improve timing on the net.
INFO: [Physopt 32-716] Net CPUCLK has constraints that cannot be copied, and hence, it cannot be cloned. The constraint blocking the replication is set_ideal_latency @ /home/ecegridfs/a/437mg108/ece437/pipelinePartner/processors-team/build/generated_clock.xdc:2
INFO: [Physopt 32-702] Processed net CPUCLK. Optimizations did not improve timing on the net.
INFO: [Physopt 32-710] Processed net CPU/CM/DCACHE/req_wen_reg_8[0]. Critical path length was reduced through logic transformation on cell CPU/CM/DCACHE/mem_reg_7_i_3_comp.
INFO: [Physopt 32-735] Processed net RAM/nRST. Optimization improves timing on the net.
INFO: [Physopt 32-619] Estimated Timing Summary | WNS=-4.043 | TNS=-3367.338 |
INFO: [Physopt 32-702] Processed net RAM/dbg_data_out_reg[6]. Optimizations did not improve timing on the net.
INFO: [Physopt 32-710] Processed net CPU/CM/DCACHE/req_wen_reg_4[0]. Critical path length was reduced through logic transformation on cell CPU/CM/DCACHE/mem_reg_3_i_3_comp.
INFO: [Physopt 32-735] Processed net RAM/nRST. Optimization improves timing on the net.
INFO: [Physopt 32-619] Estimated Timing Summary | WNS=-3.970 | TNS=-3380.378 |
INFO: [Physopt 32-702] Processed net RAM/dbg_data_out_reg[28]. Optimizations did not improve timing on the net.
INFO: [Physopt 32-710] Processed net CPU/CM/DCACHE/req_wen_reg_15[0]. Critical path length was reduced through logic transformation on cell CPU/CM/DCACHE/mem_reg_14_i_3_comp.
INFO: [Physopt 32-735] Processed net RAM/nRST. Optimization improves timing on the net.
INFO: [Physopt 32-619] Estimated Timing Summary | WNS=-3.925 | TNS=-3393.597 |
INFO: [Physopt 32-702] Processed net RAM/dbg_data_out_reg[20]. Optimizations did not improve timing on the net.
INFO: [Physopt 32-710] Processed net CPU/CM/DCACHE/req_wen_reg_11[0]. Critical path length was reduced through logic transformation on cell CPU/CM/DCACHE/mem_reg_10_i_3_comp.
INFO: [Physopt 32-735] Processed net RAM/nRST. Optimization improves timing on the net.
INFO: [Physopt 32-619] Estimated Timing Summary | WNS=-3.886 | TNS=-3398.543 |
INFO: [Physopt 32-702] Processed net RAM/dbg_data_out_reg[24]. Optimizations did not improve timing on the net.
INFO: [Physopt 32-702] Processed net RAM/nRST. Optimizations did not improve timing on the net.
INFO: [Physopt 32-702] Processed net RAM/rstate3. Optimizations did not improve timing on the net.
INFO: [Physopt 32-702] Processed net RAM/rstate3_carry__0_n_0. Optimizations did not improve timing on the net.
INFO: [Physopt 32-608] Optimized 1 net.  Swapped 26 pins.
INFO: [Physopt 32-735] Processed net RAM/rstate3_carry__0_i_4_n_0. Optimization improves timing on the net.
INFO: [Physopt 32-619] Estimated Timing Summary | WNS=-3.861 | TNS=-3398.143 |
INFO: [Physopt 32-608] Optimized 1 net.  Swapped 26 pins.
INFO: [Physopt 32-735] Processed net RAM/rstate3_carry__0_i_4_n_0. Optimization improves timing on the net.
INFO: [Physopt 32-619] Estimated Timing Summary | WNS=-3.860 | TNS=-3398.126 |
INFO: [Physopt 32-702] Processed net RAM/rstate3_carry_n_0. Optimizations did not improve timing on the net.
INFO: [Physopt 32-702] Processed net RAM/rstate3_carry_i_4_n_0. Optimizations did not improve timing on the net.
INFO: [Physopt 32-608] Optimized 1 net.  Swapped 23 pins.
INFO: [Physopt 32-735] Processed net CPU/CM/ICACHE/FSM_sequential_curr_state_reg_2. Optimization improves timing on the net.
INFO: [Physopt 32-619] Estimated Timing Summary | WNS=-3.856 | TNS=-3397.349 |
INFO: [Physopt 32-702] Processed net RAM/rstate3_carry_i_3_n_0. Optimizations did not improve timing on the net.
INFO: [Physopt 32-81] Processed net CPU/CM/DCACHE/D[5]. Replicated 3 times.
INFO: [Physopt 32-735] Processed net CPU/CM/DCACHE/D[5]. Optimization improves timing on the net.
INFO: [Physopt 32-619] Estimated Timing Summary | WNS=-3.847 | TNS=-3408.267 |
INFO: [Physopt 32-702] Processed net RAM/rstate3_carry__0_i_4_n_0. Optimizations did not improve timing on the net.
INFO: [Physopt 32-663] Processed net CPU/CM/DCACHE/D[12].  Re-placed instance CPU/CM/DCACHE/addr[12]_i_1
INFO: [Physopt 32-735] Processed net CPU/CM/DCACHE/D[12]. Optimization improves timing on the net.
INFO: [Physopt 32-619] Estimated Timing Summary | WNS=-3.845 | TNS=-3406.280 |
INFO: [Physopt 32-663] Processed net CPU/CM/DCACHE/D[4].  Re-placed instance CPU/CM/DCACHE/addr[4]_i_1
INFO: [Physopt 32-735] Processed net CPU/CM/DCACHE/D[4]. Optimization improves timing on the net.
INFO: [Physopt 32-619] Estimated Timing Summary | WNS=-3.839 | TNS=-3406.370 |
INFO: [Physopt 32-81] Processed net CPU/CM/DCACHE/D[12]. Replicated 8 times.
INFO: [Physopt 32-735] Processed net CPU/CM/DCACHE/D[12]. Optimization improves timing on the net.
INFO: [Physopt 32-619] Estimated Timing Summary | WNS=-3.828 | TNS=-3404.590 |
INFO: [Physopt 32-608] Optimized 1 net.  Swapped 16 pins.
INFO: [Physopt 32-735] Processed net CPU/CM/DCACHE/D[12]. Optimization improves timing on the net.
INFO: [Physopt 32-619] Estimated Timing Summary | WNS=-3.828 | TNS=-3404.527 |
INFO: [Physopt 32-81] Processed net CPU/CM/DCACHE/D[14]. Replicated 1 times.
INFO: [Physopt 32-735] Processed net CPU/CM/DCACHE/D[14]. Optimization improves timing on the net.
INFO: [Physopt 32-619] Estimated Timing Summary | WNS=-3.823 | TNS=-3397.317 |
INFO: [Physopt 32-702] Processed net RAM/rstate3_carry_i_1_n_0. Optimizations did not improve timing on the net.
INFO: [Physopt 32-81] Processed net CPU/CM/DCACHE/D[11]. Replicated 4 times.
INFO: [Physopt 32-735] Processed net CPU/CM/DCACHE/D[11]. Optimization improves timing on the net.
INFO: [Physopt 32-619] Estimated Timing Summary | WNS=-3.823 | TNS=-3395.604 |
INFO: [Physopt 32-81] Processed net CPU/CM/DCACHE/D[5]. Replicated 4 times.
INFO: [Physopt 32-735] Processed net CPU/CM/DCACHE/D[5]. Optimization improves timing on the net.
INFO: [Physopt 32-619] Estimated Timing Summary | WNS=-3.823 | TNS=-3395.219 |
INFO: [Physopt 32-702] Processed net RAM/rstate3_carry_i_2_n_0. Optimizations did not improve timing on the net.
INFO: [Physopt 32-81] Processed net CPU/CM/DCACHE/D[8]. Replicated 1 times.
INFO: [Physopt 32-735] Processed net CPU/CM/DCACHE/D[8]. Optimization improves timing on the net.
INFO: [Physopt 32-619] Estimated Timing Summary | WNS=-3.823 | TNS=-3394.906 |
INFO: [Physopt 32-81] Processed net CPU/CM/DCACHE/D[12]. Replicated 4 times.
INFO: [Physopt 32-735] Processed net CPU/CM/DCACHE/D[12]. Optimization improves timing on the net.
INFO: [Physopt 32-619] Estimated Timing Summary | WNS=-3.822 | TNS=-3394.249 |
INFO: [Physopt 32-608] Optimized 1 net.  Swapped 24 pins.
INFO: [Physopt 32-735] Processed net CPU/CM/DCACHE/D[8]. Optimization improves timing on the net.
INFO: [Physopt 32-619] Estimated Timing Summary | WNS=-3.819 | TNS=-3390.713 |
INFO: [Physopt 32-702] Processed net RAM/rstate3_carry__0_i_1_n_0. Optimizations did not improve timing on the net.
INFO: [Physopt 32-608] Optimized 1 net.  Swapped 23 pins.
INFO: [Physopt 32-735] Processed net CPU/CM/DCACHE/D[23]. Optimization improves timing on the net.
INFO: [Physopt 32-619] Estimated Timing Summary | WNS=-3.819 | TNS=-3390.524 |
INFO: [Physopt 32-608] Optimized 1 net.  Swapped 24 pins.
INFO: [Physopt 32-735] Processed net CPU/CM/DCACHE/D[11]. Optimization improves timing on the net.
INFO: [Physopt 32-619] Estimated Timing Summary | WNS=-3.819 | TNS=-3389.922 |
INFO: [Physopt 32-663] Processed net CPU/DP/DXREG/dx\\.imm_out[2].  Re-placed instance CPU/DP/DXREG/dx\\.imm_out_reg[2]
INFO: [Physopt 32-735] Processed net CPU/DP/DXREG/dx\\.imm_out[2]. Optimization improves timing on the net.
INFO: [Physopt 32-619] Estimated Timing Summary | WNS=-3.819 | TNS=-3390.043 |
INFO: [Physopt 32-663] Processed net CPU/DP/DXREG/dx\\.rd_out[2].  Re-placed instance CPU/DP/DXREG/dx\\.rd_out_reg[2]
INFO: [Physopt 32-735] Processed net CPU/DP/DXREG/dx\\.rd_out[2]. Optimization improves timing on the net.
INFO: [Physopt 32-619] Estimated Timing Summary | WNS=-3.819 | TNS=-3390.503 |
INFO: [Physopt 32-663] Processed net CPU/DP/DXREG/dx\\.imm_out[26].  Re-placed instance CPU/DP/DXREG/dx\\.imm_out_reg[26]
INFO: [Physopt 32-735] Processed net CPU/DP/DXREG/dx\\.imm_out[26]. Optimization improves timing on the net.
INFO: [Physopt 32-619] Estimated Timing Summary | WNS=-3.819 | TNS=-3390.572 |
INFO: [Physopt 32-663] Processed net CPU/DP/DXREG/dx\\.inst_out[1].  Re-placed instance CPU/DP/DXREG/dx\\.inst_out_reg[1]
INFO: [Physopt 32-735] Processed net CPU/DP/DXREG/dx\\.inst_out[1]. Optimization improves timing on the net.
INFO: [Physopt 32-619] Estimated Timing Summary | WNS=-3.819 | TNS=-3390.699 |
INFO: [Physopt 32-663] Processed net CPU/DP/DXREG/dx\\.rdat2_out[13].  Re-placed instance CPU/DP/DXREG/dx\\.rdat2_out_reg[13]
INFO: [Physopt 32-735] Processed net CPU/DP/DXREG/dx\\.rdat2_out[13]. Optimization improves timing on the net.
INFO: [Physopt 32-619] Estimated Timing Summary | WNS=-3.819 | TNS=-3390.792 |
INFO: [Physopt 32-663] Processed net CPU/DP/DXREG/dx\\.rdat2_out[2].  Re-placed instance CPU/DP/DXREG/dx\\.rdat2_out_reg[2]
INFO: [Physopt 32-735] Processed net CPU/DP/DXREG/dx\\.rdat2_out[2]. Optimization improves timing on the net.
INFO: [Physopt 32-619] Estimated Timing Summary | WNS=-3.819 | TNS=-3390.864 |
INFO: [Physopt 32-663] Processed net CPU/DP/FDFREG/cuif\\.inst[7].  Re-placed instance CPU/DP/FDFREG/fdf\\.inst_out_reg[7]
INFO: [Physopt 32-735] Processed net CPU/DP/FDFREG/cuif\\.inst[7]. Optimization improves timing on the net.
INFO: [Physopt 32-619] Estimated Timing Summary | WNS=-3.819 | TNS=-3391.108 |
INFO: [Physopt 32-663] Processed net CPU/DP/FDFREG/cuif\\.inst[14].  Re-placed instance CPU/DP/FDFREG/fdf\\.inst_out_reg[14]
INFO: [Physopt 32-735] Processed net CPU/DP/FDFREG/cuif\\.inst[14]. Optimization improves timing on the net.
INFO: [Physopt 32-619] Estimated Timing Summary | WNS=-3.819 | TNS=-3391.328 |
INFO: [Physopt 32-663] Processed net CPU/DP/FDFREG/cuif\\.inst[30].  Re-placed instance CPU/DP/FDFREG/fdf\\.inst_out_reg[30]
INFO: [Physopt 32-735] Processed net CPU/DP/FDFREG/cuif\\.inst[30]. Optimization improves timing on the net.
INFO: [Physopt 32-619] Estimated Timing Summary | WNS=-3.819 | TNS=-3391.652 |
INFO: [Physopt 32-663] Processed net CPU/DP/FDFREG/cuif\\.inst[5].  Re-placed instance CPU/DP/FDFREG/fdf\\.inst_out_reg[5]
INFO: [Physopt 32-735] Processed net CPU/DP/FDFREG/cuif\\.inst[5]. Optimization improves timing on the net.
INFO: [Physopt 32-619] Estimated Timing Summary | WNS=-3.819 | TNS=-3391.947 |
INFO: [Physopt 32-663] Processed net CPU/DP/FDFREG/dx\\.pc_in[22].  Re-placed instance CPU/DP/FDFREG/fdf\\.pc_out_reg[22]
INFO: [Physopt 32-735] Processed net CPU/DP/FDFREG/dx\\.pc_in[22]. Optimization improves timing on the net.
INFO: [Physopt 32-619] Estimated Timing Summary | WNS=-3.819 | TNS=-3392.272 |
INFO: [Physopt 32-663] Processed net CPU/DP/FDFREG/fdf\\.pc_out[12].  Re-placed instance CPU/DP/FDFREG/fdf\\.pc_out_reg[25]
INFO: [Physopt 32-735] Processed net CPU/DP/FDFREG/fdf\\.pc_out[12]. Optimization improves timing on the net.
INFO: [Physopt 32-619] Estimated Timing Summary | WNS=-3.819 | TNS=-3392.573 |
INFO: [Physopt 32-702] Processed net RAM/dbg_data_out_reg[24]. Optimizations did not improve timing on the net.
INFO: [Physopt 32-702] Processed net CPUCLK. Optimizations did not improve timing on the net.
INFO: [Physopt 32-702] Processed net RAM/nRST. Optimizations did not improve timing on the net.
INFO: [Physopt 32-702] Processed net RAM/rstate3. Optimizations did not improve timing on the net.
INFO: [Physopt 32-702] Processed net RAM/rstate3_carry_i_3_n_0. Optimizations did not improve timing on the net.
INFO: [Physopt 32-608] Optimized 1 net.  Swapped 24 pins.
INFO: [Physopt 32-735] Processed net CPU/CM/DCACHE/D[5]. Optimization improves timing on the net.
INFO: [Physopt 32-619] Estimated Timing Summary | WNS=-3.814 | TNS=-3392.439 |
INFO: [Physopt 32-702] Processed net RAM/rstate3_carry__0_i_4_n_0. Optimizations did not improve timing on the net.
INFO: [Physopt 32-702] Processed net CPU/CM/DCACHE/D[12]. Optimizations did not improve timing on the net.
INFO: [Physopt 32-702] Processed net CPU/CM/DCACHE/req_wen_reg_13[0]. Optimizations did not improve timing on the net.
INFO: [Physopt 32-702] Processed net CPU/CM/ICACHE/cif0\\.iREN. Optimizations did not improve timing on the net.
INFO: [Physopt 32-663] Processed net CPU/DP/FDFREG/fdf\\.pc_out[2].  Re-placed instance CPU/DP/FDFREG/fdf\\.pc_out_reg[5]
INFO: [Physopt 32-735] Processed net CPU/DP/FDFREG/fdf\\.pc_out[2]. Optimization improves timing on the net.
INFO: [Physopt 32-619] Estimated Timing Summary | WNS=-3.814 | TNS=-3392.652 |
INFO: [Physopt 32-663] Processed net CPU/DP/FDFREG/fdf\\.inst_out[0].  Re-placed instance CPU/DP/FDFREG/fdf\\.inst_out_reg[1]
INFO: [Physopt 32-735] Processed net CPU/DP/FDFREG/fdf\\.inst_out[0]. Optimization improves timing on the net.
INFO: [Physopt 32-619] Estimated Timing Summary | WNS=-3.814 | TNS=-3393.077 |
INFO: [Physopt 32-663] Processed net CPU/DP/FDFREG/cuif\\.inst[11].  Re-placed instance CPU/DP/FDFREG/fdf\\.inst_out_reg[11]
INFO: [Physopt 32-735] Processed net CPU/DP/FDFREG/cuif\\.inst[11]. Optimization improves timing on the net.
INFO: [Physopt 32-619] Estimated Timing Summary | WNS=-3.814 | TNS=-3393.422 |
INFO: [Physopt 32-663] Processed net CPU/DP/FDFREG/cuif\\.inst[2].  Re-placed instance CPU/DP/FDFREG/fdf\\.inst_out_reg[2]
INFO: [Physopt 32-735] Processed net CPU/DP/FDFREG/cuif\\.inst[2]. Optimization improves timing on the net.
INFO: [Physopt 32-619] Estimated Timing Summary | WNS=-3.814 | TNS=-3393.762 |
INFO: [Physopt 32-663] Processed net CPU/DP/FDFREG/cuif\\.inst[8].  Re-placed instance CPU/DP/FDFREG/fdf\\.inst_out_reg[8]
INFO: [Physopt 32-735] Processed net CPU/DP/FDFREG/cuif\\.inst[8]. Optimization improves timing on the net.
INFO: [Physopt 32-619] Estimated Timing Summary | WNS=-3.814 | TNS=-3394.022 |
INFO: [Physopt 32-663] Processed net CPU/DP/DXREG/dx\\.halt_out.  Re-placed instance CPU/DP/DXREG/dx\\.halt_out_reg
INFO: [Physopt 32-735] Processed net CPU/DP/DXREG/dx\\.halt_out. Optimization improves timing on the net.
INFO: [Physopt 32-619] Estimated Timing Summary | WNS=-3.814 | TNS=-3394.280 |
INFO: [Physopt 32-663] Processed net CPU/DP/DXREG/dx\\.imm_out[11].  Re-placed instance CPU/DP/DXREG/dx\\.imm_out_reg[11]
INFO: [Physopt 32-735] Processed net CPU/DP/DXREG/dx\\.imm_out[11]. Optimization improves timing on the net.
INFO: [Physopt 32-619] Estimated Timing Summary | WNS=-3.814 | TNS=-3394.542 |
INFO: [Physopt 32-663] Processed net CPU/DP/DXREG/dx\\.inst_out[2].  Re-placed instance CPU/DP/DXREG/dx\\.inst_out_reg[2]
INFO: [Physopt 32-735] Processed net CPU/DP/DXREG/dx\\.inst_out[2]. Optimization improves timing on the net.
INFO: [Physopt 32-619] Estimated Timing Summary | WNS=-3.814 | TNS=-3394.987 |
INFO: [Physopt 32-663] Processed net CPU/DP/DXREG/dx\\.rd_out[0].  Re-placed instance CPU/DP/DXREG/dx\\.rd_out_reg[0]
INFO: [Physopt 32-735] Processed net CPU/DP/DXREG/dx\\.rd_out[0]. Optimization improves timing on the net.
INFO: [Physopt 32-619] Estimated Timing Summary | WNS=-3.814 | TNS=-3395.457 |
INFO: [Physopt 32-663] Processed net CPU/DP/FDFREG/fdf\\.inst_out_reg[16]_rep_0.  Re-placed instance CPU/DP/FDFREG/fdf\\.inst_out_reg[16]_rep
INFO: [Physopt 32-735] Processed net CPU/DP/FDFREG/fdf\\.inst_out_reg[16]_rep_0. Optimization improves timing on the net.
INFO: [Physopt 32-619] Estimated Timing Summary | WNS=-3.814 | TNS=-3395.721 |
INFO: [Physopt 32-663] Processed net CPU/DP/FDFREG/fdf\\.inst_out[5].  Re-placed instance CPU/DP/FDFREG/fdf\\.inst_out_reg[19]
INFO: [Physopt 32-735] Processed net CPU/DP/FDFREG/fdf\\.inst_out[5]. Optimization improves timing on the net.
INFO: [Physopt 32-619] Estimated Timing Summary | WNS=-3.814 | TNS=-3396.255 |
INFO: [Physopt 32-663] Processed net CPU/DP/FDFREG/fdf\\.inst_out[10].  Re-placed instance CPU/DP/FDFREG/fdf\\.inst_out_reg[24]
INFO: [Physopt 32-735] Processed net CPU/DP/FDFREG/fdf\\.inst_out[10]. Optimization improves timing on the net.
INFO: [Physopt 32-619] Estimated Timing Summary | WNS=-3.814 | TNS=-3396.687 |
INFO: [Physopt 32-663] Processed net CPU/DP/FDFREG/cuif\\.inst[26].  Re-placed instance CPU/DP/FDFREG/fdf\\.inst_out_reg[26]
INFO: [Physopt 32-735] Processed net CPU/DP/FDFREG/cuif\\.inst[26]. Optimization improves timing on the net.
INFO: [Physopt 32-619] Estimated Timing Summary | WNS=-3.814 | TNS=-3397.101 |
INFO: [Physopt 32-663] Processed net CPU/DP/FDFREG/cuif\\.inst[0].  Re-placed instance CPU/DP/FDFREG/fdf\\.inst_out_reg[0]
INFO: [Physopt 32-735] Processed net CPU/DP/FDFREG/cuif\\.inst[0]. Optimization improves timing on the net.
INFO: [Physopt 32-619] Estimated Timing Summary | WNS=-3.814 | TNS=-3397.539 |
INFO: [Physopt 32-663] Processed net CPU/DP/FDFREG/fdf\\.inst_out[2].  Re-placed instance CPU/DP/FDFREG/fdf\\.inst_out_reg[16]
INFO: [Physopt 32-735] Processed net CPU/DP/FDFREG/fdf\\.inst_out[2]. Optimization improves timing on the net.
INFO: [Physopt 32-619] Estimated Timing Summary | WNS=-3.814 | TNS=-3397.952 |
INFO: [Physopt 32-663] Processed net CPU/DP/FDFREG/cuif\\.inst[3].  Re-placed instance CPU/DP/FDFREG/fdf\\.inst_out_reg[3]
INFO: [Physopt 32-735] Processed net CPU/DP/FDFREG/cuif\\.inst[3]. Optimization improves timing on the net.
INFO: [Physopt 32-619] Estimated Timing Summary | WNS=-3.814 | TNS=-3398.408 |
INFO: [Physopt 32-663] Processed net CPU/DP/FDFREG/cuif\\.inst[9].  Re-placed instance CPU/DP/FDFREG/fdf\\.inst_out_reg[9]
INFO: [Physopt 32-735] Processed net CPU/DP/FDFREG/cuif\\.inst[9]. Optimization improves timing on the net.
INFO: [Physopt 32-619] Estimated Timing Summary | WNS=-3.814 | TNS=-3398.763 |
INFO: [Physopt 32-663] Processed net CPU/DP/DXREG/dx\\.rd_out[2].  Re-placed instance CPU/DP/DXREG/dx\\.rd_out_reg[2]
INFO: [Physopt 32-735] Processed net CPU/DP/DXREG/dx\\.rd_out[2]. Optimization improves timing on the net.
INFO: [Physopt 32-619] Estimated Timing Summary | WNS=-3.814 | TNS=-3398.681 |
INFO: [Physopt 32-663] Processed net CPU/DP/FDFREG/dx\\.pc_in[18].  Re-placed instance CPU/DP/FDFREG/fdf\\.pc_out_reg[18]
INFO: [Physopt 32-735] Processed net CPU/DP/FDFREG/dx\\.pc_in[18]. Optimization improves timing on the net.
INFO: [Physopt 32-619] Estimated Timing Summary | WNS=-3.814 | TNS=-3398.933 |
INFO: [Physopt 32-619] Estimated Timing Summary | WNS=-3.814 | TNS=-3398.933 |
Netlist sorting complete. Time (s): cpu = 00:00:00.02 ; elapsed = 00:00:00.02 . Memory (MB): peak = 3228.453 ; gain = 0.000 ; free physical = 82104 ; free virtual = 290542
Phase 3 Critical Path Optimization | Checksum: 1d0e58c6d

Time (s): cpu = 00:02:59 ; elapsed = 00:00:46 . Memory (MB): peak = 3228.453 ; gain = 0.000 ; free physical = 82104 ; free virtual = 290542

Phase 4 Critical Path Optimization
INFO: [Physopt 32-619] Estimated Timing Summary | WNS=-3.814 | TNS=-3398.933 |
INFO: [Physopt 32-702] Processed net RAM/dbg_data_out_reg[24]. Optimizations did not improve timing on the net.
INFO: [Physopt 32-702] Processed net CPUCLK. Optimizations did not improve timing on the net.
INFO: [Physopt 32-702] Processed net RAM/nRST. Optimizations did not improve timing on the net.
INFO: [Physopt 32-702] Processed net RAM/rstate3. Optimizations did not improve timing on the net.
INFO: [Physopt 32-702] Processed net RAM/rstate3_carry__0_n_0. Optimizations did not improve timing on the net.
INFO: [Physopt 32-702] Processed net RAM/rstate3_carry__0_i_4_n_0. Optimizations did not improve timing on the net.
INFO: [Physopt 32-81] Processed net CPU/CM/DCACHE/D[12]. Replicated 4 times.
INFO: [Physopt 32-735] Processed net CPU/CM/DCACHE/D[12]. Optimization improves timing on the net.
INFO: [Physopt 32-619] Estimated Timing Summary | WNS=-3.814 | TNS=-3399.334 |
INFO: [Physopt 32-702] Processed net RAM/rstate3_carry__0_i_3_n_0. Optimizations did not improve timing on the net.
INFO: [Physopt 32-608] Optimized 1 net.  Swapped 23 pins.
INFO: [Physopt 32-735] Processed net CPU/CM/DCACHE/D[17]. Optimization improves timing on the net.
INFO: [Physopt 32-619] Estimated Timing Summary | WNS=-3.814 | TNS=-3399.137 |
INFO: [Physopt 32-702] Processed net RAM/rstate3_carry_n_0. Optimizations did not improve timing on the net.
INFO: [Physopt 32-702] Processed net RAM/rstate3_carry_i_3_n_0. Optimizations did not improve timing on the net.
INFO: [Physopt 32-81] Processed net CPU/CM/DCACHE/D[5]. Replicated 5 times.
INFO: [Physopt 32-735] Processed net CPU/CM/DCACHE/D[5]. Optimization improves timing on the net.
INFO: [Physopt 32-619] Estimated Timing Summary | WNS=-3.805 | TNS=-3398.568 |
INFO: [Physopt 32-702] Processed net RAM/rstate3_carry_i_1_n_0. Optimizations did not improve timing on the net.
INFO: [Physopt 32-702] Processed net CPU/CM/DCACHE/D[11]. Optimizations did not improve timing on the net.
INFO: [Physopt 32-702] Processed net CPU/CM/DCACHE/req_wen_reg_13[0]. Optimizations did not improve timing on the net.
INFO: [Physopt 32-663] Processed net CPU/CM/DCACHE/cif0\\.daddr[11].  Re-placed instance CPU/CM/DCACHE/req_addr_reg[11]
INFO: [Physopt 32-735] Processed net CPU/CM/DCACHE/cif0\\.daddr[11]. Optimization improves timing on the net.
INFO: [Physopt 32-619] Estimated Timing Summary | WNS=-3.805 | TNS=-3396.475 |
INFO: [Physopt 32-702] Processed net RAM/rstate3_carry__0_i_1_n_0. Optimizations did not improve timing on the net.
INFO: [Physopt 32-663] Processed net CPU/CM/DCACHE/D[22].  Re-placed instance CPU/CM/DCACHE/addr[22]_i_1
INFO: [Physopt 32-735] Processed net CPU/CM/DCACHE/D[22]. Optimization improves timing on the net.
INFO: [Physopt 32-619] Estimated Timing Summary | WNS=-3.802 | TNS=-3396.351 |
INFO: [Physopt 32-81] Processed net CPU/CM/DCACHE/D[5]. Replicated 3 times.
INFO: [Physopt 32-735] Processed net CPU/CM/DCACHE/D[5]. Optimization improves timing on the net.
INFO: [Physopt 32-619] Estimated Timing Summary | WNS=-3.799 | TNS=-3396.244 |
INFO: [Physopt 32-702] Processed net RAM/rstate3_carry__1_i_2_n_0. Optimizations did not improve timing on the net.
INFO: [Physopt 32-663] Processed net CPU/CM/DCACHE/D[29].  Re-placed instance CPU/CM/DCACHE/addr[29]_i_1
INFO: [Physopt 32-735] Processed net CPU/CM/DCACHE/D[29]. Optimization improves timing on the net.
INFO: [Physopt 32-619] Estimated Timing Summary | WNS=-3.799 | TNS=-3396.239 |
INFO: [Physopt 32-702] Processed net CPU/CM/DCACHE/D[12]. Optimizations did not improve timing on the net.
INFO: [Physopt 32-81] Processed net CPU/CM/ICACHE/cif0\\.iREN. Replicated 5 times.
INFO: [Physopt 32-735] Processed net CPU/CM/ICACHE/cif0\\.iREN. Optimization improves timing on the net.
INFO: [Physopt 32-619] Estimated Timing Summary | WNS=-3.797 | TNS=-3396.504 |
INFO: [Physopt 32-81] Processed net CPU/CM/DCACHE/req_valid. Replicated 4 times.
INFO: [Physopt 32-735] Processed net CPU/CM/DCACHE/req_valid. Optimization improves timing on the net.
INFO: [Physopt 32-619] Estimated Timing Summary | WNS=-3.792 | TNS=-3390.277 |
INFO: [Physopt 32-81] Processed net CPU/CM/DCACHE/req_valid. Replicated 4 times.
INFO: [Physopt 32-735] Processed net CPU/CM/DCACHE/req_valid. Optimization improves timing on the net.
INFO: [Physopt 32-619] Estimated Timing Summary | WNS=-3.774 | TNS=-3372.919 |
INFO: [Physopt 32-663] Processed net CPU/CM/DCACHE/D[29].  Re-placed instance CPU/CM/DCACHE/addr[29]_i_1
INFO: [Physopt 32-735] Processed net CPU/CM/DCACHE/D[29]. Optimization improves timing on the net.
INFO: [Physopt 32-619] Estimated Timing Summary | WNS=-3.765 | TNS=-3372.817 |
INFO: [Physopt 32-81] Processed net CPU/CM/DCACHE/D[5]. Replicated 1 times.
INFO: [Physopt 32-735] Processed net CPU/CM/DCACHE/D[5]. Optimization improves timing on the net.
INFO: [Physopt 32-619] Estimated Timing Summary | WNS=-3.759 | TNS=-3372.584 |
INFO: [Physopt 32-608] Optimized 1 net.  Swapped 24 pins.
INFO: [Physopt 32-735] Processed net CPU/CM/DCACHE/D[5]. Optimization improves timing on the net.
INFO: [Physopt 32-619] Estimated Timing Summary | WNS=-3.750 | TNS=-3371.600 |
INFO: [Physopt 32-81] Processed net CPU/DP/PC/Q[12]. Replicated 1 times.
INFO: [Physopt 32-735] Processed net CPU/DP/PC/Q[12]. Optimization improves timing on the net.
INFO: [Physopt 32-619] Estimated Timing Summary | WNS=-3.739 | TNS=-3376.064 |
INFO: [Physopt 32-702] Processed net CPU/CM/DCACHE/D[5]. Optimizations did not improve timing on the net.
INFO: [Physopt 32-81] Processed net CPU/CM/ICACHE/cif0\\.iREN_repN. Replicated 1 times.
INFO: [Physopt 32-735] Processed net CPU/CM/ICACHE/cif0\\.iREN_repN. Optimization improves timing on the net.
INFO: [Physopt 32-619] Estimated Timing Summary | WNS=-3.738 | TNS=-3375.531 |
INFO: [Physopt 32-663] Processed net CPU/CM/DCACHE/D[27].  Re-placed instance CPU/CM/DCACHE/addr[27]_i_1
INFO: [Physopt 32-735] Processed net CPU/CM/DCACHE/D[27]. Optimization improves timing on the net.
INFO: [Physopt 32-619] Estimated Timing Summary | WNS=-3.731 | TNS=-3375.161 |
INFO: [Physopt 32-81] Processed net CPU/CM/ICACHE/cif0\\.iREN_repN. Replicated 1 times.
INFO: [Physopt 32-735] Processed net CPU/CM/ICACHE/cif0\\.iREN_repN. Optimization improves timing on the net.
INFO: [Physopt 32-619] Estimated Timing Summary | WNS=-3.728 | TNS=-3374.237 |
INFO: [Physopt 32-81] Processed net CPU/CM/ICACHE/cif0\\.iREN_repN_6. Replicated 1 times.
INFO: [Physopt 32-735] Processed net CPU/CM/ICACHE/cif0\\.iREN_repN_6. Optimization improves timing on the net.
INFO: [Physopt 32-619] Estimated Timing Summary | WNS=-3.727 | TNS=-3374.176 |
INFO: [Physopt 32-81] Processed net CPU/CM/ICACHE/cif0\\.iREN_repN_6. Replicated 1 times.
INFO: [Physopt 32-735] Processed net CPU/CM/ICACHE/cif0\\.iREN_repN_6. Optimization improves timing on the net.
INFO: [Physopt 32-619] Estimated Timing Summary | WNS=-3.725 | TNS=-3378.502 |
INFO: [Physopt 32-601] Processed net CPU/CM/ICACHE/cif0\\.iREN_repN_6. Net driver CPU/CM/ICACHE/FSM_sequential_curr_state_reg_replica_6 was replaced.
INFO: [Physopt 32-735] Processed net CPU/CM/ICACHE/cif0\\.iREN_repN_6. Optimization improves timing on the net.
INFO: [Physopt 32-619] Estimated Timing Summary | WNS=-3.698 | TNS=-3377.706 |
INFO: [Physopt 32-81] Processed net CPU/CM/DCACHE/cif0\\.daddr[12]. Replicated 1 times.
INFO: [Physopt 32-735] Processed net CPU/CM/DCACHE/cif0\\.daddr[12]. Optimization improves timing on the net.
INFO: [Physopt 32-619] Estimated Timing Summary | WNS=-3.694 | TNS=-3377.634 |
INFO: [Physopt 32-702] Processed net RAM/rstate3_carry_i_4_n_0. Optimizations did not improve timing on the net.
INFO: [Physopt 32-81] Processed net CPU/CM/DCACHE/D[2]. Replicated 2 times.
INFO: [Physopt 32-735] Processed net CPU/CM/DCACHE/D[2]. Optimization improves timing on the net.
INFO: [Physopt 32-619] Estimated Timing Summary | WNS=-3.693 | TNS=-3377.320 |
INFO: [Physopt 32-81] Processed net CPU/CM/DCACHE/D[15]. Replicated 2 times.
INFO: [Physopt 32-735] Processed net CPU/CM/DCACHE/D[15]. Optimization improves timing on the net.
INFO: [Physopt 32-619] Estimated Timing Summary | WNS=-3.693 | TNS=-3376.786 |
INFO: [Physopt 32-81] Processed net CPU/CM/DCACHE/D[2]. Replicated 2 times.
INFO: [Physopt 32-735] Processed net CPU/CM/DCACHE/D[2]. Optimization improves timing on the net.
INFO: [Physopt 32-619] Estimated Timing Summary | WNS=-3.692 | TNS=-3376.284 |
INFO: [Physopt 32-81] Processed net CPU/CM/DCACHE/D[15]. Replicated 2 times.
INFO: [Physopt 32-735] Processed net CPU/CM/DCACHE/D[15]. Optimization improves timing on the net.
INFO: [Physopt 32-619] Estimated Timing Summary | WNS=-3.692 | TNS=-3375.682 |
INFO: [Physopt 32-81] Processed net CPU/CM/DCACHE/D[2]. Replicated 1 times.
INFO: [Physopt 32-735] Processed net CPU/CM/DCACHE/D[2]. Optimization improves timing on the net.
INFO: [Physopt 32-619] Estimated Timing Summary | WNS=-3.692 | TNS=-3375.483 |
INFO: [Physopt 32-702] Processed net RAM/rstate3_carry_i_2_n_0. Optimizations did not improve timing on the net.
INFO: [Physopt 32-81] Processed net CPU/CM/DCACHE/D[6]. Replicated 1 times.
INFO: [Physopt 32-735] Processed net CPU/CM/DCACHE/D[6]. Optimization improves timing on the net.
INFO: [Physopt 32-619] Estimated Timing Summary | WNS=-3.691 | TNS=-3374.947 |
INFO: [Physopt 32-608] Optimized 1 net.  Swapped 18 pins.
INFO: [Physopt 32-735] Processed net CPU/CM/DCACHE/D[6]. Optimization improves timing on the net.
INFO: [Physopt 32-619] Estimated Timing Summary | WNS=-3.691 | TNS=-3372.003 |
INFO: [Physopt 32-608] Optimized 1 net.  Swapped 23 pins.
INFO: [Physopt 32-735] Processed net CPU/CM/DCACHE/D[15]. Optimization improves timing on the net.
INFO: [Physopt 32-619] Estimated Timing Summary | WNS=-3.691 | TNS=-3368.673 |
INFO: [Physopt 32-608] Optimized 1 net.  Swapped 22 pins.
INFO: [Physopt 32-735] Processed net CPU/CM/DCACHE/D[2]. Optimization improves timing on the net.
INFO: [Physopt 32-619] Estimated Timing Summary | WNS=-3.690 | TNS=-3366.605 |
INFO: [Physopt 32-663] Processed net CPU/DP/FDFREG/dx\\.pc_in[28].  Re-placed instance CPU/DP/FDFREG/fdf\\.pc_out_reg[28]
INFO: [Physopt 32-735] Processed net CPU/DP/FDFREG/dx\\.pc_in[28]. Optimization improves timing on the net.
INFO: [Physopt 32-619] Estimated Timing Summary | WNS=-3.690 | TNS=-3366.881 |
INFO: [Physopt 32-663] Processed net CPU/DP/FDFREG/dx\\.pc_in[8].  Re-placed instance CPU/DP/FDFREG/fdf\\.pc_out_reg[8]
INFO: [Physopt 32-735] Processed net CPU/DP/FDFREG/dx\\.pc_in[8]. Optimization improves timing on the net.
INFO: [Physopt 32-619] Estimated Timing Summary | WNS=-3.690 | TNS=-3367.301 |
INFO: [Physopt 32-663] Processed net CPU/DP/FDFREG/fdf\\.pc_out[4].  Re-placed instance CPU/DP/FDFREG/fdf\\.pc_out_reg[9]
INFO: [Physopt 32-735] Processed net CPU/DP/FDFREG/fdf\\.pc_out[4]. Optimization improves timing on the net.
INFO: [Physopt 32-619] Estimated Timing Summary | WNS=-3.690 | TNS=-3367.718 |
INFO: [Physopt 32-663] Processed net CPU/DP/FDFREG/cuif\\.inst[4].  Re-placed instance CPU/DP/FDFREG/fdf\\.inst_out_reg[4]
INFO: [Physopt 32-735] Processed net CPU/DP/FDFREG/cuif\\.inst[4]. Optimization improves timing on the net.
INFO: [Physopt 32-619] Estimated Timing Summary | WNS=-3.690 | TNS=-3368.160 |
INFO: [Physopt 32-663] Processed net CPU/DP/DXREG/dx\\.inst_out[6].  Re-placed instance CPU/DP/DXREG/dx\\.inst_out_reg[6]
INFO: [Physopt 32-735] Processed net CPU/DP/DXREG/dx\\.inst_out[6]. Optimization improves timing on the net.
INFO: [Physopt 32-619] Estimated Timing Summary | WNS=-3.690 | TNS=-3368.415 |
INFO: [Physopt 32-663] Processed net CPU/DP/FDFREG/fdf\\.inst_out[3].  Re-placed instance CPU/DP/FDFREG/fdf\\.inst_out_reg[17]
INFO: [Physopt 32-735] Processed net CPU/DP/FDFREG/fdf\\.inst_out[3]. Optimization improves timing on the net.
INFO: [Physopt 32-619] Estimated Timing Summary | WNS=-3.690 | TNS=-3368.409 |
INFO: [Physopt 32-663] Processed net CPU/DP/FDFREG/fdf\\.inst_out[4].  Re-placed instance CPU/DP/FDFREG/fdf\\.inst_out_reg[18]
INFO: [Physopt 32-735] Processed net CPU/DP/FDFREG/fdf\\.inst_out[4]. Optimization improves timing on the net.
INFO: [Physopt 32-619] Estimated Timing Summary | WNS=-3.690 | TNS=-3368.930 |
INFO: [Physopt 32-663] Processed net CPU/DP/FDFREG/fdf\\.inst_out[6].  Re-placed instance CPU/DP/FDFREG/fdf\\.inst_out_reg[20]
INFO: [Physopt 32-735] Processed net CPU/DP/FDFREG/fdf\\.inst_out[6]. Optimization improves timing on the net.
INFO: [Physopt 32-619] Estimated Timing Summary | WNS=-3.690 | TNS=-3368.877 |
INFO: [Physopt 32-663] Processed net CPU/DP/FDFREG/cuif\\.inst[25].  Re-placed instance CPU/DP/FDFREG/fdf\\.inst_out_reg[25]
INFO: [Physopt 32-735] Processed net CPU/DP/FDFREG/cuif\\.inst[25]. Optimization improves timing on the net.
INFO: [Physopt 32-619] Estimated Timing Summary | WNS=-3.690 | TNS=-3369.369 |
INFO: [Physopt 32-663] Processed net CPU/DP/FDFREG/cuif\\.inst[28].  Re-placed instance CPU/DP/FDFREG/fdf\\.inst_out_reg[28]
INFO: [Physopt 32-735] Processed net CPU/DP/FDFREG/cuif\\.inst[28]. Optimization improves timing on the net.
INFO: [Physopt 32-619] Estimated Timing Summary | WNS=-3.690 | TNS=-3369.999 |
INFO: [Physopt 32-702] Processed net RAM/dbg_data_out_reg[24]. Optimizations did not improve timing on the net.
INFO: [Physopt 32-702] Processed net CPUCLK. Optimizations did not improve timing on the net.
INFO: [Physopt 32-702] Processed net RAM/nRST. Optimizations did not improve timing on the net.
INFO: [Physopt 32-702] Processed net RAM/rstate3. Optimizations did not improve timing on the net.
INFO: [Physopt 32-608] Optimized 1 net.  Swapped 26 pins.
INFO: [Physopt 32-735] Processed net RAM/rstate3_carry__0_i_4_n_0. Optimization improves timing on the net.
INFO: [Physopt 32-619] Estimated Timing Summary | WNS=-3.688 | TNS=-3369.967 |
INFO: [Physopt 32-702] Processed net RAM/rstate3_carry_i_3_n_0. Optimizations did not improve timing on the net.
INFO: [Physopt 32-702] Processed net CPU/CM/DCACHE/D[3]. Optimizations did not improve timing on the net.
INFO: [Physopt 32-663] Processed net CPU/CM/DCACHE/req_wen_reg_13[0].  Re-placed instance CPU/CM/DCACHE/mem_reg_12_i_3
INFO: [Physopt 32-735] Processed net CPU/CM/DCACHE/req_wen_reg_13[0]. Optimization improves timing on the net.
INFO: [Physopt 32-619] Estimated Timing Summary | WNS=-3.688 | TNS=-3369.841 |
INFO: [Physopt 32-702] Processed net RAM/dbg_data_out_reg[30]. Optimizations did not improve timing on the net.
INFO: [Physopt 32-663] Processed net CPU/CM/DCACHE/wren.  Re-placed instance CPU/CM/DCACHE/mem_reg_15_i_3
INFO: [Physopt 32-735] Processed net CPU/CM/DCACHE/wren. Optimization improves timing on the net.
INFO: [Physopt 32-619] Estimated Timing Summary | WNS=-3.680 | TNS=-3369.833 |
INFO: [Common 17-14] Message 'Physopt 32-619' appears 100 times and further instances of the messages will be disabled. Use the Tcl command set_msg_config to change the current settings.
INFO: [Physopt 32-702] Processed net CPU/CM/DCACHE/wren. Optimizations did not improve timing on the net.
INFO: [Physopt 32-702] Processed net CPU/CM/DCACHE/req_valid_repN_5. Optimizations did not improve timing on the net.
INFO: [Physopt 32-663] Processed net CPU/DP/FDFREG/dx\\.pc_in[0].  Re-placed instance CPU/DP/FDFREG/fdf\\.pc_out_reg[0]
INFO: [Physopt 32-735] Processed net CPU/DP/FDFREG/dx\\.pc_in[0]. Optimization improves timing on the net.
INFO: [Physopt 32-663] Processed net CPU/DP/FDFREG/dx\\.pc_in[10].  Re-placed instance CPU/DP/FDFREG/fdf\\.pc_out_reg[10]
INFO: [Physopt 32-735] Processed net CPU/DP/FDFREG/dx\\.pc_in[10]. Optimization improves timing on the net.
INFO: [Physopt 32-663] Processed net CPU/DP/FDFREG/fdf\\.pc_out[6].  Re-placed instance CPU/DP/FDFREG/fdf\\.pc_out_reg[13]
INFO: [Physopt 32-735] Processed net CPU/DP/FDFREG/fdf\\.pc_out[6]. Optimization improves timing on the net.
INFO: [Physopt 32-663] Processed net CPU/DP/FDFREG/fdf\\.pc_out[8].  Re-placed instance CPU/DP/FDFREG/fdf\\.pc_out_reg[17]
INFO: [Physopt 32-735] Processed net CPU/DP/FDFREG/fdf\\.pc_out[8]. Optimization improves timing on the net.
INFO: [Physopt 32-702] Processed net CPU/DP/FDFREG/cuif\\.inst[12]. Optimizations did not improve timing on the net.
INFO: [Physopt 32-702] Processed net CPU/DP/DXREG/dx\\.inst_out_reg[1]_0. Optimizations did not improve timing on the net.
INFO: [Physopt 32-702] Processed net CPU/DP/DXREG/pcif\\.PC[31]_i_4_n_0. Optimizations did not improve timing on the net.
INFO: [Physopt 32-608] Optimized 1 net.  Swapped 18 pins.
INFO: [Physopt 32-735] Processed net CPU/DP/DXREG/pcif\\.PC[31]_i_10_n_0. Optimization improves timing on the net.
INFO: [Common 17-14] Message 'Physopt 32-735' appears 100 times and further instances of the messages will be disabled. Use the Tcl command set_msg_config to change the current settings.
INFO: [Physopt 32-608] Optimized 1 net.  Swapped 18 pins.
INFO: [Physopt 32-608] Optimized 1 net.  Swapped 21 pins.
INFO: [Physopt 32-702] Processed net CPU/DP/DXREG/pcif\\.PC[31]_i_10_n_0. Optimizations did not improve timing on the net.
INFO: [Physopt 32-702] Processed net CPU/DP/DXREG/pcif\\.PC[31]_i_21_n_0. Optimizations did not improve timing on the net.
INFO: [Physopt 32-608] Optimized 1 net.  Swapped 24 pins.
INFO: [Physopt 32-608] Optimized 1 net.  Swapped 22 pins.
INFO: [Physopt 32-702] Processed net CPU/DP/DXREG/D[27]. Optimizations did not improve timing on the net.
INFO: [Physopt 32-702] Processed net CPU/DP/DXREG/exm\\.alu_out_out[27]_i_4_n_0. Optimizations did not improve timing on the net.
INFO: [Physopt 32-702] Processed net CPU/DP/DXREG/exm\\.alu_out_out_reg[27]_i_11_n_4. Optimizations did not improve timing on the net.
INFO: [Physopt 32-702] Processed net CPU/DP/DXREG/exm\\.alu_out_out[7]_i_22_n_0. Optimizations did not improve timing on the net.
INFO: [Physopt 32-663] Processed net CPU/DP/DXREG/aluif\\.a[5].  Re-placed instance CPU/DP/DXREG/exm\\.alu_out_out[5]_i_8
INFO: [Physopt 32-702] Processed net CPU/DP/DXREG/D[25]. Optimizations did not improve timing on the net.
INFO: [Physopt 32-663] Processed net CPU/DP/DXREG/exm\\.alu_out_out[25]_i_3_n_0.  Re-placed instance CPU/DP/DXREG/exm\\.alu_out_out[25]_i_3
INFO: [Physopt 32-702] Processed net CPU/DP/DXREG/pcif\\.PC[31]_i_9_n_0. Optimizations did not improve timing on the net.
INFO: [Physopt 32-663] Processed net CPU/DP/DXREG/pcif\\.PC[31]_i_17_n_0.  Re-placed instance CPU/DP/DXREG/pcif\\.PC[31]_i_17
INFO: [Physopt 32-702] Processed net CPU/DP/DXREG/pcif\\.PC[31]_i_17_n_0. Optimizations did not improve timing on the net.
INFO: [Physopt 32-608] Optimized 1 net.  Swapped 24 pins.
INFO: [Physopt 32-702] Processed net CPU/DP/DXREG/pcif\\.PC[31]_i_20_n_0. Optimizations did not improve timing on the net.
INFO: [Physopt 32-608] Optimized 1 net.  Swapped 18 pins.
INFO: [Physopt 32-702] Processed net CPU/DP/DXREG/D[10]. Optimizations did not improve timing on the net.
INFO: [Physopt 32-702] Processed net CPU/DP/DXREG/exm\\.alu_out_out[10]_i_2_n_0. Optimizations did not improve timing on the net.
INFO: [Physopt 32-608] Optimized 1 net.  Swapped 23 pins.
INFO: [Physopt 32-608] Optimized 1 net.  Swapped 23 pins.
INFO: [Physopt 32-608] Optimized 1 net.  Swapped 22 pins.
INFO: [Physopt 32-702] Processed net CPU/DP/DXREG/D[26]. Optimizations did not improve timing on the net.
INFO: [Physopt 32-663] Processed net CPU/DP/DXREG/exm\\.alu_out_out[26]_i_2_n_0.  Re-placed instance CPU/DP/DXREG/exm\\.alu_out_out[26]_i_2
INFO: [Physopt 32-663] Processed net CPU/DP/DXREG/exm\\.alu_out_out[27]_i_3_n_0.  Re-placed instance CPU/DP/DXREG/exm\\.alu_out_out[27]_i_3
INFO: [Physopt 32-702] Processed net CPU/DP/DXREG/pcif\\.PC[31]_i_19_n_0. Optimizations did not improve timing on the net.
INFO: [Physopt 32-608] Optimized 1 net.  Swapped 19 pins.
INFO: [Physopt 32-702] Processed net CPU/DP/DXREG/aluif\\.b[5]. Optimizations did not improve timing on the net.
INFO: [Physopt 32-663] Processed net CPU/DP/EXMREG/dx\\.rdat2_out_reg[31][2].  Re-placed instance CPU/DP/EXMREG/exm\\.rdat2_out[5]_i_1
INFO: [Physopt 32-663] Processed net CPU/DP/DXREG/exm\\.alu_out_out[25]_i_3_n_0.  Re-placed instance CPU/DP/DXREG/exm\\.alu_out_out[25]_i_3
INFO: [Physopt 32-608] Optimized 1 net.  Swapped 24 pins.
INFO: [Physopt 32-608] Optimized 1 net.  Swapped 11 pins.
INFO: [Physopt 32-608] Optimized 1 net.  Swapped 26 pins.
INFO: [Physopt 32-608] Optimized 1 net.  Swapped 10 pins.
INFO: [Physopt 32-702] Processed net CPU/DP/DXREG/exm\\.alu_out_out[25]_i_3_n_0. Optimizations did not improve timing on the net.
INFO: [Physopt 32-608] Optimized 1 net.  Swapped 20 pins.
INFO: [Physopt 32-663] Processed net CPU/DP/DXREG/pcif\\.PC[31]_i_22_n_0.  Re-placed instance CPU/DP/DXREG/pcif\\.PC[31]_i_22
INFO: [Physopt 32-702] Processed net CPU/DP/DXREG/exm\\.alu_out_out[27]_i_3_n_0. Optimizations did not improve timing on the net.
INFO: [Physopt 32-702] Processed net CPU/DP/DXREG/exm\\.alu_out_out_reg[27]_i_7_n_4. Optimizations did not improve timing on the net.
INFO: [Physopt 32-702] Processed net CPU/DP/DXREG/exm\\.alu_out_out[11]_i_17_n_0. Optimizations did not improve timing on the net.
INFO: [Physopt 32-663] Processed net CPU/DP/DXREG/aluif\\.b[8].  Re-placed instance CPU/DP/DXREG/exm\\.alu_out_out[8]_i_9
INFO: [Physopt 32-702] Processed net CPU/DP/DXREG/D[8]. Optimizations did not improve timing on the net.
INFO: [Physopt 32-702] Processed net CPU/DP/DXREG/exm\\.alu_out_out[8]_i_2_n_0. Optimizations did not improve timing on the net.
INFO: [Physopt 32-663] Processed net CPU/DP/DXREG/exm\\.alu_out_out[8]_i_5_n_0.  Re-placed instance CPU/DP/DXREG/exm\\.alu_out_out[8]_i_5
INFO: [Physopt 32-702] Processed net CPU/DP/DXREG/D[3]. Optimizations did not improve timing on the net.
INFO: [Physopt 32-608] Optimized 1 net.  Swapped 24 pins.
INFO: [Physopt 32-702] Processed net CPU/DP/DXREG/exm\\.alu_out_out[7]_i_16_n_0. Optimizations did not improve timing on the net.
INFO: [Physopt 32-663] Processed net CPU/DP/EXMREG/dx\\.rdat2_out_reg[31][2].  Re-placed instance CPU/DP/EXMREG/exm\\.rdat2_out[5]_i_1
INFO: [Physopt 32-702] Processed net CPU/DP/DXREG/exm\\.alu_out_out[15]_i_23_n_0. Optimizations did not improve timing on the net.
INFO: [Physopt 32-663] Processed net CPU/DP/DXREG/aluif\\.b[13].  Re-placed instance CPU/DP/DXREG/exm\\.alu_out_out[13]_i_9
INFO: [Physopt 32-702] Processed net CPU/DP/DXREG/pcif\\.PC[31]_i_24_n_0. Optimizations did not improve timing on the net.
INFO: [Physopt 32-608] Optimized 1 net.  Swapped 27 pins.
INFO: [Physopt 32-608] Optimized 1 net.  Swapped 23 pins.
INFO: [Physopt 32-702] Processed net CPU/DP/DXREG/D[23]. Optimizations did not improve timing on the net.
INFO: [Physopt 32-702] Processed net CPU/DP/DXREG/exm\\.alu_out_out[23]_i_2_n_0. Optimizations did not improve timing on the net.
INFO: [Physopt 32-663] Processed net CPU/DP/DXREG/exm\\.alu_out_out[23]_i_5_n_0.  Re-placed instance CPU/DP/DXREG/exm\\.alu_out_out[23]_i_5
INFO: [Physopt 32-608] Optimized 1 net.  Swapped 18 pins.
INFO: [Physopt 32-702] Processed net CPU/DP/DXREG/exm\\.alu_out_out[26]_i_3_n_0. Optimizations did not improve timing on the net.
INFO: [Physopt 32-608] Optimized 1 net.  Swapped 30 pins.
INFO: [Physopt 32-608] Optimized 1 net.  Swapped 23 pins.
INFO: [Physopt 32-702] Processed net CPU/DP/DXREG/exm\\.alu_out_out[11]_i_24_n_0. Optimizations did not improve timing on the net.
INFO: [Physopt 32-702] Processed net CPU/DP/DXREG/aluif\\.b[8]. Optimizations did not improve timing on the net.
INFO: [Physopt 32-663] Processed net CPU/DP/EXMREG/dx\\.rdat2_out_reg[31][5].  Re-placed instance CPU/DP/EXMREG/exm\\.rdat2_out[8]_i_1
INFO: [Physopt 32-608] Optimized 1 net.  Swapped 22 pins.
INFO: [Physopt 32-702] Processed net CPU/DP/DXREG/pcif\\.PC[31]_i_23_n_0. Optimizations did not improve timing on the net.
INFO: [Physopt 32-608] Optimized 1 net.  Swapped 26 pins.
INFO: [Physopt 32-702] Processed net CPU/DP/DXREG/D[21]. Optimizations did not improve timing on the net.
INFO: [Physopt 32-702] Processed net CPU/DP/DXREG/exm\\.alu_out_out[21]_i_2_n_0. Optimizations did not improve timing on the net.
INFO: [Physopt 32-663] Processed net CPU/DP/DXREG/exm\\.alu_out_out[22]_i_5_n_0.  Re-placed instance CPU/DP/DXREG/exm\\.alu_out_out[22]_i_5
INFO: [Physopt 32-702] Processed net CPU/DP/DXREG/exm\\.alu_out_out[3]_i_23_n_0. Optimizations did not improve timing on the net.
INFO: [Physopt 32-663] Processed net CPU/DP/DXREG/aluif\\.b[1].  Re-placed instance CPU/DP/DXREG/exm\\.alu_out_out[1]_i_8
INFO: [Physopt 32-663] Processed net CPU/DP/DXREG/aluif\\.a[8].  Re-placed instance CPU/DP/DXREG/exm\\.alu_out_out[8]_i_8
INFO: [Physopt 32-702] Processed net CPU/DP/DXREG/exm\\.alu_out_out[11]_i_16_n_0. Optimizations did not improve timing on the net.
INFO: [Physopt 32-663] Processed net CPU/DP/DXREG/aluif\\.b[9].  Re-placed instance CPU/DP/DXREG/exm\\.alu_out_out[9]_i_9
INFO: [Physopt 32-702] Processed net CPU/DP/DXREG/exm\\.alu_out_out[7]_i_14_n_0. Optimizations did not improve timing on the net.
INFO: [Physopt 32-663] Processed net CPU/DP/DXREG/aluif\\.a[7].  Re-placed instance CPU/DP/DXREG/exm\\.alu_out_out[7]_i_9
INFO: [Physopt 32-702] Processed net CPU/DP/DXREG/D[7]. Optimizations did not improve timing on the net.
INFO: [Physopt 32-663] Processed net CPU/DP/DXREG/exm\\.alu_out_out[7]_i_3_n_0.  Re-placed instance CPU/DP/DXREG/exm\\.alu_out_out[7]_i_3
INFO: [Physopt 32-702] Processed net CPU/DP/EXMREG/S[0]. Optimizations did not improve timing on the net.
INFO: [Physopt 32-663] Processed net CPU/DP/EXMREG/dx\\.ALUSrc2_out_reg_0[0].  Re-placed instance CPU/DP/EXMREG/exm\\.alu_out_out[0]_i_7
INFO: [Physopt 32-663] Processed net CPU/DP/DXREG/exm\\.alu_out_out[8]_i_3_n_0.  Re-placed instance CPU/DP/DXREG/exm\\.alu_out_out[8]_i_3
INFO: [Physopt 32-608] Optimized 1 net.  Swapped 24 pins.
INFO: [Physopt 32-702] Processed net CPU/DP/DXREG/D[16]. Optimizations did not improve timing on the net.
INFO: [Physopt 32-608] Optimized 1 net.  Swapped 21 pins.
INFO: [Physopt 32-608] Optimized 1 net.  Swapped 18 pins.
INFO: [Physopt 32-608] Optimized 1 net.  Swapped 21 pins.
INFO: [Physopt 32-702] Processed net CPU/DP/DXREG/exm\\.alu_out_out[15]_i_16_n_0. Optimizations did not improve timing on the net.
INFO: [Physopt 32-663] Processed net CPU/DP/DXREG/aluif\\.b[13].  Re-placed instance CPU/DP/DXREG/exm\\.alu_out_out[13]_i_9
INFO: [Physopt 32-663] Processed net CPU/DP/DXREG/aluif\\.a[9].  Re-placed instance CPU/DP/DXREG/exm\\.alu_out_out[9]_i_8
INFO: [Physopt 32-702] Processed net CPU/DP/DXREG/exm\\.alu_out_out[23]_i_6_n_0. Optimizations did not improve timing on the net.
INFO: [Physopt 32-608] Optimized 1 net.  Swapped 24 pins.
INFO: [Physopt 32-663] Processed net CPU/DP/DXREG/pcif\\.PC[31]_i_18_n_0.  Re-placed instance CPU/DP/DXREG/pcif\\.PC[31]_i_18
INFO: [Physopt 32-702] Processed net CPU/DP/DXREG/D[11]. Optimizations did not improve timing on the net.
INFO: [Physopt 32-608] Optimized 1 net.  Swapped 24 pins.
INFO: [Physopt 32-702] Processed net CPU/DP/DXREG/aluif\\.b[13]. Optimizations did not improve timing on the net.
INFO: [Physopt 32-663] Processed net CPU/DP/EXMREG/dx\\.rdat2_out_reg[31][10].  Re-placed instance CPU/DP/EXMREG/exm\\.rdat2_out[13]_i_1
INFO: [Physopt 32-663] Processed net CPU/DP/DXREG/aluif\\.b[7].  Re-placed instance CPU/DP/DXREG/exm\\.alu_out_out[7]_i_10
INFO: [Physopt 32-663] Processed net CPU/DP/DXREG/exm\\.alu_out_out[8]_i_6_n_0.  Re-placed instance CPU/DP/DXREG/exm\\.alu_out_out[8]_i_6
INFO: [Physopt 32-702] Processed net CPU/DP/DXREG/aluif\\.b[9]. Optimizations did not improve timing on the net.
INFO: [Physopt 32-608] Optimized 1 net.  Swapped 23 pins.
INFO: [Physopt 32-608] Optimized 1 net.  Swapped 11 pins.
INFO: [Physopt 32-663] Processed net CPU/DP/DXREG/exm\\.alu_out_out[25]_i_11_n_0.  Re-placed instance CPU/DP/DXREG/exm\\.alu_out_out[25]_i_11
INFO: [Physopt 32-663] Processed net CPU/DP/DXREG/aluif\\.a[1].  Re-placed instance CPU/DP/DXREG/exm\\.alu_out_out[1]_i_7
INFO: [Physopt 32-702] Processed net CPU/DP/DXREG/exm\\.alu_out_out[3]_i_15_n_0. Optimizations did not improve timing on the net.
INFO: [Physopt 32-663] Processed net CPU/DP/DXREG/aluif\\.b[1].  Re-placed instance CPU/DP/DXREG/exm\\.alu_out_out[1]_i_8
INFO: [Physopt 32-608] Optimized 1 net.  Swapped 24 pins.
INFO: [Physopt 32-608] Optimized 1 net.  Swapped 13 pins.
INFO: [Physopt 32-702] Processed net CPU/DP/DXREG/exm\\.alu_out_out[10]_i_3_n_0. Optimizations did not improve timing on the net.
INFO: [Physopt 32-608] Optimized 1 net.  Swapped 21 pins.
INFO: [Physopt 32-702] Processed net CPU/DP/DXREG/exm\\.alu_out_out[23]_i_3_n_0. Optimizations did not improve timing on the net.
INFO: [Physopt 32-663] Processed net CPU/DP/DXREG/exm\\.alu_out_out[24]_i_7_n_0.  Re-placed instance CPU/DP/DXREG/exm\\.alu_out_out[24]_i_7
INFO: [Physopt 32-608] Optimized 1 net.  Swapped 21 pins.
INFO: [Physopt 32-702] Processed net CPU/DP/DXREG/exm\\.alu_out_out[16]_i_2_n_0. Optimizations did not improve timing on the net.
INFO: [Physopt 32-608] Optimized 1 net.  Swapped 23 pins.
INFO: [Physopt 32-663] Processed net CPU/DP/DXREG/exm\\.alu_out_out[26]_i_7_n_0.  Re-placed instance CPU/DP/DXREG/exm\\.alu_out_out[26]_i_7
Netlist sorting complete. Time (s): cpu = 00:00:00.03 ; elapsed = 00:00:00.03 . Memory (MB): peak = 3228.453 ; gain = 0.000 ; free physical = 80722 ; free virtual = 289173
Phase 4 Critical Path Optimization | Checksum: 1d52cf09c

Time (s): cpu = 00:07:06 ; elapsed = 00:01:48 . Memory (MB): peak = 3228.453 ; gain = 0.000 ; free physical = 80719 ; free virtual = 289170
Netlist sorting complete. Time (s): cpu = 00:00:00 ; elapsed = 00:00:00 . Memory (MB): peak = 3228.453 ; gain = 0.000 ; free physical = 80719 ; free virtual = 289170
INFO: [Physopt 32-603] Post Physical Optimization Timing Summary | WNS=-3.680 | TNS=-3187.876 |

Summary of Physical Synthesis Optimizations
============================================


-------------------------------------------------------------------------------------------------------------------------------------------------------------
|  Optimization   |  WNS Gain (ns)  |  TNS Gain (ns)  |  Added Cells  |  Removed Cells  |  Optimized Cells/Nets  |  Dont Touch  |  Iterations  |  Elapsed   |
-------------------------------------------------------------------------------------------------------------------------------------------------------------
|  DSP Register   |          0.000  |          0.000  |            0  |              0  |                     0  |           0  |           1  |  00:00:00  |
|  Critical Path  |          0.493  |        153.414  |           67  |              0  |                   169  |           0  |           2  |  00:01:48  |
|  Total          |          0.493  |        153.414  |           67  |              0  |                   169  |           0  |           3  |  00:01:48  |
-------------------------------------------------------------------------------------------------------------------------------------------------------------


Netlist sorting complete. Time (s): cpu = 00:00:00 ; elapsed = 00:00:00 . Memory (MB): peak = 3228.453 ; gain = 0.000 ; free physical = 80718 ; free virtual = 289169
Ending Physical Synthesis Task | Checksum: 1d52cf09c

Time (s): cpu = 00:07:06 ; elapsed = 00:01:49 . Memory (MB): peak = 3228.453 ; gain = 0.000 ; free physical = 80709 ; free virtual = 289160
INFO: [Common 17-83] Releasing license: Implementation
544 Infos, 0 Warnings, 0 Critical Warnings and 0 Errors encountered.
phys_opt_design completed successfully
phys_opt_design: Time (s): cpu = 00:07:08 ; elapsed = 00:01:49 . Memory (MB): peak = 3228.453 ; gain = 0.000 ; free physical = 80708 ; free virtual = 289159
INFO: [Timing 38-480] Writing timing data to binary archive.
Write ShapeDB Complete: Time (s): cpu = 00:00:00.05 ; elapsed = 00:00:00.01 . Memory (MB): peak = 3228.453 ; gain = 0.000 ; free physical = 80694 ; free virtual = 289146
Wrote PlaceDB: Time (s): cpu = 00:00:00.98 ; elapsed = 00:00:00.34 . Memory (MB): peak = 3228.453 ; gain = 0.000 ; free physical = 80695 ; free virtual = 289156
Wrote PulsedLatchDB: Time (s): cpu = 00:00:00 ; elapsed = 00:00:00 . Memory (MB): peak = 3228.453 ; gain = 0.000 ; free physical = 80694 ; free virtual = 289155
Writing XDEF routing.
Writing XDEF routing logical nets.
Writing XDEF routing special nets.
Wrote RouteStorage: Time (s): cpu = 00:00:00.01 ; elapsed = 00:00:00.01 . Memory (MB): peak = 3228.453 ; gain = 0.000 ; free physical = 80693 ; free virtual = 289155
Wrote Netlist Cache: Time (s): cpu = 00:00:00.01 ; elapsed = 00:00:00.01 . Memory (MB): peak = 3228.453 ; gain = 0.000 ; free physical = 80691 ; free virtual = 289154
Wrote Device Cache: Time (s): cpu = 00:00:00.01 ; elapsed = 00:00:00 . Memory (MB): peak = 3228.453 ; gain = 0.000 ; free physical = 80690 ; free virtual = 289153
Write Physdb Complete: Time (s): cpu = 00:00:01 ; elapsed = 00:00:00.4 . Memory (MB): peak = 3228.453 ; gain = 0.000 ; free physical = 80689 ; free virtual = 289152
INFO: [Common 17-1381] The checkpoint '/home/ecegridfs/a/437mg108/ece437/pipelinePartner/processors-team/build/system.runs/impl_1/system_physopt.dcp' has been generated.
Command: route_design -directive RuntimeOptimized
Attempting to get a license for feature 'Implementation' and/or device 'xc7s50'
INFO: [Common 17-349] Got license for feature 'Implementation' and/or device 'xc7s50'
INFO: [DRC 23-27] Running DRC with 8 threads
INFO: [Vivado_Tcl 4-198] DRC finished with 0 Errors
INFO: [Vivado_Tcl 4-199] Please refer to the DRC report (report_drc) for more information.
Running DRC as a precondition to command route_design
INFO: [DRC 23-27] Running DRC with 8 threads
INFO: [Vivado_Tcl 4-198] DRC finished with 0 Errors
INFO: [Vivado_Tcl 4-199] Please refer to the DRC report (report_drc) for more information.


Starting Routing Task
INFO: [Route 35-270] Using Router directive 'RuntimeOptimized'.
INFO: [Route 35-254] Multithreading enabled for route_design using a maximum of 8 CPUs

Phase 1 Build RT Design
Checksum: PlaceDB: 457ca140 ConstDB: 0 ShapeSum: f7e079c3 RouteDB: 0
Post Restoration Checksum: NetGraph: e740c1e8 | NumContArr: 4f7fed06 | Constraints: c2a8fa9d | Timing: c2a8fa9d
Phase 1 Build RT Design | Checksum: 2bc12a428

Time (s): cpu = 00:00:14 ; elapsed = 00:00:11 . Memory (MB): peak = 3275.414 ; gain = 14.945 ; free physical = 81288 ; free virtual = 289745

Phase 2 Router Initialization

Phase 2.1 Fix Topology Constraints
Phase 2.1 Fix Topology Constraints | Checksum: 2bc12a428

Time (s): cpu = 00:00:14 ; elapsed = 00:00:11 . Memory (MB): peak = 3275.414 ; gain = 14.945 ; free physical = 81285 ; free virtual = 289742

Phase 2.2 Pre Route Cleanup
Phase 2.2 Pre Route Cleanup | Checksum: 2bc12a428

Time (s): cpu = 00:00:14 ; elapsed = 00:00:11 . Memory (MB): peak = 3275.414 ; gain = 14.945 ; free physical = 81286 ; free virtual = 289743
 Number of Nodes with overlaps = 0

Phase 2.3 Update Timing
Phase 2.3 Update Timing | Checksum: 3173b4329

Time (s): cpu = 00:00:18 ; elapsed = 00:00:12 . Memory (MB): peak = 3291.414 ; gain = 30.945 ; free physical = 81286 ; free virtual = 289744
INFO: [Route 35-416] Intermediate Timing Summary | WNS=-3.529 | TNS=-2254.224| WHS=-0.589 | THS=-224.860|


Router Utilization Summary
  Global Vertical Routing Utilization    = 0.000159451 %
  Global Horizontal Routing Utilization  = 0.000130141 %
  Routable Net Status*
  *Does not include unroutable nets such as driverless and loadless.
  Run report_route_status for detailed report.
  Number of Failed Nets               = 7481
    (Failed Nets is the sum of unrouted and partially routed nets)
  Number of Unrouted Nets             = 7480
  Number of Partially Routed Nets     = 1
  Number of Node Overlaps             = 0

Phase 2 Router Initialization | Checksum: 336b2326c

Time (s): cpu = 00:00:20 ; elapsed = 00:00:13 . Memory (MB): peak = 3299.414 ; gain = 38.945 ; free physical = 81223 ; free virtual = 289680

Phase 3 Initial Routing

Phase 3.1 Global Routing
Phase 3.1 Global Routing | Checksum: 336b2326c

Time (s): cpu = 00:00:20 ; elapsed = 00:00:13 . Memory (MB): peak = 3299.414 ; gain = 38.945 ; free physical = 81216 ; free virtual = 289673

Phase 3.2 Initial Net Routing
Phase 3.2 Initial Net Routing | Checksum: 30508c707

Time (s): cpu = 00:00:35 ; elapsed = 00:00:17 . Memory (MB): peak = 3435.445 ; gain = 174.977 ; free physical = 81117 ; free virtual = 289575
Phase 3 Initial Routing | Checksum: 30508c707

Time (s): cpu = 00:00:35 ; elapsed = 00:00:17 . Memory (MB): peak = 3435.445 ; gain = 174.977 ; free physical = 81117 ; free virtual = 289575
INFO: [Route 35-580] Design has 949 pins with tight setup and hold constraints.

The top 5 pins with tight setup and hold constraints:

+====================+===================+===============================================+
| Launch Setup Clock | Launch Hold Clock | Pin                                           |
+====================+===================+===============================================+
| CPUCLK             | MAIN              | RAM/count_reg[3]/D                            |
| CPUCLK             | MAIN              | CPU/CM/DCACHE/frames_reg[7][1][data][0][15]/D |
| MAIN               | CPUCLK            | CPU/CM/DCACHE/frames_reg[5][1][dirty]/D       |
| CPUCLK             | MAIN              | CPU/CM/DCACHE/frames_reg[0][1][data][0][15]/D |
| CPUCLK             | MAIN              | CPU/CM/DCACHE/frames_reg[5][1][data][0][15]/D |
+--------------------+-------------------+-----------------------------------------------+

File with complete list of pins: tight_setup_hold_pins.txt


Phase 4 Rip-up And Reroute

Phase 4.1 Global Iteration 0
 Number of Nodes with overlaps = 3135
 Number of Nodes with overlaps = 738
 Number of Nodes with overlaps = 279
 Number of Nodes with overlaps = 213
 Number of Nodes with overlaps = 111
 Number of Nodes with overlaps = 93
 Number of Nodes with overlaps = 33
 Number of Nodes with overlaps = 15
 Number of Nodes with overlaps = 13
 Number of Nodes with overlaps = 9
 Number of Nodes with overlaps = 5
 Number of Nodes with overlaps = 3
 Number of Nodes with overlaps = 0
INFO: [Route 35-416] Intermediate Timing Summary | WNS=-4.196 | TNS=-8204.833| WHS=N/A    | THS=N/A    |

Phase 4.1 Global Iteration 0 | Checksum: 24a7c03b9

Time (s): cpu = 00:01:32 ; elapsed = 00:00:45 . Memory (MB): peak = 3453.445 ; gain = 192.977 ; free physical = 81271 ; free virtual = 289727

Phase 4.2 Global Iteration 1
 Number of Nodes with overlaps = 13
 Number of Nodes with overlaps = 11
 Number of Nodes with overlaps = 5
 Number of Nodes with overlaps = 4
 Number of Nodes with overlaps = 0
INFO: [Route 35-416] Intermediate Timing Summary | WNS=-4.198 | TNS=-8197.596| WHS=N/A    | THS=N/A    |

Phase 4.2 Global Iteration 1 | Checksum: 300c1c245

Time (s): cpu = 00:01:34 ; elapsed = 00:00:46 . Memory (MB): peak = 3453.445 ; gain = 192.977 ; free physical = 81318 ; free virtual = 289775
Phase 4 Rip-up And Reroute | Checksum: 300c1c245

Time (s): cpu = 00:01:34 ; elapsed = 00:00:46 . Memory (MB): peak = 3453.445 ; gain = 192.977 ; free physical = 81318 ; free virtual = 289774

Phase 5 Delay and Skew Optimization

Phase 5.1 Delay CleanUp

Phase 5.1.1 Update Timing
Phase 5.1.1 Update Timing | Checksum: 300c1c245

Time (s): cpu = 00:01:34 ; elapsed = 00:00:46 . Memory (MB): peak = 3453.445 ; gain = 192.977 ; free physical = 81313 ; free virtual = 289769
INFO: [Route 35-416] Intermediate Timing Summary | WNS=-4.196 | TNS=-8204.833| WHS=N/A    | THS=N/A    |

 Number of Nodes with overlaps = 0
Phase 5.1 Delay CleanUp | Checksum: 1fe71d395

Time (s): cpu = 00:01:37 ; elapsed = 00:00:47 . Memory (MB): peak = 3453.445 ; gain = 192.977 ; free physical = 81304 ; free virtual = 289761

Phase 5.2 Clock Skew Optimization
Phase 5.2 Clock Skew Optimization | Checksum: 1fe71d395

Time (s): cpu = 00:01:37 ; elapsed = 00:00:47 . Memory (MB): peak = 3453.445 ; gain = 192.977 ; free physical = 81304 ; free virtual = 289761
Phase 5 Delay and Skew Optimization | Checksum: 1fe71d395

Time (s): cpu = 00:01:37 ; elapsed = 00:00:47 . Memory (MB): peak = 3453.445 ; gain = 192.977 ; free physical = 81305 ; free virtual = 289761

Phase 6 Post Hold Fix

Phase 6.1 Hold Fix Iter

Phase 6.1.1 Update Timing
Phase 6.1.1 Update Timing | Checksum: 1e08cafdc

Time (s): cpu = 00:01:38 ; elapsed = 00:00:47 . Memory (MB): peak = 3453.445 ; gain = 192.977 ; free physical = 81300 ; free virtual = 289756
INFO: [Route 35-416] Intermediate Timing Summary | WNS=-4.191 | TNS=-8109.529| WHS=0.087  | THS=0.000  |

Phase 6.1 Hold Fix Iter | Checksum: 1e08cafdc

Time (s): cpu = 00:01:38 ; elapsed = 00:00:47 . Memory (MB): peak = 3453.445 ; gain = 192.977 ; free physical = 81300 ; free virtual = 289756
Phase 6 Post Hold Fix | Checksum: 1e08cafdc

Time (s): cpu = 00:01:38 ; elapsed = 00:00:47 . Memory (MB): peak = 3453.445 ; gain = 192.977 ; free physical = 81300 ; free virtual = 289756

Phase 7 Route finalize

Router Utilization Summary
  Global Vertical Routing Utilization    = 5.19955 %
  Global Horizontal Routing Utilization  = 6.71499 %
  Routable Net Status*
  *Does not include unroutable nets such as driverless and loadless.
  Run report_route_status for detailed report.
  Number of Failed Nets               = 0
    (Failed Nets is the sum of unrouted and partially routed nets)
  Number of Unrouted Nets             = 0
  Number of Partially Routed Nets     = 0
  Number of Node Overlaps             = 0


--GLOBAL Congestion:
Utilization threshold used for congestion level computation: 0.85
Congestion Report
North Dir 1x1 Area, Max Cong = 72.973%, No Congested Regions.
South Dir 1x1 Area, Max Cong = 69.3694%, No Congested Regions.
East Dir 1x1 Area, Max Cong = 76.4706%, No Congested Regions.
West Dir 1x1 Area, Max Cong = 75%, No Congested Regions.

------------------------------
Reporting congestion hotspots
------------------------------
Direction: North
----------------
Congested clusters found at Level 0
Effective congestion level: 0 Aspect Ratio: 1 Sparse Ratio: 0
Direction: South
----------------
Congested clusters found at Level 0
Effective congestion level: 0 Aspect Ratio: 1 Sparse Ratio: 0
Direction: East
----------------
Congested clusters found at Level 0
Effective congestion level: 0 Aspect Ratio: 1 Sparse Ratio: 0
Direction: West
----------------
Congested clusters found at Level 0
Effective congestion level: 0 Aspect Ratio: 1 Sparse Ratio: 0

Phase 7 Route finalize | Checksum: 1e08cafdc

Time (s): cpu = 00:01:38 ; elapsed = 00:00:47 . Memory (MB): peak = 3453.445 ; gain = 192.977 ; free physical = 81297 ; free virtual = 289753

Phase 8 Verifying routed nets

 Verification completed successfully
Phase 8 Verifying routed nets | Checksum: 1e08cafdc

Time (s): cpu = 00:01:38 ; elapsed = 00:00:47 . Memory (MB): peak = 3453.445 ; gain = 192.977 ; free physical = 81297 ; free virtual = 289753

Phase 9 Depositing Routes
Phase 9 Depositing Routes | Checksum: 24c24163b

Time (s): cpu = 00:01:39 ; elapsed = 00:00:47 . Memory (MB): peak = 3453.445 ; gain = 192.977 ; free physical = 81350 ; free virtual = 289806

Phase 10 Post Router Timing
INFO: [Route 35-57] Estimated Timing Summary | WNS=-4.191 | TNS=-8109.529| WHS=0.087  | THS=0.000  |

WARNING: [Route 35-328] Router estimated timing not met.
Resolution: For a complete and accurate timing signoff, report_timing_summary must be run after route_design. Alternatively, route_design can be run with the -timing_summary option to enable a complete timing signoff at the end of route_design.
Phase 10 Post Router Timing | Checksum: 24c24163b

Time (s): cpu = 00:01:40 ; elapsed = 00:00:48 . Memory (MB): peak = 3453.445 ; gain = 192.977 ; free physical = 81349 ; free virtual = 289805
INFO: [Route 35-16] Router Completed Successfully

Phase 11 Post-Route Event Processing
Phase 11 Post-Route Event Processing | Checksum: 212c8e04e

Time (s): cpu = 00:01:40 ; elapsed = 00:00:48 . Memory (MB): peak = 3453.445 ; gain = 192.977 ; free physical = 81351 ; free virtual = 289807
Ending Routing Task | Checksum: 212c8e04e

Time (s): cpu = 00:01:40 ; elapsed = 00:00:48 . Memory (MB): peak = 3453.445 ; gain = 192.977 ; free physical = 81349 ; free virtual = 289806

Routing Is Done.
INFO: [Common 17-83] Releasing license: Implementation
564 Infos, 1 Warnings, 0 Critical Warnings and 0 Errors encountered.
route_design completed successfully
route_design: Time (s): cpu = 00:01:42 ; elapsed = 00:00:49 . Memory (MB): peak = 3453.445 ; gain = 200.980 ; free physical = 81349 ; free virtual = 289805
INFO: [runtcl-4] Executing : report_drc -file system_drc_routed.rpt -pb system_drc_routed.pb -rpx system_drc_routed.rpx
Command: report_drc -file system_drc_routed.rpt -pb system_drc_routed.pb -rpx system_drc_routed.rpx
INFO: [IP_Flow 19-1839] IP Catalog is up to date.
INFO: [DRC 23-27] Running DRC with 8 threads
INFO: [Vivado_Tcl 2-168] The results of DRC are in file /home/ecegridfs/a/437mg108/ece437/pipelinePartner/processors-team/build/system.runs/impl_1/system_drc_routed.rpt.
report_drc completed successfully
INFO: [runtcl-4] Executing : report_methodology -file system_methodology_drc_routed.rpt -pb system_methodology_drc_routed.pb -rpx system_methodology_drc_routed.rpx
Command: report_methodology -file system_methodology_drc_routed.rpt -pb system_methodology_drc_routed.pb -rpx system_methodology_drc_routed.rpx
INFO: [Timing 38-35] Done setting XDC timing constraints.
INFO: [DRC 23-133] Running Methodology with 8 threads
INFO: [Vivado_Tcl 2-1520] The results of Report Methodology are in file /home/ecegridfs/a/437mg108/ece437/pipelinePartner/processors-team/build/system.runs/impl_1/system_methodology_drc_routed.rpt.
report_methodology completed successfully
INFO: [runtcl-4] Executing : report_power -file system_power_routed.rpt -pb system_power_summary_routed.pb -rpx system_power_routed.rpx
Command: report_power -file system_power_routed.rpt -pb system_power_summary_routed.pb -rpx system_power_routed.rpx
INFO: [Timing 38-35] Done setting XDC timing constraints.
Running Vector-less Activity Propagation...

Finished Running Vector-less Activity Propagation
574 Infos, 1 Warnings, 0 Critical Warnings and 0 Errors encountered.
report_power completed successfully
INFO: [runtcl-4] Executing : report_route_status -file system_route_status.rpt -pb system_route_status.pb
INFO: [runtcl-4] Executing : report_timing_summary -max_paths 10 -report_unconstrained -file system_timing_summary_routed.rpt -pb system_timing_summary_routed.pb -rpx system_timing_summary_routed.rpx -warn_on_violation 
INFO: [Timing 38-91] UpdateTimingParams: Speed grade: -1, Delay Type: min_max.
INFO: [Timing 38-191] Multithreading enabled for timing update using a maximum of 8 CPUs
CRITICAL WARNING: [Timing 38-282] The design failed to meet the timing requirements. Please see the timing summary report for details on the timing violations.
INFO: [runtcl-4] Executing : report_incremental_reuse -file system_incremental_reuse_routed.rpt
INFO: [Vivado_Tcl 4-1062] Incremental flow is disabled. No incremental reuse Info to report.
INFO: [runtcl-4] Executing : report_clock_utilization -file system_clock_utilization_routed.rpt
INFO: [runtcl-4] Executing : report_bus_skew -warn_on_violation -file system_bus_skew_routed.rpt -pb system_bus_skew_routed.pb -rpx system_bus_skew_routed.rpx
INFO: [Timing 38-91] UpdateTimingParams: Speed grade: -1, Delay Type: min_max.
INFO: [Timing 38-191] Multithreading enabled for timing update using a maximum of 8 CPUs
INFO: [Timing 38-480] Writing timing data to binary archive.
Write ShapeDB Complete: Time (s): cpu = 00:00:00.03 ; elapsed = 00:00:00.02 . Memory (MB): peak = 3533.484 ; gain = 0.000 ; free physical = 81422 ; free virtual = 289895
Wrote PlaceDB: Time (s): cpu = 00:00:00.93 ; elapsed = 00:00:00.33 . Memory (MB): peak = 3533.484 ; gain = 0.000 ; free physical = 81407 ; free virtual = 289889
Wrote PulsedLatchDB: Time (s): cpu = 00:00:00 ; elapsed = 00:00:00 . Memory (MB): peak = 3533.484 ; gain = 0.000 ; free physical = 81407 ; free virtual = 289889
Writing XDEF routing.
Writing XDEF routing logical nets.
Writing XDEF routing special nets.
Wrote RouteStorage: Time (s): cpu = 00:00:00.07 ; elapsed = 00:00:00.08 . Memory (MB): peak = 3533.484 ; gain = 0.000 ; free physical = 81402 ; free virtual = 289886
Wrote Netlist Cache: Time (s): cpu = 00:00:00.01 ; elapsed = 00:00:00.02 . Memory (MB): peak = 3533.484 ; gain = 0.000 ; free physical = 81403 ; free virtual = 289888
Wrote Device Cache: Time (s): cpu = 00:00:00.01 ; elapsed = 00:00:00 . Memory (MB): peak = 3533.484 ; gain = 0.000 ; free physical = 81403 ; free virtual = 289888
Write Physdb Complete: Time (s): cpu = 00:00:01 ; elapsed = 00:00:00.49 . Memory (MB): peak = 3533.484 ; gain = 0.000 ; free physical = 81402 ; free virtual = 289888
INFO: [Common 17-1381] The checkpoint '/home/ecegridfs/a/437mg108/ece437/pipelinePartner/processors-team/build/system.runs/impl_1/system_routed.dcp' has been generated.
INFO: [Common 17-206] Exiting Vivado at Fri Oct 31 11:05:12 2025...
