Copyright 1986-2022 Xilinx, Inc. All Rights Reserved. Copyright 2022-2023 Advanced Micro Devices, Inc. All Rights Reserved.
---------------------------------------------------------------------------------------------------------------------------------------------
| Tool Version : Vivado v.2023.2 (lin64) Build 4029153 Fri Oct 13 20:13:54 MDT 2023
| Date         : Tue Dec  2 18:05:21 2025
| Host         : ececomp4.ecn.purdue.edu running 64-bit Oracle Linux Server release 8.10
| Command      : report_control_sets -verbose -file system_control_sets_placed.rpt
| Design       : system
| Device       : xc7s50
---------------------------------------------------------------------------------------------------------------------------------------------

Control Set Information

Table of Contents
-----------------
1. Summary
2. Histogram
3. Flip-Flop Distribution
4. Detailed Control Set Information

1. Summary
----------

+----------------------------------------------------------+-------+
|                          Status                          | Count |
+----------------------------------------------------------+-------+
| Total control sets                                       |   178 |
|    Minimum number of control sets                        |   178 |
|    Addition due to synthesis replication                 |     0 |
|    Addition due to physical synthesis replication        |     0 |
| Unused register locations in slices containing registers |   423 |
+----------------------------------------------------------+-------+
* Control sets can be merged at opt_design using control_set_merge or merge_equivalent_drivers
** Run report_qor_suggestions for automated merging and remapping suggestions


2. Histogram
------------

+--------------------+-------+
|       Fanout       | Count |
+--------------------+-------+
| Total control sets |   178 |
| >= 0 to < 4        |     3 |
| >= 4 to < 6        |     3 |
| >= 6 to < 8        |     0 |
| >= 8 to < 10       |     0 |
| >= 10 to < 12      |     0 |
| >= 12 to < 14      |     0 |
| >= 14 to < 16      |     0 |
| >= 16              |   172 |
+--------------------+-------+
* Control sets can be remapped at either synth_design or opt_design


3. Flip-Flop Distribution
-------------------------

+--------------+-----------------------+------------------------+-----------------+--------------+
| Clock Enable | Synchronous Set/Reset | Asynchronous Set/Reset | Total Registers | Total Slices |
+--------------+-----------------------+------------------------+-----------------+--------------+
| No           | No                    | No                     |               6 |            3 |
| No           | No                    | Yes                    |             113 |           73 |
| No           | Yes                   | No                     |               0 |            0 |
| Yes          | No                    | No                     |               0 |            0 |
| Yes          | No                    | Yes                    |            8122 |         3925 |
| Yes          | Yes                   | No                     |               0 |            0 |
+--------------+-----------------------+------------------------+-----------------+--------------+


4. Detailed Control Set Information
-----------------------------------

+--------------------------------------------------+-----------------------------------------------------+---------------------+------------------+----------------+--------------+
|                   Clock Signal                   |                    Enable Signal                    |   Set/Reset Signal  | Slice Load Count | Bel Load Count | Bels / Slice |
+--------------------------------------------------+-----------------------------------------------------+---------------------+------------------+----------------+--------------+
|  CPU/CM1/DCACHE/snoop_stateReg_reg[2]_i_1__0_n_0 |                                                     |                     |                2 |              3 |         1.50 |
|  CLK_IBUF_BUFG                                   |                                                     | CPU/CM1/DCACHE/nRST |                2 |              3 |         1.50 |
|  CPU/CM0/DCACHE/snoop_stateReg_reg[2]_i_1_n_0    |                                                     |                     |                1 |              3 |         3.00 |
|  CPUCLK_BUFG                                     | CPU/CC/FSM_sequential_curr_state[3]_i_1_n_0         | CPU/CM1/DCACHE/nRST |                3 |              4 |         1.33 |
|  CPUCLK_BUFG                                     | CPU/CM1/DCACHE/state[3]_i_1__0_n_0                  | CPU/CM1/DCACHE/nRST |                2 |              4 |         2.00 |
|  CPUCLK_BUFG                                     | CPU/CM0/DCACHE/state[3]_i_1_n_0                     | CPU/CM1/DCACHE/nRST |                4 |              4 |         1.00 |
| ~CPUCLK_BUFG                                     | CPU/DP0/MWBREG/mwb\\.RegWEN_out_reg_19[0]           | CPU/CM1/DCACHE/nRST |               14 |             32 |         2.29 |
| ~CPUCLK_BUFG                                     | CPU/DP0/MWBREG/mwb\\.RegWEN_out_reg_6[0]            | CPU/CM1/DCACHE/nRST |               18 |             32 |         1.78 |
| ~CPUCLK_BUFG                                     | CPU/DP0/MWBREG/mwb\\.RegWEN_out_reg_5[0]            | CPU/CM1/DCACHE/nRST |               11 |             32 |         2.91 |
| ~CPUCLK_BUFG                                     | CPU/DP0/MWBREG/mwb\\.RegWEN_out_reg_4[0]            | CPU/CM1/DCACHE/nRST |               25 |             32 |         1.28 |
| ~CPUCLK_BUFG                                     | CPU/DP0/MWBREG/mwb\\.RegWEN_out_reg_3[0]            | CPU/CM1/DCACHE/nRST |               21 |             32 |         1.52 |
| ~CPUCLK_BUFG                                     | CPU/DP0/MWBREG/mwb\\.RegWEN_out_reg_29[0]           | CPU/CM1/DCACHE/nRST |               16 |             32 |         2.00 |
| ~CPUCLK_BUFG                                     | CPU/DP0/MWBREG/mwb\\.RegWEN_out_reg_28[0]           | CPU/CM1/DCACHE/nRST |               15 |             32 |         2.13 |
| ~CPUCLK_BUFG                                     | CPU/DP0/MWBREG/mwb\\.RegWEN_out_reg_27[0]           | CPU/CM1/DCACHE/nRST |               20 |             32 |         1.60 |
| ~CPUCLK_BUFG                                     | CPU/DP0/MWBREG/mwb\\.RegWEN_out_reg_26[0]           | CPU/CM1/DCACHE/nRST |               26 |             32 |         1.23 |
| ~CPUCLK_BUFG                                     | CPU/DP0/MWBREG/mwb\\.RegWEN_out_reg_25[0]           | CPU/CM1/DCACHE/nRST |               17 |             32 |         1.88 |
| ~CPUCLK_BUFG                                     | CPU/DP0/MWBREG/mwb\\.RegWEN_out_reg_24[0]           | CPU/CM1/DCACHE/nRST |               13 |             32 |         2.46 |
| ~CPUCLK_BUFG                                     | CPU/DP0/MWBREG/mwb\\.RegWEN_out_reg_23[0]           | CPU/CM1/DCACHE/nRST |               18 |             32 |         1.78 |
| ~CPUCLK_BUFG                                     | CPU/DP0/MWBREG/mwb\\.RegWEN_out_reg_22[0]           | CPU/CM1/DCACHE/nRST |               16 |             32 |         2.00 |
| ~CPUCLK_BUFG                                     | CPU/DP0/MWBREG/mwb\\.RegWEN_out_reg_21[0]           | CPU/CM1/DCACHE/nRST |               14 |             32 |         2.29 |
| ~CPUCLK_BUFG                                     | CPU/DP0/MWBREG/mwb\\.RegWEN_out_reg_20[0]           | CPU/CM1/DCACHE/nRST |               15 |             32 |         2.13 |
| ~CPUCLK_BUFG                                     | CPU/DP0/MWBREG/mwb\\.RegWEN_out_reg_2[0]            | CPU/CM1/DCACHE/nRST |               17 |             32 |         1.88 |
| ~CPUCLK_BUFG                                     | CPU/DP0/MWBREG/mwb\\.RegWEN_out_reg_7[0]            | CPU/CM1/DCACHE/nRST |               17 |             32 |         1.88 |
| ~CPUCLK_BUFG                                     | CPU/DP1/MWBREG/mwb\\.RegWEN_out_reg_8[0]            | CPU/CM1/DCACHE/nRST |               14 |             32 |         2.29 |
| ~CPUCLK_BUFG                                     | CPU/DP0/MWBREG/mwb\\.RegWEN_out_reg_18[0]           | CPU/CM1/DCACHE/nRST |               16 |             32 |         2.00 |
| ~CPUCLK_BUFG                                     | CPU/DP0/MWBREG/mwb\\.RegWEN_out_reg_17[0]           | CPU/CM1/DCACHE/nRST |               15 |             32 |         2.13 |
| ~CPUCLK_BUFG                                     | CPU/DP0/MWBREG/mwb\\.RegWEN_out_reg_16[0]           | CPU/CM1/DCACHE/nRST |               17 |             32 |         1.88 |
| ~CPUCLK_BUFG                                     | CPU/DP0/MWBREG/mwb\\.RegWEN_out_reg_15[0]           | CPU/CM1/DCACHE/nRST |               19 |             32 |         1.68 |
| ~CPUCLK_BUFG                                     | CPU/DP0/MWBREG/mwb\\.RegWEN_out_reg_14[0]           | CPU/CM1/DCACHE/nRST |               17 |             32 |         1.88 |
| ~CPUCLK_BUFG                                     | CPU/DP0/MWBREG/mwb\\.RegWEN_out_reg_13[0]           | CPU/CM1/DCACHE/nRST |               13 |             32 |         2.46 |
| ~CPUCLK_BUFG                                     | CPU/DP0/MWBREG/mwb\\.RegWEN_out_reg_12[0]           | CPU/CM1/DCACHE/nRST |               15 |             32 |         2.13 |
| ~CPUCLK_BUFG                                     | CPU/DP0/MWBREG/mwb\\.RegWEN_out_reg_11[0]           | CPU/CM1/DCACHE/nRST |               22 |             32 |         1.45 |
| ~CPUCLK_BUFG                                     | CPU/DP0/MWBREG/mwb\\.RegWEN_out_reg_1[0]            | CPU/CM1/DCACHE/nRST |               21 |             32 |         1.52 |
| ~CPUCLK_BUFG                                     | CPU/DP0/MWBREG/mwb\\.RegWEN_out_reg_0[0]            | CPU/CM1/DCACHE/nRST |               17 |             32 |         1.88 |
| ~CPUCLK_BUFG                                     | CPU/DP0/MWBREG/mwb\\.RegWEN_out_reg_10[0]           | CPU/CM1/DCACHE/nRST |               18 |             32 |         1.78 |
| ~CPUCLK_BUFG                                     | CPU/DP0/MWBREG/E[0]                                 | CPU/CM1/DCACHE/nRST |               13 |             32 |         2.46 |
| ~CPUCLK_BUFG                                     | CPU/DP1/MWBREG/mwb\\.RegWEN_out_reg_9[0]            | CPU/CM1/DCACHE/nRST |               13 |             32 |         2.46 |
| ~CPUCLK_BUFG                                     | CPU/DP1/MWBREG/mwb\\.RegWEN_out_reg_19[0]           | CPU/CM1/DCACHE/nRST |               17 |             32 |         1.88 |
| ~CPUCLK_BUFG                                     | CPU/DP1/MWBREG/mwb\\.RegWEN_out_reg_5[0]            | CPU/CM1/DCACHE/nRST |               15 |             32 |         2.13 |
| ~CPUCLK_BUFG                                     | CPU/DP1/MWBREG/mwb\\.RegWEN_out_reg_4[0]            | CPU/CM1/DCACHE/nRST |               25 |             32 |         1.28 |
| ~CPUCLK_BUFG                                     | CPU/DP1/MWBREG/mwb\\.RegWEN_out_reg_3[0]            | CPU/CM1/DCACHE/nRST |               15 |             32 |         2.13 |
| ~CPUCLK_BUFG                                     | CPU/DP1/MWBREG/mwb\\.RegWEN_out_reg_29[0]           | CPU/CM1/DCACHE/nRST |               16 |             32 |         2.00 |
| ~CPUCLK_BUFG                                     | CPU/DP1/MWBREG/mwb\\.RegWEN_out_reg_28[0]           | CPU/CM1/DCACHE/nRST |               19 |             32 |         1.68 |
| ~CPUCLK_BUFG                                     | CPU/DP1/MWBREG/mwb\\.RegWEN_out_reg_27[0]           | CPU/CM1/DCACHE/nRST |               20 |             32 |         1.60 |
| ~CPUCLK_BUFG                                     | CPU/DP1/MWBREG/mwb\\.RegWEN_out_reg_26[0]           | CPU/CM1/DCACHE/nRST |               20 |             32 |         1.60 |
| ~CPUCLK_BUFG                                     | CPU/DP1/MWBREG/mwb\\.RegWEN_out_reg_25[0]           | CPU/CM1/DCACHE/nRST |               11 |             32 |         2.91 |
| ~CPUCLK_BUFG                                     | CPU/DP1/MWBREG/mwb\\.RegWEN_out_reg_24[0]           | CPU/CM1/DCACHE/nRST |               14 |             32 |         2.29 |
| ~CPUCLK_BUFG                                     | CPU/DP1/MWBREG/mwb\\.RegWEN_out_reg_23[0]           | CPU/CM1/DCACHE/nRST |               14 |             32 |         2.29 |
| ~CPUCLK_BUFG                                     | CPU/DP1/MWBREG/mwb\\.RegWEN_out_reg_22[0]           | CPU/CM1/DCACHE/nRST |               14 |             32 |         2.29 |
| ~CPUCLK_BUFG                                     | CPU/DP1/MWBREG/mwb\\.RegWEN_out_reg_21[0]           | CPU/CM1/DCACHE/nRST |               16 |             32 |         2.00 |
| ~CPUCLK_BUFG                                     | CPU/DP1/MWBREG/mwb\\.RegWEN_out_reg_20[0]           | CPU/CM1/DCACHE/nRST |               15 |             32 |         2.13 |
| ~CPUCLK_BUFG                                     | CPU/DP1/MWBREG/mwb\\.RegWEN_out_reg_7[0]            | CPU/CM1/DCACHE/nRST |               19 |             32 |         1.68 |
| ~CPUCLK_BUFG                                     | CPU/DP1/MWBREG/mwb\\.RegWEN_out_reg_2[0]            | CPU/CM1/DCACHE/nRST |               23 |             32 |         1.39 |
| ~CPUCLK_BUFG                                     | CPU/DP1/MWBREG/mwb\\.RegWEN_out_reg_6[0]            | CPU/CM1/DCACHE/nRST |               23 |             32 |         1.39 |
| ~CPUCLK_BUFG                                     | CPU/DP1/MWBREG/mwb\\.RegWEN_out_reg_18[0]           | CPU/CM1/DCACHE/nRST |               10 |             32 |         3.20 |
| ~CPUCLK_BUFG                                     | CPU/DP1/MWBREG/mwb\\.RegWEN_out_reg_17[0]           | CPU/CM1/DCACHE/nRST |               13 |             32 |         2.46 |
| ~CPUCLK_BUFG                                     | CPU/DP1/MWBREG/mwb\\.RegWEN_out_reg_16[0]           | CPU/CM1/DCACHE/nRST |               19 |             32 |         1.68 |
| ~CPUCLK_BUFG                                     | CPU/DP1/MWBREG/mwb\\.RegWEN_out_reg_15[0]           | CPU/CM1/DCACHE/nRST |               16 |             32 |         2.00 |
| ~CPUCLK_BUFG                                     | CPU/DP1/MWBREG/mwb\\.RegWEN_out_reg_14[0]           | CPU/CM1/DCACHE/nRST |               15 |             32 |         2.13 |
| ~CPUCLK_BUFG                                     | CPU/DP1/MWBREG/mwb\\.RegWEN_out_reg_13[0]           | CPU/CM1/DCACHE/nRST |               15 |             32 |         2.13 |
| ~CPUCLK_BUFG                                     | CPU/DP1/MWBREG/mwb\\.RegWEN_out_reg_12[0]           | CPU/CM1/DCACHE/nRST |               10 |             32 |         3.20 |
| ~CPUCLK_BUFG                                     | CPU/DP1/MWBREG/mwb\\.RegWEN_out_reg_11[0]           | CPU/CM1/DCACHE/nRST |               18 |             32 |         1.78 |
| ~CPUCLK_BUFG                                     | CPU/DP1/MWBREG/mwb\\.RegWEN_out_reg_1[0]            | CPU/CM1/DCACHE/nRST |               20 |             32 |         1.60 |
| ~CPUCLK_BUFG                                     | CPU/DP1/MWBREG/mwb\\.RegWEN_out_reg_0[0]            | CPU/CM1/DCACHE/nRST |               13 |             32 |         2.46 |
| ~CPUCLK_BUFG                                     | CPU/DP1/MWBREG/mwb\\.RegWEN_out_reg_10[0]           | CPU/CM1/DCACHE/nRST |               12 |             32 |         2.67 |
| ~CPUCLK_BUFG                                     | CPU/DP1/MWBREG/E[0]                                 | CPU/CM1/DCACHE/nRST |               13 |             32 |         2.46 |
| ~CPUCLK_BUFG                                     | CPU/DP0/MWBREG/mwb\\.RegWEN_out_reg_9[0]            | CPU/CM1/DCACHE/nRST |               14 |             32 |         2.29 |
| ~CPUCLK_BUFG                                     | CPU/DP0/MWBREG/mwb\\.RegWEN_out_reg_8[0]            | CPU/CM1/DCACHE/nRST |               13 |             32 |         2.46 |
|  CPUCLK_BUFG                                     | CPU/CM1/DCACHE/frames[0][1][data][0][31]_i_1__0_n_0 | CPU/CM1/DCACHE/nRST |               19 |             32 |         1.68 |
|  CPUCLK_BUFG                                     | CPU/CM1/DCACHE/frames[7][0][data][0][31]_i_1__0_n_0 | CPU/CM1/DCACHE/nRST |               19 |             32 |         1.68 |
|  CPUCLK_BUFG                                     | CPU/CM0/DCACHE/frames[3][0][data][0][31]_i_1_n_0    | CPU/CM1/DCACHE/nRST |               16 |             32 |         2.00 |
|  CPUCLK_BUFG                                     | CPU/CM1/DCACHE/frames[6][1][data][0][31]_i_1__0_n_0 | CPU/CM1/DCACHE/nRST |               21 |             32 |         1.52 |
|  CPUCLK_BUFG                                     | CPU/CM0/DCACHE/frames[3][1][data][0][31]_i_1_n_0    | CPU/CM1/DCACHE/nRST |               17 |             32 |         1.88 |
|  CPUCLK_BUFG                                     | CPU/CM1/DCACHE/frames[6][0][data][0][31]_i_1__0_n_0 | CPU/CM1/DCACHE/nRST |               21 |             32 |         1.52 |
|  CPUCLK_BUFG                                     | CPU/CM0/DCACHE/frames[4][0][data][0][31]_i_1_n_0    | CPU/CM1/DCACHE/nRST |               14 |             32 |         2.29 |
|  CPUCLK_BUFG                                     | CPU/CM0/DCACHE/frames[4][1][data][0][31]_i_1_n_0    | CPU/CM1/DCACHE/nRST |               13 |             32 |         2.46 |
|  CPUCLK_BUFG                                     | CPU/CM1/DCACHE/frames[5][1][data][0][31]_i_1__0_n_0 | CPU/CM1/DCACHE/nRST |               20 |             32 |         1.60 |
|  CPUCLK_BUFG                                     | CPU/CM0/DCACHE/frames[5][0][data][0][31]_i_1_n_0    | CPU/CM1/DCACHE/nRST |               18 |             32 |         1.78 |
|  CPUCLK_BUFG                                     | CPU/CM1/DCACHE/frames[0][0][data][0][31]_i_1__0_n_0 | CPU/CM1/DCACHE/nRST |               19 |             32 |         1.68 |
|  CPUCLK_BUFG                                     | CPU/CM0/DCACHE/frames[0][0][data][0][31]_i_1_n_0    | CPU/CM1/DCACHE/nRST |               16 |             32 |         2.00 |
|  CPUCLK_BUFG                                     | CPU/CM1/DCACHE/frames[1][0][data][0][31]_i_1__0_n_0 | CPU/CM1/DCACHE/nRST |               17 |             32 |         1.88 |
|  CPUCLK_BUFG                                     | CPU/CM1/DCACHE/frames[1][1][data][0][31]_i_1__0_n_0 | CPU/CM1/DCACHE/nRST |               19 |             32 |         1.68 |
|  CPUCLK_BUFG                                     | CPU/CM1/DCACHE/frames[2][0][data][0][31]_i_1__0_n_0 | CPU/CM1/DCACHE/nRST |               19 |             32 |         1.68 |
|  CPUCLK_BUFG                                     | CPU/CM1/DCACHE/frames[2][1][data][0][31]_i_1__0_n_0 | CPU/CM1/DCACHE/nRST |               17 |             32 |         1.88 |
|  CPUCLK_BUFG                                     | CPU/CM1/DCACHE/frames[3][0][data][0][31]_i_1__0_n_0 | CPU/CM1/DCACHE/nRST |               16 |             32 |         2.00 |
|  CPUCLK_BUFG                                     | CPU/CM1/DCACHE/frames[3][1][data][0][31]_i_1__0_n_0 | CPU/CM1/DCACHE/nRST |               18 |             32 |         1.78 |
|  CPUCLK_BUFG                                     | CPU/CM1/DCACHE/frames[4][0][data][0][31]_i_1__0_n_0 | CPU/CM1/DCACHE/nRST |               20 |             32 |         1.60 |
|  CPUCLK_BUFG                                     | CPU/CM1/DCACHE/frames[4][1][data][0][31]_i_1__0_n_0 | CPU/CM1/DCACHE/nRST |               21 |             32 |         1.52 |
|  CPUCLK_BUFG                                     | CPU/CM1/DCACHE/frames[5][0][data][0][31]_i_1__0_n_0 | CPU/CM1/DCACHE/nRST |               20 |             32 |         1.60 |
|  CPUCLK_BUFG                                     | CPU/CM1/DCACHE/frames[7][1][data][0][31]_i_1__0_n_0 | CPU/CM1/DCACHE/nRST |               22 |             32 |         1.45 |
|  CPUCLK_BUFG                                     | CPU/CM0/DCACHE/frames[0][1][data][0][31]_i_1_n_0    | CPU/CM1/DCACHE/nRST |               17 |             32 |         1.88 |
|  CPUCLK_BUFG                                     | CPU/CM0/DCACHE/frames[1][0][data][0][31]_i_1_n_0    | CPU/CM1/DCACHE/nRST |               14 |             32 |         2.29 |
|  CPUCLK_BUFG                                     | CPU/CM0/DCACHE/frames[7][1][data][0][31]_i_1_n_0    | CPU/CM1/DCACHE/nRST |               19 |             32 |         1.68 |
|  CPUCLK_BUFG                                     | CPU/CM0/DCACHE/frames[7][0][data][0][31]_i_1_n_0    | CPU/CM1/DCACHE/nRST |               22 |             32 |         1.45 |
|  CPUCLK_BUFG                                     | CPU/CM0/DCACHE/frames[6][1][data][0][31]_i_1_n_0    | CPU/CM1/DCACHE/nRST |               16 |             32 |         2.00 |
|  CPUCLK_BUFG                                     | CPU/CM0/DCACHE/frames[6][0][data][0][31]_i_1_n_0    | CPU/CM1/DCACHE/nRST |               17 |             32 |         1.88 |
|  CPUCLK_BUFG                                     | CPU/CM0/DCACHE/frames[2][0][data][0][31]_i_1_n_0    | CPU/CM1/DCACHE/nRST |               18 |             32 |         1.78 |
|  CPUCLK_BUFG                                     | CPU/CM0/DCACHE/frames[1][1][data][0][31]_i_1_n_0    | CPU/CM1/DCACHE/nRST |               17 |             32 |         1.88 |
|  CPUCLK_BUFG                                     | CPU/CM0/DCACHE/state_reg[3]_1                       | CPU/CM1/DCACHE/nRST |               10 |             32 |         3.20 |
|  CPUCLK_BUFG                                     | CPU/CM1/DCACHE/state_reg[0]_0                       | CPU/CM1/DCACHE/nRST |               11 |             32 |         2.91 |
|  CPUCLK_BUFG                                     | CPU/CM0/DCACHE/frames[5][1][data][0][31]_i_1_n_0    | CPU/CM1/DCACHE/nRST |               17 |             32 |         1.88 |
|  CPUCLK_BUFG                                     | CPU/CM0/DCACHE/frames[2][1][data][0][31]_i_1_n_0    | CPU/CM1/DCACHE/nRST |               16 |             32 |         2.00 |
|  CPUCLK_BUFG                                     | CPU/CM0/DCACHE/pcif\\.PCEN                          | CPU/CM1/DCACHE/nRST |               11 |             33 |         3.00 |
|  CLK_IBUF_BUFG                                   | CPU/CC/E[0]                                         | CPU/CM1/DCACHE/nRST |                7 |             34 |         4.86 |
|  CPUCLK_BUFG                                     | CPU/CM1/DCACHE/pcif\\.PCEN                          | CPU/CM1/DCACHE/nRST |               12 |             35 |         2.92 |
|  CPUCLK_BUFG                                     | CPU/DP0/EXMREG/exm\\.alu_out_out_reg[5]_14[0]       | CPU/CM1/DCACHE/nRST |               30 |             58 |         1.93 |
|  CPUCLK_BUFG                                     | CPU/DP0/EXMREG/exm\\.alu_out_out_reg[5]_15[0]       | CPU/CM1/DCACHE/nRST |               29 |             58 |         2.00 |
|  CPUCLK_BUFG                                     | CPU/DP0/EXMREG/exm\\.alu_out_out_reg[5]_17[0]       | CPU/CM1/DCACHE/nRST |               30 |             58 |         1.93 |
|  CPUCLK_BUFG                                     | CPU/DP0/EXMREG/exm\\.alu_out_out_reg[5]_18[0]       | CPU/CM1/DCACHE/nRST |               28 |             58 |         2.07 |
|  CPUCLK_BUFG                                     | CPU/DP0/EXMREG/exm\\.alu_out_out_reg[5]_16[0]       | CPU/CM1/DCACHE/nRST |               23 |             58 |         2.52 |
|  CPUCLK_BUFG                                     | CPU/CM0/DCACHE/frames[4][1][tag][25]_i_1__0_n_0     | CPU/CM1/DCACHE/nRST |               35 |             58 |         1.66 |
|  CPUCLK_BUFG                                     | CPU/CM0/DCACHE/frames[3][1][tag][25]_i_1__0_n_0     | CPU/CM1/DCACHE/nRST |               29 |             58 |         2.00 |
|  CPUCLK_BUFG                                     | CPU/CM0/DCACHE/frames[3][0][tag][25]_i_1__0_n_0     | CPU/CM1/DCACHE/nRST |               27 |             58 |         2.15 |
|  CPUCLK_BUFG                                     | CPU/CM0/DCACHE/frames[2][1][tag][25]_i_1__0_n_0     | CPU/CM1/DCACHE/nRST |               29 |             58 |         2.00 |
|  CPUCLK_BUFG                                     | CPU/CM0/DCACHE/frames[1][1][tag][25]_i_1__0_n_0     | CPU/CM1/DCACHE/nRST |               29 |             58 |         2.00 |
|  CPUCLK_BUFG                                     | CPU/CM0/DCACHE/frames[4][0][tag][25]_i_1__0_n_0     | CPU/CM1/DCACHE/nRST |               29 |             58 |         2.00 |
|  CPUCLK_BUFG                                     | CPU/CM0/DCACHE/frames[5][1][tag][25]_i_1__0_n_0     | CPU/CM1/DCACHE/nRST |               30 |             58 |         1.93 |
|  CPUCLK_BUFG                                     | CPU/CM0/DCACHE/frames[6][1][tag][25]_i_1__0_n_0     | CPU/CM1/DCACHE/nRST |               25 |             58 |         2.32 |
|  CPUCLK_BUFG                                     | CPU/CM0/DCACHE/frames[7][0][tag][25]_i_1__0_n_0     | CPU/CM1/DCACHE/nRST |               34 |             58 |         1.71 |
|  CPUCLK_BUFG                                     | CPU/CM0/DCACHE/frames[7][1][tag][25]_i_1__0_n_0     | CPU/CM1/DCACHE/nRST |               34 |             58 |         1.71 |
|  CPUCLK_BUFG                                     | CPU/CM0/DCACHE/frames[0][1][tag][25]_i_1__0_n_0     | CPU/CM1/DCACHE/nRST |               30 |             58 |         1.93 |
|  CPUCLK_BUFG                                     | CPU/DP1/EXMREG/exm\\.alu_out_out_reg[3]_2[0]        | CPU/CM1/DCACHE/nRST |               28 |             58 |         2.07 |
|  CPUCLK_BUFG                                     | CPU/DP1/EXMREG/exm\\.alu_out_out_reg[5]_21[0]       | CPU/CM1/DCACHE/nRST |               30 |             58 |         1.93 |
|  CPUCLK_BUFG                                     | CPU/DP1/EXMREG/exm\\.alu_out_out_reg[5]_20[0]       | CPU/CM1/DCACHE/nRST |               33 |             58 |         1.76 |
|  CPUCLK_BUFG                                     | CPU/DP1/EXMREG/exm\\.alu_out_out_reg[5]_19[0]       | CPU/CM1/DCACHE/nRST |               32 |             58 |         1.81 |
|  CPUCLK_BUFG                                     | CPU/DP1/EXMREG/exm\\.alu_out_out_reg[5]_18[0]       | CPU/CM1/DCACHE/nRST |               27 |             58 |         2.15 |
|  CPUCLK_BUFG                                     | CPU/DP1/EXMREG/exm\\.alu_out_out_reg[5]_17[0]       | CPU/CM1/DCACHE/nRST |               33 |             58 |         1.76 |
|  CPUCLK_BUFG                                     | CPU/DP1/EXMREG/exm\\.alu_out_out_reg[5]_16[0]       | CPU/CM1/DCACHE/nRST |               27 |             58 |         2.15 |
|  CPUCLK_BUFG                                     | CPU/DP1/EXMREG/exm\\.alu_out_out_reg[5]_15[0]       | CPU/CM1/DCACHE/nRST |               34 |             58 |         1.71 |
|  CPUCLK_BUFG                                     | CPU/DP1/EXMREG/exm\\.alu_out_out_reg[5]_14[0]       | CPU/CM1/DCACHE/nRST |               33 |             58 |         1.76 |
|  CPUCLK_BUFG                                     | CPU/DP1/EXMREG/exm\\.alu_out_out_reg[4]_1[0]        | CPU/CM1/DCACHE/nRST |               30 |             58 |         1.93 |
|  CPUCLK_BUFG                                     | CPU/DP1/EXMREG/exm\\.alu_out_out_reg[4]_0[0]        | CPU/CM1/DCACHE/nRST |               31 |             58 |         1.87 |
|  CPUCLK_BUFG                                     | CPU/DP1/EXMREG/exm\\.alu_out_out_reg[3]_5[0]        | CPU/CM1/DCACHE/nRST |               30 |             58 |         1.93 |
|  CPUCLK_BUFG                                     | CPU/DP1/EXMREG/exm\\.alu_out_out_reg[3]_4[0]        | CPU/CM1/DCACHE/nRST |               37 |             58 |         1.57 |
|  CPUCLK_BUFG                                     | CPU/DP1/EXMREG/exm\\.alu_out_out_reg[3]_3[0]        | CPU/CM1/DCACHE/nRST |               24 |             58 |         2.42 |
|  CPUCLK_BUFG                                     | CPU/DP1/EXMREG/exm\\.alu_out_out_reg[3]_1[0]        | CPU/CM1/DCACHE/nRST |               35 |             58 |         1.66 |
|  CPUCLK_BUFG                                     | CPU/DP1/EXMREG/exm\\.alu_out_out_reg[3]_0[0]        | CPU/CM1/DCACHE/nRST |               26 |             58 |         2.23 |
|  CPUCLK_BUFG                                     | CPU/DP0/PC/pcif\\.PC_reg[2]_2[0]                    | CPU/CM1/DCACHE/nRST |               28 |             59 |         2.11 |
|  CPUCLK_BUFG                                     | CPU/DP0/PC/pcif\\.PC_reg[3]_8[0]                    | CPU/CM1/DCACHE/nRST |               29 |             59 |         2.03 |
|  CPUCLK_BUFG                                     | CPU/DP0/PC/pcif\\.PC_reg[3]_7[0]                    | CPU/CM1/DCACHE/nRST |               34 |             59 |         1.74 |
|  CPUCLK_BUFG                                     | CPU/DP0/PC/pcif\\.PC_reg[3]_6[0]                    | CPU/CM1/DCACHE/nRST |               26 |             59 |         2.27 |
|  CPUCLK_BUFG                                     | CPU/DP0/PC/pcif\\.PC_reg[3]_5[0]                    | CPU/CM1/DCACHE/nRST |               25 |             59 |         2.36 |
|  CPUCLK_BUFG                                     | CPU/DP0/PC/pcif\\.PC_reg[3]_4[0]                    | CPU/CM1/DCACHE/nRST |               25 |             59 |         2.36 |
|  CPUCLK_BUFG                                     | CPU/DP0/PC/pcif\\.PC_reg[3]_3[0]                    | CPU/CM1/DCACHE/nRST |               34 |             59 |         1.74 |
|  CPUCLK_BUFG                                     | CPU/DP0/PC/pcif\\.PC_reg[3]_2[0]                    | CPU/CM1/DCACHE/nRST |               28 |             59 |         2.11 |
|  CPUCLK_BUFG                                     | CPU/DP0/PC/pcif\\.PC_reg[3]_1[0]                    | CPU/CM1/DCACHE/nRST |               33 |             59 |         1.79 |
|  CPUCLK_BUFG                                     | CPU/DP0/PC/pcif\\.PC_reg[3]_0[0]                    | CPU/CM1/DCACHE/nRST |               25 |             59 |         2.36 |
|  CPUCLK_BUFG                                     | CPU/DP0/PC/pcif\\.PC_reg[2]_3[0]                    | CPU/CM1/DCACHE/nRST |               26 |             59 |         2.27 |
|  CPUCLK_BUFG                                     | CPU/DP1/PC/FSM_sequential_curr_state_reg_2[0]       | CPU/CM1/DCACHE/nRST |               30 |             59 |         1.97 |
|  CPUCLK_BUFG                                     | CPU/DP0/PC/FSM_sequential_curr_state_reg[0]         | CPU/CM1/DCACHE/nRST |               26 |             59 |         2.27 |
|  CPUCLK_BUFG                                     | CPU/DP0/PC/FSM_sequential_curr_state_reg_0[0]       | CPU/CM1/DCACHE/nRST |               25 |             59 |         2.36 |
|  CPUCLK_BUFG                                     | CPU/DP0/PC/FSM_sequential_curr_state_reg_1[0]       | CPU/CM1/DCACHE/nRST |               26 |             59 |         2.27 |
|  CPUCLK_BUFG                                     | CPU/DP1/PC/FSM_sequential_curr_state_reg_9[0]       | CPU/CM1/DCACHE/nRST |               37 |             59 |         1.59 |
|  CPUCLK_BUFG                                     | CPU/DP1/PC/FSM_sequential_curr_state_reg_8[0]       | CPU/CM1/DCACHE/nRST |               25 |             59 |         2.36 |
|  CPUCLK_BUFG                                     | CPU/DP1/PC/FSM_sequential_curr_state_reg_7[0]       | CPU/CM1/DCACHE/nRST |               24 |             59 |         2.46 |
|  CPUCLK_BUFG                                     | CPU/DP0/PC/E[0]                                     | CPU/CM1/DCACHE/nRST |               27 |             59 |         2.19 |
|  CPUCLK_BUFG                                     | CPU/DP1/PC/FSM_sequential_curr_state_reg_6[0]       | CPU/CM1/DCACHE/nRST |               22 |             59 |         2.68 |
|  CPUCLK_BUFG                                     | CPU/DP1/PC/FSM_sequential_curr_state_reg_5[0]       | CPU/CM1/DCACHE/nRST |               23 |             59 |         2.57 |
|  CPUCLK_BUFG                                     | CPU/DP1/PC/FSM_sequential_curr_state_reg_4[0]       | CPU/CM1/DCACHE/nRST |               20 |             59 |         2.95 |
|  CPUCLK_BUFG                                     | CPU/DP1/PC/FSM_sequential_curr_state_reg_3[0]       | CPU/CM1/DCACHE/nRST |               27 |             59 |         2.19 |
|  CPUCLK_BUFG                                     | CPU/DP1/PC/FSM_sequential_curr_state_reg_12[0]      | CPU/CM1/DCACHE/nRST |               23 |             59 |         2.57 |
|  CPUCLK_BUFG                                     | CPU/DP1/PC/FSM_sequential_curr_state_reg_11[0]      | CPU/CM1/DCACHE/nRST |               25 |             59 |         2.36 |
|  CPUCLK_BUFG                                     | CPU/DP1/PC/FSM_sequential_curr_state_reg_13[0]      | CPU/CM1/DCACHE/nRST |               24 |             59 |         2.46 |
|  CPUCLK_BUFG                                     | CPU/DP1/PC/FSM_sequential_curr_state_reg_10[0]      | CPU/CM1/DCACHE/nRST |               27 |             59 |         2.19 |
|  CPUCLK_BUFG                                     | CPU/DP1/PC/FSM_sequential_curr_state_reg_1[0]       | CPU/CM1/DCACHE/nRST |               27 |             59 |         2.19 |
|  CPUCLK_BUFG                                     | CPU/DP1/PC/FSM_sequential_curr_state_reg_0[0]       | CPU/CM1/DCACHE/nRST |               25 |             59 |         2.36 |
|  CPUCLK_BUFG                                     | CPU/DP1/PC/FSM_sequential_curr_state_reg[0]         | CPU/CM1/DCACHE/nRST |               25 |             59 |         2.36 |
|  CPUCLK_BUFG                                     | CPU/DP1/PC/E[0]                                     | CPU/CM1/DCACHE/nRST |               27 |             59 |         2.19 |
|  CPUCLK_BUFG                                     | CPU/DP0/PC/pcif\\.PC_reg[2]_1[0]                    | CPU/CM1/DCACHE/nRST |               30 |             59 |         1.97 |
|  CPUCLK_BUFG                                     | CPU/DP1/DXREG/E[0]                                  | CPU/CM1/DCACHE/nRST |               28 |             66 |         2.36 |
|  CPUCLK_BUFG                                     | CPU/DP0/DXREG/E[0]                                  | CPU/CM1/DCACHE/nRST |               19 |             66 |         3.47 |
|  CPUCLK_BUFG                                     | CPU/DP0/EXMREG/m_setIdx0                            | CPU/CM1/DCACHE/nRST |               57 |             81 |         1.42 |
|  CPUCLK_BUFG                                     | CPU/DP1/EXMREG/m_setIdx0                            | CPU/CM1/DCACHE/nRST |               60 |             87 |         1.45 |
|  CPUCLK_BUFG                                     |                                                     | CPU/CM1/DCACHE/nRST |               71 |            110 |         1.55 |
|  CPUCLK_BUFG                                     | CPU/DP1/DXREG/dx\\.rs1_out[4]_i_1__0_n_0            | CPU/CM1/DCACHE/nRST |               52 |            166 |         3.19 |
|  CPUCLK_BUFG                                     | CPU/DP0/DXREG/dx\\.rs1_out[4]_i_1_n_0               | CPU/CM1/DCACHE/nRST |               52 |            166 |         3.19 |
|  CPUCLK_BUFG                                     | CPU/CM1/DCACHE/fdf\\.pipe_ctrl                      | CPU/CM1/DCACHE/nRST |               92 |            280 |         3.04 |
|  CPUCLK_BUFG                                     | CPU/CM0/DCACHE/fdf\\.pipe_ctrl                      | CPU/CM1/DCACHE/nRST |               91 |            280 |         3.08 |
+--------------------------------------------------+-----------------------------------------------------+---------------------+------------------+----------------+--------------+


