Copyright 1986-2022 Xilinx, Inc. All Rights Reserved. Copyright 2022-2023 Advanced Micro Devices, Inc. All Rights Reserved.
---------------------------------------------------------------------------------------------------------------------------------------------
| Tool Version : Vivado v.2023.2 (lin64) Build 4029153 Fri Oct 13 20:13:54 MDT 2023
| Date         : Fri Dec  5 11:16:24 2025
| Host         : ececomp4.ecn.purdue.edu running 64-bit Oracle Linux Server release 8.10
| Command      : report_drc -file system_drc_routed.rpt -pb system_drc_routed.pb -rpx system_drc_routed.rpx
| Design       : system
| Device       : xc7s50csga324-1
| Speed File   : -1
| Design State : Fully Routed
---------------------------------------------------------------------------------------------------------------------------------------------

Report DRC

Table of Contents
-----------------
1. REPORT SUMMARY
2. REPORT DETAILS

1. REPORT SUMMARY
-----------------
            Netlist: netlist
          Floorplan: design_1
      Design limits: <entire design considered>
           Ruledeck: default
             Max violations: <unlimited>
             Violations found: 27
+-----------+------------------+-----------------------------------------------------+------------+
| Rule      | Severity         | Description                                         | Violations |
+-----------+------------------+-----------------------------------------------------+------------+
| LUTLP-1   | Critical Warning | Combinatorial Loop Alert                            | 1          |
| NSTD-1    | Critical Warning | Unspecified I/O Standard                            | 1          |
| UCIO-1    | Critical Warning | Unconstrained Logical Port                          | 1          |
| CFGBVS-1  | Warning          | Missing CFGBVS and CONFIG_VOLTAGE Design Properties | 1          |
| CHECK-3   | Warning          | Report rule limit reached                           | 1          |
| PDRC-153  | Warning          | Gated clock check                                   | 2          |
| REQP-1839 | Warning          | RAMB36 async control check                          | 20         |
+-----------+------------------+-----------------------------------------------------+------------+

2. REPORT DETAILS
-----------------
LUTLP-1#1 Critical Warning
Combinatorial Loop Alert  
6 LUT cells form a combinatorial loop. This can create a race condition. Timing analysis may not be accurate. The preferred resolution is to modify the design to remove combinatorial logic loops. If the loop is known and understood, this DRC can be bypassed by acknowledging the condition and setting the following XDC constraint on any one of the nets in the loop: 'set_property ALLOW_COMBINATORIAL_LOOPS TRUE [get_nets <myHier/myNet>]'. One net in the loop is CPU/CC/ccif\\.ccinv[0]. Please evaluate your design. The cells in the loop are: CPU/CC/frames[0][1][valid]_i_9, CPU/CC/frames[6][1][valid]_i_12__0,
CPU/CM0/DCACHE/FSM_sequential_curr_state[1]_i_11,
CPU/CM0/DCACHE/FSM_sequential_curr_state[1]_i_13,
CPU/CM1/DCACHE/FSM_sequential_curr_state[1]_i_12
CPU/CM1/DCACHE/FSM_sequential_curr_state[1]_i_14.
Related violations: <none>

NSTD-1#1 Critical Warning
Unspecified I/O Standard  
148 out of 148 logical ports use I/O standard (IOSTANDARD) value 'DEFAULT', instead of a user assigned specific value. This may cause I/O contention or incompatibility with the board power or connectivity affecting performance, signal integrity or in extreme cases cause damage to the device or the components to which it is connected. To correct this violation, specify all I/O standards. This design will fail to generate a bitstream unless all logical ports have a user specified I/O standard value defined. To allow bitstream creation with unspecified I/O standard values (not recommended), use this command: set_property SEVERITY {Warning} [get_drc_checks NSTD-1].  NOTE: When using the Vivado Runs infrastructure (e.g. launch_runs Tcl command), add this command to a .tcl file and add that file as a pre-hook for write_bitstream step for the implementation run. Problem ports: CLK, dbg_addr[13:0], dbg_data_out[31:0], nRST, syif\\.REN, syif\\.WEN,
syif\\.addr[31:0], syif\\.halt, syif\\.load[31:0], syif\\.store[31:0]
syif\\.tbCTRL.
Related violations: <none>

UCIO-1#1 Critical Warning
Unconstrained Logical Port  
148 out of 148 logical ports have no user assigned specific location constraint (LOC). This may cause I/O contention or incompatibility with the board power or connectivity affecting performance, signal integrity or in extreme cases cause damage to the device or the components to which it is connected. To correct this violation, specify all pin locations. This design will fail to generate a bitstream unless all logical ports have a user specified site LOC constraint defined.  To allow bitstream creation with unspecified pin locations (not recommended), use this command: set_property SEVERITY {Warning} [get_drc_checks UCIO-1].  NOTE: When using the Vivado Runs infrastructure (e.g. launch_runs Tcl command), add this command to a .tcl file and add that file as a pre-hook for write_bitstream step for the implementation run.  Problem ports: CLK, dbg_addr[13:0], dbg_data_out[31:0], nRST, syif\\.REN, syif\\.WEN,
syif\\.addr[31:0], syif\\.halt, syif\\.load[31:0], syif\\.store[31:0]
syif\\.tbCTRL.
Related violations: <none>

CFGBVS-1#1 Warning
Missing CFGBVS and CONFIG_VOLTAGE Design Properties  
Neither the CFGBVS nor CONFIG_VOLTAGE voltage property is set in the current_design.  Configuration bank voltage select (CFGBVS) must be set to VCCO or GND, and CONFIG_VOLTAGE must be set to the correct configuration voltage, in order to determine the I/O voltage support for the pins in bank 0.  It is suggested to specify these either using the 'Edit Device Properties' function in the GUI or directly in the XDC file using the following syntax:

 set_property CFGBVS value1 [current_design]
 #where value1 is either VCCO or GND

 set_property CONFIG_VOLTAGE value2 [current_design]
 #where value2 is the voltage provided to configuration bank 0

Refer to the device configuration user guide for more information.
Related violations: <none>

CHECK-3#1 Warning
Report rule limit reached  
REQP-1839 rule limit reached: 20 violations have been found.
Related violations: <none>

PDRC-153#1 Warning
Gated clock check  
Net CPU/CM0/DCACHE/snoop_stateReg_reg[3]_i_1_n_0 is a gated clock net sourced by a combinational pin CPU/CM0/DCACHE/snoop_stateReg_reg[3]_i_1/O, cell CPU/CM0/DCACHE/snoop_stateReg_reg[3]_i_1. This is not good design practice and will likely impact performance. For SLICE registers, for example, use the CE pin to control the loading of data.
Related violations: <none>

PDRC-153#2 Warning
Gated clock check  
Net CPU/CM1/DCACHE/snoop_stateReg_reg[3]_i_1__0_n_0 is a gated clock net sourced by a combinational pin CPU/CM1/DCACHE/snoop_stateReg_reg[3]_i_1__0/O, cell CPU/CM1/DCACHE/snoop_stateReg_reg[3]_i_1__0. This is not good design practice and will likely impact performance. For SLICE registers, for example, use the CE pin to control the loading of data.
Related violations: <none>

REQP-1839#1 Warning
RAMB36 async control check  
The RAMB36E1 RAM/mem_reg_0 has an input control pin RAM/mem_reg_0/ADDRARDADDR[14] (net: RAM/D[15]) which is driven by a register (CPU/CM0/DCACHE/frames_reg[2][1][tag][9]) that has an active asychronous set or reset. This may cause corruption of the memory contents and/or read values when the set/reset is asserted and is not analyzed by the default static timing analysis. It is suggested to eliminate the use of a set/reset to registers driving this RAMB pin or else use a synchronous reset in which the assertion of the reset is timed by default.
Related violations: <none>

REQP-1839#2 Warning
RAMB36 async control check  
The RAMB36E1 RAM/mem_reg_0 has an input control pin RAM/mem_reg_0/ADDRARDADDR[14] (net: RAM/D[15]) which is driven by a register (CPU/CM0/DCACHE/frames_reg[3][1][tag][9]) that has an active asychronous set or reset. This may cause corruption of the memory contents and/or read values when the set/reset is asserted and is not analyzed by the default static timing analysis. It is suggested to eliminate the use of a set/reset to registers driving this RAMB pin or else use a synchronous reset in which the assertion of the reset is timed by default.
Related violations: <none>

REQP-1839#3 Warning
RAMB36 async control check  
The RAMB36E1 RAM/mem_reg_0 has an input control pin RAM/mem_reg_0/ADDRARDADDR[14] (net: RAM/D[15]) which is driven by a register (CPU/CM0/DCACHE/frames_reg[4][0][tag][9]) that has an active asychronous set or reset. This may cause corruption of the memory contents and/or read values when the set/reset is asserted and is not analyzed by the default static timing analysis. It is suggested to eliminate the use of a set/reset to registers driving this RAMB pin or else use a synchronous reset in which the assertion of the reset is timed by default.
Related violations: <none>

REQP-1839#4 Warning
RAMB36 async control check  
The RAMB36E1 RAM/mem_reg_0 has an input control pin RAM/mem_reg_0/ADDRARDADDR[14] (net: RAM/D[15]) which is driven by a register (CPU/CM0/DCACHE/frames_reg[6][1][tag][9]) that has an active asychronous set or reset. This may cause corruption of the memory contents and/or read values when the set/reset is asserted and is not analyzed by the default static timing analysis. It is suggested to eliminate the use of a set/reset to registers driving this RAMB pin or else use a synchronous reset in which the assertion of the reset is timed by default.
Related violations: <none>

REQP-1839#5 Warning
RAMB36 async control check  
The RAMB36E1 RAM/mem_reg_0 has an input control pin RAM/mem_reg_0/ADDRARDADDR[14] (net: RAM/D[15]) which is driven by a register (CPU/CM0/DCACHE/frames_reg[7][0][tag][9]) that has an active asychronous set or reset. This may cause corruption of the memory contents and/or read values when the set/reset is asserted and is not analyzed by the default static timing analysis. It is suggested to eliminate the use of a set/reset to registers driving this RAMB pin or else use a synchronous reset in which the assertion of the reset is timed by default.
Related violations: <none>

REQP-1839#6 Warning
RAMB36 async control check  
The RAMB36E1 RAM/mem_reg_0 has an input control pin RAM/mem_reg_0/ADDRARDADDR[14] (net: RAM/D[15]) which is driven by a register (CPU/CM0/DCACHE/m_tag_reg[9]) that has an active asychronous set or reset. This may cause corruption of the memory contents and/or read values when the set/reset is asserted and is not analyzed by the default static timing analysis. It is suggested to eliminate the use of a set/reset to registers driving this RAMB pin or else use a synchronous reset in which the assertion of the reset is timed by default.
Related violations: <none>

REQP-1839#7 Warning
RAMB36 async control check  
The RAMB36E1 RAM/mem_reg_0 has an input control pin RAM/mem_reg_0/ADDRARDADDR[14] (net: RAM/D[15]) which is driven by a register (CPU/CM0/DCACHE/m_way_reg) that has an active asychronous set or reset. This may cause corruption of the memory contents and/or read values when the set/reset is asserted and is not analyzed by the default static timing analysis. It is suggested to eliminate the use of a set/reset to registers driving this RAMB pin or else use a synchronous reset in which the assertion of the reset is timed by default.
Related violations: <none>

REQP-1839#8 Warning
RAMB36 async control check  
The RAMB36E1 RAM/mem_reg_0 has an input control pin RAM/mem_reg_0/ADDRARDADDR[14] (net: RAM/D[15]) which is driven by a register (CPU/CM0/DCACHE/sc_addr_reg[tag][9]) that has an active asychronous set or reset. This may cause corruption of the memory contents and/or read values when the set/reset is asserted and is not analyzed by the default static timing analysis. It is suggested to eliminate the use of a set/reset to registers driving this RAMB pin or else use a synchronous reset in which the assertion of the reset is timed by default.
Related violations: <none>

REQP-1839#9 Warning
RAMB36 async control check  
The RAMB36E1 RAM/mem_reg_0 has an input control pin RAM/mem_reg_0/ADDRARDADDR[14] (net: RAM/D[15]) which is driven by a register (CPU/CM0/DCACHE/setIdx_reg[1]_rep) that has an active asychronous set or reset. This may cause corruption of the memory contents and/or read values when the set/reset is asserted and is not analyzed by the default static timing analysis. It is suggested to eliminate the use of a set/reset to registers driving this RAMB pin or else use a synchronous reset in which the assertion of the reset is timed by default.
Related violations: <none>

REQP-1839#10 Warning
RAMB36 async control check  
The RAMB36E1 RAM/mem_reg_0 has an input control pin RAM/mem_reg_0/ADDRARDADDR[14] (net: RAM/D[15]) which is driven by a register (CPU/CM0/DCACHE/setIdx_reg[2]_rep) that has an active asychronous set or reset. This may cause corruption of the memory contents and/or read values when the set/reset is asserted and is not analyzed by the default static timing analysis. It is suggested to eliminate the use of a set/reset to registers driving this RAMB pin or else use a synchronous reset in which the assertion of the reset is timed by default.
Related violations: <none>

REQP-1839#11 Warning
RAMB36 async control check  
The RAMB36E1 RAM/mem_reg_0 has an input control pin RAM/mem_reg_0/ADDRARDADDR[14] (net: RAM/D[15]) which is driven by a register (CPU/CM0/DCACHE/state_reg[0]) that has an active asychronous set or reset. This may cause corruption of the memory contents and/or read values when the set/reset is asserted and is not analyzed by the default static timing analysis. It is suggested to eliminate the use of a set/reset to registers driving this RAMB pin or else use a synchronous reset in which the assertion of the reset is timed by default.
Related violations: <none>

REQP-1839#12 Warning
RAMB36 async control check  
The RAMB36E1 RAM/mem_reg_0 has an input control pin RAM/mem_reg_0/ADDRARDADDR[14] (net: RAM/D[15]) which is driven by a register (CPU/CM0/DCACHE/state_reg[1]) that has an active asychronous set or reset. This may cause corruption of the memory contents and/or read values when the set/reset is asserted and is not analyzed by the default static timing analysis. It is suggested to eliminate the use of a set/reset to registers driving this RAMB pin or else use a synchronous reset in which the assertion of the reset is timed by default.
Related violations: <none>

REQP-1839#13 Warning
RAMB36 async control check  
The RAMB36E1 RAM/mem_reg_0 has an input control pin RAM/mem_reg_0/ADDRARDADDR[14] (net: RAM/D[15]) which is driven by a register (CPU/CM0/DCACHE/state_reg[3]) that has an active asychronous set or reset. This may cause corruption of the memory contents and/or read values when the set/reset is asserted and is not analyzed by the default static timing analysis. It is suggested to eliminate the use of a set/reset to registers driving this RAMB pin or else use a synchronous reset in which the assertion of the reset is timed by default.
Related violations: <none>

REQP-1839#14 Warning
RAMB36 async control check  
The RAMB36E1 RAM/mem_reg_0 has an input control pin RAM/mem_reg_0/ADDRARDADDR[14] (net: RAM/D[15]) which is driven by a register (CPU/CM1/DCACHE/setIdx_reg[1]_rep__0) that has an active asychronous set or reset. This may cause corruption of the memory contents and/or read values when the set/reset is asserted and is not analyzed by the default static timing analysis. It is suggested to eliminate the use of a set/reset to registers driving this RAMB pin or else use a synchronous reset in which the assertion of the reset is timed by default.
Related violations: <none>

REQP-1839#15 Warning
RAMB36 async control check  
The RAMB36E1 RAM/mem_reg_0 has an input control pin RAM/mem_reg_0/ADDRARDADDR[14] (net: RAM/D[15]) which is driven by a register (CPU/CM1/DCACHE/setIdx_reg[2]) that has an active asychronous set or reset. This may cause corruption of the memory contents and/or read values when the set/reset is asserted and is not analyzed by the default static timing analysis. It is suggested to eliminate the use of a set/reset to registers driving this RAMB pin or else use a synchronous reset in which the assertion of the reset is timed by default.
Related violations: <none>

REQP-1839#16 Warning
RAMB36 async control check  
The RAMB36E1 RAM/mem_reg_0 has an input control pin RAM/mem_reg_0/ADDRARDADDR[14] (net: RAM/D[15]) which is driven by a register (CPU/CM1/DCACHE/state_reg[0]) that has an active asychronous set or reset. This may cause corruption of the memory contents and/or read values when the set/reset is asserted and is not analyzed by the default static timing analysis. It is suggested to eliminate the use of a set/reset to registers driving this RAMB pin or else use a synchronous reset in which the assertion of the reset is timed by default.
Related violations: <none>

REQP-1839#17 Warning
RAMB36 async control check  
The RAMB36E1 RAM/mem_reg_0 has an input control pin RAM/mem_reg_0/ADDRARDADDR[14] (net: RAM/D[15]) which is driven by a register (CPU/CM1/DCACHE/state_reg[1]_rep) that has an active asychronous set or reset. This may cause corruption of the memory contents and/or read values when the set/reset is asserted and is not analyzed by the default static timing analysis. It is suggested to eliminate the use of a set/reset to registers driving this RAMB pin or else use a synchronous reset in which the assertion of the reset is timed by default.
Related violations: <none>

REQP-1839#18 Warning
RAMB36 async control check  
The RAMB36E1 RAM/mem_reg_0 has an input control pin RAM/mem_reg_0/ADDRARDADDR[14] (net: RAM/D[15]) which is driven by a register (CPU/CM1/DCACHE/state_reg[2]) that has an active asychronous set or reset. This may cause corruption of the memory contents and/or read values when the set/reset is asserted and is not analyzed by the default static timing analysis. It is suggested to eliminate the use of a set/reset to registers driving this RAMB pin or else use a synchronous reset in which the assertion of the reset is timed by default.
Related violations: <none>

REQP-1839#19 Warning
RAMB36 async control check  
The RAMB36E1 RAM/mem_reg_0 has an input control pin RAM/mem_reg_0/ADDRARDADDR[14] (net: RAM/D[15]) which is driven by a register (CPU/CM1/DCACHE/state_reg[3]) that has an active asychronous set or reset. This may cause corruption of the memory contents and/or read values when the set/reset is asserted and is not analyzed by the default static timing analysis. It is suggested to eliminate the use of a set/reset to registers driving this RAMB pin or else use a synchronous reset in which the assertion of the reset is timed by default.
Related violations: <none>

REQP-1839#20 Warning
RAMB36 async control check  
The RAMB36E1 RAM/mem_reg_0 has an input control pin RAM/mem_reg_0/ADDRARDADDR[14] (net: RAM/D[15]) which is driven by a register (CPU/CM1/ICACHE/FSM_sequential_curr_state_reg) that has an active asychronous set or reset. This may cause corruption of the memory contents and/or read values when the set/reset is asserted and is not analyzed by the default static timing analysis. It is suggested to eliminate the use of a set/reset to registers driving this RAMB pin or else use a synchronous reset in which the assertion of the reset is timed by default.
Related violations: <none>


