
*** Running vivado
    with args -log system_fpga.vds -m64 -product Vivado -mode batch -messageDb vivado.pb -notrace -source system_fpga.tcl


****** Vivado v2023.2 (64-bit)
  **** SW Build 4029153 on Fri Oct 13 20:13:54 MDT 2023
  **** IP Build 4028589 on Sat Oct 14 00:45:43 MDT 2023
  **** SharedData Build 4025554 on Tue Oct 10 17:18:54 MDT 2023
    ** Copyright 1986-2022 Xilinx, Inc. All Rights Reserved.
    ** Copyright 2022-2023 Advanced Micro Devices, Inc. All Rights Reserved.

source system_fpga.tcl -notrace
create_project: Time (s): cpu = 00:00:05 ; elapsed = 00:00:06 . Memory (MB): peak = 1568.973 ; gain = 54.867 ; free physical = 5709 ; free virtual = 18309
Command: read_checkpoint -auto_incremental -incremental /home/ecegridfs/a/437mg063/ece437/processors/build/system_fpga.srcs/utils_1/imports/synth_1/system_fpga.dcp
INFO: [Vivado 12-5825] Read reference checkpoint from /home/ecegridfs/a/437mg063/ece437/processors/build/system_fpga.srcs/utils_1/imports/synth_1/system_fpga.dcp for incremental synthesis
INFO: [Vivado 12-7989] Please ensure there are no constraint changes
Command: synth_design -top system_fpga -part xc7s50csga324-1 -directive RuntimeOptimized
Starting synth_design
Attempting to get a license for feature 'Synthesis' and/or device 'xc7s50'
INFO: [Common 17-349] Got license for feature 'Synthesis' and/or device 'xc7s50'
INFO: [Device 21-403] Loading part xc7s50csga324-1
INFO: [Designutils 20-5440] No compile time benefit to using incremental synthesis; A full resynthesis will be run
INFO: [Designutils 20-4379] Flow is switching to default flow due to incremental criteria not met. If you would like to alter this behaviour and have the flow terminate instead, please set the following parameter config_implementation {autoIncr.Synth.RejectBehavior Terminate}
INFO: [Synth 8-7079] Multithreading enabled for synth_design using a maximum of 4 processes.
INFO: [Synth 8-7078] Launching helper process for spawning children vivado processes
INFO: [Synth 8-7075] Helper process launched with PID 298124
---------------------------------------------------------------------------------
Starting RTL Elaboration : Time (s): cpu = 00:00:03 ; elapsed = 00:00:04 . Memory (MB): peak = 2325.613 ; gain = 411.746 ; free physical = 4637 ; free virtual = 17236
---------------------------------------------------------------------------------
WARNING: [Synth 8-11067] parameter 'WORD_W' declared inside package 'cpu_types_pkg' shall be treated as localparam [/home/ecegridfs/a/437mg063/ece437/processors/include/cpu_types_pkg.vh:22]
WARNING: [Synth 8-11067] parameter 'WBYTES' declared inside package 'cpu_types_pkg' shall be treated as localparam [/home/ecegridfs/a/437mg063/ece437/processors/include/cpu_types_pkg.vh:23]
WARNING: [Synth 8-11067] parameter 'OP_W' declared inside package 'cpu_types_pkg' shall be treated as localparam [/home/ecegridfs/a/437mg063/ece437/processors/include/cpu_types_pkg.vh:26]
WARNING: [Synth 8-11067] parameter 'REG_W' declared inside package 'cpu_types_pkg' shall be treated as localparam [/home/ecegridfs/a/437mg063/ece437/processors/include/cpu_types_pkg.vh:28]
WARNING: [Synth 8-11067] parameter 'FUNC7_W' declared inside package 'cpu_types_pkg' shall be treated as localparam [/home/ecegridfs/a/437mg063/ece437/processors/include/cpu_types_pkg.vh:29]
WARNING: [Synth 8-11067] parameter 'FUNC3_W' declared inside package 'cpu_types_pkg' shall be treated as localparam [/home/ecegridfs/a/437mg063/ece437/processors/include/cpu_types_pkg.vh:30]
WARNING: [Synth 8-11067] parameter 'IMM_W_I' declared inside package 'cpu_types_pkg' shall be treated as localparam [/home/ecegridfs/a/437mg063/ece437/processors/include/cpu_types_pkg.vh:31]
WARNING: [Synth 8-11067] parameter 'IMM_W_U_J' declared inside package 'cpu_types_pkg' shall be treated as localparam [/home/ecegridfs/a/437mg063/ece437/processors/include/cpu_types_pkg.vh:32]
WARNING: [Synth 8-11067] parameter 'AOP_W' declared inside package 'cpu_types_pkg' shall be treated as localparam [/home/ecegridfs/a/437mg063/ece437/processors/include/cpu_types_pkg.vh:35]
WARNING: [Synth 8-11067] parameter 'ITAG_W' declared inside package 'cpu_types_pkg' shall be treated as localparam [/home/ecegridfs/a/437mg063/ece437/processors/include/cpu_types_pkg.vh:38]
WARNING: [Synth 8-11067] parameter 'IIDX_W' declared inside package 'cpu_types_pkg' shall be treated as localparam [/home/ecegridfs/a/437mg063/ece437/processors/include/cpu_types_pkg.vh:39]
WARNING: [Synth 8-11067] parameter 'IBLK_W' declared inside package 'cpu_types_pkg' shall be treated as localparam [/home/ecegridfs/a/437mg063/ece437/processors/include/cpu_types_pkg.vh:40]
WARNING: [Synth 8-11067] parameter 'IBYT_W' declared inside package 'cpu_types_pkg' shall be treated as localparam [/home/ecegridfs/a/437mg063/ece437/processors/include/cpu_types_pkg.vh:41]
WARNING: [Synth 8-11067] parameter 'DTAG_W' declared inside package 'cpu_types_pkg' shall be treated as localparam [/home/ecegridfs/a/437mg063/ece437/processors/include/cpu_types_pkg.vh:44]
WARNING: [Synth 8-11067] parameter 'DIDX_W' declared inside package 'cpu_types_pkg' shall be treated as localparam [/home/ecegridfs/a/437mg063/ece437/processors/include/cpu_types_pkg.vh:45]
WARNING: [Synth 8-11067] parameter 'DBLK_W' declared inside package 'cpu_types_pkg' shall be treated as localparam [/home/ecegridfs/a/437mg063/ece437/processors/include/cpu_types_pkg.vh:46]
WARNING: [Synth 8-11067] parameter 'DBYT_W' declared inside package 'cpu_types_pkg' shall be treated as localparam [/home/ecegridfs/a/437mg063/ece437/processors/include/cpu_types_pkg.vh:47]
WARNING: [Synth 8-11067] parameter 'DWAY_ASS' declared inside package 'cpu_types_pkg' shall be treated as localparam [/home/ecegridfs/a/437mg063/ece437/processors/include/cpu_types_pkg.vh:48]
INFO: [Synth 8-6157] synthesizing module 'system_fpga' [/home/ecegridfs/a/437mg063/ece437/processors/source/system_fpga.sv:31]
INFO: [Synth 8-6157] synthesizing module 'system_if' [/home/ecegridfs/a/437mg063/ece437/processors/include/system_if.vh:13]
INFO: [Synth 8-6155] done synthesizing module 'system_if' (0#1) [/home/ecegridfs/a/437mg063/ece437/processors/include/system_if.vh:13]
INFO: [Synth 8-6157] synthesizing module 'system' [/home/ecegridfs/a/437mg063/ece437/processors/source/system.sv:17]
INFO: [Synth 8-6157] synthesizing module 'cpu_ram_if' [/home/ecegridfs/a/437mg063/ece437/processors/include/cpu_ram_if.vh:14]
INFO: [Synth 8-6155] done synthesizing module 'cpu_ram_if' (0#1) [/home/ecegridfs/a/437mg063/ece437/processors/include/cpu_ram_if.vh:14]
INFO: [Synth 8-6157] synthesizing module 'pipeline' [/home/ecegridfs/a/437mg063/ece437/processors/source/pipeline.sv:10]
	Parameter PC0 bound to: 0 - type: integer 
INFO: [Synth 8-6157] synthesizing module 'datapath_cache_if' [/home/ecegridfs/a/437mg063/ece437/processors/include/datapath_cache_if.vh:13]
INFO: [Synth 8-6155] done synthesizing module 'datapath_cache_if' (0#1) [/home/ecegridfs/a/437mg063/ece437/processors/include/datapath_cache_if.vh:13]
INFO: [Synth 8-6157] synthesizing module 'caches_if' [/home/ecegridfs/a/437mg063/ece437/processors/include/caches_if.vh:18]
INFO: [Synth 8-6155] done synthesizing module 'caches_if' (0#1) [/home/ecegridfs/a/437mg063/ece437/processors/include/caches_if.vh:18]
INFO: [Synth 8-6157] synthesizing module 'caches_if' [/home/ecegridfs/a/437mg063/ece437/processors/include/caches_if.vh:18]
INFO: [Synth 8-6155] done synthesizing module 'caches_if' (0#1) [/home/ecegridfs/a/437mg063/ece437/processors/include/caches_if.vh:18]
INFO: [Synth 8-6157] synthesizing module 'cache_control_if' [/home/ecegridfs/a/437mg063/ece437/processors/include/cache_control_if.vh:25]
	Parameter CPUS bound to: 1 - type: integer 
WARNING: [Synth 8-330] inout connections inferred for interface port 'caches_if' with no modport [/home/ecegridfs/a/437mg063/ece437/processors/source/pipeline.sv:24]
WARNING: [Synth 8-330] inout connections inferred for interface port 'caches_if' with no modport [/home/ecegridfs/a/437mg063/ece437/processors/source/pipeline.sv:24]
INFO: [Synth 8-6155] done synthesizing module 'cache_control_if' (0#1) [/home/ecegridfs/a/437mg063/ece437/processors/include/cache_control_if.vh:25]
INFO: [Synth 8-6157] synthesizing module 'datapath' [/home/ecegridfs/a/437mg063/ece437/processors/source/datapath.sv:27]
	Parameter PC_INIT bound to: 0 - type: integer 
INFO: [Synth 8-6157] synthesizing module 'control_unit_if' [/home/ecegridfs/a/437mg063/ece437/processors/include/control_unit_if.vh:7]
INFO: [Synth 8-6155] done synthesizing module 'control_unit_if' (0#1) [/home/ecegridfs/a/437mg063/ece437/processors/include/control_unit_if.vh:7]
INFO: [Synth 8-6157] synthesizing module 'request_unit_if' [/home/ecegridfs/a/437mg063/ece437/processors/include/request_unit_if.vh:7]
INFO: [Synth 8-6155] done synthesizing module 'request_unit_if' (0#1) [/home/ecegridfs/a/437mg063/ece437/processors/include/request_unit_if.vh:7]
INFO: [Synth 8-6157] synthesizing module 'register_file_if' [/home/ecegridfs/a/437mg063/ece437/processors/include/register_file_if.vh:13]
INFO: [Synth 8-6155] done synthesizing module 'register_file_if' (0#1) [/home/ecegridfs/a/437mg063/ece437/processors/include/register_file_if.vh:13]
INFO: [Synth 8-6157] synthesizing module 'alu_if' [/home/ecegridfs/a/437mg063/ece437/processors/include/alu_if.vh:7]
INFO: [Synth 8-6155] done synthesizing module 'alu_if' (0#1) [/home/ecegridfs/a/437mg063/ece437/processors/include/alu_if.vh:7]
INFO: [Synth 8-6157] synthesizing module 'pc_if' [/home/ecegridfs/a/437mg063/ece437/processors/include/pc_if.vh:7]
INFO: [Synth 8-6155] done synthesizing module 'pc_if' (0#1) [/home/ecegridfs/a/437mg063/ece437/processors/include/pc_if.vh:7]
INFO: [Synth 8-6157] synthesizing module 'if_id_if' [/home/ecegridfs/a/437mg063/ece437/processors/include/if_id_if.vh:7]
INFO: [Synth 8-6155] done synthesizing module 'if_id_if' (0#1) [/home/ecegridfs/a/437mg063/ece437/processors/include/if_id_if.vh:7]
INFO: [Synth 8-6157] synthesizing module 'id_ex_if' [/home/ecegridfs/a/437mg063/ece437/processors/include/id_ex_if.vh:7]
INFO: [Synth 8-6155] done synthesizing module 'id_ex_if' (0#1) [/home/ecegridfs/a/437mg063/ece437/processors/include/id_ex_if.vh:7]
INFO: [Synth 8-6157] synthesizing module 'ex_mem_if' [/home/ecegridfs/a/437mg063/ece437/processors/include/ex_mem_if.vh:7]
INFO: [Synth 8-6155] done synthesizing module 'ex_mem_if' (0#1) [/home/ecegridfs/a/437mg063/ece437/processors/include/ex_mem_if.vh:7]
INFO: [Synth 8-6157] synthesizing module 'mem_wb_if' [/home/ecegridfs/a/437mg063/ece437/processors/include/mem_wb_if.vh:7]
INFO: [Synth 8-6155] done synthesizing module 'mem_wb_if' (0#1) [/home/ecegridfs/a/437mg063/ece437/processors/include/mem_wb_if.vh:7]
INFO: [Synth 8-6157] synthesizing module 'hazard_unit_if' [/home/ecegridfs/a/437mg063/ece437/processors/include/hazard_unit_if.vh:7]
INFO: [Synth 8-6155] done synthesizing module 'hazard_unit_if' (0#1) [/home/ecegridfs/a/437mg063/ece437/processors/include/hazard_unit_if.vh:7]
INFO: [Synth 8-6157] synthesizing module 'forwarding_unit_if' [/home/ecegridfs/a/437mg063/ece437/processors/include/forwarding_unit_if.vh:7]
INFO: [Synth 8-6155] done synthesizing module 'forwarding_unit_if' (0#1) [/home/ecegridfs/a/437mg063/ece437/processors/include/forwarding_unit_if.vh:7]
INFO: [Synth 8-6157] synthesizing module 'forwarding_unit' [/home/ecegridfs/a/437mg063/ece437/processors/source/forwarding_unit.sv:5]
INFO: [Synth 8-6155] done synthesizing module 'forwarding_unit' (0#1) [/home/ecegridfs/a/437mg063/ece437/processors/source/forwarding_unit.sv:5]
INFO: [Synth 8-6157] synthesizing module 'hazard_unit' [/home/ecegridfs/a/437mg063/ece437/processors/source/hazard_unit.sv:18]
INFO: [Synth 8-6155] done synthesizing module 'hazard_unit' (0#1) [/home/ecegridfs/a/437mg063/ece437/processors/source/hazard_unit.sv:18]
INFO: [Synth 8-6157] synthesizing module 'control_unit' [/home/ecegridfs/a/437mg063/ece437/processors/source/control_unit.sv:5]
INFO: [Synth 8-155] case statement is not full and has no default [/home/ecegridfs/a/437mg063/ece437/processors/source/control_unit.sv:44]
INFO: [Synth 8-155] case statement is not full and has no default [/home/ecegridfs/a/437mg063/ece437/processors/source/control_unit.sv:106]
INFO: [Synth 8-155] case statement is not full and has no default [/home/ecegridfs/a/437mg063/ece437/processors/source/control_unit.sv:40]
INFO: [Synth 8-6155] done synthesizing module 'control_unit' (0#1) [/home/ecegridfs/a/437mg063/ece437/processors/source/control_unit.sv:5]
INFO: [Synth 8-6157] synthesizing module 'request_unit' [/home/ecegridfs/a/437mg063/ece437/processors/source/request_unit.sv:4]
INFO: [Synth 8-6155] done synthesizing module 'request_unit' (0#1) [/home/ecegridfs/a/437mg063/ece437/processors/source/request_unit.sv:4]
INFO: [Synth 8-6157] synthesizing module 'register_file' [/home/ecegridfs/a/437mg063/ece437/processors/source/register_file.sv:4]
INFO: [Synth 8-6155] done synthesizing module 'register_file' (0#1) [/home/ecegridfs/a/437mg063/ece437/processors/source/register_file.sv:4]
INFO: [Synth 8-6157] synthesizing module 'alu' [/home/ecegridfs/a/437mg063/ece437/processors/source/alu.sv:4]
INFO: [Synth 8-6155] done synthesizing module 'alu' (0#1) [/home/ecegridfs/a/437mg063/ece437/processors/source/alu.sv:4]
INFO: [Synth 8-6157] synthesizing module 'pc' [/home/ecegridfs/a/437mg063/ece437/processors/source/pc.sv:4]
INFO: [Synth 8-6155] done synthesizing module 'pc' (0#1) [/home/ecegridfs/a/437mg063/ece437/processors/source/pc.sv:4]
INFO: [Synth 8-6157] synthesizing module 'if_id' [/home/ecegridfs/a/437mg063/ece437/processors/source/if_id.sv:8]
INFO: [Synth 8-6155] done synthesizing module 'if_id' (0#1) [/home/ecegridfs/a/437mg063/ece437/processors/source/if_id.sv:8]
INFO: [Synth 8-6157] synthesizing module 'id_ex' [/home/ecegridfs/a/437mg063/ece437/processors/source/id_ex.sv:4]
INFO: [Synth 8-6155] done synthesizing module 'id_ex' (0#1) [/home/ecegridfs/a/437mg063/ece437/processors/source/id_ex.sv:4]
INFO: [Synth 8-6157] synthesizing module 'ex_mem' [/home/ecegridfs/a/437mg063/ece437/processors/source/ex_mem.sv:4]
INFO: [Synth 8-6155] done synthesizing module 'ex_mem' (0#1) [/home/ecegridfs/a/437mg063/ece437/processors/source/ex_mem.sv:4]
INFO: [Synth 8-6157] synthesizing module 'mem_wb' [/home/ecegridfs/a/437mg063/ece437/processors/source/mem_wb.sv:4]
INFO: [Synth 8-6155] done synthesizing module 'mem_wb' (0#1) [/home/ecegridfs/a/437mg063/ece437/processors/source/mem_wb.sv:4]
INFO: [Synth 8-155] case statement is not full and has no default [/home/ecegridfs/a/437mg063/ece437/processors/source/datapath.sv:121]
INFO: [Synth 8-155] case statement is not full and has no default [/home/ecegridfs/a/437mg063/ece437/processors/source/datapath.sv:130]
INFO: [Synth 8-6155] done synthesizing module 'datapath' (0#1) [/home/ecegridfs/a/437mg063/ece437/processors/source/datapath.sv:27]
INFO: [Synth 8-6157] synthesizing module 'caches' [/home/ecegridfs/a/437mg063/ece437/processors/source/caches.sv:9]
WARNING: [Synth 8-330] inout connections inferred for interface port 'caches_if' with no modport [/home/ecegridfs/a/437mg063/ece437/processors/source/pipeline.sv:29]
INFO: [Synth 8-6155] done synthesizing module 'caches' (0#1) [/home/ecegridfs/a/437mg063/ece437/processors/source/caches.sv:9]
INFO: [Synth 8-6157] synthesizing module 'memory_control' [/home/ecegridfs/a/437mg063/ece437/processors/source/memory_control.sv:16]
INFO: [Synth 8-6155] done synthesizing module 'memory_control' (0#1) [/home/ecegridfs/a/437mg063/ece437/processors/source/memory_control.sv:16]
INFO: [Synth 8-6155] done synthesizing module 'pipeline' (0#1) [/home/ecegridfs/a/437mg063/ece437/processors/source/pipeline.sv:10]
INFO: [Synth 8-6157] synthesizing module 'ram' [/home/ecegridfs/a/437mg063/ece437/processors/source/ram.sv:15]
INFO: [Synth 8-3876] $readmem data file 'meminit.mem' is read successfully [/home/ecegridfs/a/437mg063/ece437/processors/source/ram.sv:61]
INFO: [Synth 8-6155] done synthesizing module 'ram' (0#1) [/home/ecegridfs/a/437mg063/ece437/processors/source/ram.sv:15]
INFO: [Synth 8-6155] done synthesizing module 'system' (0#1) [/home/ecegridfs/a/437mg063/ece437/processors/source/system.sv:17]
INFO: [Synth 8-6157] synthesizing module 'mem_debug_vio' [/home/ecegridfs/a/437mg063/ece437/processors/build/system_fpga.runs/synth_1/.Xil/Vivado-297672-cparch13.ecn.purdue.edu/realtime/mem_debug_vio_stub.v:6]
INFO: [Synth 8-6155] done synthesizing module 'mem_debug_vio' (0#1) [/home/ecegridfs/a/437mg063/ece437/processors/build/system_fpga.runs/synth_1/.Xil/Vivado-297672-cparch13.ecn.purdue.edu/realtime/mem_debug_vio_stub.v:6]
INFO: [Synth 8-6157] synthesizing module 'system_fpga_clock_div' [/home/ecegridfs/a/437mg063/ece437/processors/source/system_fpga.sv:16]
	Parameter DIV bound to: 50000 - type: integer 
INFO: [Synth 8-6155] done synthesizing module 'system_fpga_clock_div' (0#1) [/home/ecegridfs/a/437mg063/ece437/processors/source/system_fpga.sv:16]
INFO: [Synth 8-294] found qualifier unique on case statement: implementing as parallel_case [/home/ecegridfs/a/437mg063/ece437/processors/source/system_fpga.sv:47]
INFO: [Synth 8-6155] done synthesizing module 'system_fpga' (0#1) [/home/ecegridfs/a/437mg063/ece437/processors/source/system_fpga.sv:31]
WARNING: [Synth 8-7137] Register exm\.dmemaddr_reg in module ex_mem has both Set and reset with same priority. This may cause simulation mismatches. Consider rewriting code  [/home/ecegridfs/a/437mg063/ece437/processors/source/ex_mem.sv:38]
WARNING: [Synth 8-3848] Net exm\.branchPCand_out in module/entity ex_mem does not have driver. [/home/ecegridfs/a/437mg063/ece437/processors/source/ex_mem.sv:6]
WARNING: [Synth 8-3848] Net exm\.branchPCadder_out in module/entity ex_mem does not have driver. [/home/ecegridfs/a/437mg063/ece437/processors/source/ex_mem.sv:6]
WARNING: [Synth 8-3848] Net exm\.jumpPCsrc_out in module/entity ex_mem does not have driver. [/home/ecegridfs/a/437mg063/ece437/processors/source/ex_mem.sv:6]
WARNING: [Synth 8-3848] Net exm\.jumpPCadder_out in module/entity ex_mem does not have driver. [/home/ecegridfs/a/437mg063/ece437/processors/source/ex_mem.sv:6]
WARNING: [Synth 8-3848] Net dpif\.datomic in module/entity datapath does not have driver. [/home/ecegridfs/a/437mg063/ece437/processors/source/datapath.sv:29]
WARNING: [Synth 8-3848] Net exm\.stall in module/entity datapath does not have driver. [/home/ecegridfs/a/437mg063/ece437/processors/include/ex_mem_if.vh:13]
WARNING: [Synth 8-3848] Net exm\.branchPCand_in in module/entity datapath does not have driver. [/home/ecegridfs/a/437mg063/ece437/processors/include/ex_mem_if.vh:13]
WARNING: [Synth 8-3848] Net exm\.branchPCadder_in in module/entity datapath does not have driver. [/home/ecegridfs/a/437mg063/ece437/processors/include/ex_mem_if.vh:13]
WARNING: [Synth 8-3848] Net exm\.jumpPCsrc_in in module/entity datapath does not have driver. [/home/ecegridfs/a/437mg063/ece437/processors/include/ex_mem_if.vh:13]
WARNING: [Synth 8-3848] Net exm\.jumpPCadder_in in module/entity datapath does not have driver. [/home/ecegridfs/a/437mg063/ece437/processors/include/ex_mem_if.vh:13]
WARNING: [Synth 8-3848] Net dx\.dhit in module/entity datapath does not have driver. [/home/ecegridfs/a/437mg063/ece437/processors/include/id_ex_if.vh:14]
WARNING: [Synth 8-3848] Net ruif\.dWEN in module/entity datapath does not have driver. [/home/ecegridfs/a/437mg063/ece437/processors/include/request_unit_if.vh:11]
WARNING: [Synth 8-3848] Net ruif\.dREN in module/entity datapath does not have driver. [/home/ecegridfs/a/437mg063/ece437/processors/include/request_unit_if.vh:11]
WARNING: [Synth 8-3848] Net ruif\.dhit in module/entity datapath does not have driver. [/home/ecegridfs/a/437mg063/ece437/processors/include/request_unit_if.vh:11]
WARNING: [Synth 8-3848] Net ruif\.ihit in module/entity datapath does not have driver. [/home/ecegridfs/a/437mg063/ece437/processors/include/request_unit_if.vh:11]
WARNING: [Synth 8-3848] Net ccif\.ccwait in module/entity memory_control does not have driver. [/home/ecegridfs/a/437mg063/ece437/processors/source/memory_control.sv:18]
WARNING: [Synth 8-3848] Net ccif\.ccinv in module/entity memory_control does not have driver. [/home/ecegridfs/a/437mg063/ece437/processors/source/memory_control.sv:18]
WARNING: [Synth 8-3848] Net ccif\.ccsnoopaddr[0] in module/entity memory_control does not have driver. [/home/ecegridfs/a/437mg063/ece437/processors/source/memory_control.sv:18]
WARNING: [Synth 8-3848] Net cif0\.ccwrite in module/entity pipeline does not have driver. [/home/ecegridfs/a/437mg063/ece437/processors/include/caches_if.vh:36]
WARNING: [Synth 8-3848] Net cif0\.cctrans in module/entity pipeline does not have driver. [/home/ecegridfs/a/437mg063/ece437/processors/include/caches_if.vh:36]
WARNING: [Synth 8-3848] Net cif1\.iwait in module/entity pipeline does not have driver. [/home/ecegridfs/a/437mg063/ece437/processors/include/caches_if.vh:24]
WARNING: [Synth 8-3848] Net cif1\.dwait in module/entity pipeline does not have driver. [/home/ecegridfs/a/437mg063/ece437/processors/include/caches_if.vh:24]
WARNING: [Synth 8-3848] Net cif1\.iREN in module/entity pipeline does not have driver. [/home/ecegridfs/a/437mg063/ece437/processors/include/caches_if.vh:24]
WARNING: [Synth 8-3848] Net cif1\.dREN in module/entity pipeline does not have driver. [/home/ecegridfs/a/437mg063/ece437/processors/include/caches_if.vh:24]
WARNING: [Synth 8-3848] Net cif1\.dWEN in module/entity pipeline does not have driver. [/home/ecegridfs/a/437mg063/ece437/processors/include/caches_if.vh:24]
WARNING: [Synth 8-3848] Net cif1\.iload in module/entity pipeline does not have driver. [/home/ecegridfs/a/437mg063/ece437/processors/include/caches_if.vh:25]
WARNING: [Synth 8-3848] Net cif1\.dload in module/entity pipeline does not have driver. [/home/ecegridfs/a/437mg063/ece437/processors/include/caches_if.vh:25]
WARNING: [Synth 8-3848] Net cif1\.dstore in module/entity pipeline does not have driver. [/home/ecegridfs/a/437mg063/ece437/processors/include/caches_if.vh:25]
WARNING: [Synth 8-3848] Net cif1\.iaddr in module/entity pipeline does not have driver. [/home/ecegridfs/a/437mg063/ece437/processors/include/caches_if.vh:26]
WARNING: [Synth 8-3848] Net cif1\.daddr in module/entity pipeline does not have driver. [/home/ecegridfs/a/437mg063/ece437/processors/include/caches_if.vh:26]
WARNING: [Synth 8-3848] Net cif1\.ccwait in module/entity pipeline does not have driver. [/home/ecegridfs/a/437mg063/ece437/processors/include/caches_if.vh:35]
WARNING: [Synth 8-3848] Net cif1\.ccinv in module/entity pipeline does not have driver. [/home/ecegridfs/a/437mg063/ece437/processors/include/caches_if.vh:35]
WARNING: [Synth 8-3848] Net cif1\.ccwrite in module/entity pipeline does not have driver. [/home/ecegridfs/a/437mg063/ece437/processors/include/caches_if.vh:36]
WARNING: [Synth 8-3848] Net cif1\.cctrans in module/entity pipeline does not have driver. [/home/ecegridfs/a/437mg063/ece437/processors/include/caches_if.vh:36]
WARNING: [Synth 8-3848] Net cif1\.ccsnoopaddr in module/entity pipeline does not have driver. [/home/ecegridfs/a/437mg063/ece437/processors/include/caches_if.vh:37]
INFO: [Synth 8-6071] Mark debug on the nets applies keep_hierarchy on instance 'vio_inst'. This will prevent further optimization [/home/ecegridfs/a/437mg063/ece437/processors/source/system_fpga.sv:99]
INFO: [Synth 8-6071] Mark debug on the nets applies keep_hierarchy on instance 'SYS'. This will prevent further optimization [/home/ecegridfs/a/437mg063/ece437/processors/source/system_fpga.sv:98]
WARNING: [Synth 8-7129] Port ramif\.memREN in module ram is either unconnected or has no load
WARNING: [Synth 8-7129] Port ramif\.memWEN in module ram is either unconnected or has no load
WARNING: [Synth 8-7129] Port ramif\.memaddr[31] in module ram is either unconnected or has no load
WARNING: [Synth 8-7129] Port ramif\.memaddr[30] in module ram is either unconnected or has no load
WARNING: [Synth 8-7129] Port ramif\.memaddr[29] in module ram is either unconnected or has no load
WARNING: [Synth 8-7129] Port ramif\.memaddr[28] in module ram is either unconnected or has no load
WARNING: [Synth 8-7129] Port ramif\.memaddr[27] in module ram is either unconnected or has no load
WARNING: [Synth 8-7129] Port ramif\.memaddr[26] in module ram is either unconnected or has no load
WARNING: [Synth 8-7129] Port ramif\.memaddr[25] in module ram is either unconnected or has no load
WARNING: [Synth 8-7129] Port ramif\.memaddr[24] in module ram is either unconnected or has no load
WARNING: [Synth 8-7129] Port ramif\.memaddr[23] in module ram is either unconnected or has no load
WARNING: [Synth 8-7129] Port ramif\.memaddr[22] in module ram is either unconnected or has no load
WARNING: [Synth 8-7129] Port ramif\.memaddr[21] in module ram is either unconnected or has no load
WARNING: [Synth 8-7129] Port ramif\.memaddr[20] in module ram is either unconnected or has no load
WARNING: [Synth 8-7129] Port ramif\.memaddr[19] in module ram is either unconnected or has no load
WARNING: [Synth 8-7129] Port ramif\.memaddr[18] in module ram is either unconnected or has no load
WARNING: [Synth 8-7129] Port ramif\.memaddr[17] in module ram is either unconnected or has no load
WARNING: [Synth 8-7129] Port ramif\.memaddr[16] in module ram is either unconnected or has no load
WARNING: [Synth 8-7129] Port ramif\.memaddr[15] in module ram is either unconnected or has no load
WARNING: [Synth 8-7129] Port ramif\.memaddr[14] in module ram is either unconnected or has no load
WARNING: [Synth 8-7129] Port ramif\.memaddr[13] in module ram is either unconnected or has no load
WARNING: [Synth 8-7129] Port ramif\.memaddr[12] in module ram is either unconnected or has no load
WARNING: [Synth 8-7129] Port ramif\.memaddr[11] in module ram is either unconnected or has no load
WARNING: [Synth 8-7129] Port ramif\.memaddr[10] in module ram is either unconnected or has no load
WARNING: [Synth 8-7129] Port ramif\.memaddr[9] in module ram is either unconnected or has no load
WARNING: [Synth 8-7129] Port ramif\.memaddr[8] in module ram is either unconnected or has no load
WARNING: [Synth 8-7129] Port ramif\.memaddr[7] in module ram is either unconnected or has no load
WARNING: [Synth 8-7129] Port ramif\.memaddr[6] in module ram is either unconnected or has no load
WARNING: [Synth 8-7129] Port ramif\.memaddr[5] in module ram is either unconnected or has no load
WARNING: [Synth 8-7129] Port ramif\.memaddr[4] in module ram is either unconnected or has no load
WARNING: [Synth 8-7129] Port ramif\.memaddr[3] in module ram is either unconnected or has no load
WARNING: [Synth 8-7129] Port ramif\.memaddr[2] in module ram is either unconnected or has no load
WARNING: [Synth 8-7129] Port ramif\.memaddr[1] in module ram is either unconnected or has no load
WARNING: [Synth 8-7129] Port ramif\.memaddr[0] in module ram is either unconnected or has no load
WARNING: [Synth 8-7129] Port ramif\.memstore[31] in module ram is either unconnected or has no load
WARNING: [Synth 8-7129] Port ramif\.memstore[30] in module ram is either unconnected or has no load
WARNING: [Synth 8-7129] Port ramif\.memstore[29] in module ram is either unconnected or has no load
WARNING: [Synth 8-7129] Port ramif\.memstore[28] in module ram is either unconnected or has no load
WARNING: [Synth 8-7129] Port ramif\.memstore[27] in module ram is either unconnected or has no load
WARNING: [Synth 8-7129] Port ramif\.memstore[26] in module ram is either unconnected or has no load
WARNING: [Synth 8-7129] Port ramif\.memstore[25] in module ram is either unconnected or has no load
WARNING: [Synth 8-7129] Port ramif\.memstore[24] in module ram is either unconnected or has no load
WARNING: [Synth 8-7129] Port ramif\.memstore[23] in module ram is either unconnected or has no load
WARNING: [Synth 8-7129] Port ramif\.memstore[22] in module ram is either unconnected or has no load
WARNING: [Synth 8-7129] Port ramif\.memstore[21] in module ram is either unconnected or has no load
WARNING: [Synth 8-7129] Port ramif\.memstore[20] in module ram is either unconnected or has no load
WARNING: [Synth 8-7129] Port ramif\.memstore[19] in module ram is either unconnected or has no load
WARNING: [Synth 8-7129] Port ramif\.memstore[18] in module ram is either unconnected or has no load
WARNING: [Synth 8-7129] Port ramif\.memstore[17] in module ram is either unconnected or has no load
WARNING: [Synth 8-7129] Port ramif\.memstore[16] in module ram is either unconnected or has no load
WARNING: [Synth 8-7129] Port ramif\.memstore[15] in module ram is either unconnected or has no load
WARNING: [Synth 8-7129] Port ramif\.memstore[14] in module ram is either unconnected or has no load
WARNING: [Synth 8-7129] Port ramif\.memstore[13] in module ram is either unconnected or has no load
WARNING: [Synth 8-7129] Port ramif\.memstore[12] in module ram is either unconnected or has no load
WARNING: [Synth 8-7129] Port ramif\.memstore[11] in module ram is either unconnected or has no load
WARNING: [Synth 8-7129] Port ramif\.memstore[10] in module ram is either unconnected or has no load
WARNING: [Synth 8-7129] Port ramif\.memstore[9] in module ram is either unconnected or has no load
WARNING: [Synth 8-7129] Port ramif\.memstore[8] in module ram is either unconnected or has no load
WARNING: [Synth 8-7129] Port ramif\.memstore[7] in module ram is either unconnected or has no load
WARNING: [Synth 8-7129] Port ramif\.memstore[6] in module ram is either unconnected or has no load
WARNING: [Synth 8-7129] Port ramif\.memstore[5] in module ram is either unconnected or has no load
WARNING: [Synth 8-7129] Port ramif\.memstore[4] in module ram is either unconnected or has no load
WARNING: [Synth 8-7129] Port ramif\.memstore[3] in module ram is either unconnected or has no load
WARNING: [Synth 8-7129] Port ramif\.memstore[2] in module ram is either unconnected or has no load
WARNING: [Synth 8-7129] Port ramif\.memstore[1] in module ram is either unconnected or has no load
WARNING: [Synth 8-7129] Port ramif\.memstore[0] in module ram is either unconnected or has no load
WARNING: [Synth 8-7129] Port halt in module ram is either unconnected or has no load
WARNING: [Synth 8-7129] Port ccif\.ccwait[0] in module memory_control is either unconnected or has no load
WARNING: [Synth 8-7129] Port ccif\.ccinv[0] in module memory_control is either unconnected or has no load
WARNING: [Synth 8-7129] Port ccif\.ccsnoopaddr[0][31] in module memory_control is either unconnected or has no load
WARNING: [Synth 8-7129] Port ccif\.ccsnoopaddr[0][30] in module memory_control is either unconnected or has no load
WARNING: [Synth 8-7129] Port ccif\.ccsnoopaddr[0][29] in module memory_control is either unconnected or has no load
WARNING: [Synth 8-7129] Port ccif\.ccsnoopaddr[0][28] in module memory_control is either unconnected or has no load
WARNING: [Synth 8-7129] Port ccif\.ccsnoopaddr[0][27] in module memory_control is either unconnected or has no load
WARNING: [Synth 8-7129] Port ccif\.ccsnoopaddr[0][26] in module memory_control is either unconnected or has no load
WARNING: [Synth 8-7129] Port ccif\.ccsnoopaddr[0][25] in module memory_control is either unconnected or has no load
WARNING: [Synth 8-7129] Port ccif\.ccsnoopaddr[0][24] in module memory_control is either unconnected or has no load
WARNING: [Synth 8-7129] Port ccif\.ccsnoopaddr[0][23] in module memory_control is either unconnected or has no load
WARNING: [Synth 8-7129] Port ccif\.ccsnoopaddr[0][22] in module memory_control is either unconnected or has no load
WARNING: [Synth 8-7129] Port ccif\.ccsnoopaddr[0][21] in module memory_control is either unconnected or has no load
WARNING: [Synth 8-7129] Port ccif\.ccsnoopaddr[0][20] in module memory_control is either unconnected or has no load
WARNING: [Synth 8-7129] Port ccif\.ccsnoopaddr[0][19] in module memory_control is either unconnected or has no load
WARNING: [Synth 8-7129] Port ccif\.ccsnoopaddr[0][18] in module memory_control is either unconnected or has no load
WARNING: [Synth 8-7129] Port ccif\.ccsnoopaddr[0][17] in module memory_control is either unconnected or has no load
WARNING: [Synth 8-7129] Port ccif\.ccsnoopaddr[0][16] in module memory_control is either unconnected or has no load
WARNING: [Synth 8-7129] Port ccif\.ccsnoopaddr[0][15] in module memory_control is either unconnected or has no load
WARNING: [Synth 8-7129] Port ccif\.ccsnoopaddr[0][14] in module memory_control is either unconnected or has no load
WARNING: [Synth 8-7129] Port ccif\.ccsnoopaddr[0][13] in module memory_control is either unconnected or has no load
WARNING: [Synth 8-7129] Port ccif\.ccsnoopaddr[0][12] in module memory_control is either unconnected or has no load
WARNING: [Synth 8-7129] Port ccif\.ccsnoopaddr[0][11] in module memory_control is either unconnected or has no load
WARNING: [Synth 8-7129] Port ccif\.ccsnoopaddr[0][10] in module memory_control is either unconnected or has no load
WARNING: [Synth 8-7129] Port ccif\.ccsnoopaddr[0][9] in module memory_control is either unconnected or has no load
WARNING: [Synth 8-7129] Port ccif\.ccsnoopaddr[0][8] in module memory_control is either unconnected or has no load
WARNING: [Synth 8-7129] Port ccif\.ccsnoopaddr[0][7] in module memory_control is either unconnected or has no load
WARNING: [Synth 8-7129] Port ccif\.ccsnoopaddr[0][6] in module memory_control is either unconnected or has no load
WARNING: [Synth 8-7129] Port ccif\.ccsnoopaddr[0][5] in module memory_control is either unconnected or has no load
WARNING: [Synth 8-7129] Port ccif\.ccsnoopaddr[0][4] in module memory_control is either unconnected or has no load
WARNING: [Synth 8-7129] Port ccif\.ccsnoopaddr[0][3] in module memory_control is either unconnected or has no load
WARNING: [Synth 8-7129] Port ccif\.ccsnoopaddr[0][2] in module memory_control is either unconnected or has no load
WARNING: [Synth 8-7129] Port ccif\.ccsnoopaddr[0][1] in module memory_control is either unconnected or has no load
INFO: [Common 17-14] Message 'Synth 8-7129' appears 100 times and further instances of the messages will be disabled. Use the Tcl command set_msg_config to change the current settings.
---------------------------------------------------------------------------------
Finished RTL Elaboration : Time (s): cpu = 00:00:05 ; elapsed = 00:00:06 . Memory (MB): peak = 2412.551 ; gain = 498.684 ; free physical = 4540 ; free virtual = 17140
---------------------------------------------------------------------------------
---------------------------------------------------------------------------------
Start Handling Custom Attributes
---------------------------------------------------------------------------------
---------------------------------------------------------------------------------
Finished Handling Custom Attributes : Time (s): cpu = 00:00:05 ; elapsed = 00:00:06 . Memory (MB): peak = 2430.363 ; gain = 516.496 ; free physical = 4528 ; free virtual = 17128
---------------------------------------------------------------------------------
---------------------------------------------------------------------------------
Finished RTL Optimization Phase 1 : Time (s): cpu = 00:00:05 ; elapsed = 00:00:06 . Memory (MB): peak = 2430.363 ; gain = 516.496 ; free physical = 4528 ; free virtual = 17128
---------------------------------------------------------------------------------
Netlist sorting complete. Time (s): cpu = 00:00:00.02 ; elapsed = 00:00:00.03 . Memory (MB): peak = 2430.363 ; gain = 0.000 ; free physical = 4528 ; free virtual = 17128
INFO: [Project 1-570] Preparing netlist for logic optimization

Processing XDC Constraints
Initializing timing engine
Parsing XDC File [/home/ecegridfs/a/437mg063/ece437/processors/build/system_fpga.gen/sources_1/ip/mem_debug_vio/mem_debug_vio/mem_debug_vio_in_context.xdc] for cell 'vio_inst'
Finished Parsing XDC File [/home/ecegridfs/a/437mg063/ece437/processors/build/system_fpga.gen/sources_1/ip/mem_debug_vio/mem_debug_vio/mem_debug_vio_in_context.xdc] for cell 'vio_inst'
Parsing XDC File [/home/ecegrid/a/ece437l/tools/vivado_extra/urbana.xdc]
WARNING: [Vivado 12-507] No nets matched 'BTN_IBUF[3]'. [/home/ecegrid/a/ece437l/tools/vivado_extra/urbana.xdc:82]
Finished Parsing XDC File [/home/ecegrid/a/ece437l/tools/vivado_extra/urbana.xdc]
WARNING: [Project 1-498] One or more constraints failed evaluation while reading constraint file [/home/ecegrid/a/ece437l/tools/vivado_extra/urbana.xdc] and the design contains unresolved black boxes. These constraints will be read post-synthesis (as long as their source constraint file is marked as used_in_implementation) and should be applied correctly then. You should review the constraints listed in the file [.Xil/system_fpga_propImpl.xdc] and check the run log file to verify that these constraints were correctly applied.
INFO: [Project 1-236] Implementation specific constraints were found while reading constraint file [/home/ecegrid/a/ece437l/tools/vivado_extra/urbana.xdc]. These constraints will be ignored for synthesis but will be used in implementation. Impacted constraints are listed in the file [.Xil/system_fpga_propImpl.xdc].
Resolution: To avoid this warning, move constraints listed in [.Xil/system_fpga_propImpl.xdc] to another XDC file and exclude this new file from synthesis with the used_in_synthesis property (File Properties dialog in GUI) and re-run elaboration/synthesis.
Parsing XDC File [/home/ecegridfs/a/437mg063/ece437/processors/build/generated_clock.xdc]
Finished Parsing XDC File [/home/ecegridfs/a/437mg063/ece437/processors/build/generated_clock.xdc]
Completed Processing XDC Constraints

Netlist sorting complete. Time (s): cpu = 00:00:00 ; elapsed = 00:00:00 . Memory (MB): peak = 2570.145 ; gain = 0.000 ; free physical = 4509 ; free virtual = 17110
INFO: [Project 1-111] Unisim Transformation Summary:
No Unisim elements were transformed.

Constraint Validation Runtime : Time (s): cpu = 00:00:00 ; elapsed = 00:00:00.02 . Memory (MB): peak = 2570.180 ; gain = 0.000 ; free physical = 4508 ; free virtual = 17109
WARNING: [Timing 38-316] Clock period '10.000' specified during out-of-context synthesis of instance 'vio_inst' at clock pin 'clk' is different from the actual clock period '5.000', this can lead to different synthesis results.
INFO: [Designutils 20-5440] No compile time benefit to using incremental synthesis; A full resynthesis will be run
INFO: [Designutils 20-4379] Flow is switching to default flow due to incremental criteria not met. If you would like to alter this behaviour and have the flow terminate instead, please set the following parameter config_implementation {autoIncr.Synth.RejectBehavior Terminate}
---------------------------------------------------------------------------------
Finished Constraint Validation : Time (s): cpu = 00:00:10 ; elapsed = 00:00:12 . Memory (MB): peak = 2570.180 ; gain = 656.312 ; free physical = 4504 ; free virtual = 17105
---------------------------------------------------------------------------------
---------------------------------------------------------------------------------
Start Loading Part and Timing Information
---------------------------------------------------------------------------------
Loading part: xc7s50csga324-1
---------------------------------------------------------------------------------
Finished Loading Part and Timing Information : Time (s): cpu = 00:00:10 ; elapsed = 00:00:12 . Memory (MB): peak = 2570.180 ; gain = 656.312 ; free physical = 4504 ; free virtual = 17105
---------------------------------------------------------------------------------
---------------------------------------------------------------------------------
Start Applying 'set_property' XDC Constraints
---------------------------------------------------------------------------------
Applied set_property KEEP_HIERARCHY = SOFT for vio_inst. (constraint file  auto generated constraint).
---------------------------------------------------------------------------------
Finished applying 'set_property' XDC Constraints : Time (s): cpu = 00:00:10 ; elapsed = 00:00:12 . Memory (MB): peak = 2570.180 ; gain = 656.312 ; free physical = 4504 ; free virtual = 17105
---------------------------------------------------------------------------------
---------------------------------------------------------------------------------
Finished RTL Optimization Phase 2 : Time (s): cpu = 00:00:11 ; elapsed = 00:00:13 . Memory (MB): peak = 2570.180 ; gain = 656.312 ; free physical = 4502 ; free virtual = 17104
---------------------------------------------------------------------------------
---------------------------------------------------------------------------------
Start RTL Component Statistics 
---------------------------------------------------------------------------------
Detailed RTL Component Info : 
+---Adders : 
	   2 Input   32 Bit       Adders := 5     
	   3 Input   32 Bit       Adders := 1     
	   2 Input   21 Bit       Adders := 1     
	   2 Input    4 Bit       Adders := 2     
	   2 Input    2 Bit       Adders := 2     
+---XORs : 
	   2 Input     32 Bit         XORs := 1     
+---Registers : 
	               32 Bit    Registers := 56    
	               21 Bit    Registers := 1     
	                5 Bit    Registers := 5     
	                4 Bit    Registers := 4     
	                2 Bit    Registers := 7     
	                1 Bit    Registers := 20    
+---RAMs : 
	             512K Bit	(16384 X 32 bit)          RAMs := 1     
+---Muxes : 
	  11 Input   32 Bit        Muxes := 1     
	   2 Input   32 Bit        Muxes := 18    
	   4 Input   32 Bit        Muxes := 1     
	   3 Input   32 Bit        Muxes := 3     
	   2 Input    5 Bit        Muxes := 3     
	  11 Input    4 Bit        Muxes := 2     
	   2 Input    4 Bit        Muxes := 2     
	   8 Input    4 Bit        Muxes := 1     
	   7 Input    4 Bit        Muxes := 1     
	  32 Input    4 Bit        Muxes := 2     
	   2 Input    2 Bit        Muxes := 9     
	   7 Input    2 Bit        Muxes := 1     
	  11 Input    2 Bit        Muxes := 3     
	   4 Input    2 Bit        Muxes := 1     
	  11 Input    1 Bit        Muxes := 6     
	   2 Input    1 Bit        Muxes := 41    
---------------------------------------------------------------------------------
Finished RTL Component Statistics 
---------------------------------------------------------------------------------
---------------------------------------------------------------------------------
Start Part Resource Summary
---------------------------------------------------------------------------------
Part Resources:
DSPs: 120 (col length:60)
BRAMs: 150 (col length: RAMB18 60 RAMB36 30)
---------------------------------------------------------------------------------
Finished Part Resource Summary
---------------------------------------------------------------------------------
---------------------------------------------------------------------------------
Start Cross Boundary and Area Optimization
---------------------------------------------------------------------------------
WARNING: [Synth 8-7080] Parallel synthesis criteria is not met
---------------------------------------------------------------------------------
Finished Cross Boundary and Area Optimization : Time (s): cpu = 00:00:20 ; elapsed = 00:00:22 . Memory (MB): peak = 2570.180 ; gain = 656.312 ; free physical = 4489 ; free virtual = 17098
---------------------------------------------------------------------------------
---------------------------------------------------------------------------------
Start ROM, RAM, DSP, Shift Register and Retiming Reporting
---------------------------------------------------------------------------------

Block RAM: Preliminary Mapping Report (see note below)
+------------+-------------+------------------------+---+---+------------------------+---+---+------------------+--------+--------+
|Module Name | RTL Object  | PORT A (Depth x Width) | W | R | PORT B (Depth x Width) | W | R | Ports driving FF | RAMB18 | RAMB36 | 
+------------+-------------+------------------------+---+---+------------------------+---+---+------------------+--------+--------+
|SYS         | RAM/mem_reg | 16 K x 32(READ_FIRST)  | W | R | 16 K x 32(WRITE_FIRST) |   | R | Port A and B     | 0      | 16     | 
+------------+-------------+------------------------+---+---+------------------------+---+---+------------------+--------+--------+

Note: The table above is a preliminary report that shows the Block RAMs at the current stage of the synthesis flow. Some Block RAMs may be reimplemented as non Block RAM primitives later in the synthesis flow. Multiple instantiated Block RAMs are reported only once. 
---------------------------------------------------------------------------------
Finished ROM, RAM, DSP, Shift Register and Retiming Reporting
---------------------------------------------------------------------------------
---------------------------------------------------------------------------------
Start Applying XDC Timing Constraints
---------------------------------------------------------------------------------
---------------------------------------------------------------------------------
Finished Applying XDC Timing Constraints : Time (s): cpu = 00:00:24 ; elapsed = 00:00:26 . Memory (MB): peak = 2570.180 ; gain = 656.312 ; free physical = 4488 ; free virtual = 17097
---------------------------------------------------------------------------------
---------------------------------------------------------------------------------
Start ROM, RAM, DSP, Shift Register and Retiming Reporting
---------------------------------------------------------------------------------

Block RAM: Final Mapping Report
+------------+-------------+------------------------+---+---+------------------------+---+---+------------------+--------+--------+
|Module Name | RTL Object  | PORT A (Depth x Width) | W | R | PORT B (Depth x Width) | W | R | Ports driving FF | RAMB18 | RAMB36 | 
+------------+-------------+------------------------+---+---+------------------------+---+---+------------------+--------+--------+
|SYS         | RAM/mem_reg | 16 K x 32(READ_FIRST)  | W | R | 16 K x 32(WRITE_FIRST) |   | R | Port A and B     | 0      | 16     | 
+------------+-------------+------------------------+---+---+------------------------+---+---+------------------+--------+--------+

---------------------------------------------------------------------------------
Finished ROM, RAM, DSP, Shift Register and Retiming Reporting
---------------------------------------------------------------------------------
---------------------------------------------------------------------------------
Start Technology Mapping
---------------------------------------------------------------------------------
INFO: [Synth 8-7052] The timing for the instance SYS/RAM/mem_reg_0 (implemented as a Block RAM) might be sub-optimal as no optional output register could be merged into the ram block. Providing additional output register may help in improving timing.
INFO: [Synth 8-7052] The timing for the instance SYS/RAM/mem_reg_0 (implemented as a Block RAM) might be sub-optimal as no optional output register could be merged into the ram block. Providing additional output register may help in improving timing.
INFO: [Synth 8-7052] The timing for the instance SYS/RAM/mem_reg_1 (implemented as a Block RAM) might be sub-optimal as no optional output register could be merged into the ram block. Providing additional output register may help in improving timing.
INFO: [Synth 8-7052] The timing for the instance SYS/RAM/mem_reg_1 (implemented as a Block RAM) might be sub-optimal as no optional output register could be merged into the ram block. Providing additional output register may help in improving timing.
INFO: [Synth 8-7052] The timing for the instance SYS/RAM/mem_reg_2 (implemented as a Block RAM) might be sub-optimal as no optional output register could be merged into the ram block. Providing additional output register may help in improving timing.
INFO: [Synth 8-7052] The timing for the instance SYS/RAM/mem_reg_2 (implemented as a Block RAM) might be sub-optimal as no optional output register could be merged into the ram block. Providing additional output register may help in improving timing.
INFO: [Synth 8-7052] The timing for the instance SYS/RAM/mem_reg_3 (implemented as a Block RAM) might be sub-optimal as no optional output register could be merged into the ram block. Providing additional output register may help in improving timing.
INFO: [Synth 8-7052] The timing for the instance SYS/RAM/mem_reg_3 (implemented as a Block RAM) might be sub-optimal as no optional output register could be merged into the ram block. Providing additional output register may help in improving timing.
INFO: [Synth 8-7052] The timing for the instance SYS/RAM/mem_reg_4 (implemented as a Block RAM) might be sub-optimal as no optional output register could be merged into the ram block. Providing additional output register may help in improving timing.
INFO: [Synth 8-7052] The timing for the instance SYS/RAM/mem_reg_4 (implemented as a Block RAM) might be sub-optimal as no optional output register could be merged into the ram block. Providing additional output register may help in improving timing.
INFO: [Synth 8-7052] The timing for the instance SYS/RAM/mem_reg_5 (implemented as a Block RAM) might be sub-optimal as no optional output register could be merged into the ram block. Providing additional output register may help in improving timing.
INFO: [Synth 8-7052] The timing for the instance SYS/RAM/mem_reg_5 (implemented as a Block RAM) might be sub-optimal as no optional output register could be merged into the ram block. Providing additional output register may help in improving timing.
INFO: [Synth 8-7052] The timing for the instance SYS/RAM/mem_reg_6 (implemented as a Block RAM) might be sub-optimal as no optional output register could be merged into the ram block. Providing additional output register may help in improving timing.
INFO: [Synth 8-7052] The timing for the instance SYS/RAM/mem_reg_6 (implemented as a Block RAM) might be sub-optimal as no optional output register could be merged into the ram block. Providing additional output register may help in improving timing.
INFO: [Synth 8-7052] The timing for the instance SYS/RAM/mem_reg_7 (implemented as a Block RAM) might be sub-optimal as no optional output register could be merged into the ram block. Providing additional output register may help in improving timing.
INFO: [Synth 8-7052] The timing for the instance SYS/RAM/mem_reg_7 (implemented as a Block RAM) might be sub-optimal as no optional output register could be merged into the ram block. Providing additional output register may help in improving timing.
INFO: [Synth 8-7052] The timing for the instance SYS/RAM/mem_reg_8 (implemented as a Block RAM) might be sub-optimal as no optional output register could be merged into the ram block. Providing additional output register may help in improving timing.
INFO: [Synth 8-7052] The timing for the instance SYS/RAM/mem_reg_8 (implemented as a Block RAM) might be sub-optimal as no optional output register could be merged into the ram block. Providing additional output register may help in improving timing.
INFO: [Synth 8-7052] The timing for the instance SYS/RAM/mem_reg_9 (implemented as a Block RAM) might be sub-optimal as no optional output register could be merged into the ram block. Providing additional output register may help in improving timing.
INFO: [Synth 8-7052] The timing for the instance SYS/RAM/mem_reg_9 (implemented as a Block RAM) might be sub-optimal as no optional output register could be merged into the ram block. Providing additional output register may help in improving timing.
INFO: [Synth 8-7052] The timing for the instance SYS/RAM/mem_reg_10 (implemented as a Block RAM) might be sub-optimal as no optional output register could be merged into the ram block. Providing additional output register may help in improving timing.
INFO: [Synth 8-7052] The timing for the instance SYS/RAM/mem_reg_10 (implemented as a Block RAM) might be sub-optimal as no optional output register could be merged into the ram block. Providing additional output register may help in improving timing.
INFO: [Synth 8-7052] The timing for the instance SYS/RAM/mem_reg_11 (implemented as a Block RAM) might be sub-optimal as no optional output register could be merged into the ram block. Providing additional output register may help in improving timing.
INFO: [Synth 8-7052] The timing for the instance SYS/RAM/mem_reg_11 (implemented as a Block RAM) might be sub-optimal as no optional output register could be merged into the ram block. Providing additional output register may help in improving timing.
INFO: [Synth 8-7052] The timing for the instance SYS/RAM/mem_reg_12 (implemented as a Block RAM) might be sub-optimal as no optional output register could be merged into the ram block. Providing additional output register may help in improving timing.
INFO: [Synth 8-7052] The timing for the instance SYS/RAM/mem_reg_12 (implemented as a Block RAM) might be sub-optimal as no optional output register could be merged into the ram block. Providing additional output register may help in improving timing.
INFO: [Synth 8-7052] The timing for the instance SYS/RAM/mem_reg_13 (implemented as a Block RAM) might be sub-optimal as no optional output register could be merged into the ram block. Providing additional output register may help in improving timing.
INFO: [Synth 8-7052] The timing for the instance SYS/RAM/mem_reg_13 (implemented as a Block RAM) might be sub-optimal as no optional output register could be merged into the ram block. Providing additional output register may help in improving timing.
INFO: [Synth 8-7052] The timing for the instance SYS/RAM/mem_reg_14 (implemented as a Block RAM) might be sub-optimal as no optional output register could be merged into the ram block. Providing additional output register may help in improving timing.
INFO: [Synth 8-7052] The timing for the instance SYS/RAM/mem_reg_14 (implemented as a Block RAM) might be sub-optimal as no optional output register could be merged into the ram block. Providing additional output register may help in improving timing.
INFO: [Synth 8-7052] The timing for the instance SYS/RAM/mem_reg_15 (implemented as a Block RAM) might be sub-optimal as no optional output register could be merged into the ram block. Providing additional output register may help in improving timing.
INFO: [Synth 8-7052] The timing for the instance SYS/RAM/mem_reg_15 (implemented as a Block RAM) might be sub-optimal as no optional output register could be merged into the ram block. Providing additional output register may help in improving timing.
---------------------------------------------------------------------------------
Finished Technology Mapping : Time (s): cpu = 00:00:25 ; elapsed = 00:00:28 . Memory (MB): peak = 2570.180 ; gain = 656.312 ; free physical = 4486 ; free virtual = 17095
---------------------------------------------------------------------------------
---------------------------------------------------------------------------------
Start IO Insertion
---------------------------------------------------------------------------------
---------------------------------------------------------------------------------
Start Flattening Before IO Insertion
---------------------------------------------------------------------------------
---------------------------------------------------------------------------------
Finished Flattening Before IO Insertion
---------------------------------------------------------------------------------
---------------------------------------------------------------------------------
Start Final Netlist Cleanup
---------------------------------------------------------------------------------
---------------------------------------------------------------------------------
Finished Final Netlist Cleanup
---------------------------------------------------------------------------------
---------------------------------------------------------------------------------
Finished IO Insertion : Time (s): cpu = 00:00:29 ; elapsed = 00:00:31 . Memory (MB): peak = 2570.180 ; gain = 656.312 ; free physical = 4486 ; free virtual = 17094
---------------------------------------------------------------------------------
---------------------------------------------------------------------------------
Start Renaming Generated Instances
---------------------------------------------------------------------------------
---------------------------------------------------------------------------------
Finished Renaming Generated Instances : Time (s): cpu = 00:00:29 ; elapsed = 00:00:31 . Memory (MB): peak = 2570.180 ; gain = 656.312 ; free physical = 4486 ; free virtual = 17094
---------------------------------------------------------------------------------
---------------------------------------------------------------------------------
Start Rebuilding User Hierarchy
---------------------------------------------------------------------------------
---------------------------------------------------------------------------------
Finished Rebuilding User Hierarchy : Time (s): cpu = 00:00:29 ; elapsed = 00:00:31 . Memory (MB): peak = 2570.180 ; gain = 656.312 ; free physical = 4486 ; free virtual = 17094
---------------------------------------------------------------------------------
---------------------------------------------------------------------------------
Start Renaming Generated Ports
---------------------------------------------------------------------------------
---------------------------------------------------------------------------------
Finished Renaming Generated Ports : Time (s): cpu = 00:00:29 ; elapsed = 00:00:31 . Memory (MB): peak = 2570.180 ; gain = 656.312 ; free physical = 4486 ; free virtual = 17094
---------------------------------------------------------------------------------
---------------------------------------------------------------------------------
Start Handling Custom Attributes
---------------------------------------------------------------------------------
---------------------------------------------------------------------------------
Finished Handling Custom Attributes : Time (s): cpu = 00:00:29 ; elapsed = 00:00:31 . Memory (MB): peak = 2570.180 ; gain = 656.312 ; free physical = 4486 ; free virtual = 17094
---------------------------------------------------------------------------------
---------------------------------------------------------------------------------
Start Renaming Generated Nets
---------------------------------------------------------------------------------
---------------------------------------------------------------------------------
Finished Renaming Generated Nets : Time (s): cpu = 00:00:29 ; elapsed = 00:00:31 . Memory (MB): peak = 2570.180 ; gain = 656.312 ; free physical = 4486 ; free virtual = 17094
---------------------------------------------------------------------------------
---------------------------------------------------------------------------------
Start Writing Synthesis Report
---------------------------------------------------------------------------------

Report BlackBoxes: 
+------+--------------+----------+
|      |BlackBox name |Instances |
+------+--------------+----------+
|1     |mem_debug_vio |         1|
+------+--------------+----------+

Report Cell Usage: 
+------+--------------+------+
|      |Cell          |Count |
+------+--------------+------+
|1     |mem_debug_vio |     1|
|2     |BUFG          |     2|
|3     |CARRY4        |    67|
|4     |LUT1          |     9|
|5     |LUT2          |   234|
|6     |LUT3          |   150|
|7     |LUT4          |   132|
|8     |LUT5          |   267|
|9     |LUT6          |  1032|
|10    |MUXF7         |   256|
|11    |MUXF8         |    64|
|12    |RAMB36E1      |    16|
|28    |FDCE          |  1613|
|29    |FDPE          |     2|
|30    |FDRE          |    29|
|31    |IBUF          |    18|
|32    |OBUF          |    41|
+------+--------------+------+
---------------------------------------------------------------------------------
Finished Writing Synthesis Report : Time (s): cpu = 00:00:29 ; elapsed = 00:00:31 . Memory (MB): peak = 2570.180 ; gain = 656.312 ; free physical = 4486 ; free virtual = 17094
---------------------------------------------------------------------------------
Synthesis finished with 0 errors, 0 critical warnings and 1 warnings.
Synthesis Optimization Runtime : Time (s): cpu = 00:00:27 ; elapsed = 00:00:29 . Memory (MB): peak = 2570.180 ; gain = 516.496 ; free physical = 4486 ; free virtual = 17094
Synthesis Optimization Complete : Time (s): cpu = 00:00:29 ; elapsed = 00:00:31 . Memory (MB): peak = 2570.180 ; gain = 656.312 ; free physical = 4485 ; free virtual = 17093
INFO: [Project 1-571] Translating synthesized netlist
Netlist sorting complete. Time (s): cpu = 00:00:00.03 ; elapsed = 00:00:00.02 . Memory (MB): peak = 2570.180 ; gain = 0.000 ; free physical = 4779 ; free virtual = 17387
INFO: [Netlist 29-17] Analyzing 403 Unisim elements for replacement
INFO: [Netlist 29-28] Unisim Transformation completed in 0 CPU seconds
INFO: [Project 1-570] Preparing netlist for logic optimization
INFO: [Opt 31-138] Pushed 0 inverter(s) to 0 load pin(s).
Netlist sorting complete. Time (s): cpu = 00:00:00 ; elapsed = 00:00:00 . Memory (MB): peak = 2570.180 ; gain = 0.000 ; free physical = 4775 ; free virtual = 17384
INFO: [Project 1-111] Unisim Transformation Summary:
No Unisim elements were transformed.

Synth Design complete | Checksum: 2a408186
INFO: [Common 17-83] Releasing license: Synthesis
137 Infos, 161 Warnings, 0 Critical Warnings and 0 Errors encountered.
synth_design completed successfully
synth_design: Time (s): cpu = 00:00:35 ; elapsed = 00:00:37 . Memory (MB): peak = 2570.180 ; gain = 980.426 ; free physical = 4775 ; free virtual = 17383
INFO: [Common 17-2834] synth_design peak Physical Memory [PSS] (MB): overall = 1937.944; main = 1601.082; forked = 387.394
INFO: [Common 17-2834] synth_design peak Virtual Memory [VSS] (MB): overall = 4164.676; main = 2570.148; forked = 1626.543
Write ShapeDB Complete: Time (s): cpu = 00:00:00.01 ; elapsed = 00:00:00 . Memory (MB): peak = 2594.156 ; gain = 0.000 ; free physical = 4775 ; free virtual = 17383
INFO: [Common 17-1381] The checkpoint '/home/ecegridfs/a/437mg063/ece437/processors/build/system_fpga.runs/synth_1/system_fpga.dcp' has been generated.
INFO: [runtcl-4] Executing : report_utilization -file system_fpga_utilization_synth.rpt -pb system_fpga_utilization_synth.pb
INFO: [Common 17-206] Exiting Vivado at Thu Oct  9 18:49:30 2025...
