#-----------------------------------------------------------
# Vivado v2023.2 (64-bit)
# SW Build 4029153 on Fri Oct 13 20:13:54 MDT 2023
# IP Build 4028589 on Sat Oct 14 00:45:43 MDT 2023
# SharedData Build 4025554 on Tue Oct 10 17:18:54 MDT 2023
# Start of session at: Wed Oct  8 20:50:13 2025
# Process ID: 664387
# Current directory: /home/ecegridfs/a/437mg063/ece437/processors
# Command line: vivado -mode batch -source /home/ecegrid/a/ece437l/tools/vivado_extra/bitstream_nonproject_gen.tcl -log build/bitstream_nonproject_gen.log -journal build/bitstream_nonproject_gen.jou -tclargs system 8  
# Log file: /home/ecegridfs/a/437mg063/ece437/processors/build/bitstream_nonproject_gen.log
# Journal file: /home/ecegridfs/a/437mg063/ece437/processors/build/bitstream_nonproject_gen.jou
# Running On: cparch22.ecn.purdue.edu, OS: Linux, CPU Frequency: 3400.000 MHz, CPU Physical cores: 4, Host memory: 16324 MB
#-----------------------------------------------------------
source /home/ecegrid/a/ece437l/tools/vivado_extra/bitstream_nonproject_gen.tcl
# set enable_debug 0
# proc print_debug {msg} {
#     global enable_debug
#     if {$enable_debug} { puts "DEBUG: $msg" }
# }
# set output_dir ./build
# file mkdir $output_dir
# if {[llength $argv] < 2} {
#     puts "Usage: vivado -mode batch -source <script_name>.tcl -tclargs <design_top> <num_cpus> \[timing] \[clock_period]"
#     exit 1
# }
# set design_top   [lindex $argv 0]
# set num_cpus     [lindex $argv 1]
# set do_timing    0
# if {[llength $argv] > 2 && [lindex $argv 2] eq "timing"} { set do_timing 1 }
# set clock_period ""
# if {[llength $argv] > 3} { set clock_period [lindex $argv 3] }
# set main_part "xc7s50csga324-1"
# if {$num_cpus > 8} { set max_threads 8 } else { set max_threads $num_cpus }
# set base_dir [file normalize [file dirname ./]]
# set_param general.maxThreads $max_threads
# puts "INFO: Starting non-project flow for top-level: '$design_top' on part '$main_part' with $max_threads threads."
INFO: Starting non-project flow for top-level: 'system' on part 'xc7s50csga324-1' with 8 threads.
# set filelist_path "build/design.f"
# if {![file exists $filelist_path]} { puts "ERROR: Filelist not found at '$filelist_path'."; exit 1 }
# set f_handle [open $filelist_path r];
# set f_content [read $f_handle];
# close $f_handle
# set main_sources [list];
# set main_xdc_files [list]
# foreach line [split $f_content "\n"] {
#     set line [string trim $line]
#     if {$line == "" || [string match "#*" $line]} { continue }
#     set full_path [file normalize [file join $base_dir $line]]
#     lappend main_sources $full_path
# }
# if {[string match "*_fpga" $design_top]} { lappend main_xdc_files "/home/ecegrid/a/ece437l/tools/vivado_extra/urbana.xdc" }
# if {$do_timing} {
#     set generated_xdc_path "$output_dir/generated_clock.xdc"; puts "INFO: Generating clock constraint file: $generated_xdc_path"
#     set f [open $generated_xdc_path "w"]
#     set target_period 10.0; if { $clock_period ne "" } { set target_period $clock_period }
#     set half_period [expr {$target_period / 2.0}]; set clk_port_name "CLK"
#     if {[string match "*_fpga" $design_top]} { set clk_port_name "CLK_100MHZ" }
#     puts $f "create_clock -period $target_period -name MAIN -waveform {0.000 $half_period} \[get_ports $clk_port_name\]"
#     if {$design_top == "system_fpga"} { puts $f "create_generated_clock -name CPUCLK -source \[get_ports CLK_100MHZ\] -divide_by 2 \[get_nets SYS/CPUCLK\]"
#     } elseif {$design_top == "system"} { puts $f "create_generated_clock -name CPUCLK -source \[get_ports CLK\] -divide_by 2 \[get_nets CPUCLK\]" }
#     close $f; lappend main_xdc_files $generated_xdc_path
# }
# set synth_dcp_file "$output_dir/${design_top}_synthesized.dcp"
# set impl_dcp_file "$output_dir/${design_top}_routed.dcp"
# set mem_file "meminit.hex"
# set run_main_synth 0
# set run_impl 0
# set sources_are_newer 0
# if {![file exists $synth_dcp_file]} {
#     puts "INFO: Main synthesis checkpoint not found. Synthesis is required."
#     set run_main_synth 1
# } else {
#     foreach src $main_sources {
#         if {[file mtime $src] > [file mtime $synth_dcp_file]} {
#             puts "INFO: Source file '[file tail $src]' is newer than the synthesis checkpoint."
#             set sources_are_newer 1
#             break
#         }
#     }
#     if {$sources_are_newer} {
#         puts "INFO: One or more source files are newer. Re-running main synthesis."
#         set run_main_synth 1
#     }
# }
INFO: Main synthesis checkpoint not found. Synthesis is required.
# if {$run_main_synth} {
#     set run_impl 1
# } elseif {![file exists $impl_dcp_file]} {
#     puts "INFO: Final implementation checkpoint not found. Implementation is required."
#     set run_impl 1
# } elseif {[file exists $mem_file] && [file mtime $mem_file] > [file mtime $impl_dcp_file]} {
#     puts "INFO: Memory initialization file is newer than the final implementation. Re-running implementation only."
#     set run_impl 1
# }
# if {!$run_main_synth && !$run_impl} {
#     puts "INFO: All outputs are up-to-date. Skipping flow. Generating reports."
# }
# if {$design_top == "system_fpga"} {
#     puts "INFO: Creating and configuring VIO IP for memory debug..."
#     create_ip -name vio -vendor xilinx.com -library ip -module_name mem_debug_vio
#     
#     set_property -dict [list \
#         CONFIG.C_NUM_PROBE_IN {1} \
#         CONFIG.C_PROBE_IN0_WIDTH {32} \
#         CONFIG.C_NUM_PROBE_OUT {1} \
#         CONFIG.C_PROBE_OUT0_WIDTH {14} \
#     ] [get_ips mem_debug_vio]
#     
#     puts "INFO: Generating IP target files..."
#     generate_target all [get_ips mem_debug_vio]
#     
#     puts "INFO: Launching out-of-context synthesis for the VIO IP..."
#     create_ip_run [get_ips mem_debug_vio]
#     launch_runs [get_runs mem_debug_vio_synth_1] -j 32
#     wait_on_run [get_runs mem_debug_vio_synth_1]
#     
#     puts "INFO: VIO IP created and synthesized successfully."
# }
# if {$run_main_synth || $run_impl} {    
#     if {!$run_main_synth && $run_impl} {
#         puts "INFO: Skipping synthesis. Opening existing synthesized checkpoint."
#         open_checkpoint $synth_dcp_file
#         puts "INFO: Reading design constraints..."
#         foreach xdc $main_xdc_files { read_xdc $xdc }
#     } else {
#         puts "INFO: Reading main design sources (including RAM)..."
#         read_verilog -sv $main_sources
#         puts "INFO: Reading design constraints..."; foreach xdc $main_xdc_files { read_xdc $xdc }
#     }
# 
#     if {$run_main_synth} {
#         puts "INFO: Starting main synthesis..."
#         synth_design -top $design_top -part $main_part -directive RuntimeOptimized \
#             -verilog_define {USE_VIVADO VIVADO_MAPPED} -include_dirs "./include"
#         write_checkpoint -force $synth_dcp_file
#     }
#     
#     if {$run_impl} {
#         puts "INFO: Starting implementation..."
#         if {![string match "*_fpga" $design_top]} {
#             set_property SEVERITY {Warning} [get_drc_checks NSTD-1]
#             set_property SEVERITY {Warning} [get_drc_checks UCIO-1]
#         }
#         opt_design
#         place_design -directive RuntimeOptimized
#         route_design -directive RuntimeOptimized
#         write_checkpoint -force $impl_dcp_file; puts "INFO: Implementation checkpoint written to '$impl_dcp_file'."
#         write_verilog -force -mode funcsim "mapped/${design_top}.sv"
# 
#         if {[string match "*_fpga" $design_top]} { 
#             puts "INFO: Writing bitstream..."; write_bitstream -force $output_dir/$design_top.bit
#             puts "INFO: Writing memory map info..."; write_mem_info -force $output_dir/$design_top.mmi
#         }
#     }
# }
INFO: Reading main design sources (including RAM)...
read_verilog: Time (s): cpu = 00:00:06 ; elapsed = 00:00:07 . Memory (MB): peak = 1568.613 ; gain = 73.867 ; free physical = 1451 ; free virtual = 12314
INFO: Reading design constraints...
INFO: Starting main synthesis...
Command: synth_design -top system -part xc7s50csga324-1 -directive RuntimeOptimized -verilog_define {USE_VIVADO VIVADO_MAPPED} -include_dirs ./include
Starting synth_design
Attempting to get a license for feature 'Synthesis' and/or device 'xc7s50'
INFO: [Common 17-349] Got license for feature 'Synthesis' and/or device 'xc7s50'
INFO: [Synth 8-7079] Multithreading enabled for synth_design using a maximum of 4 processes.
INFO: [Synth 8-7078] Launching helper process for spawning children vivado processes
INFO: [Synth 8-7075] Helper process launched with PID 664519
---------------------------------------------------------------------------------
Starting Synthesize : Time (s): cpu = 00:00:03 ; elapsed = 00:00:04 . Memory (MB): peak = 1993.203 ; gain = 417.633 ; free physical = 749 ; free virtual = 11613
---------------------------------------------------------------------------------
WARNING: [Synth 8-11067] parameter 'WORD_W' declared inside package 'cpu_types_pkg' shall be treated as localparam [/home/ecegridfs/a/437mg063/ece437/processors/include/cpu_types_pkg.vh:22]
WARNING: [Synth 8-11067] parameter 'WBYTES' declared inside package 'cpu_types_pkg' shall be treated as localparam [/home/ecegridfs/a/437mg063/ece437/processors/include/cpu_types_pkg.vh:23]
WARNING: [Synth 8-11067] parameter 'OP_W' declared inside package 'cpu_types_pkg' shall be treated as localparam [/home/ecegridfs/a/437mg063/ece437/processors/include/cpu_types_pkg.vh:26]
WARNING: [Synth 8-11067] parameter 'REG_W' declared inside package 'cpu_types_pkg' shall be treated as localparam [/home/ecegridfs/a/437mg063/ece437/processors/include/cpu_types_pkg.vh:28]
WARNING: [Synth 8-11067] parameter 'FUNC7_W' declared inside package 'cpu_types_pkg' shall be treated as localparam [/home/ecegridfs/a/437mg063/ece437/processors/include/cpu_types_pkg.vh:29]
WARNING: [Synth 8-11067] parameter 'FUNC3_W' declared inside package 'cpu_types_pkg' shall be treated as localparam [/home/ecegridfs/a/437mg063/ece437/processors/include/cpu_types_pkg.vh:30]
WARNING: [Synth 8-11067] parameter 'IMM_W_I' declared inside package 'cpu_types_pkg' shall be treated as localparam [/home/ecegridfs/a/437mg063/ece437/processors/include/cpu_types_pkg.vh:31]
WARNING: [Synth 8-11067] parameter 'IMM_W_U_J' declared inside package 'cpu_types_pkg' shall be treated as localparam [/home/ecegridfs/a/437mg063/ece437/processors/include/cpu_types_pkg.vh:32]
WARNING: [Synth 8-11067] parameter 'AOP_W' declared inside package 'cpu_types_pkg' shall be treated as localparam [/home/ecegridfs/a/437mg063/ece437/processors/include/cpu_types_pkg.vh:35]
WARNING: [Synth 8-11067] parameter 'ITAG_W' declared inside package 'cpu_types_pkg' shall be treated as localparam [/home/ecegridfs/a/437mg063/ece437/processors/include/cpu_types_pkg.vh:38]
WARNING: [Synth 8-11067] parameter 'IIDX_W' declared inside package 'cpu_types_pkg' shall be treated as localparam [/home/ecegridfs/a/437mg063/ece437/processors/include/cpu_types_pkg.vh:39]
WARNING: [Synth 8-11067] parameter 'IBLK_W' declared inside package 'cpu_types_pkg' shall be treated as localparam [/home/ecegridfs/a/437mg063/ece437/processors/include/cpu_types_pkg.vh:40]
WARNING: [Synth 8-11067] parameter 'IBYT_W' declared inside package 'cpu_types_pkg' shall be treated as localparam [/home/ecegridfs/a/437mg063/ece437/processors/include/cpu_types_pkg.vh:41]
WARNING: [Synth 8-11067] parameter 'DTAG_W' declared inside package 'cpu_types_pkg' shall be treated as localparam [/home/ecegridfs/a/437mg063/ece437/processors/include/cpu_types_pkg.vh:44]
WARNING: [Synth 8-11067] parameter 'DIDX_W' declared inside package 'cpu_types_pkg' shall be treated as localparam [/home/ecegridfs/a/437mg063/ece437/processors/include/cpu_types_pkg.vh:45]
WARNING: [Synth 8-11067] parameter 'DBLK_W' declared inside package 'cpu_types_pkg' shall be treated as localparam [/home/ecegridfs/a/437mg063/ece437/processors/include/cpu_types_pkg.vh:46]
WARNING: [Synth 8-11067] parameter 'DBYT_W' declared inside package 'cpu_types_pkg' shall be treated as localparam [/home/ecegridfs/a/437mg063/ece437/processors/include/cpu_types_pkg.vh:47]
WARNING: [Synth 8-11067] parameter 'DWAY_ASS' declared inside package 'cpu_types_pkg' shall be treated as localparam [/home/ecegridfs/a/437mg063/ece437/processors/include/cpu_types_pkg.vh:48]
INFO: [Synth 8-6157] synthesizing module 'system' [/home/ecegridfs/a/437mg063/ece437/processors/source/system.sv:17]
INFO: [Synth 8-6157] synthesizing module 'system_if' [/home/ecegridfs/a/437mg063/ece437/processors/include/system_if.vh:13]
INFO: [Synth 8-6155] done synthesizing module 'system_if' (0#1) [/home/ecegridfs/a/437mg063/ece437/processors/include/system_if.vh:13]
INFO: [Synth 8-6157] synthesizing module 'system_if' [/home/ecegridfs/a/437mg063/ece437/processors/include/system_if.vh:13]
INFO: [Synth 8-6155] done synthesizing module 'system_if' (0#1) [/home/ecegridfs/a/437mg063/ece437/processors/include/system_if.vh:13]
INFO: [Synth 8-6157] synthesizing module 'cpu_ram_if' [/home/ecegridfs/a/437mg063/ece437/processors/include/cpu_ram_if.vh:14]
INFO: [Synth 8-6155] done synthesizing module 'cpu_ram_if' (0#1) [/home/ecegridfs/a/437mg063/ece437/processors/include/cpu_ram_if.vh:14]
INFO: [Synth 8-6157] synthesizing module 'pipeline' [/home/ecegridfs/a/437mg063/ece437/processors/source/pipeline.sv:10]
	Parameter PC0 bound to: 0 - type: integer 
INFO: [Synth 8-6157] synthesizing module 'datapath_cache_if' [/home/ecegridfs/a/437mg063/ece437/processors/include/datapath_cache_if.vh:13]
INFO: [Synth 8-6155] done synthesizing module 'datapath_cache_if' (0#1) [/home/ecegridfs/a/437mg063/ece437/processors/include/datapath_cache_if.vh:13]
INFO: [Synth 8-6157] synthesizing module 'caches_if' [/home/ecegridfs/a/437mg063/ece437/processors/include/caches_if.vh:18]
INFO: [Synth 8-6155] done synthesizing module 'caches_if' (0#1) [/home/ecegridfs/a/437mg063/ece437/processors/include/caches_if.vh:18]
INFO: [Synth 8-6157] synthesizing module 'caches_if' [/home/ecegridfs/a/437mg063/ece437/processors/include/caches_if.vh:18]
INFO: [Synth 8-6155] done synthesizing module 'caches_if' (0#1) [/home/ecegridfs/a/437mg063/ece437/processors/include/caches_if.vh:18]
INFO: [Synth 8-6157] synthesizing module 'cache_control_if' [/home/ecegridfs/a/437mg063/ece437/processors/include/cache_control_if.vh:25]
	Parameter CPUS bound to: 1 - type: integer 
WARNING: [Synth 8-330] inout connections inferred for interface port 'caches_if' with no modport [/home/ecegridfs/a/437mg063/ece437/processors/source/pipeline.sv:24]
WARNING: [Synth 8-330] inout connections inferred for interface port 'caches_if' with no modport [/home/ecegridfs/a/437mg063/ece437/processors/source/pipeline.sv:24]
INFO: [Synth 8-6155] done synthesizing module 'cache_control_if' (0#1) [/home/ecegridfs/a/437mg063/ece437/processors/include/cache_control_if.vh:25]
INFO: [Synth 8-6157] synthesizing module 'datapath' [/home/ecegridfs/a/437mg063/ece437/processors/source/datapath.sv:27]
	Parameter PC_INIT bound to: 0 - type: integer 
INFO: [Synth 8-6157] synthesizing module 'control_unit_if' [/home/ecegridfs/a/437mg063/ece437/processors/include/control_unit_if.vh:7]
INFO: [Synth 8-6155] done synthesizing module 'control_unit_if' (0#1) [/home/ecegridfs/a/437mg063/ece437/processors/include/control_unit_if.vh:7]
INFO: [Synth 8-6157] synthesizing module 'request_unit_if' [/home/ecegridfs/a/437mg063/ece437/processors/include/request_unit_if.vh:7]
INFO: [Synth 8-6155] done synthesizing module 'request_unit_if' (0#1) [/home/ecegridfs/a/437mg063/ece437/processors/include/request_unit_if.vh:7]
INFO: [Synth 8-6157] synthesizing module 'register_file_if' [/home/ecegridfs/a/437mg063/ece437/processors/include/register_file_if.vh:13]
INFO: [Synth 8-6155] done synthesizing module 'register_file_if' (0#1) [/home/ecegridfs/a/437mg063/ece437/processors/include/register_file_if.vh:13]
INFO: [Synth 8-6157] synthesizing module 'alu_if' [/home/ecegridfs/a/437mg063/ece437/processors/include/alu_if.vh:7]
INFO: [Synth 8-6155] done synthesizing module 'alu_if' (0#1) [/home/ecegridfs/a/437mg063/ece437/processors/include/alu_if.vh:7]
INFO: [Synth 8-6157] synthesizing module 'pc_if' [/home/ecegridfs/a/437mg063/ece437/processors/include/pc_if.vh:7]
INFO: [Synth 8-6155] done synthesizing module 'pc_if' (0#1) [/home/ecegridfs/a/437mg063/ece437/processors/include/pc_if.vh:7]
INFO: [Synth 8-6157] synthesizing module 'if_id_if' [/home/ecegridfs/a/437mg063/ece437/processors/include/if_id_if.vh:7]
INFO: [Synth 8-6155] done synthesizing module 'if_id_if' (0#1) [/home/ecegridfs/a/437mg063/ece437/processors/include/if_id_if.vh:7]
INFO: [Synth 8-6157] synthesizing module 'id_ex_if' [/home/ecegridfs/a/437mg063/ece437/processors/include/id_ex_if.vh:7]
INFO: [Synth 8-6155] done synthesizing module 'id_ex_if' (0#1) [/home/ecegridfs/a/437mg063/ece437/processors/include/id_ex_if.vh:7]
INFO: [Synth 8-6157] synthesizing module 'ex_mem_if' [/home/ecegridfs/a/437mg063/ece437/processors/include/ex_mem_if.vh:7]
INFO: [Synth 8-6155] done synthesizing module 'ex_mem_if' (0#1) [/home/ecegridfs/a/437mg063/ece437/processors/include/ex_mem_if.vh:7]
INFO: [Synth 8-6157] synthesizing module 'mem_wb_if' [/home/ecegridfs/a/437mg063/ece437/processors/include/mem_wb_if.vh:7]
INFO: [Synth 8-6155] done synthesizing module 'mem_wb_if' (0#1) [/home/ecegridfs/a/437mg063/ece437/processors/include/mem_wb_if.vh:7]
INFO: [Synth 8-6157] synthesizing module 'hazard_unit_if' [/home/ecegridfs/a/437mg063/ece437/processors/include/hazard_unit_if.vh:7]
INFO: [Synth 8-6155] done synthesizing module 'hazard_unit_if' (0#1) [/home/ecegridfs/a/437mg063/ece437/processors/include/hazard_unit_if.vh:7]
INFO: [Synth 8-6157] synthesizing module 'forwarding_unit_if' [/home/ecegridfs/a/437mg063/ece437/processors/include/forwarding_unit_if.vh:7]
INFO: [Synth 8-6155] done synthesizing module 'forwarding_unit_if' (0#1) [/home/ecegridfs/a/437mg063/ece437/processors/include/forwarding_unit_if.vh:7]
INFO: [Synth 8-6157] synthesizing module 'forwarding_unit' [/home/ecegridfs/a/437mg063/ece437/processors/source/forwarding_unit.sv:5]
INFO: [Synth 8-6155] done synthesizing module 'forwarding_unit' (0#1) [/home/ecegridfs/a/437mg063/ece437/processors/source/forwarding_unit.sv:5]
INFO: [Synth 8-6157] synthesizing module 'hazard_unit' [/home/ecegridfs/a/437mg063/ece437/processors/source/hazard_unit.sv:18]
INFO: [Synth 8-6155] done synthesizing module 'hazard_unit' (0#1) [/home/ecegridfs/a/437mg063/ece437/processors/source/hazard_unit.sv:18]
INFO: [Synth 8-6157] synthesizing module 'control_unit' [/home/ecegridfs/a/437mg063/ece437/processors/source/control_unit.sv:5]
INFO: [Synth 8-155] case statement is not full and has no default [/home/ecegridfs/a/437mg063/ece437/processors/source/control_unit.sv:44]
INFO: [Synth 8-155] case statement is not full and has no default [/home/ecegridfs/a/437mg063/ece437/processors/source/control_unit.sv:106]
INFO: [Synth 8-155] case statement is not full and has no default [/home/ecegridfs/a/437mg063/ece437/processors/source/control_unit.sv:40]
INFO: [Synth 8-6155] done synthesizing module 'control_unit' (0#1) [/home/ecegridfs/a/437mg063/ece437/processors/source/control_unit.sv:5]
INFO: [Synth 8-6157] synthesizing module 'request_unit' [/home/ecegridfs/a/437mg063/ece437/processors/source/request_unit.sv:4]
INFO: [Synth 8-6155] done synthesizing module 'request_unit' (0#1) [/home/ecegridfs/a/437mg063/ece437/processors/source/request_unit.sv:4]
INFO: [Synth 8-6157] synthesizing module 'register_file' [/home/ecegridfs/a/437mg063/ece437/processors/source/register_file.sv:4]
INFO: [Synth 8-6155] done synthesizing module 'register_file' (0#1) [/home/ecegridfs/a/437mg063/ece437/processors/source/register_file.sv:4]
INFO: [Synth 8-6157] synthesizing module 'alu' [/home/ecegridfs/a/437mg063/ece437/processors/source/alu.sv:4]
INFO: [Synth 8-6155] done synthesizing module 'alu' (0#1) [/home/ecegridfs/a/437mg063/ece437/processors/source/alu.sv:4]
INFO: [Synth 8-6157] synthesizing module 'pc' [/home/ecegridfs/a/437mg063/ece437/processors/source/pc.sv:4]
INFO: [Synth 8-6155] done synthesizing module 'pc' (0#1) [/home/ecegridfs/a/437mg063/ece437/processors/source/pc.sv:4]
INFO: [Synth 8-6157] synthesizing module 'if_id' [/home/ecegridfs/a/437mg063/ece437/processors/source/if_id.sv:8]
INFO: [Synth 8-6155] done synthesizing module 'if_id' (0#1) [/home/ecegridfs/a/437mg063/ece437/processors/source/if_id.sv:8]
INFO: [Synth 8-6157] synthesizing module 'id_ex' [/home/ecegridfs/a/437mg063/ece437/processors/source/id_ex.sv:4]
INFO: [Synth 8-6155] done synthesizing module 'id_ex' (0#1) [/home/ecegridfs/a/437mg063/ece437/processors/source/id_ex.sv:4]
INFO: [Synth 8-6157] synthesizing module 'ex_mem' [/home/ecegridfs/a/437mg063/ece437/processors/source/ex_mem.sv:4]
INFO: [Synth 8-6155] done synthesizing module 'ex_mem' (0#1) [/home/ecegridfs/a/437mg063/ece437/processors/source/ex_mem.sv:4]
INFO: [Synth 8-6157] synthesizing module 'mem_wb' [/home/ecegridfs/a/437mg063/ece437/processors/source/mem_wb.sv:4]
INFO: [Synth 8-6155] done synthesizing module 'mem_wb' (0#1) [/home/ecegridfs/a/437mg063/ece437/processors/source/mem_wb.sv:4]
INFO: [Synth 8-155] case statement is not full and has no default [/home/ecegridfs/a/437mg063/ece437/processors/source/datapath.sv:121]
INFO: [Synth 8-155] case statement is not full and has no default [/home/ecegridfs/a/437mg063/ece437/processors/source/datapath.sv:130]
INFO: [Synth 8-6155] done synthesizing module 'datapath' (0#1) [/home/ecegridfs/a/437mg063/ece437/processors/source/datapath.sv:27]
INFO: [Synth 8-6157] synthesizing module 'caches' [/home/ecegridfs/a/437mg063/ece437/processors/source/caches.sv:9]
WARNING: [Synth 8-330] inout connections inferred for interface port 'caches_if' with no modport [/home/ecegridfs/a/437mg063/ece437/processors/source/pipeline.sv:29]
INFO: [Synth 8-6155] done synthesizing module 'caches' (0#1) [/home/ecegridfs/a/437mg063/ece437/processors/source/caches.sv:9]
INFO: [Synth 8-6157] synthesizing module 'memory_control' [/home/ecegridfs/a/437mg063/ece437/processors/source/memory_control.sv:16]
INFO: [Synth 8-6155] done synthesizing module 'memory_control' (0#1) [/home/ecegridfs/a/437mg063/ece437/processors/source/memory_control.sv:16]
INFO: [Synth 8-6155] done synthesizing module 'pipeline' (0#1) [/home/ecegridfs/a/437mg063/ece437/processors/source/pipeline.sv:10]
INFO: [Synth 8-6157] synthesizing module 'ram' [/home/ecegridfs/a/437mg063/ece437/processors/source/ram.sv:15]
INFO: [Synth 8-3876] $readmem data file 'meminit.mem' is read successfully [/home/ecegridfs/a/437mg063/ece437/processors/source/ram.sv:61]
INFO: [Synth 8-6155] done synthesizing module 'ram' (0#1) [/home/ecegridfs/a/437mg063/ece437/processors/source/ram.sv:15]
INFO: [Synth 8-6155] done synthesizing module 'system' (0#1) [/home/ecegridfs/a/437mg063/ece437/processors/source/system.sv:17]
WARNING: [Synth 8-7137] Register exm\.dmemaddr_reg in module ex_mem has both Set and reset with same priority. This may cause simulation mismatches. Consider rewriting code  [/home/ecegridfs/a/437mg063/ece437/processors/source/ex_mem.sv:38]
WARNING: [Synth 8-3848] Net exm\.branchPCand_out in module/entity ex_mem does not have driver. [/home/ecegridfs/a/437mg063/ece437/processors/source/ex_mem.sv:6]
WARNING: [Synth 8-3848] Net exm\.branchPCadder_out in module/entity ex_mem does not have driver. [/home/ecegridfs/a/437mg063/ece437/processors/source/ex_mem.sv:6]
WARNING: [Synth 8-3848] Net exm\.jumpPCsrc_out in module/entity ex_mem does not have driver. [/home/ecegridfs/a/437mg063/ece437/processors/source/ex_mem.sv:6]
WARNING: [Synth 8-3848] Net exm\.jumpPCadder_out in module/entity ex_mem does not have driver. [/home/ecegridfs/a/437mg063/ece437/processors/source/ex_mem.sv:6]
WARNING: [Synth 8-3848] Net dpif\.datomic in module/entity datapath does not have driver. [/home/ecegridfs/a/437mg063/ece437/processors/source/datapath.sv:29]
WARNING: [Synth 8-3848] Net exm\.stall in module/entity datapath does not have driver. [/home/ecegridfs/a/437mg063/ece437/processors/include/ex_mem_if.vh:13]
WARNING: [Synth 8-3848] Net exm\.branchPCand_in in module/entity datapath does not have driver. [/home/ecegridfs/a/437mg063/ece437/processors/include/ex_mem_if.vh:13]
WARNING: [Synth 8-3848] Net exm\.branchPCadder_in in module/entity datapath does not have driver. [/home/ecegridfs/a/437mg063/ece437/processors/include/ex_mem_if.vh:13]
WARNING: [Synth 8-3848] Net exm\.jumpPCsrc_in in module/entity datapath does not have driver. [/home/ecegridfs/a/437mg063/ece437/processors/include/ex_mem_if.vh:13]
WARNING: [Synth 8-3848] Net exm\.jumpPCadder_in in module/entity datapath does not have driver. [/home/ecegridfs/a/437mg063/ece437/processors/include/ex_mem_if.vh:13]
WARNING: [Synth 8-3848] Net dx\.dhit in module/entity datapath does not have driver. [/home/ecegridfs/a/437mg063/ece437/processors/include/id_ex_if.vh:14]
WARNING: [Synth 8-3848] Net ruif\.dWEN in module/entity datapath does not have driver. [/home/ecegridfs/a/437mg063/ece437/processors/include/request_unit_if.vh:11]
WARNING: [Synth 8-3848] Net ruif\.dREN in module/entity datapath does not have driver. [/home/ecegridfs/a/437mg063/ece437/processors/include/request_unit_if.vh:11]
WARNING: [Synth 8-3848] Net ruif\.dhit in module/entity datapath does not have driver. [/home/ecegridfs/a/437mg063/ece437/processors/include/request_unit_if.vh:11]
WARNING: [Synth 8-3848] Net ruif\.ihit in module/entity datapath does not have driver. [/home/ecegridfs/a/437mg063/ece437/processors/include/request_unit_if.vh:11]
WARNING: [Synth 8-3848] Net ccif\.ccwait in module/entity memory_control does not have driver. [/home/ecegridfs/a/437mg063/ece437/processors/source/memory_control.sv:18]
WARNING: [Synth 8-3848] Net ccif\.ccinv in module/entity memory_control does not have driver. [/home/ecegridfs/a/437mg063/ece437/processors/source/memory_control.sv:18]
WARNING: [Synth 8-3848] Net ccif\.ccsnoopaddr[0] in module/entity memory_control does not have driver. [/home/ecegridfs/a/437mg063/ece437/processors/source/memory_control.sv:18]
WARNING: [Synth 8-3848] Net cif0\.ccwrite in module/entity pipeline does not have driver. [/home/ecegridfs/a/437mg063/ece437/processors/include/caches_if.vh:36]
WARNING: [Synth 8-3848] Net cif0\.cctrans in module/entity pipeline does not have driver. [/home/ecegridfs/a/437mg063/ece437/processors/include/caches_if.vh:36]
WARNING: [Synth 8-3848] Net cif1\.iwait in module/entity pipeline does not have driver. [/home/ecegridfs/a/437mg063/ece437/processors/include/caches_if.vh:24]
WARNING: [Synth 8-3848] Net cif1\.dwait in module/entity pipeline does not have driver. [/home/ecegridfs/a/437mg063/ece437/processors/include/caches_if.vh:24]
WARNING: [Synth 8-3848] Net cif1\.iREN in module/entity pipeline does not have driver. [/home/ecegridfs/a/437mg063/ece437/processors/include/caches_if.vh:24]
WARNING: [Synth 8-3848] Net cif1\.dREN in module/entity pipeline does not have driver. [/home/ecegridfs/a/437mg063/ece437/processors/include/caches_if.vh:24]
WARNING: [Synth 8-3848] Net cif1\.dWEN in module/entity pipeline does not have driver. [/home/ecegridfs/a/437mg063/ece437/processors/include/caches_if.vh:24]
WARNING: [Synth 8-3848] Net cif1\.iload in module/entity pipeline does not have driver. [/home/ecegridfs/a/437mg063/ece437/processors/include/caches_if.vh:25]
WARNING: [Synth 8-3848] Net cif1\.dload in module/entity pipeline does not have driver. [/home/ecegridfs/a/437mg063/ece437/processors/include/caches_if.vh:25]
WARNING: [Synth 8-3848] Net cif1\.dstore in module/entity pipeline does not have driver. [/home/ecegridfs/a/437mg063/ece437/processors/include/caches_if.vh:25]
WARNING: [Synth 8-3848] Net cif1\.iaddr in module/entity pipeline does not have driver. [/home/ecegridfs/a/437mg063/ece437/processors/include/caches_if.vh:26]
WARNING: [Synth 8-3848] Net cif1\.daddr in module/entity pipeline does not have driver. [/home/ecegridfs/a/437mg063/ece437/processors/include/caches_if.vh:26]
WARNING: [Synth 8-3848] Net cif1\.ccwait in module/entity pipeline does not have driver. [/home/ecegridfs/a/437mg063/ece437/processors/include/caches_if.vh:35]
WARNING: [Synth 8-3848] Net cif1\.ccinv in module/entity pipeline does not have driver. [/home/ecegridfs/a/437mg063/ece437/processors/include/caches_if.vh:35]
WARNING: [Synth 8-3848] Net cif1\.ccwrite in module/entity pipeline does not have driver. [/home/ecegridfs/a/437mg063/ece437/processors/include/caches_if.vh:36]
WARNING: [Synth 8-3848] Net cif1\.cctrans in module/entity pipeline does not have driver. [/home/ecegridfs/a/437mg063/ece437/processors/include/caches_if.vh:36]
WARNING: [Synth 8-3848] Net cif1\.ccsnoopaddr in module/entity pipeline does not have driver. [/home/ecegridfs/a/437mg063/ece437/processors/include/caches_if.vh:37]
WARNING: [Synth 8-7129] Port ramif\.memREN in module ram is either unconnected or has no load
WARNING: [Synth 8-7129] Port ramif\.memWEN in module ram is either unconnected or has no load
WARNING: [Synth 8-7129] Port ramif\.memaddr[31] in module ram is either unconnected or has no load
WARNING: [Synth 8-7129] Port ramif\.memaddr[30] in module ram is either unconnected or has no load
WARNING: [Synth 8-7129] Port ramif\.memaddr[29] in module ram is either unconnected or has no load
WARNING: [Synth 8-7129] Port ramif\.memaddr[28] in module ram is either unconnected or has no load
WARNING: [Synth 8-7129] Port ramif\.memaddr[27] in module ram is either unconnected or has no load
WARNING: [Synth 8-7129] Port ramif\.memaddr[26] in module ram is either unconnected or has no load
WARNING: [Synth 8-7129] Port ramif\.memaddr[25] in module ram is either unconnected or has no load
WARNING: [Synth 8-7129] Port ramif\.memaddr[24] in module ram is either unconnected or has no load
WARNING: [Synth 8-7129] Port ramif\.memaddr[23] in module ram is either unconnected or has no load
WARNING: [Synth 8-7129] Port ramif\.memaddr[22] in module ram is either unconnected or has no load
WARNING: [Synth 8-7129] Port ramif\.memaddr[21] in module ram is either unconnected or has no load
WARNING: [Synth 8-7129] Port ramif\.memaddr[20] in module ram is either unconnected or has no load
WARNING: [Synth 8-7129] Port ramif\.memaddr[19] in module ram is either unconnected or has no load
WARNING: [Synth 8-7129] Port ramif\.memaddr[18] in module ram is either unconnected or has no load
WARNING: [Synth 8-7129] Port ramif\.memaddr[17] in module ram is either unconnected or has no load
WARNING: [Synth 8-7129] Port ramif\.memaddr[16] in module ram is either unconnected or has no load
WARNING: [Synth 8-7129] Port ramif\.memaddr[15] in module ram is either unconnected or has no load
WARNING: [Synth 8-7129] Port ramif\.memaddr[14] in module ram is either unconnected or has no load
WARNING: [Synth 8-7129] Port ramif\.memaddr[13] in module ram is either unconnected or has no load
WARNING: [Synth 8-7129] Port ramif\.memaddr[12] in module ram is either unconnected or has no load
WARNING: [Synth 8-7129] Port ramif\.memaddr[11] in module ram is either unconnected or has no load
WARNING: [Synth 8-7129] Port ramif\.memaddr[10] in module ram is either unconnected or has no load
WARNING: [Synth 8-7129] Port ramif\.memaddr[9] in module ram is either unconnected or has no load
WARNING: [Synth 8-7129] Port ramif\.memaddr[8] in module ram is either unconnected or has no load
WARNING: [Synth 8-7129] Port ramif\.memaddr[7] in module ram is either unconnected or has no load
WARNING: [Synth 8-7129] Port ramif\.memaddr[6] in module ram is either unconnected or has no load
WARNING: [Synth 8-7129] Port ramif\.memaddr[5] in module ram is either unconnected or has no load
WARNING: [Synth 8-7129] Port ramif\.memaddr[4] in module ram is either unconnected or has no load
WARNING: [Synth 8-7129] Port ramif\.memaddr[3] in module ram is either unconnected or has no load
WARNING: [Synth 8-7129] Port ramif\.memaddr[2] in module ram is either unconnected or has no load
WARNING: [Synth 8-7129] Port ramif\.memaddr[1] in module ram is either unconnected or has no load
WARNING: [Synth 8-7129] Port ramif\.memaddr[0] in module ram is either unconnected or has no load
WARNING: [Synth 8-7129] Port ramif\.memstore[31] in module ram is either unconnected or has no load
WARNING: [Synth 8-7129] Port ramif\.memstore[30] in module ram is either unconnected or has no load
WARNING: [Synth 8-7129] Port ramif\.memstore[29] in module ram is either unconnected or has no load
WARNING: [Synth 8-7129] Port ramif\.memstore[28] in module ram is either unconnected or has no load
WARNING: [Synth 8-7129] Port ramif\.memstore[27] in module ram is either unconnected or has no load
WARNING: [Synth 8-7129] Port ramif\.memstore[26] in module ram is either unconnected or has no load
WARNING: [Synth 8-7129] Port ramif\.memstore[25] in module ram is either unconnected or has no load
WARNING: [Synth 8-7129] Port ramif\.memstore[24] in module ram is either unconnected or has no load
WARNING: [Synth 8-7129] Port ramif\.memstore[23] in module ram is either unconnected or has no load
WARNING: [Synth 8-7129] Port ramif\.memstore[22] in module ram is either unconnected or has no load
WARNING: [Synth 8-7129] Port ramif\.memstore[21] in module ram is either unconnected or has no load
WARNING: [Synth 8-7129] Port ramif\.memstore[20] in module ram is either unconnected or has no load
WARNING: [Synth 8-7129] Port ramif\.memstore[19] in module ram is either unconnected or has no load
WARNING: [Synth 8-7129] Port ramif\.memstore[18] in module ram is either unconnected or has no load
WARNING: [Synth 8-7129] Port ramif\.memstore[17] in module ram is either unconnected or has no load
WARNING: [Synth 8-7129] Port ramif\.memstore[16] in module ram is either unconnected or has no load
WARNING: [Synth 8-7129] Port ramif\.memstore[15] in module ram is either unconnected or has no load
WARNING: [Synth 8-7129] Port ramif\.memstore[14] in module ram is either unconnected or has no load
WARNING: [Synth 8-7129] Port ramif\.memstore[13] in module ram is either unconnected or has no load
WARNING: [Synth 8-7129] Port ramif\.memstore[12] in module ram is either unconnected or has no load
WARNING: [Synth 8-7129] Port ramif\.memstore[11] in module ram is either unconnected or has no load
WARNING: [Synth 8-7129] Port ramif\.memstore[10] in module ram is either unconnected or has no load
WARNING: [Synth 8-7129] Port ramif\.memstore[9] in module ram is either unconnected or has no load
WARNING: [Synth 8-7129] Port ramif\.memstore[8] in module ram is either unconnected or has no load
WARNING: [Synth 8-7129] Port ramif\.memstore[7] in module ram is either unconnected or has no load
WARNING: [Synth 8-7129] Port ramif\.memstore[6] in module ram is either unconnected or has no load
WARNING: [Synth 8-7129] Port ramif\.memstore[5] in module ram is either unconnected or has no load
WARNING: [Synth 8-7129] Port ramif\.memstore[4] in module ram is either unconnected or has no load
WARNING: [Synth 8-7129] Port ramif\.memstore[3] in module ram is either unconnected or has no load
WARNING: [Synth 8-7129] Port ramif\.memstore[2] in module ram is either unconnected or has no load
WARNING: [Synth 8-7129] Port ramif\.memstore[1] in module ram is either unconnected or has no load
WARNING: [Synth 8-7129] Port ramif\.memstore[0] in module ram is either unconnected or has no load
WARNING: [Synth 8-7129] Port halt in module ram is either unconnected or has no load
WARNING: [Synth 8-7129] Port ccif\.ccwait[0] in module memory_control is either unconnected or has no load
WARNING: [Synth 8-7129] Port ccif\.ccinv[0] in module memory_control is either unconnected or has no load
WARNING: [Synth 8-7129] Port ccif\.ccsnoopaddr[0][31] in module memory_control is either unconnected or has no load
WARNING: [Synth 8-7129] Port ccif\.ccsnoopaddr[0][30] in module memory_control is either unconnected or has no load
WARNING: [Synth 8-7129] Port ccif\.ccsnoopaddr[0][29] in module memory_control is either unconnected or has no load
WARNING: [Synth 8-7129] Port ccif\.ccsnoopaddr[0][28] in module memory_control is either unconnected or has no load
WARNING: [Synth 8-7129] Port ccif\.ccsnoopaddr[0][27] in module memory_control is either unconnected or has no load
WARNING: [Synth 8-7129] Port ccif\.ccsnoopaddr[0][26] in module memory_control is either unconnected or has no load
WARNING: [Synth 8-7129] Port ccif\.ccsnoopaddr[0][25] in module memory_control is either unconnected or has no load
WARNING: [Synth 8-7129] Port ccif\.ccsnoopaddr[0][24] in module memory_control is either unconnected or has no load
WARNING: [Synth 8-7129] Port ccif\.ccsnoopaddr[0][23] in module memory_control is either unconnected or has no load
WARNING: [Synth 8-7129] Port ccif\.ccsnoopaddr[0][22] in module memory_control is either unconnected or has no load
WARNING: [Synth 8-7129] Port ccif\.ccsnoopaddr[0][21] in module memory_control is either unconnected or has no load
WARNING: [Synth 8-7129] Port ccif\.ccsnoopaddr[0][20] in module memory_control is either unconnected or has no load
WARNING: [Synth 8-7129] Port ccif\.ccsnoopaddr[0][19] in module memory_control is either unconnected or has no load
WARNING: [Synth 8-7129] Port ccif\.ccsnoopaddr[0][18] in module memory_control is either unconnected or has no load
WARNING: [Synth 8-7129] Port ccif\.ccsnoopaddr[0][17] in module memory_control is either unconnected or has no load
WARNING: [Synth 8-7129] Port ccif\.ccsnoopaddr[0][16] in module memory_control is either unconnected or has no load
WARNING: [Synth 8-7129] Port ccif\.ccsnoopaddr[0][15] in module memory_control is either unconnected or has no load
WARNING: [Synth 8-7129] Port ccif\.ccsnoopaddr[0][14] in module memory_control is either unconnected or has no load
WARNING: [Synth 8-7129] Port ccif\.ccsnoopaddr[0][13] in module memory_control is either unconnected or has no load
WARNING: [Synth 8-7129] Port ccif\.ccsnoopaddr[0][12] in module memory_control is either unconnected or has no load
WARNING: [Synth 8-7129] Port ccif\.ccsnoopaddr[0][11] in module memory_control is either unconnected or has no load
WARNING: [Synth 8-7129] Port ccif\.ccsnoopaddr[0][10] in module memory_control is either unconnected or has no load
WARNING: [Synth 8-7129] Port ccif\.ccsnoopaddr[0][9] in module memory_control is either unconnected or has no load
WARNING: [Synth 8-7129] Port ccif\.ccsnoopaddr[0][8] in module memory_control is either unconnected or has no load
WARNING: [Synth 8-7129] Port ccif\.ccsnoopaddr[0][7] in module memory_control is either unconnected or has no load
WARNING: [Synth 8-7129] Port ccif\.ccsnoopaddr[0][6] in module memory_control is either unconnected or has no load
WARNING: [Synth 8-7129] Port ccif\.ccsnoopaddr[0][5] in module memory_control is either unconnected or has no load
WARNING: [Synth 8-7129] Port ccif\.ccsnoopaddr[0][4] in module memory_control is either unconnected or has no load
WARNING: [Synth 8-7129] Port ccif\.ccsnoopaddr[0][3] in module memory_control is either unconnected or has no load
WARNING: [Synth 8-7129] Port ccif\.ccsnoopaddr[0][2] in module memory_control is either unconnected or has no load
WARNING: [Synth 8-7129] Port ccif\.ccsnoopaddr[0][1] in module memory_control is either unconnected or has no load
INFO: [Common 17-14] Message 'Synth 8-7129' appears 100 times and further instances of the messages will be disabled. Use the Tcl command set_msg_config to change the current settings.
---------------------------------------------------------------------------------
Finished Synthesize : Time (s): cpu = 00:00:05 ; elapsed = 00:00:06 . Memory (MB): peak = 2077.172 ; gain = 501.602 ; free physical = 641 ; free virtual = 11505
---------------------------------------------------------------------------------
---------------------------------------------------------------------------------
Finished Constraint Validation : Time (s): cpu = 00:00:06 ; elapsed = 00:00:07 . Memory (MB): peak = 2094.984 ; gain = 519.414 ; free physical = 640 ; free virtual = 11504
---------------------------------------------------------------------------------
---------------------------------------------------------------------------------
Start Loading Part and Timing Information
---------------------------------------------------------------------------------
Loading part: xc7s50csga324-1
---------------------------------------------------------------------------------
INFO: [Device 21-403] Loading part xc7s50csga324-1
Finished Loading Part and Timing Information : Time (s): cpu = 00:00:06 ; elapsed = 00:00:07 . Memory (MB): peak = 2102.988 ; gain = 527.418 ; free physical = 639 ; free virtual = 11504
---------------------------------------------------------------------------------
---------------------------------------------------------------------------------
Finished RTL Optimization Phase 2 : Time (s): cpu = 00:00:07 ; elapsed = 00:00:08 . Memory (MB): peak = 2127.910 ; gain = 552.340 ; free physical = 608 ; free virtual = 11474
---------------------------------------------------------------------------------
No constraint files found.
---------------------------------------------------------------------------------
Start RTL Component Statistics 
---------------------------------------------------------------------------------
Detailed RTL Component Info : 
+---Adders : 
	   2 Input   32 Bit       Adders := 5     
	   3 Input   32 Bit       Adders := 1     
	   2 Input    2 Bit       Adders := 1     
+---XORs : 
	   2 Input     32 Bit         XORs := 1     
+---Registers : 
	               32 Bit    Registers := 56    
	                5 Bit    Registers := 5     
	                4 Bit    Registers := 2     
	                2 Bit    Registers := 6     
	                1 Bit    Registers := 18    
+---RAMs : 
	             512K Bit	(16384 X 32 bit)          RAMs := 1     
+---Muxes : 
	  11 Input   32 Bit        Muxes := 1     
	   2 Input   32 Bit        Muxes := 18    
	   4 Input   32 Bit        Muxes := 1     
	   3 Input   32 Bit        Muxes := 3     
	   2 Input    5 Bit        Muxes := 3     
	  11 Input    4 Bit        Muxes := 2     
	   2 Input    4 Bit        Muxes := 2     
	   8 Input    4 Bit        Muxes := 1     
	   7 Input    4 Bit        Muxes := 1     
	   2 Input    2 Bit        Muxes := 9     
	   7 Input    2 Bit        Muxes := 1     
	  11 Input    2 Bit        Muxes := 3     
	   4 Input    2 Bit        Muxes := 1     
	  11 Input    1 Bit        Muxes := 6     
	   2 Input    1 Bit        Muxes := 41    
---------------------------------------------------------------------------------
Finished RTL Component Statistics 
---------------------------------------------------------------------------------
---------------------------------------------------------------------------------
Start Part Resource Summary
---------------------------------------------------------------------------------
Part Resources:
DSPs: 120 (col length:60)
BRAMs: 150 (col length: RAMB18 60 RAMB36 30)
---------------------------------------------------------------------------------
Finished Part Resource Summary
---------------------------------------------------------------------------------
No constraint files found.
---------------------------------------------------------------------------------
Start Cross Boundary and Area Optimization
---------------------------------------------------------------------------------
WARNING: [Synth 8-7080] Parallel synthesis criteria is not met
---------------------------------------------------------------------------------
Finished Cross Boundary and Area Optimization : Time (s): cpu = 00:00:18 ; elapsed = 00:00:21 . Memory (MB): peak = 2265.512 ; gain = 689.941 ; free physical = 477 ; free virtual = 11351
---------------------------------------------------------------------------------
---------------------------------------------------------------------------------
Start ROM, RAM, DSP, Shift Register and Retiming Reporting
---------------------------------------------------------------------------------

Block RAM: Preliminary Mapping Report (see note below)
+------------+-------------+------------------------+---+---+------------------------+---+---+------------------+--------+--------+
|Module Name | RTL Object  | PORT A (Depth x Width) | W | R | PORT B (Depth x Width) | W | R | Ports driving FF | RAMB18 | RAMB36 | 
+------------+-------------+------------------------+---+---+------------------------+---+---+------------------+--------+--------+
|system      | RAM/mem_reg | 16 K x 32(READ_FIRST)  | W | R | 16 K x 32(WRITE_FIRST) |   | R | Port A and B     | 0      | 16     | 
+------------+-------------+------------------------+---+---+------------------------+---+---+------------------+--------+--------+

Note: The table above is a preliminary report that shows the Block RAMs at the current stage of the synthesis flow. Some Block RAMs may be reimplemented as non Block RAM primitives later in the synthesis flow. Multiple instantiated Block RAMs are reported only once. 
---------------------------------------------------------------------------------
Finished ROM, RAM, DSP, Shift Register and Retiming Reporting
---------------------------------------------------------------------------------
No constraint files found.
---------------------------------------------------------------------------------
Start ROM, RAM, DSP, Shift Register and Retiming Reporting
---------------------------------------------------------------------------------

Block RAM: Final Mapping Report
+------------+-------------+------------------------+---+---+------------------------+---+---+------------------+--------+--------+
|Module Name | RTL Object  | PORT A (Depth x Width) | W | R | PORT B (Depth x Width) | W | R | Ports driving FF | RAMB18 | RAMB36 | 
+------------+-------------+------------------------+---+---+------------------------+---+---+------------------+--------+--------+
|system      | RAM/mem_reg | 16 K x 32(READ_FIRST)  | W | R | 16 K x 32(WRITE_FIRST) |   | R | Port A and B     | 0      | 16     | 
+------------+-------------+------------------------+---+---+------------------------+---+---+------------------+--------+--------+

---------------------------------------------------------------------------------
Finished ROM, RAM, DSP, Shift Register and Retiming Reporting
---------------------------------------------------------------------------------
---------------------------------------------------------------------------------
Start Technology Mapping
---------------------------------------------------------------------------------
INFO: [Synth 8-7052] The timing for the instance RAM/mem_reg_0 (implemented as a Block RAM) might be sub-optimal as no optional output register could be merged into the ram block. Providing additional output register may help in improving timing.
INFO: [Synth 8-7052] The timing for the instance RAM/mem_reg_0 (implemented as a Block RAM) might be sub-optimal as no optional output register could be merged into the ram block. Providing additional output register may help in improving timing.
INFO: [Synth 8-7052] The timing for the instance RAM/mem_reg_1 (implemented as a Block RAM) might be sub-optimal as no optional output register could be merged into the ram block. Providing additional output register may help in improving timing.
INFO: [Synth 8-7052] The timing for the instance RAM/mem_reg_1 (implemented as a Block RAM) might be sub-optimal as no optional output register could be merged into the ram block. Providing additional output register may help in improving timing.
INFO: [Synth 8-7052] The timing for the instance RAM/mem_reg_2 (implemented as a Block RAM) might be sub-optimal as no optional output register could be merged into the ram block. Providing additional output register may help in improving timing.
INFO: [Synth 8-7052] The timing for the instance RAM/mem_reg_2 (implemented as a Block RAM) might be sub-optimal as no optional output register could be merged into the ram block. Providing additional output register may help in improving timing.
INFO: [Synth 8-7052] The timing for the instance RAM/mem_reg_3 (implemented as a Block RAM) might be sub-optimal as no optional output register could be merged into the ram block. Providing additional output register may help in improving timing.
INFO: [Synth 8-7052] The timing for the instance RAM/mem_reg_3 (implemented as a Block RAM) might be sub-optimal as no optional output register could be merged into the ram block. Providing additional output register may help in improving timing.
INFO: [Synth 8-7052] The timing for the instance RAM/mem_reg_4 (implemented as a Block RAM) might be sub-optimal as no optional output register could be merged into the ram block. Providing additional output register may help in improving timing.
INFO: [Synth 8-7052] The timing for the instance RAM/mem_reg_4 (implemented as a Block RAM) might be sub-optimal as no optional output register could be merged into the ram block. Providing additional output register may help in improving timing.
INFO: [Synth 8-7052] The timing for the instance RAM/mem_reg_5 (implemented as a Block RAM) might be sub-optimal as no optional output register could be merged into the ram block. Providing additional output register may help in improving timing.
INFO: [Synth 8-7052] The timing for the instance RAM/mem_reg_5 (implemented as a Block RAM) might be sub-optimal as no optional output register could be merged into the ram block. Providing additional output register may help in improving timing.
INFO: [Synth 8-7052] The timing for the instance RAM/mem_reg_6 (implemented as a Block RAM) might be sub-optimal as no optional output register could be merged into the ram block. Providing additional output register may help in improving timing.
INFO: [Synth 8-7052] The timing for the instance RAM/mem_reg_6 (implemented as a Block RAM) might be sub-optimal as no optional output register could be merged into the ram block. Providing additional output register may help in improving timing.
INFO: [Synth 8-7052] The timing for the instance RAM/mem_reg_7 (implemented as a Block RAM) might be sub-optimal as no optional output register could be merged into the ram block. Providing additional output register may help in improving timing.
INFO: [Synth 8-7052] The timing for the instance RAM/mem_reg_7 (implemented as a Block RAM) might be sub-optimal as no optional output register could be merged into the ram block. Providing additional output register may help in improving timing.
INFO: [Synth 8-7052] The timing for the instance RAM/mem_reg_8 (implemented as a Block RAM) might be sub-optimal as no optional output register could be merged into the ram block. Providing additional output register may help in improving timing.
INFO: [Synth 8-7052] The timing for the instance RAM/mem_reg_8 (implemented as a Block RAM) might be sub-optimal as no optional output register could be merged into the ram block. Providing additional output register may help in improving timing.
INFO: [Synth 8-7052] The timing for the instance RAM/mem_reg_9 (implemented as a Block RAM) might be sub-optimal as no optional output register could be merged into the ram block. Providing additional output register may help in improving timing.
INFO: [Synth 8-7052] The timing for the instance RAM/mem_reg_9 (implemented as a Block RAM) might be sub-optimal as no optional output register could be merged into the ram block. Providing additional output register may help in improving timing.
INFO: [Synth 8-7052] The timing for the instance RAM/mem_reg_10 (implemented as a Block RAM) might be sub-optimal as no optional output register could be merged into the ram block. Providing additional output register may help in improving timing.
INFO: [Synth 8-7052] The timing for the instance RAM/mem_reg_10 (implemented as a Block RAM) might be sub-optimal as no optional output register could be merged into the ram block. Providing additional output register may help in improving timing.
INFO: [Synth 8-7052] The timing for the instance RAM/mem_reg_11 (implemented as a Block RAM) might be sub-optimal as no optional output register could be merged into the ram block. Providing additional output register may help in improving timing.
INFO: [Synth 8-7052] The timing for the instance RAM/mem_reg_11 (implemented as a Block RAM) might be sub-optimal as no optional output register could be merged into the ram block. Providing additional output register may help in improving timing.
INFO: [Synth 8-7052] The timing for the instance RAM/mem_reg_12 (implemented as a Block RAM) might be sub-optimal as no optional output register could be merged into the ram block. Providing additional output register may help in improving timing.
INFO: [Synth 8-7052] The timing for the instance RAM/mem_reg_12 (implemented as a Block RAM) might be sub-optimal as no optional output register could be merged into the ram block. Providing additional output register may help in improving timing.
INFO: [Synth 8-7052] The timing for the instance RAM/mem_reg_13 (implemented as a Block RAM) might be sub-optimal as no optional output register could be merged into the ram block. Providing additional output register may help in improving timing.
INFO: [Synth 8-7052] The timing for the instance RAM/mem_reg_13 (implemented as a Block RAM) might be sub-optimal as no optional output register could be merged into the ram block. Providing additional output register may help in improving timing.
INFO: [Synth 8-7052] The timing for the instance RAM/mem_reg_14 (implemented as a Block RAM) might be sub-optimal as no optional output register could be merged into the ram block. Providing additional output register may help in improving timing.
INFO: [Synth 8-7052] The timing for the instance RAM/mem_reg_14 (implemented as a Block RAM) might be sub-optimal as no optional output register could be merged into the ram block. Providing additional output register may help in improving timing.
INFO: [Synth 8-7052] The timing for the instance RAM/mem_reg_15 (implemented as a Block RAM) might be sub-optimal as no optional output register could be merged into the ram block. Providing additional output register may help in improving timing.
INFO: [Synth 8-7052] The timing for the instance RAM/mem_reg_15 (implemented as a Block RAM) might be sub-optimal as no optional output register could be merged into the ram block. Providing additional output register may help in improving timing.
---------------------------------------------------------------------------------
Finished Technology Mapping : Time (s): cpu = 00:00:19 ; elapsed = 00:00:22 . Memory (MB): peak = 2265.512 ; gain = 689.941 ; free physical = 488 ; free virtual = 11361
---------------------------------------------------------------------------------
---------------------------------------------------------------------------------
Start IO Insertion
---------------------------------------------------------------------------------
---------------------------------------------------------------------------------
Start Flattening Before IO Insertion
---------------------------------------------------------------------------------
---------------------------------------------------------------------------------
Finished Flattening Before IO Insertion
---------------------------------------------------------------------------------
---------------------------------------------------------------------------------
Start Final Netlist Cleanup
---------------------------------------------------------------------------------
---------------------------------------------------------------------------------
Finished Final Netlist Cleanup
---------------------------------------------------------------------------------
---------------------------------------------------------------------------------
Finished IO Insertion : Time (s): cpu = 00:00:22 ; elapsed = 00:00:25 . Memory (MB): peak = 2265.512 ; gain = 689.941 ; free physical = 484 ; free virtual = 11358
---------------------------------------------------------------------------------
---------------------------------------------------------------------------------
Start Renaming Generated Instances
---------------------------------------------------------------------------------
---------------------------------------------------------------------------------
Finished Renaming Generated Instances : Time (s): cpu = 00:00:22 ; elapsed = 00:00:25 . Memory (MB): peak = 2265.512 ; gain = 689.941 ; free physical = 484 ; free virtual = 11358
---------------------------------------------------------------------------------
---------------------------------------------------------------------------------
Start Rebuilding User Hierarchy
---------------------------------------------------------------------------------
---------------------------------------------------------------------------------
Finished Rebuilding User Hierarchy : Time (s): cpu = 00:00:22 ; elapsed = 00:00:25 . Memory (MB): peak = 2265.512 ; gain = 689.941 ; free physical = 484 ; free virtual = 11358
---------------------------------------------------------------------------------
---------------------------------------------------------------------------------
Start Renaming Generated Ports
---------------------------------------------------------------------------------
---------------------------------------------------------------------------------
Finished Renaming Generated Ports : Time (s): cpu = 00:00:22 ; elapsed = 00:00:25 . Memory (MB): peak = 2265.512 ; gain = 689.941 ; free physical = 484 ; free virtual = 11358
---------------------------------------------------------------------------------
---------------------------------------------------------------------------------
Start Handling Custom Attributes
---------------------------------------------------------------------------------
---------------------------------------------------------------------------------
Finished Handling Custom Attributes : Time (s): cpu = 00:00:22 ; elapsed = 00:00:25 . Memory (MB): peak = 2265.512 ; gain = 689.941 ; free physical = 484 ; free virtual = 11358
---------------------------------------------------------------------------------
---------------------------------------------------------------------------------
Start Renaming Generated Nets
---------------------------------------------------------------------------------
---------------------------------------------------------------------------------
Finished Renaming Generated Nets : Time (s): cpu = 00:00:22 ; elapsed = 00:00:25 . Memory (MB): peak = 2265.512 ; gain = 689.941 ; free physical = 484 ; free virtual = 11358
---------------------------------------------------------------------------------
---------------------------------------------------------------------------------
Start Writing Synthesis Report
---------------------------------------------------------------------------------

Report BlackBoxes: 
+-+--------------+----------+
| |BlackBox name |Instances |
+-+--------------+----------+
+-+--------------+----------+

Report Cell Usage: 
+------+---------+------+
|      |Cell     |Count |
+------+---------+------+
|1     |BUFG     |     2|
|2     |CARRY4   |    62|
|3     |LUT1     |     5|
|4     |LUT2     |   199|
|5     |LUT3     |   163|
|6     |LUT4     |   124|
|7     |LUT5     |   299|
|8     |LUT6     |  1029|
|9     |MUXF7    |   256|
|10    |MUXF8    |    64|
|11    |RAMB36E1 |    16|
|12    |FDCE     |  1606|
|13    |FDPE     |     2|
|14    |IBUF     |    83|
|15    |OBUF     |    65|
+------+---------+------+

Report Instance Areas: 
+------+-------------+--------------+------+
|      |Instance     |Module        |Cells |
+------+-------------+--------------+------+
|1     |top          |              |  3975|
|2     |  CPU        |pipeline      |  3653|
|3     |    DP       |datapath      |  3651|
|4     |      DXREG  |id_ex         |   858|
|5     |      EXMREG |ex_mem        |   415|
|6     |      FDFREG |if_id         |   182|
|7     |      MWBREG |mem_wb        |   217|
|8     |      PC     |pc            |    57|
|9     |      REGF   |register_file |  1889|
|10    |  RAM        |ram           |   170|
+------+-------------+--------------+------+
---------------------------------------------------------------------------------
Finished Writing Synthesis Report : Time (s): cpu = 00:00:22 ; elapsed = 00:00:25 . Memory (MB): peak = 2265.512 ; gain = 689.941 ; free physical = 484 ; free virtual = 11358
---------------------------------------------------------------------------------
Synthesis finished with 0 errors, 0 critical warnings and 741 warnings.
Synthesis Optimization Runtime : Time (s): cpu = 00:00:22 ; elapsed = 00:00:25 . Memory (MB): peak = 2265.512 ; gain = 689.941 ; free physical = 484 ; free virtual = 11358
Synthesis Optimization Complete : Time (s): cpu = 00:00:22 ; elapsed = 00:00:25 . Memory (MB): peak = 2265.520 ; gain = 689.941 ; free physical = 482 ; free virtual = 11356
INFO: [Project 1-571] Translating synthesized netlist
Netlist sorting complete. Time (s): cpu = 00:00:00.02 ; elapsed = 00:00:00.03 . Memory (MB): peak = 2274.625 ; gain = 0.000 ; free physical = 762 ; free virtual = 11636
INFO: [Netlist 29-17] Analyzing 398 Unisim elements for replacement
INFO: [Netlist 29-28] Unisim Transformation completed in 0 CPU seconds
INFO: [Project 1-570] Preparing netlist for logic optimization
INFO: [Opt 31-138] Pushed 0 inverter(s) to 0 load pin(s).
Netlist sorting complete. Time (s): cpu = 00:00:00 ; elapsed = 00:00:00 . Memory (MB): peak = 2379.434 ; gain = 0.000 ; free physical = 718 ; free virtual = 11592
INFO: [Project 1-111] Unisim Transformation Summary:
No Unisim elements were transformed.

Synth Design complete | Checksum: 5b97c6a2
INFO: [Common 17-83] Releasing license: Synthesis
121 Infos, 158 Warnings, 0 Critical Warnings and 0 Errors encountered.
synth_design completed successfully
synth_design: Time (s): cpu = 00:00:28 ; elapsed = 00:00:29 . Memory (MB): peak = 2379.469 ; gain = 810.855 ; free physical = 718 ; free virtual = 11592
INFO: [Common 17-2834] synth_design peak Physical Memory [PSS] (MB): overall = 1885.077; main = 1651.514; forked = 437.056
INFO: [Common 17-2834] synth_design peak Virtual Memory [VSS] (MB): overall = 3892.062; main = 2379.438; forked = 1626.547
Write ShapeDB Complete: Time (s): cpu = 00:00:00.01 ; elapsed = 00:00:00.01 . Memory (MB): peak = 2411.449 ; gain = 0.000 ; free physical = 717 ; free virtual = 11591
INFO: [Common 17-1381] The checkpoint '/home/ecegridfs/a/437mg063/ece437/processors/build/system_synthesized.dcp' has been generated.
INFO: Starting implementation...
Command: opt_design
Attempting to get a license for feature 'Implementation' and/or device 'xc7s50'
INFO: [Common 17-349] Got license for feature 'Implementation' and/or device 'xc7s50'
Running DRC as a precondition to command opt_design

Starting DRC Task
INFO: [DRC 23-27] Running DRC with 8 threads
INFO: [Project 1-461] DRC finished with 0 Errors
INFO: [Project 1-462] Please refer to the DRC report (report_drc) for more information.

Time (s): cpu = 00:00:00.9 ; elapsed = 00:00:00.59 . Memory (MB): peak = 2443.465 ; gain = 32.016 ; free physical = 704 ; free virtual = 11579

Starting Cache Timing Information Task
INFO: [Timing 38-35] Done setting XDC timing constraints.
Ending Cache Timing Information Task | Checksum: a3196ec5

Time (s): cpu = 00:00:05 ; elapsed = 00:00:05 . Memory (MB): peak = 2615.285 ; gain = 171.820 ; free physical = 585 ; free virtual = 11459

Starting Logic Optimization Task

Phase 1 Initialization

Phase 1.1 Core Generation And Design Setup
Phase 1.1 Core Generation And Design Setup | Checksum: a3196ec5

Time (s): cpu = 00:00:00.01 ; elapsed = 00:00:00 . Memory (MB): peak = 2866.191 ; gain = 0.000 ; free physical = 325 ; free virtual = 11199

Phase 1.2 Setup Constraints And Sort Netlist
Phase 1.2 Setup Constraints And Sort Netlist | Checksum: a3196ec5

Time (s): cpu = 00:00:00.01 ; elapsed = 00:00:00.01 . Memory (MB): peak = 2866.191 ; gain = 0.000 ; free physical = 325 ; free virtual = 11199
Phase 1 Initialization | Checksum: a3196ec5

Time (s): cpu = 00:00:00.01 ; elapsed = 00:00:00.01 . Memory (MB): peak = 2866.191 ; gain = 0.000 ; free physical = 325 ; free virtual = 11199

Phase 2 Timer Update And Timing Data Collection

Phase 2.1 Timer Update
Phase 2.1 Timer Update | Checksum: a3196ec5

Time (s): cpu = 00:00:00.11 ; elapsed = 00:00:00.04 . Memory (MB): peak = 2866.191 ; gain = 0.000 ; free physical = 325 ; free virtual = 11199

Phase 2.2 Timing Data Collection
Phase 2.2 Timing Data Collection | Checksum: a3196ec5

Time (s): cpu = 00:00:00.12 ; elapsed = 00:00:00.05 . Memory (MB): peak = 2866.191 ; gain = 0.000 ; free physical = 325 ; free virtual = 11199
Phase 2 Timer Update And Timing Data Collection | Checksum: a3196ec5

Time (s): cpu = 00:00:00.12 ; elapsed = 00:00:00.05 . Memory (MB): peak = 2866.191 ; gain = 0.000 ; free physical = 325 ; free virtual = 11199

Phase 3 Retarget
INFO: [Opt 31-138] Pushed 0 inverter(s) to 0 load pin(s).
INFO: [Opt 31-49] Retargeted 0 cell(s).
Phase 3 Retarget | Checksum: 12790a192

Time (s): cpu = 00:00:00.16 ; elapsed = 00:00:00.1 . Memory (MB): peak = 2866.191 ; gain = 0.000 ; free physical = 325 ; free virtual = 11199
Retarget | Checksum: 12790a192
INFO: [Opt 31-389] Phase Retarget created 0 cells and removed 0 cells

Phase 4 Constant propagation
INFO: [Opt 31-138] Pushed 0 inverter(s) to 0 load pin(s).
Phase 4 Constant propagation | Checksum: 145f452f7

Time (s): cpu = 00:00:00.18 ; elapsed = 00:00:00.12 . Memory (MB): peak = 2866.191 ; gain = 0.000 ; free physical = 325 ; free virtual = 11199
Constant propagation | Checksum: 145f452f7
INFO: [Opt 31-389] Phase Constant propagation created 0 cells and removed 0 cells

Phase 5 Sweep
Phase 5 Sweep | Checksum: ac60481d

Time (s): cpu = 00:00:00.21 ; elapsed = 00:00:00.15 . Memory (MB): peak = 2866.191 ; gain = 0.000 ; free physical = 324 ; free virtual = 11199
Sweep | Checksum: ac60481d
INFO: [Opt 31-389] Phase Sweep created 0 cells and removed 0 cells

Phase 6 BUFG optimization
Phase 6 BUFG optimization | Checksum: ac60481d

Time (s): cpu = 00:00:00.25 ; elapsed = 00:00:00.18 . Memory (MB): peak = 2898.207 ; gain = 32.016 ; free physical = 324 ; free virtual = 11199
BUFG optimization | Checksum: ac60481d
INFO: [Opt 31-662] Phase BUFG optimization created 0 cells of which 0 are BUFGs and removed 0 cells.

Phase 7 Shift Register Optimization
INFO: [Opt 31-1064] SRL Remap converted 0 SRLs to 0 registers and converted 0 registers of register chains to 0 SRLs
Phase 7 Shift Register Optimization | Checksum: ac60481d

Time (s): cpu = 00:00:00.25 ; elapsed = 00:00:00.18 . Memory (MB): peak = 2898.207 ; gain = 32.016 ; free physical = 324 ; free virtual = 11199
Shift Register Optimization | Checksum: ac60481d
INFO: [Opt 31-389] Phase Shift Register Optimization created 0 cells and removed 0 cells

Phase 8 Post Processing Netlist
Phase 8 Post Processing Netlist | Checksum: ac60481d

Time (s): cpu = 00:00:00.26 ; elapsed = 00:00:00.19 . Memory (MB): peak = 2898.207 ; gain = 32.016 ; free physical = 324 ; free virtual = 11199
Post Processing Netlist | Checksum: ac60481d
INFO: [Opt 31-389] Phase Post Processing Netlist created 0 cells and removed 0 cells

Phase 9 Finalization

Phase 9.1 Finalizing Design Cores and Updating Shapes
Phase 9.1 Finalizing Design Cores and Updating Shapes | Checksum: deac0761

Time (s): cpu = 00:00:00.28 ; elapsed = 00:00:00.21 . Memory (MB): peak = 2898.207 ; gain = 32.016 ; free physical = 324 ; free virtual = 11199

Phase 9.2 Verifying Netlist Connectivity

Starting Connectivity Check Task

Time (s): cpu = 00:00:00.01 ; elapsed = 00:00:00.01 . Memory (MB): peak = 2898.207 ; gain = 0.000 ; free physical = 324 ; free virtual = 11199
Phase 9.2 Verifying Netlist Connectivity | Checksum: deac0761

Time (s): cpu = 00:00:00.29 ; elapsed = 00:00:00.22 . Memory (MB): peak = 2898.207 ; gain = 32.016 ; free physical = 324 ; free virtual = 11199
Phase 9 Finalization | Checksum: deac0761

Time (s): cpu = 00:00:00.29 ; elapsed = 00:00:00.22 . Memory (MB): peak = 2898.207 ; gain = 32.016 ; free physical = 324 ; free virtual = 11199
Opt_design Change Summary
=========================


-------------------------------------------------------------------------------------------------------------------------
|  Phase                        |  #Cells created  |  #Cells Removed  |  #Constrained objects preventing optimizations  |
-------------------------------------------------------------------------------------------------------------------------
|  Retarget                     |               0  |               0  |                                              0  |
|  Constant propagation         |               0  |               0  |                                              0  |
|  Sweep                        |               0  |               0  |                                              0  |
|  BUFG optimization            |               0  |               0  |                                              0  |
|  Shift Register Optimization  |               0  |               0  |                                              0  |
|  Post Processing Netlist      |               0  |               0  |                                              0  |
-------------------------------------------------------------------------------------------------------------------------


Ending Logic Optimization Task | Checksum: deac0761

Time (s): cpu = 00:00:00.29 ; elapsed = 00:00:00.22 . Memory (MB): peak = 2898.207 ; gain = 32.016 ; free physical = 324 ; free virtual = 11199
INFO: [Constraints 18-11670] Building netlist checker database with flags, 0x8
Done building netlist checker database: Time (s): cpu = 00:00:00 ; elapsed = 00:00:00 . Memory (MB): peak = 2898.207 ; gain = 0.000 ; free physical = 324 ; free virtual = 11199

Starting Power Optimization Task
INFO: [Pwropt 34-132] Skipping clock gating for clocks with a period < 2.00 ns.
INFO: [Timing 38-35] Done setting XDC timing constraints.
WARNING: [Power 33-232] No user defined clocks were found in the design! Power estimation will be inaccurate until this is corrected.
Resolution: Please specify clocks using create_clock/create_generated_clock for sequential elements. For pure combinatorial circuits, please specify a virtual clock, otherwise the vectorless estimation might be inaccurate
Running Vector-less Activity Propagation...
INFO: [Pwropt 34-9] Applying IDT optimizations ...
INFO: [Pwropt 34-10] Applying ODC optimizations ...

Finished Running Vector-less Activity Propagation


Starting PowerOpt Patch Enables Task
INFO: [Pwropt 34-162] WRITE_MODE attribute of 0 BRAM(s) out of a total of 16 has been updated to save power. Run report_power_opt to get a complete listing of the BRAMs updated.
INFO: [Pwropt 34-201] Structural ODC has moved 0 WE to EN ports
Number of BRAM Ports augmented: 0 newly gated: 0 Total Ports: 32
Ending PowerOpt Patch Enables Task | Checksum: deac0761

Time (s): cpu = 00:00:00.05 ; elapsed = 00:00:00.05 . Memory (MB): peak = 3074.262 ; gain = 0.000 ; free physical = 304 ; free virtual = 11179
Ending Power Optimization Task | Checksum: deac0761

Time (s): cpu = 00:00:02 ; elapsed = 00:00:00.93 . Memory (MB): peak = 3074.262 ; gain = 176.055 ; free physical = 304 ; free virtual = 11179

Starting Final Cleanup Task
Ending Final Cleanup Task | Checksum: deac0761

Time (s): cpu = 00:00:00 ; elapsed = 00:00:00 . Memory (MB): peak = 3074.262 ; gain = 0.000 ; free physical = 304 ; free virtual = 11179

Starting Netlist Obfuscation Task
Netlist sorting complete. Time (s): cpu = 00:00:00 ; elapsed = 00:00:00 . Memory (MB): peak = 3074.262 ; gain = 0.000 ; free physical = 304 ; free virtual = 11179
Ending Netlist Obfuscation Task | Checksum: deac0761

Time (s): cpu = 00:00:00 ; elapsed = 00:00:00 . Memory (MB): peak = 3074.262 ; gain = 0.000 ; free physical = 304 ; free virtual = 11179
INFO: [Common 17-83] Releasing license: Implementation
147 Infos, 159 Warnings, 0 Critical Warnings and 0 Errors encountered.
opt_design completed successfully
opt_design: Time (s): cpu = 00:00:10 ; elapsed = 00:00:09 . Memory (MB): peak = 3074.262 ; gain = 662.812 ; free physical = 304 ; free virtual = 11179
Command: place_design -directive RuntimeOptimized
Attempting to get a license for feature 'Implementation' and/or device 'xc7s50'
INFO: [Common 17-349] Got license for feature 'Implementation' and/or device 'xc7s50'
INFO: [Common 17-83] Releasing license: Implementation
INFO: [DRC 23-27] Running DRC with 8 threads
INFO: [Vivado_Tcl 4-198] DRC finished with 0 Errors
INFO: [Vivado_Tcl 4-199] Please refer to the DRC report (report_drc) for more information.
Running DRC as a precondition to command place_design
INFO: [DRC 23-27] Running DRC with 8 threads
INFO: [Vivado_Tcl 4-198] DRC finished with 0 Errors, 21 Warnings
INFO: [Vivado_Tcl 4-199] Please refer to the DRC report (report_drc) for more information.
INFO: [Place 46-5] The placer was invoked with the 'RuntimeOptimized' directive.
INFO: [Place 30-611] Multithreading enabled for place_design using a maximum of 8 CPUs

Starting Placer Task

Phase 1 Placer Initialization

Phase 1.1 Placer Initialization Netlist Sorting
Netlist sorting complete. Time (s): cpu = 00:00:00 ; elapsed = 00:00:00 . Memory (MB): peak = 3074.262 ; gain = 0.000 ; free physical = 304 ; free virtual = 11178
Phase 1.1 Placer Initialization Netlist Sorting | Checksum: a0a807b8

Time (s): cpu = 00:00:00 ; elapsed = 00:00:00.01 . Memory (MB): peak = 3074.262 ; gain = 0.000 ; free physical = 304 ; free virtual = 11178
Netlist sorting complete. Time (s): cpu = 00:00:00 ; elapsed = 00:00:00 . Memory (MB): peak = 3074.262 ; gain = 0.000 ; free physical = 304 ; free virtual = 11178

Phase 1.2 IO Placement/ Clock Placement/ Build Placer Device
INFO: [Timing 38-35] Done setting XDC timing constraints.
Phase 1.2 IO Placement/ Clock Placement/ Build Placer Device | Checksum: 12566aa4f

Time (s): cpu = 00:00:01 ; elapsed = 00:00:00.6 . Memory (MB): peak = 3074.262 ; gain = 0.000 ; free physical = 304 ; free virtual = 11178

Phase 1.3 Build Placer Netlist Model
Phase 1.3 Build Placer Netlist Model | Checksum: 125bf4440

Time (s): cpu = 00:00:01 ; elapsed = 00:00:00.72 . Memory (MB): peak = 3074.262 ; gain = 0.000 ; free physical = 304 ; free virtual = 11178

Phase 1.4 Constrain Clocks/Macros
Phase 1.4 Constrain Clocks/Macros | Checksum: 125bf4440

Time (s): cpu = 00:00:01 ; elapsed = 00:00:00.72 . Memory (MB): peak = 3074.262 ; gain = 0.000 ; free physical = 304 ; free virtual = 11178
Phase 1 Placer Initialization | Checksum: 125bf4440

Time (s): cpu = 00:00:01 ; elapsed = 00:00:00.73 . Memory (MB): peak = 3074.262 ; gain = 0.000 ; free physical = 304 ; free virtual = 11178

Phase 2 Global Placement

Phase 2.1 Floorplanning
Phase 2.1 Floorplanning | Checksum: 125bf4440

Time (s): cpu = 00:00:01 ; elapsed = 00:00:00.73 . Memory (MB): peak = 3074.262 ; gain = 0.000 ; free physical = 304 ; free virtual = 11178

Phase 2.2 Update Timing before SLR Path Opt
Phase 2.2 Update Timing before SLR Path Opt | Checksum: 125bf4440

Time (s): cpu = 00:00:01 ; elapsed = 00:00:00.73 . Memory (MB): peak = 3074.262 ; gain = 0.000 ; free physical = 304 ; free virtual = 11178

Phase 2.3 Post-Processing in Floorplanning
Phase 2.3 Post-Processing in Floorplanning | Checksum: 125bf4440

Time (s): cpu = 00:00:01 ; elapsed = 00:00:00.74 . Memory (MB): peak = 3074.262 ; gain = 0.000 ; free physical = 304 ; free virtual = 11178

Phase 2.4 Global Placement Core
Phase 2.4 Global Placement Core | Checksum: 139dabe00

Time (s): cpu = 00:00:06 ; elapsed = 00:00:02 . Memory (MB): peak = 3074.262 ; gain = 0.000 ; free physical = 282 ; free virtual = 11156
Phase 2 Global Placement | Checksum: 139dabe00

Time (s): cpu = 00:00:06 ; elapsed = 00:00:02 . Memory (MB): peak = 3074.262 ; gain = 0.000 ; free physical = 282 ; free virtual = 11156

Phase 3 Detail Placement

Phase 3.1 Commit Multi Column Macros
Phase 3.1 Commit Multi Column Macros | Checksum: 139dabe00

Time (s): cpu = 00:00:06 ; elapsed = 00:00:02 . Memory (MB): peak = 3074.262 ; gain = 0.000 ; free physical = 282 ; free virtual = 11156

Phase 3.2 Commit Most Macros & LUTRAMs
Phase 3.2 Commit Most Macros & LUTRAMs | Checksum: 1b1622197

Time (s): cpu = 00:00:06 ; elapsed = 00:00:02 . Memory (MB): peak = 3074.262 ; gain = 0.000 ; free physical = 282 ; free virtual = 11156

Phase 3.3 Area Swap Optimization
Phase 3.3 Area Swap Optimization | Checksum: 1f9a31581

Time (s): cpu = 00:00:07 ; elapsed = 00:00:02 . Memory (MB): peak = 3074.262 ; gain = 0.000 ; free physical = 282 ; free virtual = 11156

Phase 3.4 Pipeline Register Optimization
Phase 3.4 Pipeline Register Optimization | Checksum: 1f9a31581

Time (s): cpu = 00:00:07 ; elapsed = 00:00:02 . Memory (MB): peak = 3074.262 ; gain = 0.000 ; free physical = 282 ; free virtual = 11156

Phase 3.5 Small Shape Detail Placement
Phase 3.5 Small Shape Detail Placement | Checksum: 1a1d9fb3e

Time (s): cpu = 00:00:08 ; elapsed = 00:00:03 . Memory (MB): peak = 3074.262 ; gain = 0.000 ; free physical = 283 ; free virtual = 11157

Phase 3.6 Re-assign LUT pins
Phase 3.6 Re-assign LUT pins | Checksum: 1a1d9fb3e

Time (s): cpu = 00:00:08 ; elapsed = 00:00:03 . Memory (MB): peak = 3074.262 ; gain = 0.000 ; free physical = 283 ; free virtual = 11157

Phase 3.7 Pipeline Register Optimization
Phase 3.7 Pipeline Register Optimization | Checksum: 1a1d9fb3e

Time (s): cpu = 00:00:08 ; elapsed = 00:00:03 . Memory (MB): peak = 3074.262 ; gain = 0.000 ; free physical = 283 ; free virtual = 11157
Phase 3 Detail Placement | Checksum: 1a1d9fb3e

Time (s): cpu = 00:00:08 ; elapsed = 00:00:03 . Memory (MB): peak = 3074.262 ; gain = 0.000 ; free physical = 283 ; free virtual = 11157

Phase 4 Post Placement Optimization and Clean-Up

Phase 4.1 Post Commit Optimization
Phase 4.1 Post Commit Optimization | Checksum: 1a1d9fb3e

Time (s): cpu = 00:00:08 ; elapsed = 00:00:03 . Memory (MB): peak = 3074.262 ; gain = 0.000 ; free physical = 283 ; free virtual = 11157

Phase 4.2 Post Placement Cleanup
Phase 4.2 Post Placement Cleanup | Checksum: 1a1d9fb3e

Time (s): cpu = 00:00:08 ; elapsed = 00:00:03 . Memory (MB): peak = 3074.262 ; gain = 0.000 ; free physical = 283 ; free virtual = 11157

Phase 4.3 Placer Reporting

Phase 4.3.1 Print Estimated Congestion
INFO: [Place 30-612] Post-Placement Estimated Congestion 
 ____________________________________________________
|           | Global Congestion | Short Congestion  |
| Direction | Region Size       | Region Size       |
|___________|___________________|___________________|
|      North|                1x1|                2x2|
|___________|___________________|___________________|
|      South|                1x1|                1x1|
|___________|___________________|___________________|
|       East|                1x1|                1x1|
|___________|___________________|___________________|
|       West|                1x1|                1x1|
|___________|___________________|___________________|

Phase 4.3.1 Print Estimated Congestion | Checksum: 1a1d9fb3e

Time (s): cpu = 00:00:08 ; elapsed = 00:00:03 . Memory (MB): peak = 3074.262 ; gain = 0.000 ; free physical = 283 ; free virtual = 11157
Phase 4.3 Placer Reporting | Checksum: 1a1d9fb3e

Time (s): cpu = 00:00:08 ; elapsed = 00:00:03 . Memory (MB): peak = 3074.262 ; gain = 0.000 ; free physical = 283 ; free virtual = 11157

Phase 4.4 Final Placement Cleanup
Netlist sorting complete. Time (s): cpu = 00:00:00 ; elapsed = 00:00:00 . Memory (MB): peak = 3074.262 ; gain = 0.000 ; free physical = 283 ; free virtual = 11157

Time (s): cpu = 00:00:08 ; elapsed = 00:00:03 . Memory (MB): peak = 3074.262 ; gain = 0.000 ; free physical = 283 ; free virtual = 11157
Phase 4 Post Placement Optimization and Clean-Up | Checksum: 20b7b4b23

Time (s): cpu = 00:00:08 ; elapsed = 00:00:03 . Memory (MB): peak = 3074.262 ; gain = 0.000 ; free physical = 283 ; free virtual = 11157
Ending Placer Task | Checksum: 1523b16c0

Time (s): cpu = 00:00:08 ; elapsed = 00:00:03 . Memory (MB): peak = 3074.262 ; gain = 0.000 ; free physical = 283 ; free virtual = 11157
159 Infos, 159 Warnings, 0 Critical Warnings and 0 Errors encountered.
place_design completed successfully
Command: route_design -directive RuntimeOptimized
Attempting to get a license for feature 'Implementation' and/or device 'xc7s50'
INFO: [Common 17-349] Got license for feature 'Implementation' and/or device 'xc7s50'
Running DRC as a precondition to command route_design
INFO: [DRC 23-27] Running DRC with 8 threads
INFO: [Vivado_Tcl 4-198] DRC finished with 0 Errors
INFO: [Vivado_Tcl 4-199] Please refer to the DRC report (report_drc) for more information.


Starting Routing Task
INFO: [Route 35-270] Using Router directive 'RuntimeOptimized'.
INFO: [Route 35-254] Multithreading enabled for route_design using a maximum of 8 CPUs

Phase 1 Build RT Design
Checksum: PlaceDB: 9637bfd6 ConstDB: 0 ShapeSum: bc0356ea RouteDB: 0
Post Restoration Checksum: NetGraph: bb7c700f | NumContArr: eeba08f5 | Constraints: c2a8fa9d | Timing: c2a8fa9d
Phase 1 Build RT Design | Checksum: 32f886e3e

Time (s): cpu = 00:00:14 ; elapsed = 00:00:12 . Memory (MB): peak = 3074.262 ; gain = 0.000 ; free physical = 278 ; free virtual = 11153

Phase 2 Router Initialization
INFO: [Route 35-64] No timing constraints were detected. The router will operate in resource-optimization mode.

Phase 2.1 Fix Topology Constraints
Phase 2.1 Fix Topology Constraints | Checksum: 32f886e3e

Time (s): cpu = 00:00:14 ; elapsed = 00:00:12 . Memory (MB): peak = 3074.262 ; gain = 0.000 ; free physical = 278 ; free virtual = 11153

Phase 2.2 Pre Route Cleanup
Phase 2.2 Pre Route Cleanup | Checksum: 32f886e3e

Time (s): cpu = 00:00:14 ; elapsed = 00:00:12 . Memory (MB): peak = 3074.262 ; gain = 0.000 ; free physical = 278 ; free virtual = 11153
 Number of Nodes with overlaps = 0

Router Utilization Summary
  Global Vertical Routing Utilization    = 0 %
  Global Horizontal Routing Utilization  = 0 %
  Routable Net Status*
  *Does not include unroutable nets such as driverless and loadless.
  Run report_route_status for detailed report.
  Number of Failed Nets               = 3036
    (Failed Nets is the sum of unrouted and partially routed nets)
  Number of Unrouted Nets             = 3036
  Number of Partially Routed Nets     = 0
  Number of Node Overlaps             = 0

Phase 2 Router Initialization | Checksum: 28baa14a1

Time (s): cpu = 00:00:15 ; elapsed = 00:00:13 . Memory (MB): peak = 3074.262 ; gain = 0.000 ; free physical = 278 ; free virtual = 11153

Phase 3 Initial Routing

Phase 3.1 Global Routing
Phase 3.1 Global Routing | Checksum: 28baa14a1

Time (s): cpu = 00:00:15 ; elapsed = 00:00:13 . Memory (MB): peak = 3074.262 ; gain = 0.000 ; free physical = 278 ; free virtual = 11153

Phase 3.2 Initial Net Routing
Phase 3.2 Initial Net Routing | Checksum: 2c8e323b6

Time (s): cpu = 00:00:17 ; elapsed = 00:00:13 . Memory (MB): peak = 3074.262 ; gain = 0.000 ; free physical = 277 ; free virtual = 11152
Phase 3 Initial Routing | Checksum: 2c8e323b6

Time (s): cpu = 00:00:17 ; elapsed = 00:00:13 . Memory (MB): peak = 3074.262 ; gain = 0.000 ; free physical = 277 ; free virtual = 11152

Phase 4 Rip-up And Reroute

Phase 4.1 Global Iteration 0
 Number of Nodes with overlaps = 328
 Number of Nodes with overlaps = 3
 Number of Nodes with overlaps = 0
Phase 4.1 Global Iteration 0 | Checksum: 263172c76

Time (s): cpu = 00:00:18 ; elapsed = 00:00:14 . Memory (MB): peak = 3074.262 ; gain = 0.000 ; free physical = 277 ; free virtual = 11152
Phase 4 Rip-up And Reroute | Checksum: 263172c76

Time (s): cpu = 00:00:18 ; elapsed = 00:00:14 . Memory (MB): peak = 3074.262 ; gain = 0.000 ; free physical = 277 ; free virtual = 11152

Phase 5 Delay and Skew Optimization
Phase 5 Delay and Skew Optimization | Checksum: 263172c76

Time (s): cpu = 00:00:18 ; elapsed = 00:00:14 . Memory (MB): peak = 3074.262 ; gain = 0.000 ; free physical = 277 ; free virtual = 11152

Phase 6 Post Hold Fix

Phase 6.1 Hold Fix Iter
Phase 6.1 Hold Fix Iter | Checksum: 263172c76

Time (s): cpu = 00:00:18 ; elapsed = 00:00:14 . Memory (MB): peak = 3074.262 ; gain = 0.000 ; free physical = 277 ; free virtual = 11152
Phase 6 Post Hold Fix | Checksum: 263172c76

Time (s): cpu = 00:00:18 ; elapsed = 00:00:14 . Memory (MB): peak = 3074.262 ; gain = 0.000 ; free physical = 277 ; free virtual = 11152

Phase 7 Route finalize

Router Utilization Summary
  Global Vertical Routing Utilization    = 1.32337 %
  Global Horizontal Routing Utilization  = 1.65331 %
  Routable Net Status*
  *Does not include unroutable nets such as driverless and loadless.
  Run report_route_status for detailed report.
  Number of Failed Nets               = 0
    (Failed Nets is the sum of unrouted and partially routed nets)
  Number of Unrouted Nets             = 0
  Number of Partially Routed Nets     = 0
  Number of Node Overlaps             = 0


--GLOBAL Congestion:
Utilization threshold used for congestion level computation: 0.85
Congestion Report
North Dir 1x1 Area, Max Cong = 38.7387%, No Congested Regions.
South Dir 1x1 Area, Max Cong = 42.3423%, No Congested Regions.
East Dir 1x1 Area, Max Cong = 50%, No Congested Regions.
West Dir 1x1 Area, Max Cong = 42.6471%, No Congested Regions.

------------------------------
Reporting congestion hotspots
------------------------------
Direction: North
----------------
Congested clusters found at Level 0
Effective congestion level: 0 Aspect Ratio: 1 Sparse Ratio: 0
Direction: South
----------------
Congested clusters found at Level 0
Effective congestion level: 0 Aspect Ratio: 1 Sparse Ratio: 0
Direction: East
----------------
Congested clusters found at Level 0
Effective congestion level: 0 Aspect Ratio: 1 Sparse Ratio: 0
Direction: West
----------------
Congested clusters found at Level 0
Effective congestion level: 0 Aspect Ratio: 1 Sparse Ratio: 0

Phase 7 Route finalize | Checksum: 263172c76

Time (s): cpu = 00:00:18 ; elapsed = 00:00:14 . Memory (MB): peak = 3074.262 ; gain = 0.000 ; free physical = 277 ; free virtual = 11152

Phase 8 Verifying routed nets

 Verification completed successfully
Phase 8 Verifying routed nets | Checksum: 263172c76

Time (s): cpu = 00:00:18 ; elapsed = 00:00:14 . Memory (MB): peak = 3074.262 ; gain = 0.000 ; free physical = 276 ; free virtual = 11152

Phase 9 Depositing Routes
Phase 9 Depositing Routes | Checksum: 285e6ddec

Time (s): cpu = 00:00:18 ; elapsed = 00:00:14 . Memory (MB): peak = 3074.262 ; gain = 0.000 ; free physical = 276 ; free virtual = 11151
INFO: [Route 35-16] Router Completed Successfully

Phase 10 Post-Route Event Processing
Phase 10 Post-Route Event Processing | Checksum: 15c3b57f7

Time (s): cpu = 00:00:18 ; elapsed = 00:00:14 . Memory (MB): peak = 3074.262 ; gain = 0.000 ; free physical = 276 ; free virtual = 11151
Ending Routing Task | Checksum: 15c3b57f7

Time (s): cpu = 00:00:18 ; elapsed = 00:00:14 . Memory (MB): peak = 3074.262 ; gain = 0.000 ; free physical = 276 ; free virtual = 11151

Routing Is Done.
INFO: [Common 17-83] Releasing license: Implementation
168 Infos, 159 Warnings, 0 Critical Warnings and 0 Errors encountered.
route_design completed successfully
route_design: Time (s): cpu = 00:00:20 ; elapsed = 00:00:14 . Memory (MB): peak = 3074.262 ; gain = 0.000 ; free physical = 276 ; free virtual = 11151
Write ShapeDB Complete: Time (s): cpu = 00:00:00.01 ; elapsed = 00:00:00.02 . Memory (MB): peak = 3074.262 ; gain = 0.000 ; free physical = 276 ; free virtual = 11151
Wrote PlaceDB: Time (s): cpu = 00:00:00.38 ; elapsed = 00:00:00.16 . Memory (MB): peak = 3074.262 ; gain = 0.000 ; free physical = 273 ; free virtual = 11152
Wrote PulsedLatchDB: Time (s): cpu = 00:00:00 ; elapsed = 00:00:00 . Memory (MB): peak = 3074.262 ; gain = 0.000 ; free physical = 271 ; free virtual = 11149
Writing XDEF routing.
Writing XDEF routing logical nets.
Writing XDEF routing special nets.
Wrote RouteStorage: Time (s): cpu = 00:00:00.07 ; elapsed = 00:00:00.07 . Memory (MB): peak = 3074.262 ; gain = 0.000 ; free physical = 270 ; free virtual = 11150
Wrote Netlist Cache: Time (s): cpu = 00:00:00 ; elapsed = 00:00:00.01 . Memory (MB): peak = 3074.262 ; gain = 0.000 ; free physical = 271 ; free virtual = 11150
Wrote Device Cache: Time (s): cpu = 00:00:00 ; elapsed = 00:00:00 . Memory (MB): peak = 3074.262 ; gain = 0.000 ; free physical = 271 ; free virtual = 11151
Write Physdb Complete: Time (s): cpu = 00:00:00.48 ; elapsed = 00:00:00.34 . Memory (MB): peak = 3074.262 ; gain = 0.000 ; free physical = 271 ; free virtual = 11151
INFO: [Common 17-1381] The checkpoint '/home/ecegridfs/a/437mg063/ece437/processors/build/system_routed.dcp' has been generated.
INFO: Implementation checkpoint written to './build/system_routed.dcp'.
# if {[file exists $impl_dcp_file]} {
#     puts "INFO: Opening final checkpoint to generate reports."; open_checkpoint $impl_dcp_file
#     if {$do_timing} {
#         puts "================================================================"; puts "Calculating Maximum Frequency (Fmax) for each clock..."
#         set all_clocks [get_clocks]
#         foreach clock_name [get_property NAME $all_clocks] {
#             if {[llength [get_clocks $clock_name]] > 0} {
#                 set target_period [get_property PERIOD [get_clocks $clock_name]]
#                 set timing_paths [get_timing_paths -setup -nworst 1 -max_paths 1 -from [get_clocks $clock_name] -to [get_clocks $clock_name]]
#                 if {[llength $timing_paths] > 0} {
#                     set wns [get_property SLACK $timing_paths]; set actual_period [expr {$target_period - $wns}]
#                     if {$actual_period > 0} {
#                         set fmax_mhz [expr {1000.0 / $actual_period}]; set target_fmax_mhz [expr {1000.0 / $target_period}]
#                         puts [format "  - Clock: %-15s | Target: %7.2f MHz | Fmax: %7.2f MHz" $clock_name $target_fmax_mhz $fmax_mhz]
#                     } else { puts "  - Clock: $clock_name -> Path failed timing too severely to calculate Fmax." }
#                 } else { puts "  - Clock: $clock_name -> No intra-clock paths found." }
#             }
#         }
#         puts "================================================================"
#     }
#     report_utilization -file $output_dir/utilization.rpt; report_timing_summary -file $output_dir/timing.rpt
#     puts "INFO: Reports generated in '$output_dir'."
# } else { puts "WARNING: Final checkpoint not found. Cannot generate reports." }
INFO: Opening final checkpoint to generate reports.
Command: open_checkpoint ./build/system_routed.dcp

Starting open_checkpoint Task

Time (s): cpu = 00:00:00 ; elapsed = 00:00:00 . Memory (MB): peak = 3074.262 ; gain = 0.000 ; free physical = 295 ; free virtual = 11170
Netlist sorting complete. Time (s): cpu = 00:00:00.02 ; elapsed = 00:00:00.01 . Memory (MB): peak = 3074.262 ; gain = 0.000 ; free physical = 294 ; free virtual = 11169
INFO: [Netlist 29-17] Analyzing 398 Unisim elements for replacement
INFO: [Netlist 29-28] Unisim Transformation completed in 0 CPU seconds
INFO: [Project 1-479] Netlist was created with Vivado 2023.2
INFO: [Project 1-570] Preparing netlist for logic optimization
Read ShapeDB Complete: Time (s): cpu = 00:00:00.01 ; elapsed = 00:00:00.02 . Memory (MB): peak = 3074.262 ; gain = 0.000 ; free physical = 292 ; free virtual = 11163
INFO: [Designutils 20-5722] Start Reading Physical Databases.
Reading placement.
Read Netlist Cache: Time (s): cpu = 00:00:00.01 ; elapsed = 00:00:00 . Memory (MB): peak = 3074.262 ; gain = 0.000 ; free physical = 292 ; free virtual = 11163
Reading placer database...
Read Device Cache: Time (s): cpu = 00:00:00 ; elapsed = 00:00:00.01 . Memory (MB): peak = 3074.262 ; gain = 0.000 ; free physical = 293 ; free virtual = 11161
Read PlaceDB: Time (s): cpu = 00:00:00.12 ; elapsed = 00:00:00.12 . Memory (MB): peak = 3074.262 ; gain = 0.000 ; free physical = 293 ; free virtual = 11161
Read PulsedLatchDB: Time (s): cpu = 00:00:00 ; elapsed = 00:00:00 . Memory (MB): peak = 3074.262 ; gain = 0.000 ; free physical = 293 ; free virtual = 11161
Reading routing.
Read RouteStorage: Time (s): cpu = 00:00:00.06 ; elapsed = 00:00:00.05 . Memory (MB): peak = 3074.262 ; gain = 0.000 ; free physical = 293 ; free virtual = 11161
Read Physdb Files: Time (s): cpu = 00:00:00.19 ; elapsed = 00:00:00.2 . Memory (MB): peak = 3074.262 ; gain = 0.000 ; free physical = 293 ; free virtual = 11161
Restored from archive | CPU: 0.190000 secs | Memory: 4.336716 MB |
Finished XDEF File Restore: Time (s): cpu = 00:00:00.19 ; elapsed = 00:00:00.2 . Memory (MB): peak = 3074.262 ; gain = 0.000 ; free physical = 293 ; free virtual = 11161
Netlist sorting complete. Time (s): cpu = 00:00:00 ; elapsed = 00:00:00 . Memory (MB): peak = 3074.262 ; gain = 0.000 ; free physical = 293 ; free virtual = 11161
INFO: [Project 1-111] Unisim Transformation Summary:
No Unisim elements were transformed.

INFO: [Project 1-604] Checkpoint was created with Vivado v2023.2 (64-bit) build 4029153
INFO: [Timing 38-35] Done setting XDC timing constraints.
INFO: [Timing 38-91] UpdateTimingParams: Speed grade: -1, Delay Type: min_max.
INFO: [Timing 38-191] Multithreading enabled for timing update using a maximum of 8 CPUs
INFO: Reports generated in './build'.
# puts "INFO: Script finished successfully."
INFO: Script finished successfully.
INFO: [Common 17-206] Exiting Vivado at Wed Oct  8 20:51:34 2025...
