#-----------------------------------------------------------
# Vivado v2023.2 (64-bit)
# SW Build 4029153 on Fri Oct 13 20:13:54 MDT 2023
# IP Build 4028589 on Sat Oct 14 00:45:43 MDT 2023
# SharedData Build 4025554 on Tue Oct 10 17:18:54 MDT 2023
# Start of session at: Wed Sep  3 18:20:37 2025
# Process ID: 128819
# Current directory: /home/ecegridfs/a/437mg063/ece437/processors
# Command line: vivado -mode batch -source /home/ecegrid/a/ece437l/tools/vivado_extra/bitstream_nonproject_dl.tcl -log build/bitstream_nonproject_dl.log -journal build/bitstream_nonproject_dl.jou -tclargs alu_fpga
# Log file: /home/ecegridfs/a/437mg063/ece437/processors/build/bitstream_nonproject_dl.log
# Journal file: /home/ecegridfs/a/437mg063/ece437/processors/build/bitstream_nonproject_dl.jou
# Running On: cparch09.ecn.purdue.edu, OS: Linux, CPU Frequency: 3400.000 MHz, CPU Physical cores: 4, Host memory: 16387 MB
#-----------------------------------------------------------
source /home/ecegrid/a/ece437l/tools/vivado_extra/bitstream_nonproject_dl.tcl
# set output_dir ./build
# if {[lindex $argv 0] != "system_fpga"} {
#     set design_top [lindex $argv 0]
# } else {
#     set design_top "system_fpga"
#     set mem_fpga "memfpga.mem"
#     set mem_input "meminit.mem"
# 
#     if {![file exists $mem_input]} {
#         puts "Need to retry after compiling and converting meminit.hex into meminit.mem"
#         exit 1
#     }
# }
# open_hw_manager
open_hw_manager: Time (s): cpu = 00:00:06 ; elapsed = 00:00:07 . Memory (MB): peak = 1587.430 ; gain = 37.867 ; free physical = 4920 ; free virtual = 17763
# connect_hw_server
INFO: [Labtools 27-2285] Connecting to hw_server url TCP:localhost:3121
INFO: [Labtools 27-2222] Launching hw_server...
INFO: [Labtools 27-2221] Launch Output:

****** Xilinx hw_server v2023.2
  **** Build date : Oct 13 2023 at 20:26:23
    ** Copyright 1986-2022 Xilinx, Inc. All Rights Reserved.


INFO: [Labtools 27-3415] Connecting to cs_server url TCP:localhost:0
INFO: [Labtools 27-3417] Launching cs_server...
INFO: [Labtools 27-2221] Launch Output:


******** Xilinx cs_server v2023.2.0
  ****** Build date   : Oct 10 2023-00:01:56
    **** Build number : 2023.2.1696910516
      ** Copyright 2017-2022 Xilinx, Inc. All Rights Reserved.
      ** Copyright 2022-2025 Advanced Micro Devices, Inc. All Rights Reserved.



# open_hw_target
INFO: [Labtoolstcl 44-466] Opening hw_target localhost:3121/xilinx_tcf/Xilinx/8874042405ADA
# current_hw_target [get_hw_targets *]
# set_property PROGRAM.FILE "$output_dir/$design_top.bit" [get_hw_devices xc7s50_0]
# program_hw_devices [get_hw_devices xc7s50_0]
INFO: [Labtools 27-3164] End of startup status: HIGH
# report_property [get_hw_devices]
Property                                                            Type          Read-only  Value
CLASS                                                               string        true       hw_device
NAME                                                                string        true       xc7s50_0
PART                                                                string        true       xc7s50
VARIANT_NAME                                                        string        true       
PROGRAM.LOG                                                         string        true       
INDEX                                                               int           true       0
IDCODE                                                              string        true       00000011011000101111000010010011
IDCODE_HEX                                                          string        true       0362F093
IR_LENGTH                                                           int           true       6
USER_CHAIN_COUNT                                                    string        true       4
IS_SYSMON_SUPPORTED                                                 bool          true       1
PROGRAM.IS_SUPPORTED                                                bool          true       1
PROGRAM.FILE                                                        string        false      ./build/alu_fpga.bit
PROGRAM.OPTIONS                                                     string        false      
PROGRAM.HW_BITSTREAM                                                hw_bitstream  true       ./build/alu_fpga.bit
AUTH_JTAG.FILE                                                      string        false      
PROBES.FILE                                                         string        false      
FULL_PROBES.FILE                                                    string        false      
PARTIAL_PROBES.FILES                                                string*       false      
PROGRAM.HW_CFGMEM                                                   hw_cfgmem     true       
PROGRAM.HW_CFGMEM_BITFILE                                           string        true       
PROGRAM.HW_CFGMEM_TYPE                                              string        true       
PROGRAM.READBACK_FILE                                               string        false      
PROGRAM.IS_RSA_PROGRAMMED                                           bool          true       0
PROGRAM.IS_AES_PROGRAMMED                                           bool          true       0
PROGRAM.DPA_PROTECT                                                 bool          false      0
PROGRAM.DPA_COUNT                                                   int           false      0
PROGRAM.DPA_MODE                                                    string        false      
REGISTER.BOOT_STATUS                                                string        true       00000000000000000000000000000001
REGISTER.BOOT_STATUS.BIT00_0_STATUS_VALID                           string        true       1
REGISTER.BOOT_STATUS.BIT01_0_FALLBACK                               string        true       0
REGISTER.BOOT_STATUS.BIT02_0_INTERNAL_PROG                          string        true       0
REGISTER.BOOT_STATUS.BIT03_0_WATCHDOG_TIMEOUT_ERROR                 string        true       0
REGISTER.BOOT_STATUS.BIT04_0_ID_ERROR                               string        true       0
REGISTER.BOOT_STATUS.BIT05_0_CRC_ERROR                              string        true       0
REGISTER.BOOT_STATUS.BIT06_0_WRAP_ERROR                             string        true       0
REGISTER.BOOT_STATUS.BIT07_0_SECURITY_ERROR                         string        true       0
REGISTER.BOOT_STATUS.BIT08_1_STATUS_VALID                           string        true       0
REGISTER.BOOT_STATUS.BIT09_1_FALLBACK                               string        true       0
REGISTER.BOOT_STATUS.BIT10_1_INTERNAL_PROG                          string        true       0
REGISTER.BOOT_STATUS.BIT11_1_WATCHDOG_TIMEOUT_ERROR                 string        true       0
REGISTER.BOOT_STATUS.BIT12_1_ID_ERROR                               string        true       0
REGISTER.BOOT_STATUS.BIT13_1_CRC_ERROR                              string        true       0
REGISTER.BOOT_STATUS.BIT14_1_WRAP_ERROR                             string        true       0
REGISTER.BOOT_STATUS.BIT15_1_SECURITY_ERROR                         string        true       0
REGISTER.BOOT_STATUS.BIT16_RESERVED                                 string        true       0000000000000000
REGISTER.CONFIG_STATUS                                              string        true       01010000000100000111110111111100
REGISTER.CONFIG_STATUS.BIT00_CRC_ERROR                              string        true       0
REGISTER.CONFIG_STATUS.BIT01_DECRYPTOR_ENABLE                       string        true       0
REGISTER.CONFIG_STATUS.BIT02_PLL_LOCK_STATUS                        string        true       1
REGISTER.CONFIG_STATUS.BIT03_DCI_MATCH_STATUS                       string        true       1
REGISTER.CONFIG_STATUS.BIT04_END_OF_STARTUP_(EOS)_STATUS            string        true       1
REGISTER.CONFIG_STATUS.BIT05_GTS_CFG_B_STATUS                       string        true       1
REGISTER.CONFIG_STATUS.BIT06_GWE_STATUS                             string        true       1
REGISTER.CONFIG_STATUS.BIT07_GHIGH_STATUS                           string        true       1
REGISTER.CONFIG_STATUS.BIT08_MODE_PIN_M[0]                          string        true       1
REGISTER.CONFIG_STATUS.BIT09_MODE_PIN_M[1]                          string        true       0
REGISTER.CONFIG_STATUS.BIT10_MODE_PIN_M[2]                          string        true       1
REGISTER.CONFIG_STATUS.BIT11_INIT_B_INTERNAL_SIGNAL_STATUS          string        true       1
REGISTER.CONFIG_STATUS.BIT12_INIT_B_PIN                             string        true       1
REGISTER.CONFIG_STATUS.BIT13_DONE_INTERNAL_SIGNAL_STATUS            string        true       1
REGISTER.CONFIG_STATUS.BIT14_DONE_PIN                               string        true       1
REGISTER.CONFIG_STATUS.BIT15_IDCODE_ERROR                           string        true       0
REGISTER.CONFIG_STATUS.BIT16_SECURITY_ERROR                         string        true       0
REGISTER.CONFIG_STATUS.BIT17_SYSTEM_MONITOR_OVER-TEMP_ALARM_STATUS  string        true       0
REGISTER.CONFIG_STATUS.BIT18_CFG_STARTUP_STATE_MACHINE_PHASE        string        true       100
REGISTER.CONFIG_STATUS.BIT21_RESERVED                               string        true       0000
REGISTER.CONFIG_STATUS.BIT25_CFG_BUS_WIDTH_DETECTION                string        true       00
REGISTER.CONFIG_STATUS.BIT27_HMAC_ERROR                             string        true       0
REGISTER.CONFIG_STATUS.BIT28_PUDC_B_PIN                             string        true       1
REGISTER.CONFIG_STATUS.BIT29_BAD_PACKET_ERROR                       string        true       0
REGISTER.CONFIG_STATUS.BIT30_CFGBVS_PIN                             string        true       1
REGISTER.CONFIG_STATUS.BIT31_RESERVED                               string        true       0
REGISTER.COR0                                                       string        true       02003fe5
REGISTER.COR0.BIT00_GWE_CYCLE                                       string        true       101
REGISTER.COR0.BIT03_GTS_CYCLE                                       string        true       100
REGISTER.COR0.BIT06_LOCK_CYCLE                                      string        true       111
REGISTER.COR0.BIT09_MATCH_CYCLE                                     string        true       111
REGISTER.COR0.BIT12_DONE_CYCLE                                      string        true       011
REGISTER.COR0.BIT15_SSCLKSRC                                        string        true       00
REGISTER.COR0.BIT17_OSCFSEL                                         string        true       000000
REGISTER.COR0.BIT23_SINGLE                                          string        true       0
REGISTER.COR0.BIT24_DRIVE_DONE                                      string        true       0
REGISTER.COR0.BIT25_DONE_PIPE                                       string        true       1
REGISTER.COR0.BIT26_RESERVED                                        string        true       0
REGISTER.COR0.BIT27_PWRDWN_STAT                                     string        true       0
REGISTER.COR0.BIT28_RESERVED                                        string        true       0000
REGISTER.COR1                                                       string        true       00000000
REGISTER.COR1.BIT00_BPI_PAGE_SIZE                                   string        true       00
REGISTER.COR1.BIT02_BPI_1ST_READ_CYCLE                              string        true       00
REGISTER.COR1.BIT04_RESERVED                                        string        true       0000
REGISTER.COR1.BIT08_RBCRC_EN                                        string        true       0
REGISTER.COR1.BIT09_RBCRC_NO_PIN                                    string        true       0
REGISTER.COR1.BIT10_RESERVED                                        string        true       00000
REGISTER.COR1.BIT15_RBCRC_ACTION                                    string        true       00
REGISTER.COR1.BIT17_PERSIST_DEASSERT_AT_DESYNC                      string        true       0
REGISTER.COR1.BIT18_RESERVED                                        string        true       00000000000000
REGISTER.IR                                                         string        true       110101
REGISTER.IR.BIT0_ALWAYS_ONE                                         string        true       1
REGISTER.IR.BIT1_ALWAYS_ZERO                                        string        true       0
REGISTER.IR.BIT2_ISC_DONE                                           string        true       1
REGISTER.IR.BIT3_ISC_ENABLED                                        string        true       0
REGISTER.IR.BIT4_INIT_COMPLETE                                      string        true       1
REGISTER.IR.BIT5_DONE                                               string        true       1
REGISTER.TIMER                                                      string        true       00000000
REGISTER.TIMER.BIT00_TIMER_VALUE                                    string        true       000000000000000000000000000000
REGISTER.TIMER.BIT30_TIMER_CFG_MON                                  string        true       0
REGISTER.TIMER.BIT31_TIMER_USR_MON                                  string        true       0
REGISTER.USERCODE                                                   string        true       ffffffff
REGISTER.USR_ACCESS                                                 string        true       00000000
REGISTER.WBSTAR                                                     string        true       00000000
REGISTER.WBSTAR.BIT00_START_ADDR                                    string        true       00000000000000000000000000000
REGISTER.WBSTAR.BIT29_RS_TS_B                                       string        true       0
REGISTER.WBSTAR.BIT30_RS                                            string        true       00
DID                                                                 string        true       jsn1-0362f093-0
MASK                                                                string        true       00001111111111111111111111111111
MASK_HEX                                                            string        true       0FFFFFFF
UNKNOWN_DEVICE                                                      bool          true       0
XSDB_USER_BSCAN                                                     string        false      1,3
BSCAN_SWITCH_USER_MASK                                              string        false      0001
INFO: [Common 17-206] Exiting Vivado at Wed Sep  3 18:21:03 2025...
