#-----------------------------------------------------------
# Vivado v2023.2 (64-bit)
# SW Build 4029153 on Fri Oct 13 20:13:54 MDT 2023
# IP Build 4028589 on Sat Oct 14 00:45:43 MDT 2023
# SharedData Build 4025554 on Tue Oct 10 17:18:54 MDT 2023
# Start of session at: Wed Sep  3 18:04:53 2025
# Process ID: 103230
# Current directory: /home/ecegridfs/a/437mg063/ece437/processors
# Command line: vivado -mode batch -source /home/ecegrid/a/ece437l/tools/vivado_extra/bitstream_nonproject_gen.tcl -log build/bitstream_nonproject_gen.log -journal build/bitstream_nonproject_gen.jou -tclargs alu_fpga 8  
# Log file: /home/ecegridfs/a/437mg063/ece437/processors/build/bitstream_nonproject_gen.log
# Journal file: /home/ecegridfs/a/437mg063/ece437/processors/build/bitstream_nonproject_gen.jou
# Running On: cparch09.ecn.purdue.edu, OS: Linux, CPU Frequency: 3400.000 MHz, CPU Physical cores: 4, Host memory: 16387 MB
#-----------------------------------------------------------
source /home/ecegrid/a/ece437l/tools/vivado_extra/bitstream_nonproject_gen.tcl
# set output_dir ./build
# if {[lindex $argv 0] != "system_fpga"} {
#     set design_top [lindex $argv 0]
# } else {
#     set design_top "system_fpga"
#     set mem_fpga "memfpga.mem"
#     set mem_input "meminit.mem"
# 
#     if {![file exists $mem_input]} {
#         puts "Need to retry after compiling and converting meminit.hex into meminit.mem"
#         exit 1
#     }
# }
# file mkdir $output_dir
# add_files [glob ./source/*.sv]
add_files: Time (s): cpu = 00:00:06 ; elapsed = 00:00:06 . Memory (MB): peak = 1569.160 ; gain = 74.867 ; free physical = 5307 ; free virtual = 17790
# add_files [glob ./include/*.vh]
# add_files -fileset constrs_1 /home/ecegrid/a/ece437l/tools/vivado_extra/urbana.xdc
# set_property include_dirs "./include" [current_fileset]
# synth_design -top $design_top -part xc7s50csga324-1 -verilog_define USE_VIVADO
Command: synth_design -top alu_fpga -part xc7s50csga324-1 -verilog_define USE_VIVADO
Starting synth_design
Attempting to get a license for feature 'Synthesis' and/or device 'xc7s50'
INFO: [Common 17-349] Got license for feature 'Synthesis' and/or device 'xc7s50'
INFO: [Device 21-403] Loading part xc7s50csga324-1
INFO: [Synth 8-7079] Multithreading enabled for synth_design using a maximum of 4 processes.
INFO: [Synth 8-7078] Launching helper process for spawning children vivado processes
INFO: [Synth 8-7075] Helper process launched with PID 103561
---------------------------------------------------------------------------------
Starting RTL Elaboration : Time (s): cpu = 00:00:03 ; elapsed = 00:00:04 . Memory (MB): peak = 2304.020 ; gain = 402.715 ; free physical = 4247 ; free virtual = 16729
---------------------------------------------------------------------------------
WARNING: [Synth 8-11067] parameter 'WORD_W' declared inside package 'cpu_types_pkg' shall be treated as localparam [/home/ecegridfs/a/437mg063/ece437/processors/include/cpu_types_pkg.vh:22]
WARNING: [Synth 8-11067] parameter 'WBYTES' declared inside package 'cpu_types_pkg' shall be treated as localparam [/home/ecegridfs/a/437mg063/ece437/processors/include/cpu_types_pkg.vh:23]
WARNING: [Synth 8-11067] parameter 'OP_W' declared inside package 'cpu_types_pkg' shall be treated as localparam [/home/ecegridfs/a/437mg063/ece437/processors/include/cpu_types_pkg.vh:26]
WARNING: [Synth 8-11067] parameter 'REG_W' declared inside package 'cpu_types_pkg' shall be treated as localparam [/home/ecegridfs/a/437mg063/ece437/processors/include/cpu_types_pkg.vh:28]
WARNING: [Synth 8-11067] parameter 'FUNC7_W' declared inside package 'cpu_types_pkg' shall be treated as localparam [/home/ecegridfs/a/437mg063/ece437/processors/include/cpu_types_pkg.vh:29]
WARNING: [Synth 8-11067] parameter 'FUNC3_W' declared inside package 'cpu_types_pkg' shall be treated as localparam [/home/ecegridfs/a/437mg063/ece437/processors/include/cpu_types_pkg.vh:30]
WARNING: [Synth 8-11067] parameter 'IMM_W_I' declared inside package 'cpu_types_pkg' shall be treated as localparam [/home/ecegridfs/a/437mg063/ece437/processors/include/cpu_types_pkg.vh:31]
WARNING: [Synth 8-11067] parameter 'IMM_W_U_J' declared inside package 'cpu_types_pkg' shall be treated as localparam [/home/ecegridfs/a/437mg063/ece437/processors/include/cpu_types_pkg.vh:32]
WARNING: [Synth 8-11067] parameter 'AOP_W' declared inside package 'cpu_types_pkg' shall be treated as localparam [/home/ecegridfs/a/437mg063/ece437/processors/include/cpu_types_pkg.vh:35]
WARNING: [Synth 8-11067] parameter 'ITAG_W' declared inside package 'cpu_types_pkg' shall be treated as localparam [/home/ecegridfs/a/437mg063/ece437/processors/include/cpu_types_pkg.vh:38]
WARNING: [Synth 8-11067] parameter 'IIDX_W' declared inside package 'cpu_types_pkg' shall be treated as localparam [/home/ecegridfs/a/437mg063/ece437/processors/include/cpu_types_pkg.vh:39]
WARNING: [Synth 8-11067] parameter 'IBLK_W' declared inside package 'cpu_types_pkg' shall be treated as localparam [/home/ecegridfs/a/437mg063/ece437/processors/include/cpu_types_pkg.vh:40]
WARNING: [Synth 8-11067] parameter 'IBYT_W' declared inside package 'cpu_types_pkg' shall be treated as localparam [/home/ecegridfs/a/437mg063/ece437/processors/include/cpu_types_pkg.vh:41]
WARNING: [Synth 8-11067] parameter 'DTAG_W' declared inside package 'cpu_types_pkg' shall be treated as localparam [/home/ecegridfs/a/437mg063/ece437/processors/include/cpu_types_pkg.vh:44]
WARNING: [Synth 8-11067] parameter 'DIDX_W' declared inside package 'cpu_types_pkg' shall be treated as localparam [/home/ecegridfs/a/437mg063/ece437/processors/include/cpu_types_pkg.vh:45]
WARNING: [Synth 8-11067] parameter 'DBLK_W' declared inside package 'cpu_types_pkg' shall be treated as localparam [/home/ecegridfs/a/437mg063/ece437/processors/include/cpu_types_pkg.vh:46]
WARNING: [Synth 8-11067] parameter 'DBYT_W' declared inside package 'cpu_types_pkg' shall be treated as localparam [/home/ecegridfs/a/437mg063/ece437/processors/include/cpu_types_pkg.vh:47]
WARNING: [Synth 8-11067] parameter 'DWAY_ASS' declared inside package 'cpu_types_pkg' shall be treated as localparam [/home/ecegridfs/a/437mg063/ece437/processors/include/cpu_types_pkg.vh:48]
INFO: [Synth 8-6157] synthesizing module 'alu_fpga' [/home/ecegridfs/a/437mg063/ece437/processors/source/alu_fpga.sv:5]
INFO: [Synth 8-6157] synthesizing module 'alu_if' [/home/ecegridfs/a/437mg063/ece437/processors/include/alu_if.vh:7]
INFO: [Synth 8-6155] done synthesizing module 'alu_if' (0#1) [/home/ecegridfs/a/437mg063/ece437/processors/include/alu_if.vh:7]
INFO: [Synth 8-6157] synthesizing module 'alu' [/home/ecegridfs/a/437mg063/ece437/processors/source/alu.sv:4]
INFO: [Synth 8-6155] done synthesizing module 'alu' (0#1) [/home/ecegridfs/a/437mg063/ece437/processors/source/alu.sv:4]
INFO: [Synth 8-6155] done synthesizing module 'alu_fpga' (0#1) [/home/ecegridfs/a/437mg063/ece437/processors/source/alu_fpga.sv:5]
WARNING: [Synth 8-3917] design alu_fpga has port D0_SEG[6] driven by constant 0
WARNING: [Synth 8-3917] design alu_fpga has port D0_SEG[5] driven by constant 0
WARNING: [Synth 8-3917] design alu_fpga has port D0_SEG[4] driven by constant 0
WARNING: [Synth 8-3917] design alu_fpga has port D1_SEG[6] driven by constant 0
WARNING: [Synth 8-3917] design alu_fpga has port D1_SEG[5] driven by constant 0
WARNING: [Synth 8-3917] design alu_fpga has port D1_SEG[4] driven by constant 0
WARNING: [Synth 8-3917] design alu_fpga has port D2_SEG[6] driven by constant 0
WARNING: [Synth 8-3917] design alu_fpga has port D2_SEG[5] driven by constant 0
WARNING: [Synth 8-3917] design alu_fpga has port D2_SEG[4] driven by constant 0
WARNING: [Synth 8-3917] design alu_fpga has port D3_SEG[6] driven by constant 0
WARNING: [Synth 8-3917] design alu_fpga has port D3_SEG[5] driven by constant 0
WARNING: [Synth 8-3917] design alu_fpga has port D3_SEG[4] driven by constant 0
WARNING: [Synth 8-3917] design alu_fpga has port D4_SEG[6] driven by constant 0
WARNING: [Synth 8-3917] design alu_fpga has port D4_SEG[5] driven by constant 0
WARNING: [Synth 8-3917] design alu_fpga has port D4_SEG[4] driven by constant 0
WARNING: [Synth 8-3917] design alu_fpga has port D5_SEG[6] driven by constant 0
WARNING: [Synth 8-3917] design alu_fpga has port D5_SEG[5] driven by constant 0
WARNING: [Synth 8-3917] design alu_fpga has port D5_SEG[4] driven by constant 0
WARNING: [Synth 8-3917] design alu_fpga has port D6_SEG[6] driven by constant 0
WARNING: [Synth 8-3917] design alu_fpga has port D6_SEG[5] driven by constant 0
WARNING: [Synth 8-3917] design alu_fpga has port D6_SEG[4] driven by constant 0
WARNING: [Synth 8-3917] design alu_fpga has port D7_SEG[6] driven by constant 0
WARNING: [Synth 8-3917] design alu_fpga has port D7_SEG[5] driven by constant 0
WARNING: [Synth 8-3917] design alu_fpga has port D7_SEG[4] driven by constant 0
WARNING: [Synth 8-7129] Port outclk in module alu_fpga is either unconnected or has no load
---------------------------------------------------------------------------------
Finished RTL Elaboration : Time (s): cpu = 00:00:05 ; elapsed = 00:00:05 . Memory (MB): peak = 2378.988 ; gain = 477.684 ; free physical = 4159 ; free virtual = 16642
---------------------------------------------------------------------------------
---------------------------------------------------------------------------------
Start Handling Custom Attributes
---------------------------------------------------------------------------------
---------------------------------------------------------------------------------
Finished Handling Custom Attributes : Time (s): cpu = 00:00:05 ; elapsed = 00:00:05 . Memory (MB): peak = 2396.801 ; gain = 495.496 ; free physical = 4151 ; free virtual = 16634
---------------------------------------------------------------------------------
---------------------------------------------------------------------------------
Finished RTL Optimization Phase 1 : Time (s): cpu = 00:00:05 ; elapsed = 00:00:05 . Memory (MB): peak = 2396.801 ; gain = 495.496 ; free physical = 4151 ; free virtual = 16634
---------------------------------------------------------------------------------
Netlist sorting complete. Time (s): cpu = 00:00:00 ; elapsed = 00:00:00 . Memory (MB): peak = 2396.801 ; gain = 0.000 ; free physical = 4152 ; free virtual = 16634
INFO: [Project 1-570] Preparing netlist for logic optimization

Processing XDC Constraints
Initializing timing engine
Parsing XDC File [/home/ecegrid/a/ece437l/tools/vivado_extra/urbana.xdc]
WARNING: [Vivado 12-584] No ports matched 'LED[0]'. [/home/ecegrid/a/ece437l/tools/vivado_extra/urbana.xdc:28]
CRITICAL WARNING: [Common 17-55] 'set_property' expects at least one object. [/home/ecegrid/a/ece437l/tools/vivado_extra/urbana.xdc:28]
Resolution: If [get_<value>] was used to populate the object, check to make sure this command returns at least one valid object.
WARNING: [Vivado 12-584] No ports matched 'LED[1]'. [/home/ecegrid/a/ece437l/tools/vivado_extra/urbana.xdc:29]
CRITICAL WARNING: [Common 17-55] 'set_property' expects at least one object. [/home/ecegrid/a/ece437l/tools/vivado_extra/urbana.xdc:29]
Resolution: If [get_<value>] was used to populate the object, check to make sure this command returns at least one valid object.
WARNING: [Vivado 12-584] No ports matched 'LED[2]'. [/home/ecegrid/a/ece437l/tools/vivado_extra/urbana.xdc:30]
CRITICAL WARNING: [Common 17-55] 'set_property' expects at least one object. [/home/ecegrid/a/ece437l/tools/vivado_extra/urbana.xdc:30]
Resolution: If [get_<value>] was used to populate the object, check to make sure this command returns at least one valid object.
WARNING: [Vivado 12-584] No ports matched 'LED[3]'. [/home/ecegrid/a/ece437l/tools/vivado_extra/urbana.xdc:31]
CRITICAL WARNING: [Common 17-55] 'set_property' expects at least one object. [/home/ecegrid/a/ece437l/tools/vivado_extra/urbana.xdc:31]
Resolution: If [get_<value>] was used to populate the object, check to make sure this command returns at least one valid object.
WARNING: [Vivado 12-584] No ports matched 'LED[4]'. [/home/ecegrid/a/ece437l/tools/vivado_extra/urbana.xdc:32]
CRITICAL WARNING: [Common 17-55] 'set_property' expects at least one object. [/home/ecegrid/a/ece437l/tools/vivado_extra/urbana.xdc:32]
Resolution: If [get_<value>] was used to populate the object, check to make sure this command returns at least one valid object.
WARNING: [Vivado 12-584] No ports matched 'LED[5]'. [/home/ecegrid/a/ece437l/tools/vivado_extra/urbana.xdc:33]
CRITICAL WARNING: [Common 17-55] 'set_property' expects at least one object. [/home/ecegrid/a/ece437l/tools/vivado_extra/urbana.xdc:33]
Resolution: If [get_<value>] was used to populate the object, check to make sure this command returns at least one valid object.
WARNING: [Vivado 12-584] No ports matched 'LED[6]'. [/home/ecegrid/a/ece437l/tools/vivado_extra/urbana.xdc:34]
CRITICAL WARNING: [Common 17-55] 'set_property' expects at least one object. [/home/ecegrid/a/ece437l/tools/vivado_extra/urbana.xdc:34]
Resolution: If [get_<value>] was used to populate the object, check to make sure this command returns at least one valid object.
WARNING: [Vivado 12-584] No ports matched 'LED[7]'. [/home/ecegrid/a/ece437l/tools/vivado_extra/urbana.xdc:35]
CRITICAL WARNING: [Common 17-55] 'set_property' expects at least one object. [/home/ecegrid/a/ece437l/tools/vivado_extra/urbana.xdc:35]
Resolution: If [get_<value>] was used to populate the object, check to make sure this command returns at least one valid object.
WARNING: [Vivado 12-584] No ports matched 'LED[8]'. [/home/ecegrid/a/ece437l/tools/vivado_extra/urbana.xdc:36]
CRITICAL WARNING: [Common 17-55] 'set_property' expects at least one object. [/home/ecegrid/a/ece437l/tools/vivado_extra/urbana.xdc:36]
Resolution: If [get_<value>] was used to populate the object, check to make sure this command returns at least one valid object.
WARNING: [Vivado 12-584] No ports matched 'LED[9]'. [/home/ecegrid/a/ece437l/tools/vivado_extra/urbana.xdc:37]
CRITICAL WARNING: [Common 17-55] 'set_property' expects at least one object. [/home/ecegrid/a/ece437l/tools/vivado_extra/urbana.xdc:37]
Resolution: If [get_<value>] was used to populate the object, check to make sure this command returns at least one valid object.
WARNING: [Vivado 12-584] No ports matched 'LED[10]'. [/home/ecegrid/a/ece437l/tools/vivado_extra/urbana.xdc:38]
CRITICAL WARNING: [Common 17-55] 'set_property' expects at least one object. [/home/ecegrid/a/ece437l/tools/vivado_extra/urbana.xdc:38]
Resolution: If [get_<value>] was used to populate the object, check to make sure this command returns at least one valid object.
WARNING: [Vivado 12-584] No ports matched 'LED[11]'. [/home/ecegrid/a/ece437l/tools/vivado_extra/urbana.xdc:39]
CRITICAL WARNING: [Common 17-55] 'set_property' expects at least one object. [/home/ecegrid/a/ece437l/tools/vivado_extra/urbana.xdc:39]
Resolution: If [get_<value>] was used to populate the object, check to make sure this command returns at least one valid object.
WARNING: [Vivado 12-584] No ports matched 'LED[12]'. [/home/ecegrid/a/ece437l/tools/vivado_extra/urbana.xdc:40]
CRITICAL WARNING: [Common 17-55] 'set_property' expects at least one object. [/home/ecegrid/a/ece437l/tools/vivado_extra/urbana.xdc:40]
Resolution: If [get_<value>] was used to populate the object, check to make sure this command returns at least one valid object.
WARNING: [Vivado 12-584] No ports matched 'LED[13]'. [/home/ecegrid/a/ece437l/tools/vivado_extra/urbana.xdc:41]
CRITICAL WARNING: [Common 17-55] 'set_property' expects at least one object. [/home/ecegrid/a/ece437l/tools/vivado_extra/urbana.xdc:41]
Resolution: If [get_<value>] was used to populate the object, check to make sure this command returns at least one valid object.
WARNING: [Vivado 12-584] No ports matched 'LED[14]'. [/home/ecegrid/a/ece437l/tools/vivado_extra/urbana.xdc:42]
CRITICAL WARNING: [Common 17-55] 'set_property' expects at least one object. [/home/ecegrid/a/ece437l/tools/vivado_extra/urbana.xdc:42]
Resolution: If [get_<value>] was used to populate the object, check to make sure this command returns at least one valid object.
WARNING: [Vivado 12-584] No ports matched 'LED[15]'. [/home/ecegrid/a/ece437l/tools/vivado_extra/urbana.xdc:43]
CRITICAL WARNING: [Common 17-55] 'set_property' expects at least one object. [/home/ecegrid/a/ece437l/tools/vivado_extra/urbana.xdc:43]
Resolution: If [get_<value>] was used to populate the object, check to make sure this command returns at least one valid object.
WARNING: [Vivado 12-584] No ports matched 'RGB0[0]'. [/home/ecegrid/a/ece437l/tools/vivado_extra/urbana.xdc:52]
CRITICAL WARNING: [Common 17-55] 'set_property' expects at least one object. [/home/ecegrid/a/ece437l/tools/vivado_extra/urbana.xdc:52]
Resolution: If [get_<value>] was used to populate the object, check to make sure this command returns at least one valid object.
WARNING: [Vivado 12-584] No ports matched 'RGB0[1]'. [/home/ecegrid/a/ece437l/tools/vivado_extra/urbana.xdc:53]
CRITICAL WARNING: [Common 17-55] 'set_property' expects at least one object. [/home/ecegrid/a/ece437l/tools/vivado_extra/urbana.xdc:53]
Resolution: If [get_<value>] was used to populate the object, check to make sure this command returns at least one valid object.
WARNING: [Vivado 12-584] No ports matched 'RGB0[2]'. [/home/ecegrid/a/ece437l/tools/vivado_extra/urbana.xdc:54]
CRITICAL WARNING: [Common 17-55] 'set_property' expects at least one object. [/home/ecegrid/a/ece437l/tools/vivado_extra/urbana.xdc:54]
Resolution: If [get_<value>] was used to populate the object, check to make sure this command returns at least one valid object.
WARNING: [Vivado 12-584] No ports matched 'D0_AN[0]'. [/home/ecegrid/a/ece437l/tools/vivado_extra/urbana.xdc:57]
CRITICAL WARNING: [Common 17-55] 'set_property' expects at least one object. [/home/ecegrid/a/ece437l/tools/vivado_extra/urbana.xdc:57]
Resolution: If [get_<value>] was used to populate the object, check to make sure this command returns at least one valid object.
WARNING: [Vivado 12-584] No ports matched 'D0_AN[1]'. [/home/ecegrid/a/ece437l/tools/vivado_extra/urbana.xdc:58]
CRITICAL WARNING: [Common 17-55] 'set_property' expects at least one object. [/home/ecegrid/a/ece437l/tools/vivado_extra/urbana.xdc:58]
Resolution: If [get_<value>] was used to populate the object, check to make sure this command returns at least one valid object.
WARNING: [Vivado 12-584] No ports matched 'D0_AN[2]'. [/home/ecegrid/a/ece437l/tools/vivado_extra/urbana.xdc:59]
CRITICAL WARNING: [Common 17-55] 'set_property' expects at least one object. [/home/ecegrid/a/ece437l/tools/vivado_extra/urbana.xdc:59]
Resolution: If [get_<value>] was used to populate the object, check to make sure this command returns at least one valid object.
WARNING: [Vivado 12-584] No ports matched 'D0_AN[3]'. [/home/ecegrid/a/ece437l/tools/vivado_extra/urbana.xdc:60]
CRITICAL WARNING: [Common 17-55] 'set_property' expects at least one object. [/home/ecegrid/a/ece437l/tools/vivado_extra/urbana.xdc:60]
Resolution: If [get_<value>] was used to populate the object, check to make sure this command returns at least one valid object.
WARNING: [Vivado 12-584] No ports matched 'D1_AN[0]'. [/home/ecegrid/a/ece437l/tools/vivado_extra/urbana.xdc:70]
CRITICAL WARNING: [Common 17-55] 'set_property' expects at least one object. [/home/ecegrid/a/ece437l/tools/vivado_extra/urbana.xdc:70]
Resolution: If [get_<value>] was used to populate the object, check to make sure this command returns at least one valid object.
WARNING: [Vivado 12-584] No ports matched 'D1_AN[1]'. [/home/ecegrid/a/ece437l/tools/vivado_extra/urbana.xdc:71]
CRITICAL WARNING: [Common 17-55] 'set_property' expects at least one object. [/home/ecegrid/a/ece437l/tools/vivado_extra/urbana.xdc:71]
Resolution: If [get_<value>] was used to populate the object, check to make sure this command returns at least one valid object.
WARNING: [Vivado 12-584] No ports matched 'D1_AN[2]'. [/home/ecegrid/a/ece437l/tools/vivado_extra/urbana.xdc:72]
CRITICAL WARNING: [Common 17-55] 'set_property' expects at least one object. [/home/ecegrid/a/ece437l/tools/vivado_extra/urbana.xdc:72]
Resolution: If [get_<value>] was used to populate the object, check to make sure this command returns at least one valid object.
WARNING: [Vivado 12-584] No ports matched 'D1_AN[3]'. [/home/ecegrid/a/ece437l/tools/vivado_extra/urbana.xdc:73]
CRITICAL WARNING: [Common 17-55] 'set_property' expects at least one object. [/home/ecegrid/a/ece437l/tools/vivado_extra/urbana.xdc:73]
Resolution: If [get_<value>] was used to populate the object, check to make sure this command returns at least one valid object.
WARNING: [Vivado 12-507] No nets matched 'BTN_IBUF[3]'. [/home/ecegrid/a/ece437l/tools/vivado_extra/urbana.xdc:82]
CRITICAL WARNING: [Common 17-55] 'set_property' expects at least one object. [/home/ecegrid/a/ece437l/tools/vivado_extra/urbana.xdc:82]
Resolution: If [get_<value>] was used to populate the object, check to make sure this command returns at least one valid object.
Finished Parsing XDC File [/home/ecegrid/a/ece437l/tools/vivado_extra/urbana.xdc]
INFO: [Project 1-236] Implementation specific constraints were found while reading constraint file [/home/ecegrid/a/ece437l/tools/vivado_extra/urbana.xdc]. These constraints will be ignored for synthesis but will be used in implementation. Impacted constraints are listed in the file [.Xil/alu_fpga_propImpl.xdc].
Resolution: To avoid this warning, move constraints listed in [.Xil/alu_fpga_propImpl.xdc] to another XDC file and exclude this new file from synthesis with the used_in_synthesis property (File Properties dialog in GUI) and re-run elaboration/synthesis.
Completed Processing XDC Constraints

Netlist sorting complete. Time (s): cpu = 00:00:00 ; elapsed = 00:00:00 . Memory (MB): peak = 2524.551 ; gain = 0.000 ; free physical = 4082 ; free virtual = 16565
INFO: [Project 1-111] Unisim Transformation Summary:
No Unisim elements were transformed.

Constraint Validation Runtime : Time (s): cpu = 00:00:00 ; elapsed = 00:00:00.01 . Memory (MB): peak = 2524.586 ; gain = 0.000 ; free physical = 4080 ; free virtual = 16563
---------------------------------------------------------------------------------
Finished Constraint Validation : Time (s): cpu = 00:00:10 ; elapsed = 00:00:11 . Memory (MB): peak = 2524.586 ; gain = 623.281 ; free physical = 4079 ; free virtual = 16562
---------------------------------------------------------------------------------
---------------------------------------------------------------------------------
Start Loading Part and Timing Information
---------------------------------------------------------------------------------
Loading part: xc7s50csga324-1
---------------------------------------------------------------------------------
Finished Loading Part and Timing Information : Time (s): cpu = 00:00:10 ; elapsed = 00:00:11 . Memory (MB): peak = 2524.586 ; gain = 623.281 ; free physical = 4079 ; free virtual = 16562
---------------------------------------------------------------------------------
---------------------------------------------------------------------------------
Start Applying 'set_property' XDC Constraints
---------------------------------------------------------------------------------
---------------------------------------------------------------------------------
Finished applying 'set_property' XDC Constraints : Time (s): cpu = 00:00:10 ; elapsed = 00:00:11 . Memory (MB): peak = 2524.586 ; gain = 623.281 ; free physical = 4078 ; free virtual = 16561
---------------------------------------------------------------------------------
---------------------------------------------------------------------------------
Finished RTL Optimization Phase 2 : Time (s): cpu = 00:00:10 ; elapsed = 00:00:11 . Memory (MB): peak = 2524.586 ; gain = 623.281 ; free physical = 4077 ; free virtual = 16561
---------------------------------------------------------------------------------
---------------------------------------------------------------------------------
Start RTL Component Statistics 
---------------------------------------------------------------------------------
Detailed RTL Component Info : 
+---Adders : 
	   2 Input   32 Bit       Adders := 1     
	   3 Input   32 Bit       Adders := 1     
+---XORs : 
	   2 Input     32 Bit         XORs := 1     
+---Registers : 
	                1 Bit    Registers := 1     
---------------------------------------------------------------------------------
Finished RTL Component Statistics 
---------------------------------------------------------------------------------
---------------------------------------------------------------------------------
Start Part Resource Summary
---------------------------------------------------------------------------------
Part Resources:
DSPs: 120 (col length:60)
BRAMs: 150 (col length: RAMB18 60 RAMB36 30)
---------------------------------------------------------------------------------
Finished Part Resource Summary
---------------------------------------------------------------------------------
---------------------------------------------------------------------------------
Start Cross Boundary and Area Optimization
---------------------------------------------------------------------------------
WARNING: [Synth 8-7080] Parallel synthesis criteria is not met
WARNING: [Synth 8-3917] design alu_fpga has port D0_SEG[6] driven by constant 0
WARNING: [Synth 8-3917] design alu_fpga has port D0_SEG[5] driven by constant 0
WARNING: [Synth 8-3917] design alu_fpga has port D0_SEG[4] driven by constant 0
WARNING: [Synth 8-3917] design alu_fpga has port D1_SEG[6] driven by constant 0
WARNING: [Synth 8-3917] design alu_fpga has port D1_SEG[5] driven by constant 0
WARNING: [Synth 8-3917] design alu_fpga has port D1_SEG[4] driven by constant 0
WARNING: [Synth 8-3917] design alu_fpga has port D2_SEG[6] driven by constant 0
WARNING: [Synth 8-3917] design alu_fpga has port D2_SEG[5] driven by constant 0
WARNING: [Synth 8-3917] design alu_fpga has port D2_SEG[4] driven by constant 0
WARNING: [Synth 8-3917] design alu_fpga has port D3_SEG[6] driven by constant 0
WARNING: [Synth 8-3917] design alu_fpga has port D3_SEG[5] driven by constant 0
WARNING: [Synth 8-3917] design alu_fpga has port D3_SEG[4] driven by constant 0
WARNING: [Synth 8-3917] design alu_fpga has port D4_SEG[6] driven by constant 0
WARNING: [Synth 8-3917] design alu_fpga has port D4_SEG[5] driven by constant 0
WARNING: [Synth 8-3917] design alu_fpga has port D4_SEG[4] driven by constant 0
WARNING: [Synth 8-3917] design alu_fpga has port D5_SEG[6] driven by constant 0
WARNING: [Synth 8-3917] design alu_fpga has port D5_SEG[5] driven by constant 0
WARNING: [Synth 8-3917] design alu_fpga has port D5_SEG[4] driven by constant 0
WARNING: [Synth 8-3917] design alu_fpga has port D6_SEG[6] driven by constant 0
WARNING: [Synth 8-3917] design alu_fpga has port D6_SEG[5] driven by constant 0
WARNING: [Synth 8-3917] design alu_fpga has port D6_SEG[4] driven by constant 0
WARNING: [Synth 8-3917] design alu_fpga has port D7_SEG[6] driven by constant 0
WARNING: [Synth 8-3917] design alu_fpga has port D7_SEG[5] driven by constant 0
WARNING: [Synth 8-3917] design alu_fpga has port D7_SEG[4] driven by constant 0
WARNING: [Synth 8-7129] Port outclk in module alu_fpga is either unconnected or has no load
---------------------------------------------------------------------------------
Finished Cross Boundary and Area Optimization : Time (s): cpu = 00:00:11 ; elapsed = 00:00:12 . Memory (MB): peak = 2524.586 ; gain = 623.281 ; free physical = 4075 ; free virtual = 16563
---------------------------------------------------------------------------------
---------------------------------------------------------------------------------
Start Applying XDC Timing Constraints
---------------------------------------------------------------------------------
---------------------------------------------------------------------------------
Finished Applying XDC Timing Constraints : Time (s): cpu = 00:00:14 ; elapsed = 00:00:16 . Memory (MB): peak = 2524.586 ; gain = 623.281 ; free physical = 4078 ; free virtual = 16565
---------------------------------------------------------------------------------
---------------------------------------------------------------------------------
Start Timing Optimization
---------------------------------------------------------------------------------
---------------------------------------------------------------------------------
Finished Timing Optimization : Time (s): cpu = 00:00:14 ; elapsed = 00:00:16 . Memory (MB): peak = 2524.586 ; gain = 623.281 ; free physical = 4078 ; free virtual = 16565
---------------------------------------------------------------------------------
---------------------------------------------------------------------------------
Start Technology Mapping
---------------------------------------------------------------------------------
---------------------------------------------------------------------------------
Finished Technology Mapping : Time (s): cpu = 00:00:14 ; elapsed = 00:00:16 . Memory (MB): peak = 2524.586 ; gain = 623.281 ; free physical = 4078 ; free virtual = 16565
---------------------------------------------------------------------------------
---------------------------------------------------------------------------------
Start IO Insertion
---------------------------------------------------------------------------------
---------------------------------------------------------------------------------
Start Flattening Before IO Insertion
---------------------------------------------------------------------------------
---------------------------------------------------------------------------------
Finished Flattening Before IO Insertion
---------------------------------------------------------------------------------
---------------------------------------------------------------------------------
Start Final Netlist Cleanup
---------------------------------------------------------------------------------
---------------------------------------------------------------------------------
Finished Final Netlist Cleanup
---------------------------------------------------------------------------------
---------------------------------------------------------------------------------
Finished IO Insertion : Time (s): cpu = 00:00:18 ; elapsed = 00:00:19 . Memory (MB): peak = 2524.586 ; gain = 623.281 ; free physical = 4078 ; free virtual = 16565
---------------------------------------------------------------------------------
---------------------------------------------------------------------------------
Start Renaming Generated Instances
---------------------------------------------------------------------------------
---------------------------------------------------------------------------------
Finished Renaming Generated Instances : Time (s): cpu = 00:00:18 ; elapsed = 00:00:19 . Memory (MB): peak = 2524.586 ; gain = 623.281 ; free physical = 4078 ; free virtual = 16565
---------------------------------------------------------------------------------
---------------------------------------------------------------------------------
Start Rebuilding User Hierarchy
---------------------------------------------------------------------------------
---------------------------------------------------------------------------------
Finished Rebuilding User Hierarchy : Time (s): cpu = 00:00:18 ; elapsed = 00:00:19 . Memory (MB): peak = 2524.586 ; gain = 623.281 ; free physical = 4078 ; free virtual = 16565
---------------------------------------------------------------------------------
---------------------------------------------------------------------------------
Start Renaming Generated Ports
---------------------------------------------------------------------------------
---------------------------------------------------------------------------------
Finished Renaming Generated Ports : Time (s): cpu = 00:00:18 ; elapsed = 00:00:19 . Memory (MB): peak = 2524.586 ; gain = 623.281 ; free physical = 4078 ; free virtual = 16565
---------------------------------------------------------------------------------
---------------------------------------------------------------------------------
Start Handling Custom Attributes
---------------------------------------------------------------------------------
---------------------------------------------------------------------------------
Finished Handling Custom Attributes : Time (s): cpu = 00:00:18 ; elapsed = 00:00:19 . Memory (MB): peak = 2524.586 ; gain = 623.281 ; free physical = 4078 ; free virtual = 16565
---------------------------------------------------------------------------------
---------------------------------------------------------------------------------
Start Renaming Generated Nets
---------------------------------------------------------------------------------
---------------------------------------------------------------------------------
Finished Renaming Generated Nets : Time (s): cpu = 00:00:18 ; elapsed = 00:00:19 . Memory (MB): peak = 2524.586 ; gain = 623.281 ; free physical = 4078 ; free virtual = 16565
---------------------------------------------------------------------------------
---------------------------------------------------------------------------------
Start Writing Synthesis Report
---------------------------------------------------------------------------------

Report BlackBoxes: 
+-+--------------+----------+
| |BlackBox name |Instances |
+-+--------------+----------+
+-+--------------+----------+

Report Cell Usage: 
+------+-------+------+
|      |Cell   |Count |
+------+-------+------+
|1     |BUFG   |     1|
|2     |CARRY4 |    10|
|3     |LUT1   |    15|
|4     |LUT2   |    12|
|5     |LUT3   |     2|
|6     |LUT4   |     4|
|7     |LUT5   |    19|
|8     |LUT6   |    19|
|9     |FDRE   |     1|
|10    |IBUF   |    21|
|11    |OBUF   |    56|
+------+-------+------+
---------------------------------------------------------------------------------
Finished Writing Synthesis Report : Time (s): cpu = 00:00:18 ; elapsed = 00:00:19 . Memory (MB): peak = 2524.586 ; gain = 623.281 ; free physical = 4078 ; free virtual = 16565
---------------------------------------------------------------------------------
Synthesis finished with 0 errors, 0 critical warnings and 26 warnings.
Synthesis Optimization Runtime : Time (s): cpu = 00:00:16 ; elapsed = 00:00:18 . Memory (MB): peak = 2524.586 ; gain = 495.496 ; free physical = 4078 ; free virtual = 16565
Synthesis Optimization Complete : Time (s): cpu = 00:00:18 ; elapsed = 00:00:19 . Memory (MB): peak = 2524.586 ; gain = 623.281 ; free physical = 4077 ; free virtual = 16565
INFO: [Project 1-571] Translating synthesized netlist
Netlist sorting complete. Time (s): cpu = 00:00:00 ; elapsed = 00:00:00 . Memory (MB): peak = 2524.586 ; gain = 0.000 ; free physical = 4077 ; free virtual = 16565
INFO: [Netlist 29-17] Analyzing 10 Unisim elements for replacement
INFO: [Netlist 29-28] Unisim Transformation completed in 0 CPU seconds
INFO: [Project 1-570] Preparing netlist for logic optimization
Parsing XDC File [/home/ecegrid/a/ece437l/tools/vivado_extra/urbana.xdc]
WARNING: [Vivado 12-584] No ports matched 'LED[0]'. [/home/ecegrid/a/ece437l/tools/vivado_extra/urbana.xdc:28]
CRITICAL WARNING: [Common 17-55] 'set_property' expects at least one object. [/home/ecegrid/a/ece437l/tools/vivado_extra/urbana.xdc:28]
Resolution: If [get_<value>] was used to populate the object, check to make sure this command returns at least one valid object.
WARNING: [Vivado 12-584] No ports matched 'LED[1]'. [/home/ecegrid/a/ece437l/tools/vivado_extra/urbana.xdc:29]
CRITICAL WARNING: [Common 17-55] 'set_property' expects at least one object. [/home/ecegrid/a/ece437l/tools/vivado_extra/urbana.xdc:29]
Resolution: If [get_<value>] was used to populate the object, check to make sure this command returns at least one valid object.
WARNING: [Vivado 12-584] No ports matched 'LED[2]'. [/home/ecegrid/a/ece437l/tools/vivado_extra/urbana.xdc:30]
CRITICAL WARNING: [Common 17-55] 'set_property' expects at least one object. [/home/ecegrid/a/ece437l/tools/vivado_extra/urbana.xdc:30]
Resolution: If [get_<value>] was used to populate the object, check to make sure this command returns at least one valid object.
WARNING: [Vivado 12-584] No ports matched 'LED[3]'. [/home/ecegrid/a/ece437l/tools/vivado_extra/urbana.xdc:31]
CRITICAL WARNING: [Common 17-55] 'set_property' expects at least one object. [/home/ecegrid/a/ece437l/tools/vivado_extra/urbana.xdc:31]
Resolution: If [get_<value>] was used to populate the object, check to make sure this command returns at least one valid object.
WARNING: [Vivado 12-584] No ports matched 'LED[4]'. [/home/ecegrid/a/ece437l/tools/vivado_extra/urbana.xdc:32]
CRITICAL WARNING: [Common 17-55] 'set_property' expects at least one object. [/home/ecegrid/a/ece437l/tools/vivado_extra/urbana.xdc:32]
Resolution: If [get_<value>] was used to populate the object, check to make sure this command returns at least one valid object.
WARNING: [Vivado 12-584] No ports matched 'LED[5]'. [/home/ecegrid/a/ece437l/tools/vivado_extra/urbana.xdc:33]
CRITICAL WARNING: [Common 17-55] 'set_property' expects at least one object. [/home/ecegrid/a/ece437l/tools/vivado_extra/urbana.xdc:33]
Resolution: If [get_<value>] was used to populate the object, check to make sure this command returns at least one valid object.
WARNING: [Vivado 12-584] No ports matched 'LED[6]'. [/home/ecegrid/a/ece437l/tools/vivado_extra/urbana.xdc:34]
CRITICAL WARNING: [Common 17-55] 'set_property' expects at least one object. [/home/ecegrid/a/ece437l/tools/vivado_extra/urbana.xdc:34]
Resolution: If [get_<value>] was used to populate the object, check to make sure this command returns at least one valid object.
WARNING: [Vivado 12-584] No ports matched 'LED[7]'. [/home/ecegrid/a/ece437l/tools/vivado_extra/urbana.xdc:35]
CRITICAL WARNING: [Common 17-55] 'set_property' expects at least one object. [/home/ecegrid/a/ece437l/tools/vivado_extra/urbana.xdc:35]
Resolution: If [get_<value>] was used to populate the object, check to make sure this command returns at least one valid object.
WARNING: [Vivado 12-584] No ports matched 'LED[8]'. [/home/ecegrid/a/ece437l/tools/vivado_extra/urbana.xdc:36]
CRITICAL WARNING: [Common 17-55] 'set_property' expects at least one object. [/home/ecegrid/a/ece437l/tools/vivado_extra/urbana.xdc:36]
Resolution: If [get_<value>] was used to populate the object, check to make sure this command returns at least one valid object.
WARNING: [Vivado 12-584] No ports matched 'LED[9]'. [/home/ecegrid/a/ece437l/tools/vivado_extra/urbana.xdc:37]
CRITICAL WARNING: [Common 17-55] 'set_property' expects at least one object. [/home/ecegrid/a/ece437l/tools/vivado_extra/urbana.xdc:37]
Resolution: If [get_<value>] was used to populate the object, check to make sure this command returns at least one valid object.
WARNING: [Vivado 12-584] No ports matched 'LED[10]'. [/home/ecegrid/a/ece437l/tools/vivado_extra/urbana.xdc:38]
CRITICAL WARNING: [Common 17-55] 'set_property' expects at least one object. [/home/ecegrid/a/ece437l/tools/vivado_extra/urbana.xdc:38]
Resolution: If [get_<value>] was used to populate the object, check to make sure this command returns at least one valid object.
WARNING: [Vivado 12-584] No ports matched 'LED[11]'. [/home/ecegrid/a/ece437l/tools/vivado_extra/urbana.xdc:39]
CRITICAL WARNING: [Common 17-55] 'set_property' expects at least one object. [/home/ecegrid/a/ece437l/tools/vivado_extra/urbana.xdc:39]
Resolution: If [get_<value>] was used to populate the object, check to make sure this command returns at least one valid object.
WARNING: [Vivado 12-584] No ports matched 'LED[12]'. [/home/ecegrid/a/ece437l/tools/vivado_extra/urbana.xdc:40]
CRITICAL WARNING: [Common 17-55] 'set_property' expects at least one object. [/home/ecegrid/a/ece437l/tools/vivado_extra/urbana.xdc:40]
Resolution: If [get_<value>] was used to populate the object, check to make sure this command returns at least one valid object.
WARNING: [Vivado 12-584] No ports matched 'LED[13]'. [/home/ecegrid/a/ece437l/tools/vivado_extra/urbana.xdc:41]
CRITICAL WARNING: [Common 17-55] 'set_property' expects at least one object. [/home/ecegrid/a/ece437l/tools/vivado_extra/urbana.xdc:41]
Resolution: If [get_<value>] was used to populate the object, check to make sure this command returns at least one valid object.
WARNING: [Vivado 12-584] No ports matched 'LED[14]'. [/home/ecegrid/a/ece437l/tools/vivado_extra/urbana.xdc:42]
CRITICAL WARNING: [Common 17-55] 'set_property' expects at least one object. [/home/ecegrid/a/ece437l/tools/vivado_extra/urbana.xdc:42]
Resolution: If [get_<value>] was used to populate the object, check to make sure this command returns at least one valid object.
WARNING: [Vivado 12-584] No ports matched 'LED[15]'. [/home/ecegrid/a/ece437l/tools/vivado_extra/urbana.xdc:43]
CRITICAL WARNING: [Common 17-55] 'set_property' expects at least one object. [/home/ecegrid/a/ece437l/tools/vivado_extra/urbana.xdc:43]
Resolution: If [get_<value>] was used to populate the object, check to make sure this command returns at least one valid object.
WARNING: [Vivado 12-584] No ports matched 'RGB0[0]'. [/home/ecegrid/a/ece437l/tools/vivado_extra/urbana.xdc:52]
CRITICAL WARNING: [Common 17-55] 'set_property' expects at least one object. [/home/ecegrid/a/ece437l/tools/vivado_extra/urbana.xdc:52]
Resolution: If [get_<value>] was used to populate the object, check to make sure this command returns at least one valid object.
WARNING: [Vivado 12-584] No ports matched 'RGB0[1]'. [/home/ecegrid/a/ece437l/tools/vivado_extra/urbana.xdc:53]
CRITICAL WARNING: [Common 17-55] 'set_property' expects at least one object. [/home/ecegrid/a/ece437l/tools/vivado_extra/urbana.xdc:53]
Resolution: If [get_<value>] was used to populate the object, check to make sure this command returns at least one valid object.
WARNING: [Vivado 12-584] No ports matched 'RGB0[2]'. [/home/ecegrid/a/ece437l/tools/vivado_extra/urbana.xdc:54]
CRITICAL WARNING: [Common 17-55] 'set_property' expects at least one object. [/home/ecegrid/a/ece437l/tools/vivado_extra/urbana.xdc:54]
Resolution: If [get_<value>] was used to populate the object, check to make sure this command returns at least one valid object.
WARNING: [Vivado 12-584] No ports matched 'D0_AN[0]'. [/home/ecegrid/a/ece437l/tools/vivado_extra/urbana.xdc:57]
CRITICAL WARNING: [Common 17-55] 'set_property' expects at least one object. [/home/ecegrid/a/ece437l/tools/vivado_extra/urbana.xdc:57]
Resolution: If [get_<value>] was used to populate the object, check to make sure this command returns at least one valid object.
WARNING: [Vivado 12-584] No ports matched 'D0_AN[1]'. [/home/ecegrid/a/ece437l/tools/vivado_extra/urbana.xdc:58]
CRITICAL WARNING: [Common 17-55] 'set_property' expects at least one object. [/home/ecegrid/a/ece437l/tools/vivado_extra/urbana.xdc:58]
Resolution: If [get_<value>] was used to populate the object, check to make sure this command returns at least one valid object.
WARNING: [Vivado 12-584] No ports matched 'D0_AN[2]'. [/home/ecegrid/a/ece437l/tools/vivado_extra/urbana.xdc:59]
CRITICAL WARNING: [Common 17-55] 'set_property' expects at least one object. [/home/ecegrid/a/ece437l/tools/vivado_extra/urbana.xdc:59]
Resolution: If [get_<value>] was used to populate the object, check to make sure this command returns at least one valid object.
WARNING: [Vivado 12-584] No ports matched 'D0_AN[3]'. [/home/ecegrid/a/ece437l/tools/vivado_extra/urbana.xdc:60]
CRITICAL WARNING: [Common 17-55] 'set_property' expects at least one object. [/home/ecegrid/a/ece437l/tools/vivado_extra/urbana.xdc:60]
Resolution: If [get_<value>] was used to populate the object, check to make sure this command returns at least one valid object.
WARNING: [Vivado 12-584] No ports matched 'D1_AN[0]'. [/home/ecegrid/a/ece437l/tools/vivado_extra/urbana.xdc:70]
CRITICAL WARNING: [Common 17-55] 'set_property' expects at least one object. [/home/ecegrid/a/ece437l/tools/vivado_extra/urbana.xdc:70]
Resolution: If [get_<value>] was used to populate the object, check to make sure this command returns at least one valid object.
WARNING: [Vivado 12-584] No ports matched 'D1_AN[1]'. [/home/ecegrid/a/ece437l/tools/vivado_extra/urbana.xdc:71]
CRITICAL WARNING: [Common 17-55] 'set_property' expects at least one object. [/home/ecegrid/a/ece437l/tools/vivado_extra/urbana.xdc:71]
Resolution: If [get_<value>] was used to populate the object, check to make sure this command returns at least one valid object.
WARNING: [Vivado 12-584] No ports matched 'D1_AN[2]'. [/home/ecegrid/a/ece437l/tools/vivado_extra/urbana.xdc:72]
CRITICAL WARNING: [Common 17-55] 'set_property' expects at least one object. [/home/ecegrid/a/ece437l/tools/vivado_extra/urbana.xdc:72]
Resolution: If [get_<value>] was used to populate the object, check to make sure this command returns at least one valid object.
WARNING: [Vivado 12-584] No ports matched 'D1_AN[3]'. [/home/ecegrid/a/ece437l/tools/vivado_extra/urbana.xdc:73]
CRITICAL WARNING: [Common 17-55] 'set_property' expects at least one object. [/home/ecegrid/a/ece437l/tools/vivado_extra/urbana.xdc:73]
Resolution: If [get_<value>] was used to populate the object, check to make sure this command returns at least one valid object.
Finished Parsing XDC File [/home/ecegrid/a/ece437l/tools/vivado_extra/urbana.xdc]
INFO: [Opt 31-138] Pushed 0 inverter(s) to 0 load pin(s).
Netlist sorting complete. Time (s): cpu = 00:00:00 ; elapsed = 00:00:00 . Memory (MB): peak = 2588.582 ; gain = 0.000 ; free physical = 4367 ; free virtual = 16854
INFO: [Project 1-111] Unisim Transformation Summary:
No Unisim elements were transformed.

Synth Design complete | Checksum: eb39ab77
INFO: [Common 17-83] Releasing license: Synthesis
21 Infos, 124 Warnings, 55 Critical Warnings and 0 Errors encountered.
synth_design completed successfully
synth_design: Time (s): cpu = 00:00:24 ; elapsed = 00:00:25 . Memory (MB): peak = 2588.617 ; gain = 1019.457 ; free physical = 4366 ; free virtual = 16854
INFO: [Common 17-2834] synth_design peak Physical Memory [PSS] (MB): overall = 2094.126; main = 1800.915; forked = 441.338
INFO: [Common 17-2834] synth_design peak Virtual Memory [VSS] (MB): overall = 4119.086; main = 2588.586; forked = 1626.547
# write_checkpoint -force $output_dir/post_synth.dcp
INFO: [Timing 38-480] Writing timing data to binary archive.
Write ShapeDB Complete: Time (s): cpu = 00:00:00 ; elapsed = 00:00:00.01 . Memory (MB): peak = 2620.598 ; gain = 0.000 ; free physical = 4365 ; free virtual = 16853
Wrote PlaceDB: Time (s): cpu = 00:00:00.01 ; elapsed = 00:00:00 . Memory (MB): peak = 2620.598 ; gain = 0.000 ; free physical = 4365 ; free virtual = 16853
Wrote PulsedLatchDB: Time (s): cpu = 00:00:00 ; elapsed = 00:00:00 . Memory (MB): peak = 2620.598 ; gain = 0.000 ; free physical = 4365 ; free virtual = 16853
Writing XDEF routing.
Writing XDEF routing logical nets.
Writing XDEF routing special nets.
Wrote RouteStorage: Time (s): cpu = 00:00:00.02 ; elapsed = 00:00:00.02 . Memory (MB): peak = 2620.598 ; gain = 0.000 ; free physical = 4365 ; free virtual = 16853
Wrote Netlist Cache: Time (s): cpu = 00:00:00 ; elapsed = 00:00:00 . Memory (MB): peak = 2620.598 ; gain = 0.000 ; free physical = 4365 ; free virtual = 16853
Wrote Device Cache: Time (s): cpu = 00:00:00 ; elapsed = 00:00:00 . Memory (MB): peak = 2620.598 ; gain = 0.000 ; free physical = 4365 ; free virtual = 16853
Write Physdb Complete: Time (s): cpu = 00:00:00.07 ; elapsed = 00:00:00.05 . Memory (MB): peak = 2620.598 ; gain = 0.000 ; free physical = 4365 ; free virtual = 16854
INFO: [Common 17-1381] The checkpoint '/home/ecegridfs/a/437mg063/ece437/processors/build/post_synth.dcp' has been generated.
# opt_design
Command: opt_design
Attempting to get a license for feature 'Implementation' and/or device 'xc7s50'
INFO: [Common 17-349] Got license for feature 'Implementation' and/or device 'xc7s50'
Running DRC as a precondition to command opt_design

Starting DRC Task
INFO: [DRC 23-27] Running DRC with 8 threads
INFO: [Project 1-461] DRC finished with 0 Errors
INFO: [Project 1-462] Please refer to the DRC report (report_drc) for more information.

Time (s): cpu = 00:00:00.83 ; elapsed = 00:00:00.59 . Memory (MB): peak = 2652.613 ; gain = 32.016 ; free physical = 4361 ; free virtual = 16849

Starting Cache Timing Information Task
INFO: [Timing 38-35] Done setting XDC timing constraints.
Ending Cache Timing Information Task | Checksum: 170f486de

Time (s): cpu = 00:00:01 ; elapsed = 00:00:02 . Memory (MB): peak = 2680.457 ; gain = 27.844 ; free physical = 4340 ; free virtual = 16827

Starting Logic Optimization Task

Phase 1 Initialization

Phase 1.1 Core Generation And Design Setup
Phase 1.1 Core Generation And Design Setup | Checksum: 170f486de

Time (s): cpu = 00:00:00 ; elapsed = 00:00:00 . Memory (MB): peak = 2926.426 ; gain = 0.000 ; free physical = 4077 ; free virtual = 16564

Phase 1.2 Setup Constraints And Sort Netlist
Phase 1.2 Setup Constraints And Sort Netlist | Checksum: 170f486de

Time (s): cpu = 00:00:00 ; elapsed = 00:00:00 . Memory (MB): peak = 2926.426 ; gain = 0.000 ; free physical = 4077 ; free virtual = 16564
Phase 1 Initialization | Checksum: 170f486de

Time (s): cpu = 00:00:00 ; elapsed = 00:00:00 . Memory (MB): peak = 2926.426 ; gain = 0.000 ; free physical = 4077 ; free virtual = 16564

Phase 2 Timer Update And Timing Data Collection

Phase 2.1 Timer Update
Phase 2.1 Timer Update | Checksum: 170f486de

Time (s): cpu = 00:00:00 ; elapsed = 00:00:00.01 . Memory (MB): peak = 2926.426 ; gain = 0.000 ; free physical = 4076 ; free virtual = 16564

Phase 2.2 Timing Data Collection
Phase 2.2 Timing Data Collection | Checksum: 170f486de

Time (s): cpu = 00:00:00.01 ; elapsed = 00:00:00.01 . Memory (MB): peak = 2926.426 ; gain = 0.000 ; free physical = 4076 ; free virtual = 16564
Phase 2 Timer Update And Timing Data Collection | Checksum: 170f486de

Time (s): cpu = 00:00:00.01 ; elapsed = 00:00:00.02 . Memory (MB): peak = 2926.426 ; gain = 0.000 ; free physical = 4076 ; free virtual = 16564

Phase 3 Retarget
INFO: [Opt 31-138] Pushed 0 inverter(s) to 0 load pin(s).
INFO: [Opt 31-49] Retargeted 0 cell(s).
Phase 3 Retarget | Checksum: 170f486de

Time (s): cpu = 00:00:00.01 ; elapsed = 00:00:00.03 . Memory (MB): peak = 2926.426 ; gain = 0.000 ; free physical = 4076 ; free virtual = 16564
Retarget | Checksum: 170f486de
INFO: [Opt 31-389] Phase Retarget created 0 cells and removed 0 cells

Phase 4 Constant propagation
INFO: [Opt 31-138] Pushed 0 inverter(s) to 0 load pin(s).
Phase 4 Constant propagation | Checksum: 170f486de

Time (s): cpu = 00:00:00.02 ; elapsed = 00:00:00.03 . Memory (MB): peak = 2926.426 ; gain = 0.000 ; free physical = 4076 ; free virtual = 16564
Constant propagation | Checksum: 170f486de
INFO: [Opt 31-389] Phase Constant propagation created 0 cells and removed 0 cells

Phase 5 Sweep
Phase 5 Sweep | Checksum: 98aa44d2

Time (s): cpu = 00:00:00.02 ; elapsed = 00:00:00.04 . Memory (MB): peak = 2926.426 ; gain = 0.000 ; free physical = 4076 ; free virtual = 16564
Sweep | Checksum: 98aa44d2
INFO: [Opt 31-389] Phase Sweep created 0 cells and removed 0 cells

Phase 6 BUFG optimization
Phase 6 BUFG optimization | Checksum: 98aa44d2

Time (s): cpu = 00:00:00.03 ; elapsed = 00:00:00.05 . Memory (MB): peak = 2958.441 ; gain = 32.016 ; free physical = 4076 ; free virtual = 16564
BUFG optimization | Checksum: 98aa44d2
INFO: [Opt 31-662] Phase BUFG optimization created 0 cells of which 0 are BUFGs and removed 0 cells.

Phase 7 Shift Register Optimization
INFO: [Opt 31-1064] SRL Remap converted 0 SRLs to 0 registers and converted 0 registers of register chains to 0 SRLs
Phase 7 Shift Register Optimization | Checksum: 98aa44d2

Time (s): cpu = 00:00:00.03 ; elapsed = 00:00:00.05 . Memory (MB): peak = 2958.441 ; gain = 32.016 ; free physical = 4076 ; free virtual = 16564
Shift Register Optimization | Checksum: 98aa44d2
INFO: [Opt 31-389] Phase Shift Register Optimization created 0 cells and removed 0 cells

Phase 8 Post Processing Netlist
Phase 8 Post Processing Netlist | Checksum: 98aa44d2

Time (s): cpu = 00:00:00.03 ; elapsed = 00:00:00.05 . Memory (MB): peak = 2958.441 ; gain = 32.016 ; free physical = 4076 ; free virtual = 16564
Post Processing Netlist | Checksum: 98aa44d2
INFO: [Opt 31-389] Phase Post Processing Netlist created 0 cells and removed 0 cells

Phase 9 Finalization

Phase 9.1 Finalizing Design Cores and Updating Shapes
Phase 9.1 Finalizing Design Cores and Updating Shapes | Checksum: 1d2fff5d5

Time (s): cpu = 00:00:00.04 ; elapsed = 00:00:00.06 . Memory (MB): peak = 2958.441 ; gain = 32.016 ; free physical = 4076 ; free virtual = 16564

Phase 9.2 Verifying Netlist Connectivity

Starting Connectivity Check Task

Time (s): cpu = 00:00:00 ; elapsed = 00:00:00 . Memory (MB): peak = 2958.441 ; gain = 0.000 ; free physical = 4076 ; free virtual = 16564
Phase 9.2 Verifying Netlist Connectivity | Checksum: 1d2fff5d5

Time (s): cpu = 00:00:00.04 ; elapsed = 00:00:00.06 . Memory (MB): peak = 2958.441 ; gain = 32.016 ; free physical = 4076 ; free virtual = 16564
Phase 9 Finalization | Checksum: 1d2fff5d5

Time (s): cpu = 00:00:00.04 ; elapsed = 00:00:00.06 . Memory (MB): peak = 2958.441 ; gain = 32.016 ; free physical = 4076 ; free virtual = 16564
Opt_design Change Summary
=========================


-------------------------------------------------------------------------------------------------------------------------
|  Phase                        |  #Cells created  |  #Cells Removed  |  #Constrained objects preventing optimizations  |
-------------------------------------------------------------------------------------------------------------------------
|  Retarget                     |               0  |               0  |                                              0  |
|  Constant propagation         |               0  |               0  |                                              0  |
|  Sweep                        |               0  |               0  |                                              0  |
|  BUFG optimization            |               0  |               0  |                                              0  |
|  Shift Register Optimization  |               0  |               0  |                                              0  |
|  Post Processing Netlist      |               0  |               0  |                                              0  |
-------------------------------------------------------------------------------------------------------------------------


Ending Logic Optimization Task | Checksum: 1d2fff5d5

Time (s): cpu = 00:00:00.04 ; elapsed = 00:00:00.06 . Memory (MB): peak = 2958.441 ; gain = 32.016 ; free physical = 4076 ; free virtual = 16564
INFO: [Constraints 18-11670] Building netlist checker database with flags, 0x8
Done building netlist checker database: Time (s): cpu = 00:00:00 ; elapsed = 00:00:00 . Memory (MB): peak = 2958.441 ; gain = 0.000 ; free physical = 4076 ; free virtual = 16564

Starting Power Optimization Task
INFO: [Pwropt 34-132] Skipping clock gating for clocks with a period < 2.00 ns.
Ending Power Optimization Task | Checksum: 1d2fff5d5

Time (s): cpu = 00:00:00 ; elapsed = 00:00:00 . Memory (MB): peak = 2958.441 ; gain = 0.000 ; free physical = 4076 ; free virtual = 16563

Starting Final Cleanup Task
Ending Final Cleanup Task | Checksum: 1d2fff5d5

Time (s): cpu = 00:00:00 ; elapsed = 00:00:00 . Memory (MB): peak = 2958.441 ; gain = 0.000 ; free physical = 4076 ; free virtual = 16563

Starting Netlist Obfuscation Task
Netlist sorting complete. Time (s): cpu = 00:00:00 ; elapsed = 00:00:00 . Memory (MB): peak = 2958.441 ; gain = 0.000 ; free physical = 4076 ; free virtual = 16563
Ending Netlist Obfuscation Task | Checksum: 1d2fff5d5

Time (s): cpu = 00:00:00 ; elapsed = 00:00:00.01 . Memory (MB): peak = 2958.441 ; gain = 0.000 ; free physical = 4076 ; free virtual = 16563
INFO: [Common 17-83] Releasing license: Implementation
18 Infos, 0 Warnings, 0 Critical Warnings and 0 Errors encountered.
opt_design completed successfully
# place_design
Command: place_design
Attempting to get a license for feature 'Implementation' and/or device 'xc7s50'
INFO: [Common 17-349] Got license for feature 'Implementation' and/or device 'xc7s50'
INFO: [Common 17-83] Releasing license: Implementation
INFO: [DRC 23-27] Running DRC with 8 threads
INFO: [Vivado_Tcl 4-198] DRC finished with 0 Errors
INFO: [Vivado_Tcl 4-199] Please refer to the DRC report (report_drc) for more information.
Running DRC as a precondition to command place_design
INFO: [DRC 23-27] Running DRC with 8 threads
INFO: [Vivado_Tcl 4-198] DRC finished with 0 Errors
INFO: [Vivado_Tcl 4-199] Please refer to the DRC report (report_drc) for more information.
INFO: [Place 30-611] Multithreading enabled for place_design using a maximum of 8 CPUs

Starting Placer Task

Phase 1 Placer Initialization

Phase 1.1 Placer Initialization Netlist Sorting
Netlist sorting complete. Time (s): cpu = 00:00:00 ; elapsed = 00:00:00 . Memory (MB): peak = 2990.457 ; gain = 0.000 ; free physical = 4074 ; free virtual = 16562
Phase 1.1 Placer Initialization Netlist Sorting | Checksum: ee102ac8

Time (s): cpu = 00:00:00 ; elapsed = 00:00:00.01 . Memory (MB): peak = 2990.457 ; gain = 0.000 ; free physical = 4074 ; free virtual = 16562
Netlist sorting complete. Time (s): cpu = 00:00:00 ; elapsed = 00:00:00 . Memory (MB): peak = 2990.457 ; gain = 0.000 ; free physical = 4074 ; free virtual = 16562

Phase 1.2 IO Placement/ Clock Placement/ Build Placer Device
INFO: [Timing 38-35] Done setting XDC timing constraints.
Phase 1.2 IO Placement/ Clock Placement/ Build Placer Device | Checksum: d93c2d3f

Time (s): cpu = 00:00:00.53 ; elapsed = 00:00:00.19 . Memory (MB): peak = 2990.457 ; gain = 0.000 ; free physical = 4074 ; free virtual = 16562

Phase 1.3 Build Placer Netlist Model
Phase 1.3 Build Placer Netlist Model | Checksum: 1882343a6

Time (s): cpu = 00:00:00.59 ; elapsed = 00:00:00.22 . Memory (MB): peak = 2990.457 ; gain = 0.000 ; free physical = 4074 ; free virtual = 16562

Phase 1.4 Constrain Clocks/Macros
Phase 1.4 Constrain Clocks/Macros | Checksum: 1882343a6

Time (s): cpu = 00:00:00.59 ; elapsed = 00:00:00.22 . Memory (MB): peak = 2990.457 ; gain = 0.000 ; free physical = 4074 ; free virtual = 16562
Phase 1 Placer Initialization | Checksum: 1882343a6

Time (s): cpu = 00:00:00.6 ; elapsed = 00:00:00.22 . Memory (MB): peak = 2990.457 ; gain = 0.000 ; free physical = 4074 ; free virtual = 16562

Phase 2 Global Placement

Phase 2.1 Floorplanning
Phase 2.1 Floorplanning | Checksum: 1882343a6

Time (s): cpu = 00:00:00.6 ; elapsed = 00:00:00.23 . Memory (MB): peak = 2990.457 ; gain = 0.000 ; free physical = 4074 ; free virtual = 16562

Phase 2.2 Update Timing before SLR Path Opt
Phase 2.2 Update Timing before SLR Path Opt | Checksum: 1882343a6

Time (s): cpu = 00:00:00.61 ; elapsed = 00:00:00.23 . Memory (MB): peak = 2990.457 ; gain = 0.000 ; free physical = 4074 ; free virtual = 16562

Phase 2.3 Post-Processing in Floorplanning
Phase 2.3 Post-Processing in Floorplanning | Checksum: 1882343a6

Time (s): cpu = 00:00:00.61 ; elapsed = 00:00:00.23 . Memory (MB): peak = 2990.457 ; gain = 0.000 ; free physical = 4074 ; free virtual = 16562

Phase 2.4 Global Placement Core
WARNING: [Place 46-29] Timing had been disabled during Placer and, therefore, physical synthesis in Placer will be skipped.
Phase 2.4 Global Placement Core | Checksum: 135e05fe5

Time (s): cpu = 00:00:01 ; elapsed = 00:00:00.4 . Memory (MB): peak = 2990.457 ; gain = 0.000 ; free physical = 4071 ; free virtual = 16559
Phase 2 Global Placement | Checksum: 135e05fe5

Time (s): cpu = 00:00:01 ; elapsed = 00:00:00.4 . Memory (MB): peak = 2990.457 ; gain = 0.000 ; free physical = 4071 ; free virtual = 16559

Phase 3 Detail Placement

Phase 3.1 Commit Multi Column Macros
Phase 3.1 Commit Multi Column Macros | Checksum: 135e05fe5

Time (s): cpu = 00:00:02 ; elapsed = 00:00:00.41 . Memory (MB): peak = 2990.457 ; gain = 0.000 ; free physical = 4071 ; free virtual = 16559

Phase 3.2 Commit Most Macros & LUTRAMs
Phase 3.2 Commit Most Macros & LUTRAMs | Checksum: 2043a3463

Time (s): cpu = 00:00:02 ; elapsed = 00:00:00.42 . Memory (MB): peak = 2990.457 ; gain = 0.000 ; free physical = 4071 ; free virtual = 16559

Phase 3.3 Area Swap Optimization
Phase 3.3 Area Swap Optimization | Checksum: 228e47c3d

Time (s): cpu = 00:00:02 ; elapsed = 00:00:00.42 . Memory (MB): peak = 2990.457 ; gain = 0.000 ; free physical = 4071 ; free virtual = 16559

Phase 3.4 Pipeline Register Optimization
Phase 3.4 Pipeline Register Optimization | Checksum: 228e47c3d

Time (s): cpu = 00:00:02 ; elapsed = 00:00:00.42 . Memory (MB): peak = 2990.457 ; gain = 0.000 ; free physical = 4071 ; free virtual = 16559

Phase 3.5 Small Shape Detail Placement
Phase 3.5 Small Shape Detail Placement | Checksum: 1ec38a8c3

Time (s): cpu = 00:00:02 ; elapsed = 00:00:00.52 . Memory (MB): peak = 2990.457 ; gain = 0.000 ; free physical = 4073 ; free virtual = 16560

Phase 3.6 Re-assign LUT pins
Phase 3.6 Re-assign LUT pins | Checksum: 1ec38a8c3

Time (s): cpu = 00:00:02 ; elapsed = 00:00:00.53 . Memory (MB): peak = 2990.457 ; gain = 0.000 ; free physical = 4073 ; free virtual = 16560

Phase 3.7 Pipeline Register Optimization
Phase 3.7 Pipeline Register Optimization | Checksum: 1ec38a8c3

Time (s): cpu = 00:00:02 ; elapsed = 00:00:00.53 . Memory (MB): peak = 2990.457 ; gain = 0.000 ; free physical = 4073 ; free virtual = 16560
Phase 3 Detail Placement | Checksum: 1ec38a8c3

Time (s): cpu = 00:00:02 ; elapsed = 00:00:00.53 . Memory (MB): peak = 2990.457 ; gain = 0.000 ; free physical = 4073 ; free virtual = 16560

Phase 4 Post Placement Optimization and Clean-Up

Phase 4.1 Post Commit Optimization
Phase 4.1 Post Commit Optimization | Checksum: 1ec38a8c3

Time (s): cpu = 00:00:02 ; elapsed = 00:00:00.56 . Memory (MB): peak = 2990.457 ; gain = 0.000 ; free physical = 4073 ; free virtual = 16560

Phase 4.2 Post Placement Cleanup
Phase 4.2 Post Placement Cleanup | Checksum: 1ec38a8c3

Time (s): cpu = 00:00:02 ; elapsed = 00:00:00.56 . Memory (MB): peak = 2990.457 ; gain = 0.000 ; free physical = 4073 ; free virtual = 16560

Phase 4.3 Placer Reporting

Phase 4.3.1 Print Estimated Congestion
INFO: [Place 30-612] Post-Placement Estimated Congestion 
 ____________________________________________________
|           | Global Congestion | Short Congestion  |
| Direction | Region Size       | Region Size       |
|___________|___________________|___________________|
|      North|                1x1|                1x1|
|___________|___________________|___________________|
|      South|                1x1|                1x1|
|___________|___________________|___________________|
|       East|                1x1|                1x1|
|___________|___________________|___________________|
|       West|                1x1|                1x1|
|___________|___________________|___________________|

Phase 4.3.1 Print Estimated Congestion | Checksum: 1ec38a8c3

Time (s): cpu = 00:00:02 ; elapsed = 00:00:00.56 . Memory (MB): peak = 2990.457 ; gain = 0.000 ; free physical = 4073 ; free virtual = 16560
Phase 4.3 Placer Reporting | Checksum: 1ec38a8c3

Time (s): cpu = 00:00:02 ; elapsed = 00:00:00.56 . Memory (MB): peak = 2990.457 ; gain = 0.000 ; free physical = 4073 ; free virtual = 16560

Phase 4.4 Final Placement Cleanup
Netlist sorting complete. Time (s): cpu = 00:00:00 ; elapsed = 00:00:00 . Memory (MB): peak = 2990.457 ; gain = 0.000 ; free physical = 4073 ; free virtual = 16560

Time (s): cpu = 00:00:02 ; elapsed = 00:00:00.56 . Memory (MB): peak = 2990.457 ; gain = 0.000 ; free physical = 4073 ; free virtual = 16560
Phase 4 Post Placement Optimization and Clean-Up | Checksum: 1ec38a8c3

Time (s): cpu = 00:00:02 ; elapsed = 00:00:00.57 . Memory (MB): peak = 2990.457 ; gain = 0.000 ; free physical = 4073 ; free virtual = 16560
Ending Placer Task | Checksum: 10d0e294d

Time (s): cpu = 00:00:02 ; elapsed = 00:00:00.57 . Memory (MB): peak = 2990.457 ; gain = 0.000 ; free physical = 4073 ; free virtual = 16560
11 Infos, 1 Warnings, 0 Critical Warnings and 0 Errors encountered.
place_design completed successfully
# route_design
Command: route_design
Attempting to get a license for feature 'Implementation' and/or device 'xc7s50'
INFO: [Common 17-349] Got license for feature 'Implementation' and/or device 'xc7s50'
Running DRC as a precondition to command route_design
INFO: [DRC 23-27] Running DRC with 8 threads
INFO: [Vivado_Tcl 4-198] DRC finished with 0 Errors
INFO: [Vivado_Tcl 4-199] Please refer to the DRC report (report_drc) for more information.


Starting Routing Task
INFO: [Route 35-254] Multithreading enabled for route_design using a maximum of 8 CPUs

Phase 1 Build RT Design
Checksum: PlaceDB: 781817b5 ConstDB: 0 ShapeSum: 94f61198 RouteDB: 0
Post Restoration Checksum: NetGraph: c2cc65b | NumContArr: e1ac4acf | Constraints: c2a8fa9d | Timing: c2a8fa9d
Phase 1 Build RT Design | Checksum: 2732b0664

Time (s): cpu = 00:00:13 ; elapsed = 00:00:12 . Memory (MB): peak = 2991.461 ; gain = 0.000 ; free physical = 4071 ; free virtual = 16559

Phase 2 Router Initialization
INFO: [Route 35-64] No timing constraints were detected. The router will operate in resource-optimization mode.

Phase 2.1 Fix Topology Constraints
Phase 2.1 Fix Topology Constraints | Checksum: 2732b0664

Time (s): cpu = 00:00:13 ; elapsed = 00:00:12 . Memory (MB): peak = 2991.461 ; gain = 0.000 ; free physical = 4071 ; free virtual = 16559

Phase 2.2 Pre Route Cleanup
Phase 2.2 Pre Route Cleanup | Checksum: 2732b0664

Time (s): cpu = 00:00:13 ; elapsed = 00:00:12 . Memory (MB): peak = 2991.461 ; gain = 0.000 ; free physical = 4071 ; free virtual = 16559
 Number of Nodes with overlaps = 0

Router Utilization Summary
  Global Vertical Routing Utilization    = 0 %
  Global Horizontal Routing Utilization  = 0 %
  Routable Net Status*
  *Does not include unroutable nets such as driverless and loadless.
  Run report_route_status for detailed report.
  Number of Failed Nets               = 108
    (Failed Nets is the sum of unrouted and partially routed nets)
  Number of Unrouted Nets             = 108
  Number of Partially Routed Nets     = 0
  Number of Node Overlaps             = 0

Phase 2 Router Initialization | Checksum: 254b21855

Time (s): cpu = 00:00:14 ; elapsed = 00:00:12 . Memory (MB): peak = 2991.461 ; gain = 0.000 ; free physical = 4071 ; free virtual = 16559

Phase 3 Initial Routing

Phase 3.1 Global Routing
Phase 3.1 Global Routing | Checksum: 254b21855

Time (s): cpu = 00:00:14 ; elapsed = 00:00:12 . Memory (MB): peak = 2991.461 ; gain = 0.000 ; free physical = 4071 ; free virtual = 16559

Phase 3.2 Initial Net Routing
Phase 3.2 Initial Net Routing | Checksum: 2a50c0bd6

Time (s): cpu = 00:00:14 ; elapsed = 00:00:12 . Memory (MB): peak = 2991.461 ; gain = 0.000 ; free physical = 4071 ; free virtual = 16559
Phase 3 Initial Routing | Checksum: 2a50c0bd6

Time (s): cpu = 00:00:14 ; elapsed = 00:00:12 . Memory (MB): peak = 2991.461 ; gain = 0.000 ; free physical = 4071 ; free virtual = 16559

Phase 4 Rip-up And Reroute

Phase 4.1 Global Iteration 0
 Number of Nodes with overlaps = 5
 Number of Nodes with overlaps = 0
Phase 4.1 Global Iteration 0 | Checksum: 2c869ceb0

Time (s): cpu = 00:00:14 ; elapsed = 00:00:12 . Memory (MB): peak = 2991.461 ; gain = 0.000 ; free physical = 4071 ; free virtual = 16559
Phase 4 Rip-up And Reroute | Checksum: 2c869ceb0

Time (s): cpu = 00:00:14 ; elapsed = 00:00:12 . Memory (MB): peak = 2991.461 ; gain = 0.000 ; free physical = 4071 ; free virtual = 16559

Phase 5 Delay and Skew Optimization
Phase 5 Delay and Skew Optimization | Checksum: 2c869ceb0

Time (s): cpu = 00:00:14 ; elapsed = 00:00:12 . Memory (MB): peak = 2991.461 ; gain = 0.000 ; free physical = 4071 ; free virtual = 16559

Phase 6 Post Hold Fix

Phase 6.1 Hold Fix Iter
Phase 6.1 Hold Fix Iter | Checksum: 2c869ceb0

Time (s): cpu = 00:00:14 ; elapsed = 00:00:12 . Memory (MB): peak = 2991.461 ; gain = 0.000 ; free physical = 4071 ; free virtual = 16559
Phase 6 Post Hold Fix | Checksum: 2c869ceb0

Time (s): cpu = 00:00:14 ; elapsed = 00:00:12 . Memory (MB): peak = 2991.461 ; gain = 0.000 ; free physical = 4071 ; free virtual = 16559

Phase 7 Route finalize

Router Utilization Summary
  Global Vertical Routing Utilization    = 0.0884158 %
  Global Horizontal Routing Utilization  = 0.0300625 %
  Routable Net Status*
  *Does not include unroutable nets such as driverless and loadless.
  Run report_route_status for detailed report.
  Number of Failed Nets               = 0
    (Failed Nets is the sum of unrouted and partially routed nets)
  Number of Unrouted Nets             = 0
  Number of Partially Routed Nets     = 0
  Number of Node Overlaps             = 0


--GLOBAL Congestion:
Utilization threshold used for congestion level computation: 0.85
Congestion Report
North Dir 1x1 Area, Max Cong = 23.4234%, No Congested Regions.
South Dir 1x1 Area, Max Cong = 16.2162%, No Congested Regions.
East Dir 1x1 Area, Max Cong = 16.1765%, No Congested Regions.
West Dir 1x1 Area, Max Cong = 16.1765%, No Congested Regions.

------------------------------
Reporting congestion hotspots
------------------------------
Direction: North
----------------
Congested clusters found at Level 0
Effective congestion level: 0 Aspect Ratio: 1 Sparse Ratio: 0
Direction: South
----------------
Congested clusters found at Level 0
Effective congestion level: 0 Aspect Ratio: 1 Sparse Ratio: 0
Direction: East
----------------
Congested clusters found at Level 0
Effective congestion level: 0 Aspect Ratio: 1 Sparse Ratio: 0
Direction: West
----------------
Congested clusters found at Level 0
Effective congestion level: 0 Aspect Ratio: 1 Sparse Ratio: 0

Phase 7 Route finalize | Checksum: 2c869ceb0

Time (s): cpu = 00:00:14 ; elapsed = 00:00:12 . Memory (MB): peak = 2991.461 ; gain = 0.000 ; free physical = 4071 ; free virtual = 16559

Phase 8 Verifying routed nets

 Verification completed successfully
Phase 8 Verifying routed nets | Checksum: 2c869ceb0

Time (s): cpu = 00:00:14 ; elapsed = 00:00:12 . Memory (MB): peak = 2991.461 ; gain = 0.000 ; free physical = 4071 ; free virtual = 16559

Phase 9 Depositing Routes
Phase 9 Depositing Routes | Checksum: 2acdcf385

Time (s): cpu = 00:00:14 ; elapsed = 00:00:12 . Memory (MB): peak = 2991.461 ; gain = 0.000 ; free physical = 4071 ; free virtual = 16559
INFO: [Route 35-16] Router Completed Successfully

Phase 10 Post-Route Event Processing
Phase 10 Post-Route Event Processing | Checksum: 22bd4094d

Time (s): cpu = 00:00:14 ; elapsed = 00:00:12 . Memory (MB): peak = 2991.461 ; gain = 0.000 ; free physical = 4071 ; free virtual = 16559
Ending Routing Task | Checksum: 22bd4094d

Time (s): cpu = 00:00:14 ; elapsed = 00:00:12 . Memory (MB): peak = 2991.461 ; gain = 0.000 ; free physical = 4071 ; free virtual = 16559

Routing Is Done.
INFO: [Common 17-83] Releasing license: Implementation
8 Infos, 0 Warnings, 0 Critical Warnings and 0 Errors encountered.
route_design completed successfully
route_design: Time (s): cpu = 00:00:15 ; elapsed = 00:00:12 . Memory (MB): peak = 2991.461 ; gain = 1.004 ; free physical = 4071 ; free virtual = 16559
# write_checkpoint -force $output_dir/post_impl.dcp
INFO: [Timing 38-480] Writing timing data to binary archive.
Write ShapeDB Complete: Time (s): cpu = 00:00:00.01 ; elapsed = 00:00:00 . Memory (MB): peak = 2991.461 ; gain = 0.000 ; free physical = 4071 ; free virtual = 16558
Wrote PlaceDB: Time (s): cpu = 00:00:00.01 ; elapsed = 00:00:00.01 . Memory (MB): peak = 2991.461 ; gain = 0.000 ; free physical = 4071 ; free virtual = 16558
Wrote PulsedLatchDB: Time (s): cpu = 00:00:00 ; elapsed = 00:00:00 . Memory (MB): peak = 2991.461 ; gain = 0.000 ; free physical = 4071 ; free virtual = 16558
Writing XDEF routing.
Writing XDEF routing logical nets.
Writing XDEF routing special nets.
Wrote RouteStorage: Time (s): cpu = 00:00:00.02 ; elapsed = 00:00:00.01 . Memory (MB): peak = 2991.461 ; gain = 0.000 ; free physical = 4070 ; free virtual = 16558
Wrote Netlist Cache: Time (s): cpu = 00:00:00 ; elapsed = 00:00:00 . Memory (MB): peak = 2991.461 ; gain = 0.000 ; free physical = 4070 ; free virtual = 16558
Wrote Device Cache: Time (s): cpu = 00:00:00.01 ; elapsed = 00:00:00 . Memory (MB): peak = 2991.461 ; gain = 0.000 ; free physical = 4070 ; free virtual = 16558
Write Physdb Complete: Time (s): cpu = 00:00:00.08 ; elapsed = 00:00:00.06 . Memory (MB): peak = 2991.461 ; gain = 0.000 ; free physical = 4070 ; free virtual = 16558
INFO: [Common 17-1381] The checkpoint '/home/ecegridfs/a/437mg063/ece437/processors/build/post_impl.dcp' has been generated.
# write_bitstream -force $output_dir/$design_top.bit
Command: write_bitstream -force ./build/alu_fpga.bit
Attempting to get a license for feature 'Implementation' and/or device 'xc7s50'
INFO: [Common 17-349] Got license for feature 'Implementation' and/or device 'xc7s50'
Running DRC as a precondition to command write_bitstream
INFO: [IP_Flow 19-234] Refreshing IP repositories
INFO: [IP_Flow 19-1704] No user IP repositories specified
INFO: [IP_Flow 19-2313] Loaded Vivado IP repository '/package/eda/xilinx/Vivado/2023.2/data/ip'.
INFO: [DRC 23-27] Running DRC with 8 threads
ERROR: [DRC NSTD-1] Unspecified I/O Standard: 42 out of 77 logical ports use I/O standard (IOSTANDARD) value 'DEFAULT', instead of a user assigned specific value. This may cause I/O contention or incompatibility with the board power or connectivity affecting performance, signal integrity or in extreme cases cause damage to the device or the components to which it is connected. To correct this violation, specify all I/O standards. This design will fail to generate a bitstream unless all logical ports have a user specified I/O standard value defined. To allow bitstream creation with unspecified I/O standard values (not recommended), use this command: set_property SEVERITY {Warning} [get_drc_checks NSTD-1].  NOTE: When using the Vivado Runs infrastructure (e.g. launch_runs Tcl command), add this command to a .tcl file and add that file as a pre-hook for write_bitstream step for the implementation run. Problem ports: D2_SEG[6:0], D3_SEG[6:0], D4_SEG[6:0], D5_SEG[6:0], D6_SEG[6:0], and D7_SEG[6:0].
ERROR: [DRC UCIO-1] Unconstrained Logical Port: 42 out of 77 logical ports have no user assigned specific location constraint (LOC). This may cause I/O contention or incompatibility with the board power or connectivity affecting performance, signal integrity or in extreme cases cause damage to the device or the components to which it is connected. To correct this violation, specify all pin locations. This design will fail to generate a bitstream unless all logical ports have a user specified site LOC constraint defined.  To allow bitstream creation with unspecified pin locations (not recommended), use this command: set_property SEVERITY {Warning} [get_drc_checks UCIO-1].  NOTE: When using the Vivado Runs infrastructure (e.g. launch_runs Tcl command), add this command to a .tcl file and add that file as a pre-hook for write_bitstream step for the implementation run.  Problem ports: D2_SEG[6:0], D3_SEG[6:0], D4_SEG[6:0], D5_SEG[6:0], D6_SEG[6:0], and D7_SEG[6:0].
INFO: [Vivado 12-3199] DRC finished with 2 Errors
INFO: [Vivado 12-3200] Please refer to the DRC report (report_drc) for more information.
ERROR: [Vivado 12-1345] Error(s) found during DRC. Bitgen not run.
INFO: [Common 17-83] Releasing license: Implementation
8 Infos, 0 Warnings, 0 Critical Warnings and 3 Errors encountered.
write_bitstream failed
write_bitstream: Time (s): cpu = 00:00:02 ; elapsed = 00:00:12 . Memory (MB): peak = 2991.461 ; gain = 0.000 ; free physical = 4072 ; free virtual = 16560
ERROR: [Common 17-39] 'write_bitstream' failed due to earlier errors.

    while executing
"write_bitstream -force $output_dir/$design_top.bit"
    (file "/home/ecegrid/a/ece437l/tools/vivado_extra/bitstream_nonproject_gen.tcl" line 30)
INFO: [Common 17-206] Exiting Vivado at Wed Sep  3 18:06:09 2025...
