#-----------------------------------------------------------
# Vivado v2023.2 (64-bit)
# SW Build 4029153 on Fri Oct 13 20:13:54 MDT 2023
# IP Build 4028589 on Sat Oct 14 00:45:43 MDT 2023
# SharedData Build 4025554 on Tue Oct 10 17:18:54 MDT 2023
# Start of session at: Wed Sep  3 18:11:57 2025
# Process ID: 111833
# Current directory: /home/ecegridfs/a/437mg063/ece437/processors
# Command line: vivado -mode batch -source /home/ecegrid/a/ece437l/tools/vivado_extra/bitstream_nonproject_dl.tcl -log build/bitstream_nonproject_dl.log -journal build/bitstream_nonproject_dl.jou -tclargs alu_fpga
# Log file: /home/ecegridfs/a/437mg063/ece437/processors/build/bitstream_nonproject_dl.log
# Journal file: /home/ecegridfs/a/437mg063/ece437/processors/build/bitstream_nonproject_dl.jou
# Running On: cparch09.ecn.purdue.edu, OS: Linux, CPU Frequency: 3400.000 MHz, CPU Physical cores: 4, Host memory: 16387 MB
#-----------------------------------------------------------
source /home/ecegrid/a/ece437l/tools/vivado_extra/bitstream_nonproject_dl.tcl
# set output_dir ./build
# if {[lindex $argv 0] != "system_fpga"} {
#     set design_top [lindex $argv 0]
# } else {
#     set design_top "system_fpga"
#     set mem_fpga "memfpga.mem"
#     set mem_input "meminit.mem"
# 
#     if {![file exists $mem_input]} {
#         puts "Need to retry after compiling and converting meminit.hex into meminit.mem"
#         exit 1
#     }
# }
# open_hw_manager
open_hw_manager: Time (s): cpu = 00:00:06 ; elapsed = 00:00:07 . Memory (MB): peak = 1587.434 ; gain = 37.867 ; free physical = 5272 ; free virtual = 17764
# connect_hw_server
INFO: [Labtools 27-2285] Connecting to hw_server url TCP:localhost:3121
INFO: [Labtools 27-2222] Launching hw_server...
INFO: [Labtools 27-2221] Launch Output:

****** Xilinx hw_server v2023.2
  **** Build date : Oct 13 2023 at 20:26:23
    ** Copyright 1986-2022 Xilinx, Inc. All Rights Reserved.


INFO: [Labtools 27-3415] Connecting to cs_server url TCP:localhost:0
INFO: [Labtools 27-3417] Launching cs_server...
INFO: [Labtools 27-2221] Launch Output:


******** Xilinx cs_server v2023.2.0
  ****** Build date   : Oct 10 2023-00:01:56
    **** Build number : 2023.2.1696910516
      ** Copyright 2017-2022 Xilinx, Inc. All Rights Reserved.
      ** Copyright 2022-2025 Advanced Micro Devices, Inc. All Rights Reserved.



# open_hw_target
INFO: [Labtoolstcl 44-466] Opening hw_target localhost:3121/xilinx_tcf/Xilinx/8874042405ADA
# current_hw_target [get_hw_targets *]
# set_property PROGRAM.FILE "$output_dir/$design_top.bit" [get_hw_devices xc7s50_0]
ERROR: [Labtools 27-2149] File ./build/alu_fpga.bit not found. Check file name and file permissions.
INFO: [Common 17-206] Exiting Vivado at Wed Sep  3 18:12:21 2025...
