Copyright 1986-2022 Xilinx, Inc. All Rights Reserved. Copyright 2022-2023 Advanced Micro Devices, Inc. All Rights Reserved.
---------------------------------------------------------------------------------------------------------------------------------------------
| Tool Version : Vivado v.2023.2 (lin64) Build 4029153 Fri Oct 13 20:13:54 MDT 2023
| Date         : Wed Sep  3 18:20:36 2025
| Host         : cparch09.ecn.purdue.edu running 64-bit Oracle Linux Server release 8.10
| Command      : report_timing -verbose -file ./build/full_timing.rpt
| Design       : alu_fpga
| Device       : 7s50-csga324
| Speed File   : -1  PRODUCTION 1.23 2018-06-13
| Design State : Routed
---------------------------------------------------------------------------------------------------------------------------------------------

Timing Report

Slack:                    inf
  Source:                 SW[14]
                            (input port)
  Destination:            D0_SEG[5]
                            (output port)
  Path Group:             (none)
  Path Type:              Max at Slow Process Corner
  Data Path Delay:        17.240ns  (logic 5.826ns (33.793%)  route 11.414ns (66.207%))
  Logic Levels:           9  (IBUF=1 LUT4=1 LUT5=4 LUT6=2 OBUF=1)

    Location             Delay type                Incr(ns)  Path(ns)    Netlist Resource(s)
  -------------------------------------------------------------------    -------------------
    B7                                                0.000     0.000 f  SW[14] (IN)
                         net (fo=0)                   0.000     0.000    SW[14]
    B7                   IBUF (Prop_ibuf_I_O)         1.345     1.345 f  SW_IBUF[14]_inst/O
                         net (fo=91, routed)          3.429     4.774    RF/SW_IBUF[14]
    SLICE_X55Y70         LUT5 (Prop_lut5_I4_O)        0.124     4.898 f  RF/D0_SEG_OBUF[6]_inst_i_117/O
                         net (fo=5, routed)           1.286     6.183    RF/D0_SEG_OBUF[6]_inst_i_117_n_0
    SLICE_X55Y73         LUT6 (Prop_lut6_I0_O)        0.124     6.307 f  RF/D0_SEG_OBUF[6]_inst_i_62/O
                         net (fo=2, routed)           0.586     6.893    RF/D0_SEG_OBUF[6]_inst_i_62_n_0
    SLICE_X55Y74         LUT4 (Prop_lut4_I0_O)        0.150     7.043 f  RF/D0_SEG_OBUF[6]_inst_i_92/O
                         net (fo=1, routed)           0.816     7.859    RF/D0_SEG_OBUF[6]_inst_i_92_n_0
    SLICE_X57Y74         LUT6 (Prop_lut6_I4_O)        0.326     8.185 r  RF/D0_SEG_OBUF[6]_inst_i_41/O
                         net (fo=1, routed)           1.058     9.243    RF/D0_SEG_OBUF[6]_inst_i_41_n_0
    SLICE_X63Y73         LUT5 (Prop_lut5_I3_O)        0.124     9.367 f  RF/D0_SEG_OBUF[6]_inst_i_16/O
                         net (fo=2, routed)           0.980    10.347    RF/D0_SEG_OBUF[6]_inst_i_16_n_0
    SLICE_X64Y73         LUT5 (Prop_lut5_I4_O)        0.150    10.497 r  RF/D0_SEG_OBUF[6]_inst_i_5/O
                         net (fo=7, routed)           1.355    11.852    RF/D0_SEG_OBUF[6]_inst_i_5_n_0
    SLICE_X64Y85         LUT5 (Prop_lut5_I3_O)        0.354    12.206 r  RF/D0_SEG_OBUF[5]_inst_i_1/O
                         net (fo=1, routed)           1.905    14.111    D0_SEG_OBUF[5]
    D6                   OBUF (Prop_obuf_I_O)         3.129    17.240 r  D0_SEG_OBUF[5]_inst/O
                         net (fo=0)                   0.000    17.240    D0_SEG[5]
    D6                                                                r  D0_SEG[5] (OUT)
  -------------------------------------------------------------------    -------------------




