Copyright 1986-2022 Xilinx, Inc. All Rights Reserved. Copyright 2022-2023 Advanced Micro Devices, Inc. All Rights Reserved.
---------------------------------------------------------------------------------------------------------------------------------------------
| Tool Version : Vivado v.2023.2 (lin64) Build 4029153 Fri Oct 13 20:13:54 MDT 2023
| Date         : Tue Dec  2 18:11:46 2025
| Host         : ececomp4.ecn.purdue.edu running 64-bit Oracle Linux Server release 8.10
| Command      : report_timing_summary -file ./build/timing.rpt
| Design       : system
| Device       : 7s50-csga324
| Speed File   : -1  PRODUCTION 1.23 2018-06-13
| Design State : Routed
---------------------------------------------------------------------------------------------------------------------------------------------

Timing Summary Report

------------------------------------------------------------------------------------------------
| Timer Settings
| --------------
------------------------------------------------------------------------------------------------

  Enable Multi Corner Analysis               :  Yes
  Enable Pessimism Removal                   :  Yes
  Pessimism Removal Resolution               :  Nearest Common Node
  Enable Input Delay Default Clock           :  No
  Enable Preset / Clear Arcs                 :  No
  Disable Flight Delays                      :  No
  Ignore I/O Paths                           :  No
  Timing Early Launch at Borrowing Latches   :  No
  Borrow Time for Max Delay Exceptions       :  Yes
  Merge Timing Exceptions                    :  Yes
  Inter-SLR Compensation                     :  Conservative

  Corner  Analyze    Analyze    
  Name    Max Paths  Min Paths  
  ------  ---------  ---------  
  Slow    Yes        Yes        
  Fast    Yes        Yes        


------------------------------------------------------------------------------------------------
| Report Methodology
| ------------------
------------------------------------------------------------------------------------------------

Rule       Severity  Description                     Violations  
---------  --------  ------------------------------  ----------  
TIMING-16  Warning   Large setup violation           1000        
TIMING-18  Warning   Missing input or output delay   146         
TIMING-20  Warning   Non-clocked latch               6           
TIMING-23  Warning   Combinational loop found        1           
LATCH-1    Advisory  Existing latches in the design  1           

Note: This report is based on the most recent report_methodology run and may not be up-to-date. Run report_methodology on the current design for the latest report.



check_timing report

Table of Contents
-----------------
1. checking no_clock (54)
2. checking constant_clock (0)
3. checking pulse_width_clock (0)
4. checking unconstrained_internal_endpoints (6)
5. checking no_input_delay (82)
6. checking no_output_delay (65)
7. checking multiple_clock (0)
8. checking generated_clocks (0)
9. checking loops (1)
10. checking partial_input_delay (0)
11. checking partial_output_delay (0)
12. checking latch_loops (0)

1. checking no_clock (54)
-------------------------
 There are 6 register/latch pins with no clock driven by root clock pin: CPU/CC/FSM_sequential_curr_state_reg[0]/Q (HIGH)

 There are 6 register/latch pins with no clock driven by root clock pin: CPU/CC/FSM_sequential_curr_state_reg[1]/Q (HIGH)

 There are 6 register/latch pins with no clock driven by root clock pin: CPU/CC/FSM_sequential_curr_state_reg[2]/Q (HIGH)

 There are 6 register/latch pins with no clock driven by root clock pin: CPU/CC/FSM_sequential_curr_state_reg[3]/Q (HIGH)

 There are 6 register/latch pins with no clock driven by root clock pin: CPU/CC/lru_reg/Q (HIGH)

 There are 3 register/latch pins with no clock driven by root clock pin: CPU/CM0/DCACHE/state_reg[0]/Q (HIGH)

 There are 3 register/latch pins with no clock driven by root clock pin: CPU/CM0/DCACHE/state_reg[1]/Q (HIGH)

 There are 3 register/latch pins with no clock driven by root clock pin: CPU/CM0/DCACHE/state_reg[2]/Q (HIGH)

 There are 3 register/latch pins with no clock driven by root clock pin: CPU/CM0/DCACHE/state_reg[3]/Q (HIGH)

 There are 3 register/latch pins with no clock driven by root clock pin: CPU/CM1/DCACHE/state_reg[0]/Q (HIGH)

 There are 3 register/latch pins with no clock driven by root clock pin: CPU/CM1/DCACHE/state_reg[1]/Q (HIGH)

 There are 3 register/latch pins with no clock driven by root clock pin: CPU/CM1/DCACHE/state_reg[2]/Q (HIGH)

 There are 3 register/latch pins with no clock driven by root clock pin: CPU/CM1/DCACHE/state_reg[3]/Q (HIGH)


2. checking constant_clock (0)
------------------------------
 There are 0 register/latch pins with constant_clock.


3. checking pulse_width_clock (0)
---------------------------------
 There are 0 register/latch pins which need pulse_width check


4. checking unconstrained_internal_endpoints (6)
------------------------------------------------
 There are 6 pins that are not constrained for maximum delay. (HIGH)

 There are 0 pins that are not constrained for maximum delay due to constant clock.


5. checking no_input_delay (82)
-------------------------------
 There are 82 input ports with no input delay specified. (HIGH)

 There are 0 input ports with no input delay but user has a false path constraint.


6. checking no_output_delay (65)
--------------------------------
 There are 65 ports with no output delay specified. (HIGH)

 There are 0 ports with no output delay but user has a false path constraint

 There are 0 ports with no output delay but with a timing clock defined on it or propagating through it


7. checking multiple_clock (0)
------------------------------
 There are 0 register/latch pins with multiple clocks.


8. checking generated_clocks (0)
--------------------------------
 There are 0 generated clocks that are not connected to a clock source.


9. checking loops (1)
---------------------
 There is 1 combinational loop in the design. (HIGH)


10. checking partial_input_delay (0)
------------------------------------
 There are 0 input ports with partial input delay specified.


11. checking partial_output_delay (0)
-------------------------------------
 There are 0 ports with partial output delay specified.


12. checking latch_loops (0)
----------------------------
 There are 0 combinational latch loops in the design through latch input



------------------------------------------------------------------------------------------------
| Design Timing Summary
| ---------------------
------------------------------------------------------------------------------------------------

    WNS(ns)      TNS(ns)  TNS Failing Endpoints  TNS Total Endpoints      WHS(ns)      THS(ns)  THS Failing Endpoints  THS Total Endpoints     WPWS(ns)     TPWS(ns)  TPWS Failing Endpoints  TPWS Total Endpoints  
    -------      -------  ---------------------  -------------------      -------      -------  ---------------------  -------------------     --------     --------  ----------------------  --------------------  
     -8.106   -53535.164                  13399                16663        0.051        0.000                      0                16663        2.000        0.000                       0                  8286  


Timing constraints are not met.


------------------------------------------------------------------------------------------------
| Clock Summary
| -------------
------------------------------------------------------------------------------------------------

Clock     Waveform(ns)         Period(ns)      Frequency(MHz)
-----     ------------         ----------      --------------
MAIN      {0.000 2.500}        5.000           200.000         
  CPUCLK  {0.000 5.000}        10.000          100.000         


------------------------------------------------------------------------------------------------
| Intra Clock Table
| -----------------
------------------------------------------------------------------------------------------------

Clock             WNS(ns)      TNS(ns)  TNS Failing Endpoints  TNS Total Endpoints      WHS(ns)      THS(ns)  THS Failing Endpoints  THS Total Endpoints     WPWS(ns)     TPWS(ns)  TPWS Failing Endpoints  TPWS Total Endpoints  
-----             -------      -------  ---------------------  -------------------      -------      -------  ---------------------  -------------------     --------     --------  ----------------------  --------------------  
MAIN               -2.319      -55.948                     52                   53        0.320        0.000                      0                   53        2.000        0.000                       0                    71  
  CPUCLK           -7.696   -51725.766                  13055                16318        0.051        0.000                      0                16318        4.500        0.000                       0                  8215  


------------------------------------------------------------------------------------------------
| Inter Clock Table
| -----------------
------------------------------------------------------------------------------------------------

From Clock    To Clock          WNS(ns)      TNS(ns)  TNS Failing Endpoints  TNS Total Endpoints      WHS(ns)      THS(ns)  THS Failing Endpoints  THS Total Endpoints  
----------    --------          -------      -------  ---------------------  -------------------      -------      -------  ---------------------  -------------------  
CPUCLK        MAIN               -8.106    -1809.400                    344                  345        0.270        0.000                      0                  345  
MAIN          CPUCLK             -7.182   -40638.812                   8848                 8848        0.202        0.000                      0                 8848  


------------------------------------------------------------------------------------------------
| Other Path Groups Table
| -----------------------
------------------------------------------------------------------------------------------------

Path Group    From Clock    To Clock          WNS(ns)      TNS(ns)  TNS Failing Endpoints  TNS Total Endpoints      WHS(ns)      THS(ns)  THS Failing Endpoints  THS Total Endpoints  
----------    ----------    --------          -------      -------  ---------------------  -------------------      -------      -------  ---------------------  -------------------  


------------------------------------------------------------------------------------------------
| Timing Details
| --------------
------------------------------------------------------------------------------------------------


---------------------------------------------------------------------------------------------------
From Clock:  MAIN
  To Clock:  MAIN

Setup :           52  Failing Endpoints,  Worst Slack       -2.319ns,  Total Violation      -55.948ns
Hold  :            0  Failing Endpoints,  Worst Slack        0.320ns,  Total Violation        0.000ns
PW    :            0  Failing Endpoints,  Worst Slack        2.000ns,  Total Violation        0.000ns
---------------------------------------------------------------------------------------------------


Max Delay Paths
--------------------------------------------------------------------------------------
Slack (VIOLATED) :        -2.319ns  (required time - arrival time)
  Source:                 RAM/addr_reg[17]/C
                            (rising edge-triggered cell FDCE clocked by MAIN  {rise@0.000ns fall@2.500ns period=5.000ns})
  Destination:            RAM/mem_reg_11/WEA[0]
                            (rising edge-triggered cell RAMB36E1 clocked by MAIN  {rise@0.000ns fall@2.500ns period=5.000ns})
  Path Group:             MAIN
  Path Type:              Setup (Max at Slow Process Corner)
  Requirement:            5.000ns  (MAIN rise@5.000ns - MAIN rise@0.000ns)
  Data Path Delay:        6.697ns  (logic 1.919ns (28.653%)  route 4.778ns (71.347%))
  Logic Levels:           6  (CARRY4=2 LUT6=4)
  Clock Path Skew:        -0.054ns (DCD - SCD + CPR)
    Destination Clock Delay (DCD):    4.272ns = ( 9.272 - 5.000 ) 
    Source Clock Delay      (SCD):    4.568ns
    Clock Pessimism Removal (CPR):    0.242ns
  Clock Uncertainty:      0.035ns  ((TSJ^2 + TIJ^2)^1/2 + DJ) / 2 + PE
    Total System Jitter     (TSJ):    0.071ns
    Total Input Jitter      (TIJ):    0.000ns
    Discrete Jitter          (DJ):    0.000ns
    Phase Error              (PE):    0.000ns

    Location             Delay type                Incr(ns)  Path(ns)    Netlist Resource(s)
  -------------------------------------------------------------------    -------------------
                         (clock MAIN rise edge)       0.000     0.000 r  
    D18                                               0.000     0.000 r  CLK (IN)
                         net (fo=0)                   0.000     0.000    CLK
    D18                  IBUF (Prop_ibuf_I_O)         0.954     0.954 r  CLK_IBUF_inst/O
                         net (fo=1, routed)           1.972     2.925    CLK_IBUF
    BUFGCTRL_X0Y16       BUFG (Prop_bufg_I_O)         0.096     3.021 r  CLK_IBUF_BUFG_inst/O
                         net (fo=70, routed)          1.547     4.568    RAM/CLK
    SLICE_X35Y61         FDCE                                         r  RAM/addr_reg[17]/C
  -------------------------------------------------------------------    -------------------
    SLICE_X35Y61         FDCE (Prop_fdce_C_Q)         0.456     5.024 r  RAM/addr_reg[17]/Q
                         net (fo=2, routed)           0.662     5.686    RAM/Q[1]
    SLICE_X36Y61         LUT6 (Prop_lut6_I2_O)        0.124     5.810 r  RAM/count3_carry__0_i_9/O
                         net (fo=2, routed)           1.120     6.930    CPU/CC/count3_carry__0_i_9_n_0_alias
    SLICE_X28Y55         LUT6 (Prop_lut6_I1_O)        0.124     7.054 r  CPU/CC/addr[15]_i_3_comp_1/O
                         net (fo=1, routed)           0.770     7.824    RAM/lru_reg_4[15]_repN_alias
    SLICE_X35Y59         LUT6 (Prop_lut6_I5_O)        0.124     7.948 r  RAM/rstate3_carry__0_i_3_comp/O
                         net (fo=1, routed)           0.000     7.948    RAM/rstate3_carry__0_i_3_n_0
    SLICE_X35Y59         CARRY4 (Prop_carry4_S[1]_CO[3])
                                                      0.550     8.498 r  RAM/rstate3_carry__0/CO[3]
                         net (fo=1, routed)           0.000     8.498    RAM/rstate3_carry__0_n_0
    SLICE_X35Y60         CARRY4 (Prop_carry4_CI_CO[2])
                                                      0.228     8.726 r  RAM/rstate3_carry__1/CO[2]
                         net (fo=50, routed)          0.623     9.349    RAM/CO[0]
    SLICE_X32Y59         LUT6 (Prop_lut6_I3_O)        0.313     9.662 r  RAM/mem_reg_9_i_3/O
                         net (fo=2, routed)           1.604    11.266    RAM/wren
    RAMB36_X0Y7          RAMB36E1                                     r  RAM/mem_reg_11/WEA[0]
  -------------------------------------------------------------------    -------------------

                         (clock MAIN rise edge)       5.000     5.000 r  
    D18                                               0.000     5.000 r  CLK (IN)
                         net (fo=0)                   0.000     5.000    CLK
    D18                  IBUF (Prop_ibuf_I_O)         0.820     5.820 r  CLK_IBUF_inst/O
                         net (fo=1, routed)           1.868     7.688    CLK_IBUF
    BUFGCTRL_X0Y16       BUFG (Prop_bufg_I_O)         0.091     7.779 r  CLK_IBUF_BUFG_inst/O
                         net (fo=70, routed)          1.493     9.272    RAM/CLK
    RAMB36_X0Y7          RAMB36E1                                     r  RAM/mem_reg_11/CLKARDCLK
                         clock pessimism              0.242     9.514    
                         clock uncertainty           -0.035     9.479    
    RAMB36_X0Y7          RAMB36E1 (Setup_ramb36e1_CLKARDCLK_WEA[0])
                                                     -0.532     8.947    RAM/mem_reg_11
  -------------------------------------------------------------------
                         required time                          8.947    
                         arrival time                         -11.266    
  -------------------------------------------------------------------
                         slack                                 -2.319    





Min Delay Paths
--------------------------------------------------------------------------------------
Slack (MET) :             0.320ns  (arrival time - required time)
  Source:                 RAM/count_reg[0]/C
                            (rising edge-triggered cell FDCE clocked by MAIN  {rise@0.000ns fall@2.500ns period=5.000ns})
  Destination:            RAM/count_reg[0]/D
                            (rising edge-triggered cell FDCE clocked by MAIN  {rise@0.000ns fall@2.500ns period=5.000ns})
  Path Group:             MAIN
  Path Type:              Hold (Min at Fast Process Corner)
  Requirement:            0.000ns  (MAIN rise@0.000ns - MAIN rise@0.000ns)
  Data Path Delay:        0.441ns  (logic 0.209ns (47.370%)  route 0.232ns (52.630%))
  Logic Levels:           1  (LUT5=1)
  Clock Path Skew:        0.000ns (DCD - SCD - CPR)
    Destination Clock Delay (DCD):    1.911ns
    Source Clock Delay      (SCD):    1.397ns
    Clock Pessimism Removal (CPR):    0.514ns

    Location             Delay type                Incr(ns)  Path(ns)    Netlist Resource(s)
  -------------------------------------------------------------------    -------------------
                         (clock MAIN rise edge)       0.000     0.000 r  
    D18                                               0.000     0.000 r  CLK (IN)
                         net (fo=0)                   0.000     0.000    CLK
    D18                  IBUF (Prop_ibuf_I_O)         0.183     0.183 r  CLK_IBUF_inst/O
                         net (fo=1, routed)           0.634     0.817    CLK_IBUF
    BUFGCTRL_X0Y16       BUFG (Prop_bufg_I_O)         0.026     0.843 r  CLK_IBUF_BUFG_inst/O
                         net (fo=70, routed)          0.554     1.397    RAM/CLK
    SLICE_X34Y63         FDCE                                         r  RAM/count_reg[0]/C
  -------------------------------------------------------------------    -------------------
    SLICE_X34Y63         FDCE (Prop_fdce_C_Q)         0.164     1.561 r  RAM/count_reg[0]/Q
                         net (fo=2, routed)           0.232     1.793    RAM/count[0]
    SLICE_X34Y63         LUT5 (Prop_lut5_I4_O)        0.045     1.838 r  RAM/count[0]_i_1/O
                         net (fo=1, routed)           0.000     1.838    RAM/count[0]_i_1_n_0
    SLICE_X34Y63         FDCE                                         r  RAM/count_reg[0]/D
  -------------------------------------------------------------------    -------------------

                         (clock MAIN rise edge)       0.000     0.000 r  
    D18                                               0.000     0.000 r  CLK (IN)
                         net (fo=0)                   0.000     0.000    CLK
    D18                  IBUF (Prop_ibuf_I_O)         0.372     0.372 r  CLK_IBUF_inst/O
                         net (fo=1, routed)           0.689     1.060    CLK_IBUF
    BUFGCTRL_X0Y16       BUFG (Prop_bufg_I_O)         0.029     1.089 r  CLK_IBUF_BUFG_inst/O
                         net (fo=70, routed)          0.822     1.911    RAM/CLK
    SLICE_X34Y63         FDCE                                         r  RAM/count_reg[0]/C
                         clock pessimism             -0.514     1.397    
    SLICE_X34Y63         FDCE (Hold_fdce_C_D)         0.121     1.518    RAM/count_reg[0]
  -------------------------------------------------------------------
                         required time                         -1.518    
                         arrival time                           1.838    
  -------------------------------------------------------------------
                         slack                                  0.320    





Pulse Width Checks
--------------------------------------------------------------------------------------
Clock Name:         MAIN
Waveform(ns):       { 0.000 2.500 }
Period(ns):         5.000
Sources:            { CLK }

Check Type        Corner  Lib Pin             Reference Pin  Required(ns)  Actual(ns)  Slack(ns)  Location      Pin
Min Period        n/a     RAMB36E1/CLKARDCLK  n/a            2.944         5.000       2.056      RAMB36_X1Y11  RAM/mem_reg_0/CLKARDCLK
Low Pulse Width   Slow    FDCE/C              n/a            0.500         2.500       2.000      SLICE_X39Y46  CPUCLK_reg/C
High Pulse Width  Slow    FDCE/C              n/a            0.500         2.500       2.000      SLICE_X39Y46  CPUCLK_reg/C



---------------------------------------------------------------------------------------------------
From Clock:  CPUCLK
  To Clock:  CPUCLK

Setup :        13055  Failing Endpoints,  Worst Slack       -7.696ns,  Total Violation   -51725.765ns
Hold  :            0  Failing Endpoints,  Worst Slack        0.051ns,  Total Violation        0.000ns
PW    :            0  Failing Endpoints,  Worst Slack        4.500ns,  Total Violation        0.000ns
---------------------------------------------------------------------------------------------------


Max Delay Paths
--------------------------------------------------------------------------------------
Slack (VIOLATED) :        -7.696ns  (required time - arrival time)
  Source:                 CPU/CM0/DCACHE/m_setIdx_reg[0]_rep__0/C
                            (rising edge-triggered cell FDCE clocked by CPUCLK  {rise@0.000ns fall@5.000ns period=10.000ns})
  Destination:            CPU/CM0/DCACHE/frames_reg[5][1][valid]/D
                            (rising edge-triggered cell FDCE clocked by CPUCLK  {rise@0.000ns fall@5.000ns period=10.000ns})
  Path Group:             CPUCLK
  Path Type:              Setup (Max at Slow Process Corner)
  Requirement:            10.000ns  (CPUCLK rise@10.000ns - CPUCLK rise@0.000ns)
  Data Path Delay:        17.656ns  (logic 3.841ns (21.755%)  route 13.815ns (78.245%))
  Logic Levels:           20  (CARRY4=3 LUT3=1 LUT4=3 LUT5=5 LUT6=6 MUXF7=1 MUXF8=1)
  Clock Path Skew:        -0.036ns (DCD - SCD + CPR)
    Destination Clock Delay (DCD):    6.735ns = ( 16.735 - 10.000 ) 
    Source Clock Delay      (SCD):    7.285ns
    Clock Pessimism Removal (CPR):    0.515ns
  Clock Uncertainty:      0.035ns  ((TSJ^2 + TIJ^2)^1/2 + DJ) / 2 + PE
    Total System Jitter     (TSJ):    0.071ns
    Total Input Jitter      (TIJ):    0.000ns
    Discrete Jitter          (DJ):    0.000ns
    Phase Error              (PE):    0.000ns

    Location             Delay type                Incr(ns)  Path(ns)    Netlist Resource(s)
  -------------------------------------------------------------------    -------------------
                         (clock CPUCLK rise edge)     0.000     0.000 r  
    D18                                               0.000     0.000 r  CLK (IN)
                         net (fo=0)                   0.000     0.000    CLK
    D18                  IBUF (Prop_ibuf_I_O)         0.954     0.954 r  CLK_IBUF_inst/O
                         net (fo=1, routed)           1.972     2.925    CLK_IBUF
    BUFGCTRL_X0Y16       BUFG (Prop_bufg_I_O)         0.096     3.021 r  CLK_IBUF_BUFG_inst/O
                         net (fo=70, routed)          1.567     4.589    CLK_IBUF_BUFG
    SLICE_X39Y46         FDCE (Prop_fdce_C_Q)         0.456     5.045 r  CPUCLK_reg/Q
                         net (fo=2, routed)           0.589     5.634    CPUCLK
    BUFGCTRL_X0Y0        BUFG (Prop_bufg_I_O)         0.096     5.730 r  CPUCLK_BUFG_inst/O
                         net (fo=8214, routed)        1.555     7.285    CPU/CM0/DCACHE/CPUCLK_BUFG
    SLICE_X46Y55         FDCE                                         r  CPU/CM0/DCACHE/m_setIdx_reg[0]_rep__0/C
  -------------------------------------------------------------------    -------------------
    SLICE_X46Y55         FDCE (Prop_fdce_C_Q)         0.518     7.803 r  CPU/CM0/DCACHE/m_setIdx_reg[0]_rep__0/Q
                         net (fo=107, routed)         1.229     9.033    CPU/CM0/DCACHE/m_setIdx_reg[0]_rep__0_n_0
    SLICE_X40Y51         LUT6 (Prop_lut6_I4_O)        0.124     9.157 r  CPU/CM0/DCACHE/addr[7]_i_28/O
                         net (fo=1, routed)           0.000     9.157    CPU/CM0/DCACHE/addr[7]_i_28_n_0
    SLICE_X40Y51         MUXF7 (Prop_muxf7_I0_O)      0.238     9.395 r  CPU/CM0/DCACHE/addr_reg[7]_i_20/O
                         net (fo=1, routed)           0.000     9.395    CPU/CM0/DCACHE/addr_reg[7]_i_20_n_0
    SLICE_X40Y51         MUXF8 (Prop_muxf8_I0_O)      0.104     9.499 r  CPU/CM0/DCACHE/addr_reg[7]_i_12/O
                         net (fo=1, routed)           0.645    10.144    CPU/CM0/DCACHE/addr_reg[7]_i_12_n_0
    SLICE_X40Y54         LUT6 (Prop_lut6_I3_O)        0.316    10.460 f  CPU/CM0/DCACHE/addr[7]_i_7/O
                         net (fo=1, routed)           0.728    11.188    CPU/CM0/DCACHE/addr[7]_i_7_n_0
    SLICE_X39Y56         LUT3 (Prop_lut3_I0_O)        0.124    11.312 r  CPU/CM0/DCACHE/addr[7]_i_5/O
                         net (fo=2, routed)           0.644    11.956    CPU/CC/addr_reg[7]_0
    SLICE_X38Y58         LUT6 (Prop_lut6_I3_O)        0.124    12.080 r  CPU/CC/addr[7]_i_3/O
                         net (fo=2, routed)           0.491    12.571    RAM/count3_carry__1_1[7]
    SLICE_X36Y58         LUT4 (Prop_lut4_I2_O)        0.124    12.695 r  RAM/count3_carry_i_8/O
                         net (fo=2, routed)           0.954    13.650    RAM/count3_carry_i_8_n_0
    SLICE_X35Y58         LUT5 (Prop_lut5_I3_O)        0.124    13.774 r  RAM/rstate3_carry_i_2/O
                         net (fo=1, routed)           0.000    13.774    RAM/rstate3_carry_i_2_n_0
    SLICE_X35Y58         CARRY4 (Prop_carry4_S[2]_CO[3])
                                                      0.398    14.172 r  RAM/rstate3_carry/CO[3]
                         net (fo=1, routed)           0.000    14.172    RAM/rstate3_carry_n_0
    SLICE_X35Y59         CARRY4 (Prop_carry4_CI_CO[3])
                                                      0.114    14.286 r  RAM/rstate3_carry__0/CO[3]
                         net (fo=1, routed)           0.000    14.286    RAM/rstate3_carry__0_n_0
    SLICE_X35Y60         CARRY4 (Prop_carry4_CI_CO[2])
                                                      0.228    14.514 r  RAM/rstate3_carry__1/CO[2]
                         net (fo=50, routed)          1.459    15.973    CPU/CC/CO[0]
    SLICE_X35Y63         LUT4 (Prop_lut4_I1_O)        0.313    16.286 r  CPU/CC/cache_mem[15][data][31]_i_3/O
                         net (fo=103, routed)         1.527    17.812    CPU/CC/prif\\.ramstate[1]
    SLICE_X36Y62         LUT6 (Prop_lut6_I5_O)        0.124    17.936 r  CPU/CC/FSM_sequential_curr_state[2]_i_2/O
                         net (fo=5, routed)           1.189    19.125    CPU/CC/FSM_sequential_curr_state[2]_i_2_n_0
    SLICE_X36Y56         LUT6 (Prop_lut6_I3_O)        0.124    19.249 f  CPU/CC/frames[7][1][dirty]_i_8/O
                         net (fo=13, routed)          0.887    20.136    CPU/CM0/DCACHE/ccif\\.dwait__0[0]
    SLICE_X37Y53         LUT5 (Prop_lut5_I4_O)        0.124    20.260 r  CPU/CM0/DCACHE/frames[7][1][tag][25]_i_5/O
                         net (fo=26, routed)          0.657    20.917    CPU/CM0/DCACHE/frames[7][1][tag][25]_i_5_n_0
    SLICE_X37Y50         LUT4 (Prop_lut4_I0_O)        0.124    21.041 r  CPU/CM0/DCACHE/frames[5][1][tag][25]_i_3/O
                         net (fo=79, routed)          0.904    21.944    CPU/CM0/DCACHE/frames[5][1][tag][25]_i_3_n_0
    SLICE_X31Y40         LUT6 (Prop_lut6_I0_O)        0.124    22.068 r  CPU/CM0/DCACHE/frames[5][1][tag][25]_i_1__0/O
                         net (fo=60, routed)          1.502    23.570    CPU/CM0/DCACHE/frames[5][1][tag][25]_i_1__0_n_0
    SLICE_X60Y47         LUT5 (Prop_lut5_I3_O)        0.124    23.694 r  CPU/CM0/DCACHE/frames[5][1][valid]_i_4/O
                         net (fo=1, routed)           0.567    24.261    CPU/CC/frames[5][1][valid]_i_4_n_0_alias
    SLICE_X60Y47         LUT5 (Prop_lut5_I4_O)        0.124    24.385 f  CPU/CC/frames[5][1][valid]_i_5__0_comp/O
                         net (fo=1, routed)           0.432    24.817    CPU/CM0/DCACHE/state_reg[2]_4_repN_alias
    SLICE_X58Y48         LUT5 (Prop_lut5_I2_O)        0.124    24.941 r  CPU/CM0/DCACHE/frames[5][1][valid]_i_1_comp_1/O
                         net (fo=1, routed)           0.000    24.941    CPU/CM0/DCACHE/frames[5][1][valid]_i_1_n_0
    SLICE_X58Y48         FDCE                                         r  CPU/CM0/DCACHE/frames_reg[5][1][valid]/D
  -------------------------------------------------------------------    -------------------

                         (clock CPUCLK rise edge)    10.000    10.000 r  
    D18                                               0.000    10.000 r  CLK (IN)
                         net (fo=0)                   0.000    10.000    CLK
    D18                  IBUF (Prop_ibuf_I_O)         0.820    10.820 r  CLK_IBUF_inst/O
                         net (fo=1, routed)           1.868    12.688    CLK_IBUF
    BUFGCTRL_X0Y16       BUFG (Prop_bufg_I_O)         0.091    12.779 r  CLK_IBUF_BUFG_inst/O
                         net (fo=70, routed)          1.448    14.228    CLK_IBUF_BUFG
    SLICE_X39Y46         FDCE (Prop_fdce_C_Q)         0.367    14.595 r  CPUCLK_reg/Q
                         net (fo=2, routed)           0.529    15.124    CPUCLK
    BUFGCTRL_X0Y0        BUFG (Prop_bufg_I_O)         0.091    15.215 r  CPUCLK_BUFG_inst/O
                         net (fo=8214, routed)        1.519    16.735    CPU/CM0/DCACHE/CPUCLK_BUFG
    SLICE_X58Y48         FDCE                                         r  CPU/CM0/DCACHE/frames_reg[5][1][valid]/C
                         clock pessimism              0.515    17.250    
                         clock uncertainty           -0.035    17.214    
    SLICE_X58Y48         FDCE (Setup_fdce_C_D)        0.031    17.245    CPU/CM0/DCACHE/frames_reg[5][1][valid]
  -------------------------------------------------------------------
                         required time                         17.245    
                         arrival time                         -24.941    
  -------------------------------------------------------------------
                         slack                                 -7.696    





Min Delay Paths
--------------------------------------------------------------------------------------
Slack (MET) :             0.051ns  (arrival time - required time)
  Source:                 CPU/DP0/EXMREG/exm\\.imm_out_reg[18]/C
                            (rising edge-triggered cell FDCE clocked by CPUCLK  {rise@0.000ns fall@5.000ns period=10.000ns})
  Destination:            CPU/DP0/MWBREG/mwb\\.imm_out_reg[18]/D
                            (rising edge-triggered cell FDCE clocked by CPUCLK  {rise@0.000ns fall@5.000ns period=10.000ns})
  Path Group:             CPUCLK
  Path Type:              Hold (Min at Fast Process Corner)
  Requirement:            0.000ns  (CPUCLK rise@0.000ns - CPUCLK rise@0.000ns)
  Data Path Delay:        0.385ns  (logic 0.141ns (36.590%)  route 0.244ns (63.410%))
  Logic Levels:           0  
  Clock Path Skew:        0.262ns (DCD - SCD - CPR)
    Destination Clock Delay (DCD):    3.212ns
    Source Clock Delay      (SCD):    2.366ns
    Clock Pessimism Removal (CPR):    0.584ns

    Location             Delay type                Incr(ns)  Path(ns)    Netlist Resource(s)
  -------------------------------------------------------------------    -------------------
                         (clock CPUCLK rise edge)     0.000     0.000 r  
    D18                                               0.000     0.000 r  CLK (IN)
                         net (fo=0)                   0.000     0.000    CLK
    D18                  IBUF (Prop_ibuf_I_O)         0.183     0.183 r  CLK_IBUF_inst/O
                         net (fo=1, routed)           0.634     0.817    CLK_IBUF
    BUFGCTRL_X0Y16       BUFG (Prop_bufg_I_O)         0.026     0.843 r  CLK_IBUF_BUFG_inst/O
                         net (fo=70, routed)          0.565     1.408    CLK_IBUF_BUFG
    SLICE_X39Y46         FDCE (Prop_fdce_C_Q)         0.141     1.549 r  CPUCLK_reg/Q
                         net (fo=2, routed)           0.234     1.783    CPUCLK
    BUFGCTRL_X0Y0        BUFG (Prop_bufg_I_O)         0.026     1.809 r  CPUCLK_BUFG_inst/O
                         net (fo=8214, routed)        0.557     2.366    CPU/DP0/EXMREG/CPUCLK_BUFG
    SLICE_X40Y32         FDCE                                         r  CPU/DP0/EXMREG/exm\\.imm_out_reg[18]/C
  -------------------------------------------------------------------    -------------------
    SLICE_X40Y32         FDCE (Prop_fdce_C_Q)         0.141     2.507 r  CPU/DP0/EXMREG/exm\\.imm_out_reg[18]/Q
                         net (fo=3, routed)           0.244     2.751    CPU/DP0/MWBREG/mwb\\.imm_in[18]
    SLICE_X35Y33         FDCE                                         r  CPU/DP0/MWBREG/mwb\\.imm_out_reg[18]/D
  -------------------------------------------------------------------    -------------------

                         (clock CPUCLK rise edge)     0.000     0.000 r  
    D18                                               0.000     0.000 r  CLK (IN)
                         net (fo=0)                   0.000     0.000    CLK
    D18                  IBUF (Prop_ibuf_I_O)         0.372     0.372 r  CLK_IBUF_inst/O
                         net (fo=1, routed)           0.689     1.060    CLK_IBUF
    BUFGCTRL_X0Y16       BUFG (Prop_bufg_I_O)         0.029     1.089 r  CLK_IBUF_BUFG_inst/O
                         net (fo=70, routed)          0.834     1.923    CLK_IBUF_BUFG
    SLICE_X39Y46         FDCE (Prop_fdce_C_Q)         0.175     2.098 r  CPUCLK_reg/Q
                         net (fo=2, routed)           0.261     2.359    CPUCLK
    BUFGCTRL_X0Y0        BUFG (Prop_bufg_I_O)         0.029     2.388 r  CPUCLK_BUFG_inst/O
                         net (fo=8214, routed)        0.824     3.212    CPU/DP0/MWBREG/CPUCLK_BUFG
    SLICE_X35Y33         FDCE                                         r  CPU/DP0/MWBREG/mwb\\.imm_out_reg[18]/C
                         clock pessimism             -0.584     2.628    
    SLICE_X35Y33         FDCE (Hold_fdce_C_D)         0.072     2.700    CPU/DP0/MWBREG/mwb\\.imm_out_reg[18]
  -------------------------------------------------------------------
                         required time                         -2.700    
                         arrival time                           2.751    
  -------------------------------------------------------------------
                         slack                                  0.051    





Pulse Width Checks
--------------------------------------------------------------------------------------
Clock Name:         CPUCLK
Waveform(ns):       { 0.000 5.000 }
Period(ns):         10.000
Sources:            { CPUCLK_reg/Q }

Check Type        Corner  Lib Pin  Reference Pin  Required(ns)  Actual(ns)  Slack(ns)  Location       Pin
Min Period        n/a     BUFG/I   n/a            2.155         10.000      7.845      BUFGCTRL_X0Y0  CPUCLK_BUFG_inst/I
Low Pulse Width   Slow    FDCE/C   n/a            0.500         5.000       4.500      SLICE_X31Y62   CPU/CC/FSM_sequential_curr_state_reg[0]/C
High Pulse Width  Slow    FDCE/C   n/a            0.500         5.000       4.500      SLICE_X31Y62   CPU/CC/FSM_sequential_curr_state_reg[0]/C



---------------------------------------------------------------------------------------------------
From Clock:  CPUCLK
  To Clock:  MAIN

Setup :          344  Failing Endpoints,  Worst Slack       -8.106ns,  Total Violation    -1809.400ns
Hold  :            0  Failing Endpoints,  Worst Slack        0.270ns,  Total Violation        0.000ns
---------------------------------------------------------------------------------------------------


Max Delay Paths
--------------------------------------------------------------------------------------
Slack (VIOLATED) :        -8.106ns  (required time - arrival time)
  Source:                 CPU/CM0/DCACHE/m_setIdx_reg[0]_rep__0/C
                            (rising edge-triggered cell FDCE clocked by CPUCLK  {rise@0.000ns fall@5.000ns period=10.000ns})
  Destination:            RAM/mem_reg_11/WEA[0]
                            (rising edge-triggered cell RAMB36E1 clocked by MAIN  {rise@0.000ns fall@2.500ns period=5.000ns})
  Path Group:             MAIN
  Path Type:              Setup (Max at Slow Process Corner)
  Requirement:            5.000ns  (MAIN rise@5.000ns - CPUCLK rise@0.000ns)
  Data Path Delay:        9.768ns  (logic 2.849ns (29.167%)  route 6.919ns (70.833%))
  Logic Levels:           12  (CARRY4=3 LUT3=1 LUT4=1 LUT5=1 LUT6=4 MUXF7=1 MUXF8=1)
  Clock Path Skew:        -2.771ns (DCD - SCD + CPR)
    Destination Clock Delay (DCD):    4.272ns = ( 9.272 - 5.000 ) 
    Source Clock Delay      (SCD):    7.285ns
    Clock Pessimism Removal (CPR):    0.242ns
  Clock Uncertainty:      0.035ns  ((TSJ^2 + TIJ^2)^1/2 + DJ) / 2 + PE
    Total System Jitter     (TSJ):    0.071ns
    Total Input Jitter      (TIJ):    0.000ns
    Discrete Jitter          (DJ):    0.000ns
    Phase Error              (PE):    0.000ns

    Location             Delay type                Incr(ns)  Path(ns)    Netlist Resource(s)
  -------------------------------------------------------------------    -------------------
                         (clock CPUCLK rise edge)     0.000     0.000 r  
    D18                                               0.000     0.000 r  CLK (IN)
                         net (fo=0)                   0.000     0.000    CLK
    D18                  IBUF (Prop_ibuf_I_O)         0.954     0.954 r  CLK_IBUF_inst/O
                         net (fo=1, routed)           1.972     2.925    CLK_IBUF
    BUFGCTRL_X0Y16       BUFG (Prop_bufg_I_O)         0.096     3.021 r  CLK_IBUF_BUFG_inst/O
                         net (fo=70, routed)          1.567     4.589    CLK_IBUF_BUFG
    SLICE_X39Y46         FDCE (Prop_fdce_C_Q)         0.456     5.045 r  CPUCLK_reg/Q
                         net (fo=2, routed)           0.589     5.634    CPUCLK
    BUFGCTRL_X0Y0        BUFG (Prop_bufg_I_O)         0.096     5.730 r  CPUCLK_BUFG_inst/O
                         net (fo=8214, routed)        1.555     7.285    CPU/CM0/DCACHE/CPUCLK_BUFG
    SLICE_X46Y55         FDCE                                         r  CPU/CM0/DCACHE/m_setIdx_reg[0]_rep__0/C
  -------------------------------------------------------------------    -------------------
    SLICE_X46Y55         FDCE (Prop_fdce_C_Q)         0.518     7.803 r  CPU/CM0/DCACHE/m_setIdx_reg[0]_rep__0/Q
                         net (fo=107, routed)         1.229     9.033    CPU/CM0/DCACHE/m_setIdx_reg[0]_rep__0_n_0
    SLICE_X40Y51         LUT6 (Prop_lut6_I4_O)        0.124     9.157 r  CPU/CM0/DCACHE/addr[7]_i_28/O
                         net (fo=1, routed)           0.000     9.157    CPU/CM0/DCACHE/addr[7]_i_28_n_0
    SLICE_X40Y51         MUXF7 (Prop_muxf7_I0_O)      0.238     9.395 r  CPU/CM0/DCACHE/addr_reg[7]_i_20/O
                         net (fo=1, routed)           0.000     9.395    CPU/CM0/DCACHE/addr_reg[7]_i_20_n_0
    SLICE_X40Y51         MUXF8 (Prop_muxf8_I0_O)      0.104     9.499 r  CPU/CM0/DCACHE/addr_reg[7]_i_12/O
                         net (fo=1, routed)           0.645    10.144    CPU/CM0/DCACHE/addr_reg[7]_i_12_n_0
    SLICE_X40Y54         LUT6 (Prop_lut6_I3_O)        0.316    10.460 f  CPU/CM0/DCACHE/addr[7]_i_7/O
                         net (fo=1, routed)           0.728    11.188    CPU/CM0/DCACHE/addr[7]_i_7_n_0
    SLICE_X39Y56         LUT3 (Prop_lut3_I0_O)        0.124    11.312 r  CPU/CM0/DCACHE/addr[7]_i_5/O
                         net (fo=2, routed)           0.644    11.956    CPU/CC/addr_reg[7]_0
    SLICE_X38Y58         LUT6 (Prop_lut6_I3_O)        0.124    12.080 r  CPU/CC/addr[7]_i_3/O
                         net (fo=2, routed)           0.491    12.571    RAM/count3_carry__1_1[7]
    SLICE_X36Y58         LUT4 (Prop_lut4_I2_O)        0.124    12.695 r  RAM/count3_carry_i_8/O
                         net (fo=2, routed)           0.954    13.650    RAM/count3_carry_i_8_n_0
    SLICE_X35Y58         LUT5 (Prop_lut5_I3_O)        0.124    13.774 r  RAM/rstate3_carry_i_2/O
                         net (fo=1, routed)           0.000    13.774    RAM/rstate3_carry_i_2_n_0
    SLICE_X35Y58         CARRY4 (Prop_carry4_S[2]_CO[3])
                                                      0.398    14.172 r  RAM/rstate3_carry/CO[3]
                         net (fo=1, routed)           0.000    14.172    RAM/rstate3_carry_n_0
    SLICE_X35Y59         CARRY4 (Prop_carry4_CI_CO[3])
                                                      0.114    14.286 r  RAM/rstate3_carry__0/CO[3]
                         net (fo=1, routed)           0.000    14.286    RAM/rstate3_carry__0_n_0
    SLICE_X35Y60         CARRY4 (Prop_carry4_CI_CO[2])
                                                      0.228    14.514 r  RAM/rstate3_carry__1/CO[2]
                         net (fo=50, routed)          0.623    15.136    RAM/CO[0]
    SLICE_X32Y59         LUT6 (Prop_lut6_I3_O)        0.313    15.449 r  RAM/mem_reg_9_i_3/O
                         net (fo=2, routed)           1.604    17.053    RAM/wren
    RAMB36_X0Y7          RAMB36E1                                     r  RAM/mem_reg_11/WEA[0]
  -------------------------------------------------------------------    -------------------

                         (clock MAIN rise edge)       5.000     5.000 r  
    D18                                               0.000     5.000 r  CLK (IN)
                         net (fo=0)                   0.000     5.000    CLK
    D18                  IBUF (Prop_ibuf_I_O)         0.820     5.820 r  CLK_IBUF_inst/O
                         net (fo=1, routed)           1.868     7.688    CLK_IBUF
    BUFGCTRL_X0Y16       BUFG (Prop_bufg_I_O)         0.091     7.779 r  CLK_IBUF_BUFG_inst/O
                         net (fo=70, routed)          1.493     9.272    RAM/CLK
    RAMB36_X0Y7          RAMB36E1                                     r  RAM/mem_reg_11/CLKARDCLK
                         clock pessimism              0.242     9.514    
                         clock uncertainty           -0.035     9.479    
    RAMB36_X0Y7          RAMB36E1 (Setup_ramb36e1_CLKARDCLK_WEA[0])
                                                     -0.532     8.947    RAM/mem_reg_11
  -------------------------------------------------------------------
                         required time                          8.947    
                         arrival time                         -17.053    
  -------------------------------------------------------------------
                         slack                                 -8.106    





Min Delay Paths
--------------------------------------------------------------------------------------
Slack (MET) :             0.270ns  (arrival time - required time)
  Source:                 CPUCLK_reg/Q
                            (clock source 'CPUCLK'  {rise@0.000ns fall@5.000ns period=10.000ns})
  Destination:            CPUCLK_reg/D
                            (rising edge-triggered cell FDCE clocked by MAIN  {rise@0.000ns fall@2.500ns period=5.000ns})
  Path Group:             MAIN
  Path Type:              Hold (Min at Fast Process Corner)
  Requirement:            0.000ns  (MAIN rise@5.000ns - CPUCLK fall@5.000ns)
  Data Path Delay:        0.490ns  (logic 0.045ns (9.179%)  route 0.445ns (90.821%))
  Logic Levels:           1  (LUT1=1)
  Clock Path Skew:        0.128ns (DCD - SCD - CPR)
    Destination Clock Delay (DCD):    1.923ns = ( 6.923 - 5.000 ) 
    Source Clock Delay      (SCD):    1.549ns = ( 6.549 - 5.000 ) 
    Clock Pessimism Removal (CPR):    0.246ns

    Location             Delay type                Incr(ns)  Path(ns)    Netlist Resource(s)
  -------------------------------------------------------------------    -------------------
                         (clock CPUCLK fall edge)     5.000     5.000 f  
    D18                                               0.000     5.000 r  CLK (IN)
                         net (fo=0)                   0.000     5.000    CLK
    D18                  IBUF (Prop_ibuf_I_O)         0.183     5.183 r  CLK_IBUF_inst/O
                         net (fo=1, routed)           0.634     5.817    CLK_IBUF
    BUFGCTRL_X0Y16       BUFG (Prop_bufg_I_O)         0.026     5.843 r  CLK_IBUF_BUFG_inst/O
                         net (fo=70, routed)          0.565     6.408    CLK_IBUF_BUFG
  -------------------------------------------------------------------    -------------------
    SLICE_X39Y46         FDCE (Prop_fdce_C_Q)         0.141     6.549 f  CPUCLK_reg/Q
                         net (fo=2, routed)           0.445     6.994    CPUCLK
    SLICE_X39Y46         LUT1 (Prop_lut1_I0_O)        0.045     7.039 r  CPUCLK_i_1/O
                         net (fo=1, routed)           0.000     7.039    CPUCLK_i_1_n_0
    SLICE_X39Y46         FDCE                                         r  CPUCLK_reg/D
  -------------------------------------------------------------------    -------------------

                         (clock MAIN rise edge)       5.000     5.000 r  
    D18                                               0.000     5.000 r  CLK (IN)
                         net (fo=0)                   0.000     5.000    CLK
    D18                  IBUF (Prop_ibuf_I_O)         0.372     5.372 r  CLK_IBUF_inst/O
                         net (fo=1, routed)           0.689     6.060    CLK_IBUF
    BUFGCTRL_X0Y16       BUFG (Prop_bufg_I_O)         0.029     6.089 r  CLK_IBUF_BUFG_inst/O
                         net (fo=70, routed)          0.834     6.923    CLK_IBUF_BUFG
    SLICE_X39Y46         FDCE                                         r  CPUCLK_reg/C
                         clock pessimism             -0.246     6.677    
    SLICE_X39Y46         FDCE (Hold_fdce_C_D)         0.092     6.769    CPUCLK_reg
  -------------------------------------------------------------------
                         required time                         -6.769    
                         arrival time                           7.039    
  -------------------------------------------------------------------
                         slack                                  0.270    





---------------------------------------------------------------------------------------------------
From Clock:  MAIN
  To Clock:  CPUCLK

Setup :         8848  Failing Endpoints,  Worst Slack       -7.182ns,  Total Violation   -40638.814ns
Hold  :            0  Failing Endpoints,  Worst Slack        0.202ns,  Total Violation        0.000ns
---------------------------------------------------------------------------------------------------


Max Delay Paths
--------------------------------------------------------------------------------------
Slack (VIOLATED) :        -7.182ns  (required time - arrival time)
  Source:                 RAM/addr_reg[17]/C
                            (rising edge-triggered cell FDCE clocked by MAIN  {rise@0.000ns fall@2.500ns period=5.000ns})
  Destination:            CPU/CM0/DCACHE/frames_reg[5][1][valid]/D
                            (rising edge-triggered cell FDCE clocked by CPUCLK  {rise@0.000ns fall@5.000ns period=10.000ns})
  Path Group:             CPUCLK
  Path Type:              Setup (Max at Slow Process Corner)
  Requirement:            5.000ns  (CPUCLK rise@10.000ns - MAIN rise@5.000ns)
  Data Path Delay:        14.586ns  (logic 2.911ns (19.958%)  route 11.675ns (80.042%))
  Logic Levels:           14  (CARRY4=2 LUT4=2 LUT5=4 LUT6=6)
  Clock Path Skew:        2.408ns (DCD - SCD + CPR)
    Destination Clock Delay (DCD):    6.735ns = ( 16.735 - 10.000 ) 
    Source Clock Delay      (SCD):    4.568ns = ( 9.568 - 5.000 ) 
    Clock Pessimism Removal (CPR):    0.242ns
  Clock Uncertainty:      0.035ns  ((TSJ^2 + TIJ^2)^1/2 + DJ) / 2 + PE
    Total System Jitter     (TSJ):    0.071ns
    Total Input Jitter      (TIJ):    0.000ns
    Discrete Jitter          (DJ):    0.000ns
    Phase Error              (PE):    0.000ns

    Location             Delay type                Incr(ns)  Path(ns)    Netlist Resource(s)
  -------------------------------------------------------------------    -------------------
                         (clock MAIN rise edge)       5.000     5.000 r  
    D18                                               0.000     5.000 r  CLK (IN)
                         net (fo=0)                   0.000     5.000    CLK
    D18                  IBUF (Prop_ibuf_I_O)         0.954     5.954 r  CLK_IBUF_inst/O
                         net (fo=1, routed)           1.972     7.925    CLK_IBUF
    BUFGCTRL_X0Y16       BUFG (Prop_bufg_I_O)         0.096     8.021 r  CLK_IBUF_BUFG_inst/O
                         net (fo=70, routed)          1.547     9.568    RAM/CLK
    SLICE_X35Y61         FDCE                                         r  RAM/addr_reg[17]/C
  -------------------------------------------------------------------    -------------------
    SLICE_X35Y61         FDCE (Prop_fdce_C_Q)         0.456    10.024 r  RAM/addr_reg[17]/Q
                         net (fo=2, routed)           0.662    10.686    RAM/Q[1]
    SLICE_X36Y61         LUT6 (Prop_lut6_I2_O)        0.124    10.810 r  RAM/count3_carry__0_i_9/O
                         net (fo=2, routed)           1.120    11.930    CPU/CC/count3_carry__0_i_9_n_0_alias
    SLICE_X28Y55         LUT6 (Prop_lut6_I1_O)        0.124    12.054 r  CPU/CC/addr[15]_i_3_comp_1/O
                         net (fo=1, routed)           0.770    12.824    RAM/lru_reg_4[15]_repN_alias
    SLICE_X35Y59         LUT6 (Prop_lut6_I5_O)        0.124    12.948 r  RAM/rstate3_carry__0_i_3_comp/O
                         net (fo=1, routed)           0.000    12.948    RAM/rstate3_carry__0_i_3_n_0
    SLICE_X35Y59         CARRY4 (Prop_carry4_S[1]_CO[3])
                                                      0.550    13.498 r  RAM/rstate3_carry__0/CO[3]
                         net (fo=1, routed)           0.000    13.498    RAM/rstate3_carry__0_n_0
    SLICE_X35Y60         CARRY4 (Prop_carry4_CI_CO[2])
                                                      0.228    13.726 r  RAM/rstate3_carry__1/CO[2]
                         net (fo=50, routed)          1.459    15.186    CPU/CC/CO[0]
    SLICE_X35Y63         LUT4 (Prop_lut4_I1_O)        0.313    15.499 r  CPU/CC/cache_mem[15][data][31]_i_3/O
                         net (fo=103, routed)         1.527    17.025    CPU/CC/prif\\.ramstate[1]
    SLICE_X36Y62         LUT6 (Prop_lut6_I5_O)        0.124    17.149 r  CPU/CC/FSM_sequential_curr_state[2]_i_2/O
                         net (fo=5, routed)           1.189    18.338    CPU/CC/FSM_sequential_curr_state[2]_i_2_n_0
    SLICE_X36Y56         LUT6 (Prop_lut6_I3_O)        0.124    18.462 f  CPU/CC/frames[7][1][dirty]_i_8/O
                         net (fo=13, routed)          0.887    19.349    CPU/CM0/DCACHE/ccif\\.dwait__0[0]
    SLICE_X37Y53         LUT5 (Prop_lut5_I4_O)        0.124    19.473 r  CPU/CM0/DCACHE/frames[7][1][tag][25]_i_5/O
                         net (fo=26, routed)          0.657    20.130    CPU/CM0/DCACHE/frames[7][1][tag][25]_i_5_n_0
    SLICE_X37Y50         LUT4 (Prop_lut4_I0_O)        0.124    20.254 r  CPU/CM0/DCACHE/frames[5][1][tag][25]_i_3/O
                         net (fo=79, routed)          0.904    21.157    CPU/CM0/DCACHE/frames[5][1][tag][25]_i_3_n_0
    SLICE_X31Y40         LUT6 (Prop_lut6_I0_O)        0.124    21.281 r  CPU/CM0/DCACHE/frames[5][1][tag][25]_i_1__0/O
                         net (fo=60, routed)          1.502    22.783    CPU/CM0/DCACHE/frames[5][1][tag][25]_i_1__0_n_0
    SLICE_X60Y47         LUT5 (Prop_lut5_I3_O)        0.124    22.907 r  CPU/CM0/DCACHE/frames[5][1][valid]_i_4/O
                         net (fo=1, routed)           0.567    23.474    CPU/CC/frames[5][1][valid]_i_4_n_0_alias
    SLICE_X60Y47         LUT5 (Prop_lut5_I4_O)        0.124    23.598 f  CPU/CC/frames[5][1][valid]_i_5__0_comp/O
                         net (fo=1, routed)           0.432    24.030    CPU/CM0/DCACHE/state_reg[2]_4_repN_alias
    SLICE_X58Y48         LUT5 (Prop_lut5_I2_O)        0.124    24.154 r  CPU/CM0/DCACHE/frames[5][1][valid]_i_1_comp_1/O
                         net (fo=1, routed)           0.000    24.154    CPU/CM0/DCACHE/frames[5][1][valid]_i_1_n_0
    SLICE_X58Y48         FDCE                                         r  CPU/CM0/DCACHE/frames_reg[5][1][valid]/D
  -------------------------------------------------------------------    -------------------

                         (clock CPUCLK rise edge)    10.000    10.000 r  
    D18                                               0.000    10.000 r  CLK (IN)
                         net (fo=0)                   0.000    10.000    CLK
    D18                  IBUF (Prop_ibuf_I_O)         0.820    10.820 r  CLK_IBUF_inst/O
                         net (fo=1, routed)           1.868    12.688    CLK_IBUF
    BUFGCTRL_X0Y16       BUFG (Prop_bufg_I_O)         0.091    12.779 r  CLK_IBUF_BUFG_inst/O
                         net (fo=70, routed)          1.448    14.228    CLK_IBUF_BUFG
    SLICE_X39Y46         FDCE (Prop_fdce_C_Q)         0.367    14.595 r  CPUCLK_reg/Q
                         net (fo=2, routed)           0.529    15.124    CPUCLK
    BUFGCTRL_X0Y0        BUFG (Prop_bufg_I_O)         0.091    15.215 r  CPUCLK_BUFG_inst/O
                         net (fo=8214, routed)        1.519    16.735    CPU/CM0/DCACHE/CPUCLK_BUFG
    SLICE_X58Y48         FDCE                                         r  CPU/CM0/DCACHE/frames_reg[5][1][valid]/C
                         clock pessimism              0.242    16.977    
                         clock uncertainty           -0.035    16.941    
    SLICE_X58Y48         FDCE (Setup_fdce_C_D)        0.031    16.972    CPU/CM0/DCACHE/frames_reg[5][1][valid]
  -------------------------------------------------------------------
                         required time                         16.972    
                         arrival time                         -24.154    
  -------------------------------------------------------------------
                         slack                                 -7.182    





Min Delay Paths
--------------------------------------------------------------------------------------
Slack (MET) :             0.202ns  (arrival time - required time)
  Source:                 RAM/en_reg[1]/C
                            (rising edge-triggered cell FDPE clocked by MAIN  {rise@0.000ns fall@2.500ns period=5.000ns})
  Destination:            CPU/CM0/ICACHE/cache_mem_reg[2][data][1]/D
                            (rising edge-triggered cell FDCE clocked by CPUCLK  {rise@0.000ns fall@5.000ns period=10.000ns})
  Path Group:             CPUCLK
  Path Type:              Hold (Min at Fast Process Corner)
  Requirement:            0.000ns  (CPUCLK rise@0.000ns - MAIN rise@0.000ns)
  Data Path Delay:        1.873ns  (logic 0.302ns (16.127%)  route 1.571ns (83.873%))
  Logic Levels:           3  (LUT4=1 LUT5=1 LUT6=1)
  Clock Path Skew:        1.570ns (DCD - SCD - CPR)
    Destination Clock Delay (DCD):    3.213ns
    Source Clock Delay      (SCD):    1.397ns
    Clock Pessimism Removal (CPR):    0.246ns

    Location             Delay type                Incr(ns)  Path(ns)    Netlist Resource(s)
  -------------------------------------------------------------------    -------------------
                         (clock MAIN rise edge)       0.000     0.000 r  
    D18                                               0.000     0.000 r  CLK (IN)
                         net (fo=0)                   0.000     0.000    CLK
    D18                  IBUF (Prop_ibuf_I_O)         0.183     0.183 r  CLK_IBUF_inst/O
                         net (fo=1, routed)           0.634     0.817    CLK_IBUF
    BUFGCTRL_X0Y16       BUFG (Prop_bufg_I_O)         0.026     0.843 r  CLK_IBUF_BUFG_inst/O
                         net (fo=70, routed)          0.554     1.397    RAM/CLK
    SLICE_X34Y64         FDPE                                         r  RAM/en_reg[1]/C
  -------------------------------------------------------------------    -------------------
    SLICE_X34Y64         FDPE (Prop_fdpe_C_Q)         0.164     1.561 r  RAM/en_reg[1]/Q
                         net (fo=7, routed)           0.459     2.019    CPU/CC/mem_reg_9[1]
    SLICE_X35Y64         LUT6 (Prop_lut6_I3_O)        0.045     2.064 r  CPU/CC/cache_mem[15][data][31]_i_5/O
                         net (fo=1, routed)           0.485     2.550    CPU/CC/cache_mem[15][data][31]_i_5_n_0
    SLICE_X35Y63         LUT4 (Prop_lut4_I2_O)        0.045     2.595 r  CPU/CC/cache_mem[15][data][31]_i_3/O
                         net (fo=103, routed)         0.627     3.221    CPU/CC/prif\\.ramstate[1]
    SLICE_X37Y63         LUT5 (Prop_lut5_I4_O)        0.048     3.269 r  CPU/CC/cache_mem[15][data][1]_i_1__0/O
                         net (fo=16, routed)          0.000     3.269    CPU/CM0/ICACHE/cache_mem_reg[0][data][31]_0[1]
    SLICE_X37Y63         FDCE                                         r  CPU/CM0/ICACHE/cache_mem_reg[2][data][1]/D
  -------------------------------------------------------------------    -------------------

                         (clock CPUCLK rise edge)     0.000     0.000 r  
    D18                                               0.000     0.000 r  CLK (IN)
                         net (fo=0)                   0.000     0.000    CLK
    D18                  IBUF (Prop_ibuf_I_O)         0.372     0.372 r  CLK_IBUF_inst/O
                         net (fo=1, routed)           0.689     1.060    CLK_IBUF
    BUFGCTRL_X0Y16       BUFG (Prop_bufg_I_O)         0.029     1.089 r  CLK_IBUF_BUFG_inst/O
                         net (fo=70, routed)          0.834     1.923    CLK_IBUF_BUFG
    SLICE_X39Y46         FDCE (Prop_fdce_C_Q)         0.175     2.098 r  CPUCLK_reg/Q
                         net (fo=2, routed)           0.261     2.359    CPUCLK
    BUFGCTRL_X0Y0        BUFG (Prop_bufg_I_O)         0.029     2.388 r  CPUCLK_BUFG_inst/O
                         net (fo=8214, routed)        0.824     3.213    CPU/CM0/ICACHE/CPUCLK_BUFG
    SLICE_X37Y63         FDCE                                         r  CPU/CM0/ICACHE/cache_mem_reg[2][data][1]/C
                         clock pessimism             -0.246     2.966    
    SLICE_X37Y63         FDCE (Hold_fdce_C_D)         0.101     3.067    CPU/CM0/ICACHE/cache_mem_reg[2][data][1]
  -------------------------------------------------------------------
                         required time                         -3.067    
                         arrival time                           3.269    
  -------------------------------------------------------------------
                         slack                                  0.202    





