Copyright 1986-2022 Xilinx, Inc. All Rights Reserved. Copyright 2022-2023 Advanced Micro Devices, Inc. All Rights Reserved.
---------------------------------------------------------------------------------------------------------------------------------------------
| Tool Version : Vivado v.2023.2 (lin64) Build 4029153 Fri Oct 13 20:13:54 MDT 2023
| Date         : Fri Oct 31 11:05:34 2025
| Host         : ececomp4.ecn.purdue.edu running 64-bit Oracle Linux Server release 8.10
| Command      : report_timing -nworst 10 -file ./build/worst_timing_paths.rpt
| Design       : system
| Device       : 7s50-csga324
| Speed File   : -1  PRODUCTION 1.23 2018-06-13
| Design State : Routed
---------------------------------------------------------------------------------------------------------------------------------------------

Timing Report

Slack (VIOLATED) :        -4.192ns  (required time - arrival time)
  Source:                 CPU/CM/ICACHE/FSM_sequential_curr_state_reg_replica_8/C
                            (rising edge-triggered cell FDCE clocked by CPUCLK  {rise@0.000ns fall@5.000ns period=10.000ns})
  Destination:            RAM/mem_reg_2/WEA[0]
                            (rising edge-triggered cell RAMB36E1 clocked by MAIN  {rise@0.000ns fall@2.500ns period=5.000ns})
  Path Group:             MAIN
  Path Type:              Setup (Max at Slow Process Corner)
  Requirement:            5.000ns  (MAIN rise@5.000ns - CPUCLK rise@0.000ns)
  Data Path Delay:        5.710ns  (logic 1.711ns (29.963%)  route 3.999ns (70.037%))
  Logic Levels:           5  (CARRY4=1 LUT5=2 LUT6=2)
  Clock Path Skew:        -2.914ns (DCD - SCD + CPR)
    Destination Clock Delay (DCD):    4.276ns = ( 9.276 - 5.000 ) 
    Source Clock Delay      (SCD):    7.432ns
    Clock Pessimism Removal (CPR):    0.242ns
  Clock Uncertainty:      0.035ns  ((TSJ^2 + TIJ^2)^1/2 + DJ) / 2 + PE
    Total System Jitter     (TSJ):    0.071ns
    Total Input Jitter      (TIJ):    0.000ns
    Discrete Jitter          (DJ):    0.000ns
    Phase Error              (PE):    0.000ns

    Location             Delay type                Incr(ns)  Path(ns)    Netlist Resource(s)
  -------------------------------------------------------------------    -------------------
                         (clock CPUCLK rise edge)     0.000     0.000 r  
    D18                                               0.000     0.000 r  CLK (IN)
                         net (fo=0)                   0.000     0.000    CLK
    D18                  IBUF (Prop_ibuf_I_O)         0.954     0.954 r  CLK_IBUF_inst/O
                         net (fo=1, routed)           1.972     2.925    CLK_IBUF
    BUFGCTRL_X0Y16       BUFG (Prop_bufg_I_O)         0.096     3.021 r  CLK_IBUF_BUFG_inst/O
                         net (fo=71, routed)          1.567     4.589    CLK_IBUF_BUFG
    SLICE_X37Y46         FDCE (Prop_fdce_C_Q)         0.456     5.045 r  CPUCLK_reg/Q
                         net (fo=2, routed)           0.731     5.776    CPUCLK
    BUFGCTRL_X0Y0        BUFG (Prop_bufg_I_O)         0.096     5.872 r  CPUCLK_BUFG_inst/O
                         net (fo=4213, routed)        1.560     7.432    CPU/CM/ICACHE/CPUCLK_BUFG
    SLICE_X57Y31         FDCE                                         r  CPU/CM/ICACHE/FSM_sequential_curr_state_reg_replica_8/C
  -------------------------------------------------------------------    -------------------
    SLICE_X57Y31         FDCE (Prop_fdce_C_Q)         0.456     7.888 r  CPU/CM/ICACHE/FSM_sequential_curr_state_reg_replica_8/Q
                         net (fo=3, routed)           0.801     8.689    CPU/CM/DCACHE/cif0\\.iREN_repN_8_alias
    SLICE_X57Y35         LUT6 (Prop_lut6_I3_O)        0.124     8.813 r  CPU/CM/DCACHE/addr[29]_i_1/O
                         net (fo=3, routed)           1.105     9.918    RAM/D[29]
    SLICE_X55Y33         LUT6 (Prop_lut6_I1_O)        0.124    10.042 r  RAM/rstate3_carry__1_i_2/O
                         net (fo=1, routed)           0.000    10.042    RAM/rstate3_carry__1_i_2_n_0
    SLICE_X55Y33         CARRY4 (Prop_carry4_S[1]_CO[2])
                                                      0.570    10.612 r  RAM/rstate3_carry__1/CO[2]
                         net (fo=5, routed)           0.663    11.275    RAM/rstate3
    SLICE_X52Y33         LUT5 (Prop_lut5_I3_O)        0.313    11.588 r  RAM/mem_reg_0_i_6/O
                         net (fo=14, routed)          0.788    12.376    CPU/CM/DCACHE/mem_reg_0_1
    SLICE_X49Y40         LUT5 (Prop_lut5_I4_O)        0.124    12.500 r  CPU/CM/DCACHE/mem_reg_2_i_3/O
                         net (fo=1, routed)           0.643    13.142    RAM/mem_reg_2_0[0]
    RAMB36_X1Y8          RAMB36E1                                     r  RAM/mem_reg_2/WEA[0]
  -------------------------------------------------------------------    -------------------

                         (clock MAIN rise edge)       5.000     5.000 r  
    D18                                               0.000     5.000 r  CLK (IN)
                         net (fo=0)                   0.000     5.000    CLK
    D18                  IBUF (Prop_ibuf_I_O)         0.820     5.820 r  CLK_IBUF_inst/O
                         net (fo=1, routed)           1.868     7.688    CLK_IBUF
    BUFGCTRL_X0Y16       BUFG (Prop_bufg_I_O)         0.091     7.779 r  CLK_IBUF_BUFG_inst/O
                         net (fo=71, routed)          1.497     9.276    RAM/CLK
    RAMB36_X1Y8          RAMB36E1                                     r  RAM/mem_reg_2/CLKARDCLK
                         clock pessimism              0.242     9.518    
                         clock uncertainty           -0.035     9.483    
    RAMB36_X1Y8          RAMB36E1 (Setup_ramb36e1_CLKARDCLK_WEA[0])
                                                     -0.532     8.951    RAM/mem_reg_2
  -------------------------------------------------------------------
                         required time                          8.951    
                         arrival time                         -13.142    
  -------------------------------------------------------------------
                         slack                                 -4.192    

Slack (VIOLATED) :        -4.192ns  (required time - arrival time)
  Source:                 CPU/CM/ICACHE/FSM_sequential_curr_state_reg_replica_8/C
                            (rising edge-triggered cell FDCE clocked by CPUCLK  {rise@0.000ns fall@5.000ns period=10.000ns})
  Destination:            RAM/mem_reg_2/WEA[0]
                            (rising edge-triggered cell RAMB36E1 clocked by MAIN  {rise@0.000ns fall@2.500ns period=5.000ns})
  Path Group:             MAIN
  Path Type:              Setup (Max at Slow Process Corner)
  Requirement:            5.000ns  (MAIN rise@5.000ns - CPUCLK rise@0.000ns)
  Data Path Delay:        5.710ns  (logic 1.711ns (29.963%)  route 3.999ns (70.037%))
  Logic Levels:           5  (CARRY4=1 LUT5=2 LUT6=2)
  Clock Path Skew:        -2.914ns (DCD - SCD + CPR)
    Destination Clock Delay (DCD):    4.276ns = ( 9.276 - 5.000 ) 
    Source Clock Delay      (SCD):    7.432ns
    Clock Pessimism Removal (CPR):    0.242ns
  Clock Uncertainty:      0.035ns  ((TSJ^2 + TIJ^2)^1/2 + DJ) / 2 + PE
    Total System Jitter     (TSJ):    0.071ns
    Total Input Jitter      (TIJ):    0.000ns
    Discrete Jitter          (DJ):    0.000ns
    Phase Error              (PE):    0.000ns

    Location             Delay type                Incr(ns)  Path(ns)    Netlist Resource(s)
  -------------------------------------------------------------------    -------------------
                         (clock CPUCLK rise edge)     0.000     0.000 r  
    D18                                               0.000     0.000 r  CLK (IN)
                         net (fo=0)                   0.000     0.000    CLK
    D18                  IBUF (Prop_ibuf_I_O)         0.954     0.954 r  CLK_IBUF_inst/O
                         net (fo=1, routed)           1.972     2.925    CLK_IBUF
    BUFGCTRL_X0Y16       BUFG (Prop_bufg_I_O)         0.096     3.021 r  CLK_IBUF_BUFG_inst/O
                         net (fo=71, routed)          1.567     4.589    CLK_IBUF_BUFG
    SLICE_X37Y46         FDCE (Prop_fdce_C_Q)         0.456     5.045 r  CPUCLK_reg/Q
                         net (fo=2, routed)           0.731     5.776    CPUCLK
    BUFGCTRL_X0Y0        BUFG (Prop_bufg_I_O)         0.096     5.872 r  CPUCLK_BUFG_inst/O
                         net (fo=4213, routed)        1.560     7.432    CPU/CM/ICACHE/CPUCLK_BUFG
    SLICE_X57Y31         FDCE                                         r  CPU/CM/ICACHE/FSM_sequential_curr_state_reg_replica_8/C
  -------------------------------------------------------------------    -------------------
    SLICE_X57Y31         FDCE (Prop_fdce_C_Q)         0.456     7.888 f  CPU/CM/ICACHE/FSM_sequential_curr_state_reg_replica_8/Q
                         net (fo=3, routed)           0.801     8.689    CPU/CM/DCACHE/cif0\\.iREN_repN_8_alias
    SLICE_X57Y35         LUT6 (Prop_lut6_I3_O)        0.124     8.813 f  CPU/CM/DCACHE/addr[29]_i_1/O
                         net (fo=3, routed)           1.105     9.918    RAM/D[29]
    SLICE_X55Y33         LUT6 (Prop_lut6_I1_O)        0.124    10.042 r  RAM/rstate3_carry__1_i_2/O
                         net (fo=1, routed)           0.000    10.042    RAM/rstate3_carry__1_i_2_n_0
    SLICE_X55Y33         CARRY4 (Prop_carry4_S[1]_CO[2])
                                                      0.570    10.612 r  RAM/rstate3_carry__1/CO[2]
                         net (fo=5, routed)           0.663    11.275    RAM/rstate3
    SLICE_X52Y33         LUT5 (Prop_lut5_I3_O)        0.313    11.588 r  RAM/mem_reg_0_i_6/O
                         net (fo=14, routed)          0.788    12.376    CPU/CM/DCACHE/mem_reg_0_1
    SLICE_X49Y40         LUT5 (Prop_lut5_I4_O)        0.124    12.500 r  CPU/CM/DCACHE/mem_reg_2_i_3/O
                         net (fo=1, routed)           0.643    13.142    RAM/mem_reg_2_0[0]
    RAMB36_X1Y8          RAMB36E1                                     r  RAM/mem_reg_2/WEA[0]
  -------------------------------------------------------------------    -------------------

                         (clock MAIN rise edge)       5.000     5.000 r  
    D18                                               0.000     5.000 r  CLK (IN)
                         net (fo=0)                   0.000     5.000    CLK
    D18                  IBUF (Prop_ibuf_I_O)         0.820     5.820 r  CLK_IBUF_inst/O
                         net (fo=1, routed)           1.868     7.688    CLK_IBUF
    BUFGCTRL_X0Y16       BUFG (Prop_bufg_I_O)         0.091     7.779 r  CLK_IBUF_BUFG_inst/O
                         net (fo=71, routed)          1.497     9.276    RAM/CLK
    RAMB36_X1Y8          RAMB36E1                                     r  RAM/mem_reg_2/CLKARDCLK
                         clock pessimism              0.242     9.518    
                         clock uncertainty           -0.035     9.483    
    RAMB36_X1Y8          RAMB36E1 (Setup_ramb36e1_CLKARDCLK_WEA[0])
                                                     -0.532     8.951    RAM/mem_reg_2
  -------------------------------------------------------------------
                         required time                          8.951    
                         arrival time                         -13.142    
  -------------------------------------------------------------------
                         slack                                 -4.192    

Slack (VIOLATED) :        -4.192ns  (required time - arrival time)
  Source:                 CPU/CM/ICACHE/FSM_sequential_curr_state_reg_replica_8/C
                            (rising edge-triggered cell FDCE clocked by CPUCLK  {rise@0.000ns fall@5.000ns period=10.000ns})
  Destination:            RAM/mem_reg_2/WEA[0]
                            (rising edge-triggered cell RAMB36E1 clocked by MAIN  {rise@0.000ns fall@2.500ns period=5.000ns})
  Path Group:             MAIN
  Path Type:              Setup (Max at Slow Process Corner)
  Requirement:            5.000ns  (MAIN rise@5.000ns - CPUCLK rise@0.000ns)
  Data Path Delay:        5.710ns  (logic 1.711ns (29.963%)  route 3.999ns (70.037%))
  Logic Levels:           5  (CARRY4=1 LUT5=2 LUT6=2)
  Clock Path Skew:        -2.914ns (DCD - SCD + CPR)
    Destination Clock Delay (DCD):    4.276ns = ( 9.276 - 5.000 ) 
    Source Clock Delay      (SCD):    7.432ns
    Clock Pessimism Removal (CPR):    0.242ns
  Clock Uncertainty:      0.035ns  ((TSJ^2 + TIJ^2)^1/2 + DJ) / 2 + PE
    Total System Jitter     (TSJ):    0.071ns
    Total Input Jitter      (TIJ):    0.000ns
    Discrete Jitter          (DJ):    0.000ns
    Phase Error              (PE):    0.000ns

    Location             Delay type                Incr(ns)  Path(ns)    Netlist Resource(s)
  -------------------------------------------------------------------    -------------------
                         (clock CPUCLK rise edge)     0.000     0.000 r  
    D18                                               0.000     0.000 r  CLK (IN)
                         net (fo=0)                   0.000     0.000    CLK
    D18                  IBUF (Prop_ibuf_I_O)         0.954     0.954 r  CLK_IBUF_inst/O
                         net (fo=1, routed)           1.972     2.925    CLK_IBUF
    BUFGCTRL_X0Y16       BUFG (Prop_bufg_I_O)         0.096     3.021 r  CLK_IBUF_BUFG_inst/O
                         net (fo=71, routed)          1.567     4.589    CLK_IBUF_BUFG
    SLICE_X37Y46         FDCE (Prop_fdce_C_Q)         0.456     5.045 r  CPUCLK_reg/Q
                         net (fo=2, routed)           0.731     5.776    CPUCLK
    BUFGCTRL_X0Y0        BUFG (Prop_bufg_I_O)         0.096     5.872 r  CPUCLK_BUFG_inst/O
                         net (fo=4213, routed)        1.560     7.432    CPU/CM/ICACHE/CPUCLK_BUFG
    SLICE_X57Y31         FDCE                                         r  CPU/CM/ICACHE/FSM_sequential_curr_state_reg_replica_8/C
  -------------------------------------------------------------------    -------------------
    SLICE_X57Y31         FDCE (Prop_fdce_C_Q)         0.456     7.888 r  CPU/CM/ICACHE/FSM_sequential_curr_state_reg_replica_8/Q
                         net (fo=3, routed)           0.801     8.689    CPU/CM/DCACHE/cif0\\.iREN_repN_8_alias
    SLICE_X57Y35         LUT6 (Prop_lut6_I3_O)        0.124     8.813 r  CPU/CM/DCACHE/addr[29]_i_1/O
                         net (fo=3, routed)           1.105     9.918    RAM/D[29]
    SLICE_X55Y33         LUT6 (Prop_lut6_I1_O)        0.124    10.042 f  RAM/rstate3_carry__1_i_2/O
                         net (fo=1, routed)           0.000    10.042    RAM/rstate3_carry__1_i_2_n_0
    SLICE_X55Y33         CARRY4 (Prop_carry4_S[1]_CO[2])
                                                      0.570    10.612 r  RAM/rstate3_carry__1/CO[2]
                         net (fo=5, routed)           0.663    11.275    RAM/rstate3
    SLICE_X52Y33         LUT5 (Prop_lut5_I3_O)        0.313    11.588 r  RAM/mem_reg_0_i_6/O
                         net (fo=14, routed)          0.788    12.376    CPU/CM/DCACHE/mem_reg_0_1
    SLICE_X49Y40         LUT5 (Prop_lut5_I4_O)        0.124    12.500 r  CPU/CM/DCACHE/mem_reg_2_i_3/O
                         net (fo=1, routed)           0.643    13.142    RAM/mem_reg_2_0[0]
    RAMB36_X1Y8          RAMB36E1                                     r  RAM/mem_reg_2/WEA[0]
  -------------------------------------------------------------------    -------------------

                         (clock MAIN rise edge)       5.000     5.000 r  
    D18                                               0.000     5.000 r  CLK (IN)
                         net (fo=0)                   0.000     5.000    CLK
    D18                  IBUF (Prop_ibuf_I_O)         0.820     5.820 r  CLK_IBUF_inst/O
                         net (fo=1, routed)           1.868     7.688    CLK_IBUF
    BUFGCTRL_X0Y16       BUFG (Prop_bufg_I_O)         0.091     7.779 r  CLK_IBUF_BUFG_inst/O
                         net (fo=71, routed)          1.497     9.276    RAM/CLK
    RAMB36_X1Y8          RAMB36E1                                     r  RAM/mem_reg_2/CLKARDCLK
                         clock pessimism              0.242     9.518    
                         clock uncertainty           -0.035     9.483    
    RAMB36_X1Y8          RAMB36E1 (Setup_ramb36e1_CLKARDCLK_WEA[0])
                                                     -0.532     8.951    RAM/mem_reg_2
  -------------------------------------------------------------------
                         required time                          8.951    
                         arrival time                         -13.142    
  -------------------------------------------------------------------
                         slack                                 -4.192    

Slack (VIOLATED) :        -4.192ns  (required time - arrival time)
  Source:                 CPU/CM/ICACHE/FSM_sequential_curr_state_reg_replica_8/C
                            (rising edge-triggered cell FDCE clocked by CPUCLK  {rise@0.000ns fall@5.000ns period=10.000ns})
  Destination:            RAM/mem_reg_2/WEA[0]
                            (rising edge-triggered cell RAMB36E1 clocked by MAIN  {rise@0.000ns fall@2.500ns period=5.000ns})
  Path Group:             MAIN
  Path Type:              Setup (Max at Slow Process Corner)
  Requirement:            5.000ns  (MAIN rise@5.000ns - CPUCLK rise@0.000ns)
  Data Path Delay:        5.710ns  (logic 1.711ns (29.963%)  route 3.999ns (70.037%))
  Logic Levels:           5  (CARRY4=1 LUT5=2 LUT6=2)
  Clock Path Skew:        -2.914ns (DCD - SCD + CPR)
    Destination Clock Delay (DCD):    4.276ns = ( 9.276 - 5.000 ) 
    Source Clock Delay      (SCD):    7.432ns
    Clock Pessimism Removal (CPR):    0.242ns
  Clock Uncertainty:      0.035ns  ((TSJ^2 + TIJ^2)^1/2 + DJ) / 2 + PE
    Total System Jitter     (TSJ):    0.071ns
    Total Input Jitter      (TIJ):    0.000ns
    Discrete Jitter          (DJ):    0.000ns
    Phase Error              (PE):    0.000ns

    Location             Delay type                Incr(ns)  Path(ns)    Netlist Resource(s)
  -------------------------------------------------------------------    -------------------
                         (clock CPUCLK rise edge)     0.000     0.000 r  
    D18                                               0.000     0.000 r  CLK (IN)
                         net (fo=0)                   0.000     0.000    CLK
    D18                  IBUF (Prop_ibuf_I_O)         0.954     0.954 r  CLK_IBUF_inst/O
                         net (fo=1, routed)           1.972     2.925    CLK_IBUF
    BUFGCTRL_X0Y16       BUFG (Prop_bufg_I_O)         0.096     3.021 r  CLK_IBUF_BUFG_inst/O
                         net (fo=71, routed)          1.567     4.589    CLK_IBUF_BUFG
    SLICE_X37Y46         FDCE (Prop_fdce_C_Q)         0.456     5.045 r  CPUCLK_reg/Q
                         net (fo=2, routed)           0.731     5.776    CPUCLK
    BUFGCTRL_X0Y0        BUFG (Prop_bufg_I_O)         0.096     5.872 r  CPUCLK_BUFG_inst/O
                         net (fo=4213, routed)        1.560     7.432    CPU/CM/ICACHE/CPUCLK_BUFG
    SLICE_X57Y31         FDCE                                         r  CPU/CM/ICACHE/FSM_sequential_curr_state_reg_replica_8/C
  -------------------------------------------------------------------    -------------------
    SLICE_X57Y31         FDCE (Prop_fdce_C_Q)         0.456     7.888 f  CPU/CM/ICACHE/FSM_sequential_curr_state_reg_replica_8/Q
                         net (fo=3, routed)           0.801     8.689    CPU/CM/DCACHE/cif0\\.iREN_repN_8_alias
    SLICE_X57Y35         LUT6 (Prop_lut6_I3_O)        0.124     8.813 f  CPU/CM/DCACHE/addr[29]_i_1/O
                         net (fo=3, routed)           1.105     9.918    RAM/D[29]
    SLICE_X55Y33         LUT6 (Prop_lut6_I1_O)        0.124    10.042 f  RAM/rstate3_carry__1_i_2/O
                         net (fo=1, routed)           0.000    10.042    RAM/rstate3_carry__1_i_2_n_0
    SLICE_X55Y33         CARRY4 (Prop_carry4_S[1]_CO[2])
                                                      0.570    10.612 r  RAM/rstate3_carry__1/CO[2]
                         net (fo=5, routed)           0.663    11.275    RAM/rstate3
    SLICE_X52Y33         LUT5 (Prop_lut5_I3_O)        0.313    11.588 r  RAM/mem_reg_0_i_6/O
                         net (fo=14, routed)          0.788    12.376    CPU/CM/DCACHE/mem_reg_0_1
    SLICE_X49Y40         LUT5 (Prop_lut5_I4_O)        0.124    12.500 r  CPU/CM/DCACHE/mem_reg_2_i_3/O
                         net (fo=1, routed)           0.643    13.142    RAM/mem_reg_2_0[0]
    RAMB36_X1Y8          RAMB36E1                                     r  RAM/mem_reg_2/WEA[0]
  -------------------------------------------------------------------    -------------------

                         (clock MAIN rise edge)       5.000     5.000 r  
    D18                                               0.000     5.000 r  CLK (IN)
                         net (fo=0)                   0.000     5.000    CLK
    D18                  IBUF (Prop_ibuf_I_O)         0.820     5.820 r  CLK_IBUF_inst/O
                         net (fo=1, routed)           1.868     7.688    CLK_IBUF
    BUFGCTRL_X0Y16       BUFG (Prop_bufg_I_O)         0.091     7.779 r  CLK_IBUF_BUFG_inst/O
                         net (fo=71, routed)          1.497     9.276    RAM/CLK
    RAMB36_X1Y8          RAMB36E1                                     r  RAM/mem_reg_2/CLKARDCLK
                         clock pessimism              0.242     9.518    
                         clock uncertainty           -0.035     9.483    
    RAMB36_X1Y8          RAMB36E1 (Setup_ramb36e1_CLKARDCLK_WEA[0])
                                                     -0.532     8.951    RAM/mem_reg_2
  -------------------------------------------------------------------
                         required time                          8.951    
                         arrival time                         -13.142    
  -------------------------------------------------------------------
                         slack                                 -4.192    

Slack (VIOLATED) :        -4.192ns  (required time - arrival time)
  Source:                 CPU/CM/ICACHE/FSM_sequential_curr_state_reg_replica_8/C
                            (rising edge-triggered cell FDCE clocked by CPUCLK  {rise@0.000ns fall@5.000ns period=10.000ns})
  Destination:            RAM/mem_reg_2/WEA[0]
                            (rising edge-triggered cell RAMB36E1 clocked by MAIN  {rise@0.000ns fall@2.500ns period=5.000ns})
  Path Group:             MAIN
  Path Type:              Setup (Max at Slow Process Corner)
  Requirement:            5.000ns  (MAIN rise@5.000ns - CPUCLK rise@0.000ns)
  Data Path Delay:        5.710ns  (logic 1.711ns (29.963%)  route 3.999ns (70.037%))
  Logic Levels:           5  (CARRY4=1 LUT5=2 LUT6=2)
  Clock Path Skew:        -2.914ns (DCD - SCD + CPR)
    Destination Clock Delay (DCD):    4.276ns = ( 9.276 - 5.000 ) 
    Source Clock Delay      (SCD):    7.432ns
    Clock Pessimism Removal (CPR):    0.242ns
  Clock Uncertainty:      0.035ns  ((TSJ^2 + TIJ^2)^1/2 + DJ) / 2 + PE
    Total System Jitter     (TSJ):    0.071ns
    Total Input Jitter      (TIJ):    0.000ns
    Discrete Jitter          (DJ):    0.000ns
    Phase Error              (PE):    0.000ns

    Location             Delay type                Incr(ns)  Path(ns)    Netlist Resource(s)
  -------------------------------------------------------------------    -------------------
                         (clock CPUCLK rise edge)     0.000     0.000 r  
    D18                                               0.000     0.000 r  CLK (IN)
                         net (fo=0)                   0.000     0.000    CLK
    D18                  IBUF (Prop_ibuf_I_O)         0.954     0.954 r  CLK_IBUF_inst/O
                         net (fo=1, routed)           1.972     2.925    CLK_IBUF
    BUFGCTRL_X0Y16       BUFG (Prop_bufg_I_O)         0.096     3.021 r  CLK_IBUF_BUFG_inst/O
                         net (fo=71, routed)          1.567     4.589    CLK_IBUF_BUFG
    SLICE_X37Y46         FDCE (Prop_fdce_C_Q)         0.456     5.045 r  CPUCLK_reg/Q
                         net (fo=2, routed)           0.731     5.776    CPUCLK
    BUFGCTRL_X0Y0        BUFG (Prop_bufg_I_O)         0.096     5.872 r  CPUCLK_BUFG_inst/O
                         net (fo=4213, routed)        1.560     7.432    CPU/CM/ICACHE/CPUCLK_BUFG
    SLICE_X57Y31         FDCE                                         r  CPU/CM/ICACHE/FSM_sequential_curr_state_reg_replica_8/C
  -------------------------------------------------------------------    -------------------
    SLICE_X57Y31         FDCE (Prop_fdce_C_Q)         0.456     7.888 r  CPU/CM/ICACHE/FSM_sequential_curr_state_reg_replica_8/Q
                         net (fo=3, routed)           0.801     8.689    CPU/CM/DCACHE/cif0\\.iREN_repN_8_alias
    SLICE_X57Y35         LUT6 (Prop_lut6_I3_O)        0.124     8.813 r  CPU/CM/DCACHE/addr[29]_i_1/O
                         net (fo=3, routed)           1.105     9.918    RAM/D[29]
    SLICE_X55Y33         LUT6 (Prop_lut6_I1_O)        0.124    10.042 r  RAM/rstate3_carry__1_i_2/O
                         net (fo=1, routed)           0.000    10.042    RAM/rstate3_carry__1_i_2_n_0
    SLICE_X55Y33         CARRY4 (Prop_carry4_S[1]_CO[2])
                                                      0.570    10.612 f  RAM/rstate3_carry__1/CO[2]
                         net (fo=5, routed)           0.663    11.275    RAM/rstate3
    SLICE_X52Y33         LUT5 (Prop_lut5_I3_O)        0.313    11.588 f  RAM/mem_reg_0_i_6/O
                         net (fo=14, routed)          0.788    12.376    CPU/CM/DCACHE/mem_reg_0_1
    SLICE_X49Y40         LUT5 (Prop_lut5_I4_O)        0.124    12.500 f  CPU/CM/DCACHE/mem_reg_2_i_3/O
                         net (fo=1, routed)           0.643    13.142    RAM/mem_reg_2_0[0]
    RAMB36_X1Y8          RAMB36E1                                     f  RAM/mem_reg_2/WEA[0]
  -------------------------------------------------------------------    -------------------

                         (clock MAIN rise edge)       5.000     5.000 r  
    D18                                               0.000     5.000 r  CLK (IN)
                         net (fo=0)                   0.000     5.000    CLK
    D18                  IBUF (Prop_ibuf_I_O)         0.820     5.820 r  CLK_IBUF_inst/O
                         net (fo=1, routed)           1.868     7.688    CLK_IBUF
    BUFGCTRL_X0Y16       BUFG (Prop_bufg_I_O)         0.091     7.779 r  CLK_IBUF_BUFG_inst/O
                         net (fo=71, routed)          1.497     9.276    RAM/CLK
    RAMB36_X1Y8          RAMB36E1                                     r  RAM/mem_reg_2/CLKARDCLK
                         clock pessimism              0.242     9.518    
                         clock uncertainty           -0.035     9.483    
    RAMB36_X1Y8          RAMB36E1 (Setup_ramb36e1_CLKARDCLK_WEA[0])
                                                     -0.532     8.951    RAM/mem_reg_2
  -------------------------------------------------------------------
                         required time                          8.951    
                         arrival time                         -13.142    
  -------------------------------------------------------------------
                         slack                                 -4.192    

Slack (VIOLATED) :        -4.192ns  (required time - arrival time)
  Source:                 CPU/CM/ICACHE/FSM_sequential_curr_state_reg_replica_8/C
                            (rising edge-triggered cell FDCE clocked by CPUCLK  {rise@0.000ns fall@5.000ns period=10.000ns})
  Destination:            RAM/mem_reg_2/WEA[0]
                            (rising edge-triggered cell RAMB36E1 clocked by MAIN  {rise@0.000ns fall@2.500ns period=5.000ns})
  Path Group:             MAIN
  Path Type:              Setup (Max at Slow Process Corner)
  Requirement:            5.000ns  (MAIN rise@5.000ns - CPUCLK rise@0.000ns)
  Data Path Delay:        5.710ns  (logic 1.711ns (29.963%)  route 3.999ns (70.037%))
  Logic Levels:           5  (CARRY4=1 LUT5=2 LUT6=2)
  Clock Path Skew:        -2.914ns (DCD - SCD + CPR)
    Destination Clock Delay (DCD):    4.276ns = ( 9.276 - 5.000 ) 
    Source Clock Delay      (SCD):    7.432ns
    Clock Pessimism Removal (CPR):    0.242ns
  Clock Uncertainty:      0.035ns  ((TSJ^2 + TIJ^2)^1/2 + DJ) / 2 + PE
    Total System Jitter     (TSJ):    0.071ns
    Total Input Jitter      (TIJ):    0.000ns
    Discrete Jitter          (DJ):    0.000ns
    Phase Error              (PE):    0.000ns

    Location             Delay type                Incr(ns)  Path(ns)    Netlist Resource(s)
  -------------------------------------------------------------------    -------------------
                         (clock CPUCLK rise edge)     0.000     0.000 r  
    D18                                               0.000     0.000 r  CLK (IN)
                         net (fo=0)                   0.000     0.000    CLK
    D18                  IBUF (Prop_ibuf_I_O)         0.954     0.954 r  CLK_IBUF_inst/O
                         net (fo=1, routed)           1.972     2.925    CLK_IBUF
    BUFGCTRL_X0Y16       BUFG (Prop_bufg_I_O)         0.096     3.021 r  CLK_IBUF_BUFG_inst/O
                         net (fo=71, routed)          1.567     4.589    CLK_IBUF_BUFG
    SLICE_X37Y46         FDCE (Prop_fdce_C_Q)         0.456     5.045 r  CPUCLK_reg/Q
                         net (fo=2, routed)           0.731     5.776    CPUCLK
    BUFGCTRL_X0Y0        BUFG (Prop_bufg_I_O)         0.096     5.872 r  CPUCLK_BUFG_inst/O
                         net (fo=4213, routed)        1.560     7.432    CPU/CM/ICACHE/CPUCLK_BUFG
    SLICE_X57Y31         FDCE                                         r  CPU/CM/ICACHE/FSM_sequential_curr_state_reg_replica_8/C
  -------------------------------------------------------------------    -------------------
    SLICE_X57Y31         FDCE (Prop_fdce_C_Q)         0.456     7.888 f  CPU/CM/ICACHE/FSM_sequential_curr_state_reg_replica_8/Q
                         net (fo=3, routed)           0.801     8.689    CPU/CM/DCACHE/cif0\\.iREN_repN_8_alias
    SLICE_X57Y35         LUT6 (Prop_lut6_I3_O)        0.124     8.813 f  CPU/CM/DCACHE/addr[29]_i_1/O
                         net (fo=3, routed)           1.105     9.918    RAM/D[29]
    SLICE_X55Y33         LUT6 (Prop_lut6_I1_O)        0.124    10.042 r  RAM/rstate3_carry__1_i_2/O
                         net (fo=1, routed)           0.000    10.042    RAM/rstate3_carry__1_i_2_n_0
    SLICE_X55Y33         CARRY4 (Prop_carry4_S[1]_CO[2])
                                                      0.570    10.612 f  RAM/rstate3_carry__1/CO[2]
                         net (fo=5, routed)           0.663    11.275    RAM/rstate3
    SLICE_X52Y33         LUT5 (Prop_lut5_I3_O)        0.313    11.588 f  RAM/mem_reg_0_i_6/O
                         net (fo=14, routed)          0.788    12.376    CPU/CM/DCACHE/mem_reg_0_1
    SLICE_X49Y40         LUT5 (Prop_lut5_I4_O)        0.124    12.500 f  CPU/CM/DCACHE/mem_reg_2_i_3/O
                         net (fo=1, routed)           0.643    13.142    RAM/mem_reg_2_0[0]
    RAMB36_X1Y8          RAMB36E1                                     f  RAM/mem_reg_2/WEA[0]
  -------------------------------------------------------------------    -------------------

                         (clock MAIN rise edge)       5.000     5.000 r  
    D18                                               0.000     5.000 r  CLK (IN)
                         net (fo=0)                   0.000     5.000    CLK
    D18                  IBUF (Prop_ibuf_I_O)         0.820     5.820 r  CLK_IBUF_inst/O
                         net (fo=1, routed)           1.868     7.688    CLK_IBUF
    BUFGCTRL_X0Y16       BUFG (Prop_bufg_I_O)         0.091     7.779 r  CLK_IBUF_BUFG_inst/O
                         net (fo=71, routed)          1.497     9.276    RAM/CLK
    RAMB36_X1Y8          RAMB36E1                                     r  RAM/mem_reg_2/CLKARDCLK
                         clock pessimism              0.242     9.518    
                         clock uncertainty           -0.035     9.483    
    RAMB36_X1Y8          RAMB36E1 (Setup_ramb36e1_CLKARDCLK_WEA[0])
                                                     -0.532     8.951    RAM/mem_reg_2
  -------------------------------------------------------------------
                         required time                          8.951    
                         arrival time                         -13.142    
  -------------------------------------------------------------------
                         slack                                 -4.192    

Slack (VIOLATED) :        -4.192ns  (required time - arrival time)
  Source:                 CPU/CM/ICACHE/FSM_sequential_curr_state_reg_replica_8/C
                            (rising edge-triggered cell FDCE clocked by CPUCLK  {rise@0.000ns fall@5.000ns period=10.000ns})
  Destination:            RAM/mem_reg_2/WEA[0]
                            (rising edge-triggered cell RAMB36E1 clocked by MAIN  {rise@0.000ns fall@2.500ns period=5.000ns})
  Path Group:             MAIN
  Path Type:              Setup (Max at Slow Process Corner)
  Requirement:            5.000ns  (MAIN rise@5.000ns - CPUCLK rise@0.000ns)
  Data Path Delay:        5.710ns  (logic 1.711ns (29.963%)  route 3.999ns (70.037%))
  Logic Levels:           5  (CARRY4=1 LUT5=2 LUT6=2)
  Clock Path Skew:        -2.914ns (DCD - SCD + CPR)
    Destination Clock Delay (DCD):    4.276ns = ( 9.276 - 5.000 ) 
    Source Clock Delay      (SCD):    7.432ns
    Clock Pessimism Removal (CPR):    0.242ns
  Clock Uncertainty:      0.035ns  ((TSJ^2 + TIJ^2)^1/2 + DJ) / 2 + PE
    Total System Jitter     (TSJ):    0.071ns
    Total Input Jitter      (TIJ):    0.000ns
    Discrete Jitter          (DJ):    0.000ns
    Phase Error              (PE):    0.000ns

    Location             Delay type                Incr(ns)  Path(ns)    Netlist Resource(s)
  -------------------------------------------------------------------    -------------------
                         (clock CPUCLK rise edge)     0.000     0.000 r  
    D18                                               0.000     0.000 r  CLK (IN)
                         net (fo=0)                   0.000     0.000    CLK
    D18                  IBUF (Prop_ibuf_I_O)         0.954     0.954 r  CLK_IBUF_inst/O
                         net (fo=1, routed)           1.972     2.925    CLK_IBUF
    BUFGCTRL_X0Y16       BUFG (Prop_bufg_I_O)         0.096     3.021 r  CLK_IBUF_BUFG_inst/O
                         net (fo=71, routed)          1.567     4.589    CLK_IBUF_BUFG
    SLICE_X37Y46         FDCE (Prop_fdce_C_Q)         0.456     5.045 r  CPUCLK_reg/Q
                         net (fo=2, routed)           0.731     5.776    CPUCLK
    BUFGCTRL_X0Y0        BUFG (Prop_bufg_I_O)         0.096     5.872 r  CPUCLK_BUFG_inst/O
                         net (fo=4213, routed)        1.560     7.432    CPU/CM/ICACHE/CPUCLK_BUFG
    SLICE_X57Y31         FDCE                                         r  CPU/CM/ICACHE/FSM_sequential_curr_state_reg_replica_8/C
  -------------------------------------------------------------------    -------------------
    SLICE_X57Y31         FDCE (Prop_fdce_C_Q)         0.456     7.888 r  CPU/CM/ICACHE/FSM_sequential_curr_state_reg_replica_8/Q
                         net (fo=3, routed)           0.801     8.689    CPU/CM/DCACHE/cif0\\.iREN_repN_8_alias
    SLICE_X57Y35         LUT6 (Prop_lut6_I3_O)        0.124     8.813 r  CPU/CM/DCACHE/addr[29]_i_1/O
                         net (fo=3, routed)           1.105     9.918    RAM/D[29]
    SLICE_X55Y33         LUT6 (Prop_lut6_I1_O)        0.124    10.042 f  RAM/rstate3_carry__1_i_2/O
                         net (fo=1, routed)           0.000    10.042    RAM/rstate3_carry__1_i_2_n_0
    SLICE_X55Y33         CARRY4 (Prop_carry4_S[1]_CO[2])
                                                      0.570    10.612 f  RAM/rstate3_carry__1/CO[2]
                         net (fo=5, routed)           0.663    11.275    RAM/rstate3
    SLICE_X52Y33         LUT5 (Prop_lut5_I3_O)        0.313    11.588 f  RAM/mem_reg_0_i_6/O
                         net (fo=14, routed)          0.788    12.376    CPU/CM/DCACHE/mem_reg_0_1
    SLICE_X49Y40         LUT5 (Prop_lut5_I4_O)        0.124    12.500 f  CPU/CM/DCACHE/mem_reg_2_i_3/O
                         net (fo=1, routed)           0.643    13.142    RAM/mem_reg_2_0[0]
    RAMB36_X1Y8          RAMB36E1                                     f  RAM/mem_reg_2/WEA[0]
  -------------------------------------------------------------------    -------------------

                         (clock MAIN rise edge)       5.000     5.000 r  
    D18                                               0.000     5.000 r  CLK (IN)
                         net (fo=0)                   0.000     5.000    CLK
    D18                  IBUF (Prop_ibuf_I_O)         0.820     5.820 r  CLK_IBUF_inst/O
                         net (fo=1, routed)           1.868     7.688    CLK_IBUF
    BUFGCTRL_X0Y16       BUFG (Prop_bufg_I_O)         0.091     7.779 r  CLK_IBUF_BUFG_inst/O
                         net (fo=71, routed)          1.497     9.276    RAM/CLK
    RAMB36_X1Y8          RAMB36E1                                     r  RAM/mem_reg_2/CLKARDCLK
                         clock pessimism              0.242     9.518    
                         clock uncertainty           -0.035     9.483    
    RAMB36_X1Y8          RAMB36E1 (Setup_ramb36e1_CLKARDCLK_WEA[0])
                                                     -0.532     8.951    RAM/mem_reg_2
  -------------------------------------------------------------------
                         required time                          8.951    
                         arrival time                         -13.142    
  -------------------------------------------------------------------
                         slack                                 -4.192    

Slack (VIOLATED) :        -4.192ns  (required time - arrival time)
  Source:                 CPU/CM/ICACHE/FSM_sequential_curr_state_reg_replica_8/C
                            (rising edge-triggered cell FDCE clocked by CPUCLK  {rise@0.000ns fall@5.000ns period=10.000ns})
  Destination:            RAM/mem_reg_2/WEA[0]
                            (rising edge-triggered cell RAMB36E1 clocked by MAIN  {rise@0.000ns fall@2.500ns period=5.000ns})
  Path Group:             MAIN
  Path Type:              Setup (Max at Slow Process Corner)
  Requirement:            5.000ns  (MAIN rise@5.000ns - CPUCLK rise@0.000ns)
  Data Path Delay:        5.710ns  (logic 1.711ns (29.963%)  route 3.999ns (70.037%))
  Logic Levels:           5  (CARRY4=1 LUT5=2 LUT6=2)
  Clock Path Skew:        -2.914ns (DCD - SCD + CPR)
    Destination Clock Delay (DCD):    4.276ns = ( 9.276 - 5.000 ) 
    Source Clock Delay      (SCD):    7.432ns
    Clock Pessimism Removal (CPR):    0.242ns
  Clock Uncertainty:      0.035ns  ((TSJ^2 + TIJ^2)^1/2 + DJ) / 2 + PE
    Total System Jitter     (TSJ):    0.071ns
    Total Input Jitter      (TIJ):    0.000ns
    Discrete Jitter          (DJ):    0.000ns
    Phase Error              (PE):    0.000ns

    Location             Delay type                Incr(ns)  Path(ns)    Netlist Resource(s)
  -------------------------------------------------------------------    -------------------
                         (clock CPUCLK rise edge)     0.000     0.000 r  
    D18                                               0.000     0.000 r  CLK (IN)
                         net (fo=0)                   0.000     0.000    CLK
    D18                  IBUF (Prop_ibuf_I_O)         0.954     0.954 r  CLK_IBUF_inst/O
                         net (fo=1, routed)           1.972     2.925    CLK_IBUF
    BUFGCTRL_X0Y16       BUFG (Prop_bufg_I_O)         0.096     3.021 r  CLK_IBUF_BUFG_inst/O
                         net (fo=71, routed)          1.567     4.589    CLK_IBUF_BUFG
    SLICE_X37Y46         FDCE (Prop_fdce_C_Q)         0.456     5.045 r  CPUCLK_reg/Q
                         net (fo=2, routed)           0.731     5.776    CPUCLK
    BUFGCTRL_X0Y0        BUFG (Prop_bufg_I_O)         0.096     5.872 r  CPUCLK_BUFG_inst/O
                         net (fo=4213, routed)        1.560     7.432    CPU/CM/ICACHE/CPUCLK_BUFG
    SLICE_X57Y31         FDCE                                         r  CPU/CM/ICACHE/FSM_sequential_curr_state_reg_replica_8/C
  -------------------------------------------------------------------    -------------------
    SLICE_X57Y31         FDCE (Prop_fdce_C_Q)         0.456     7.888 f  CPU/CM/ICACHE/FSM_sequential_curr_state_reg_replica_8/Q
                         net (fo=3, routed)           0.801     8.689    CPU/CM/DCACHE/cif0\\.iREN_repN_8_alias
    SLICE_X57Y35         LUT6 (Prop_lut6_I3_O)        0.124     8.813 f  CPU/CM/DCACHE/addr[29]_i_1/O
                         net (fo=3, routed)           1.105     9.918    RAM/D[29]
    SLICE_X55Y33         LUT6 (Prop_lut6_I1_O)        0.124    10.042 f  RAM/rstate3_carry__1_i_2/O
                         net (fo=1, routed)           0.000    10.042    RAM/rstate3_carry__1_i_2_n_0
    SLICE_X55Y33         CARRY4 (Prop_carry4_S[1]_CO[2])
                                                      0.570    10.612 f  RAM/rstate3_carry__1/CO[2]
                         net (fo=5, routed)           0.663    11.275    RAM/rstate3
    SLICE_X52Y33         LUT5 (Prop_lut5_I3_O)        0.313    11.588 f  RAM/mem_reg_0_i_6/O
                         net (fo=14, routed)          0.788    12.376    CPU/CM/DCACHE/mem_reg_0_1
    SLICE_X49Y40         LUT5 (Prop_lut5_I4_O)        0.124    12.500 f  CPU/CM/DCACHE/mem_reg_2_i_3/O
                         net (fo=1, routed)           0.643    13.142    RAM/mem_reg_2_0[0]
    RAMB36_X1Y8          RAMB36E1                                     f  RAM/mem_reg_2/WEA[0]
  -------------------------------------------------------------------    -------------------

                         (clock MAIN rise edge)       5.000     5.000 r  
    D18                                               0.000     5.000 r  CLK (IN)
                         net (fo=0)                   0.000     5.000    CLK
    D18                  IBUF (Prop_ibuf_I_O)         0.820     5.820 r  CLK_IBUF_inst/O
                         net (fo=1, routed)           1.868     7.688    CLK_IBUF
    BUFGCTRL_X0Y16       BUFG (Prop_bufg_I_O)         0.091     7.779 r  CLK_IBUF_BUFG_inst/O
                         net (fo=71, routed)          1.497     9.276    RAM/CLK
    RAMB36_X1Y8          RAMB36E1                                     r  RAM/mem_reg_2/CLKARDCLK
                         clock pessimism              0.242     9.518    
                         clock uncertainty           -0.035     9.483    
    RAMB36_X1Y8          RAMB36E1 (Setup_ramb36e1_CLKARDCLK_WEA[0])
                                                     -0.532     8.951    RAM/mem_reg_2
  -------------------------------------------------------------------
                         required time                          8.951    
                         arrival time                         -13.142    
  -------------------------------------------------------------------
                         slack                                 -4.192    

Slack (VIOLATED) :        -4.171ns  (required time - arrival time)
  Source:                 CPU/DP/PC/pcif\\.PC_reg[10]/C
                            (rising edge-triggered cell FDCE clocked by CPUCLK  {rise@0.000ns fall@5.000ns period=10.000ns})
  Destination:            RAM/mem_reg_2/WEA[0]
                            (rising edge-triggered cell RAMB36E1 clocked by MAIN  {rise@0.000ns fall@2.500ns period=5.000ns})
  Path Group:             MAIN
  Path Type:              Setup (Max at Slow Process Corner)
  Requirement:            5.000ns  (MAIN rise@5.000ns - CPUCLK rise@0.000ns)
  Data Path Delay:        5.692ns  (logic 1.946ns (34.187%)  route 3.746ns (65.813%))
  Logic Levels:           7  (CARRY4=3 LUT5=2 LUT6=2)
  Clock Path Skew:        -2.912ns (DCD - SCD + CPR)
    Destination Clock Delay (DCD):    4.276ns = ( 9.276 - 5.000 ) 
    Source Clock Delay      (SCD):    7.430ns
    Clock Pessimism Removal (CPR):    0.242ns
  Clock Uncertainty:      0.035ns  ((TSJ^2 + TIJ^2)^1/2 + DJ) / 2 + PE
    Total System Jitter     (TSJ):    0.071ns
    Total Input Jitter      (TIJ):    0.000ns
    Discrete Jitter          (DJ):    0.000ns
    Phase Error              (PE):    0.000ns

    Location             Delay type                Incr(ns)  Path(ns)    Netlist Resource(s)
  -------------------------------------------------------------------    -------------------
                         (clock CPUCLK rise edge)     0.000     0.000 r  
    D18                                               0.000     0.000 r  CLK (IN)
                         net (fo=0)                   0.000     0.000    CLK
    D18                  IBUF (Prop_ibuf_I_O)         0.954     0.954 r  CLK_IBUF_inst/O
                         net (fo=1, routed)           1.972     2.925    CLK_IBUF
    BUFGCTRL_X0Y16       BUFG (Prop_bufg_I_O)         0.096     3.021 r  CLK_IBUF_BUFG_inst/O
                         net (fo=71, routed)          1.567     4.589    CLK_IBUF_BUFG
    SLICE_X37Y46         FDCE (Prop_fdce_C_Q)         0.456     5.045 r  CPUCLK_reg/Q
                         net (fo=2, routed)           0.731     5.776    CPUCLK
    BUFGCTRL_X0Y0        BUFG (Prop_bufg_I_O)         0.096     5.872 r  CPUCLK_BUFG_inst/O
                         net (fo=4213, routed)        1.558     7.430    CPU/DP/PC/CPUCLK_BUFG
    SLICE_X54Y29         FDCE                                         r  CPU/DP/PC/pcif\\.PC_reg[10]/C
  -------------------------------------------------------------------    -------------------
    SLICE_X54Y29         FDCE (Prop_fdce_C_Q)         0.518     7.948 r  CPU/DP/PC/pcif\\.PC_reg[10]/Q
                         net (fo=20, routed)          0.888     8.836    CPU/CM/DCACHE/addr_reg[31]_0[10]
    SLICE_X54Y34         LUT6 (Prop_lut6_I4_O)        0.124     8.960 r  CPU/CM/DCACHE/addr[10]_i_1/O
                         net (fo=19, routed)          0.764     9.725    RAM/D[10]
    SLICE_X55Y31         LUT6 (Prop_lut6_I4_O)        0.124     9.849 r  RAM/rstate3_carry_i_1/O
                         net (fo=1, routed)           0.000     9.849    RAM/rstate3_carry_i_1_n_0
    SLICE_X55Y31         CARRY4 (Prop_carry4_S[3]_CO[3])
                                                      0.401    10.250 r  RAM/rstate3_carry/CO[3]
                         net (fo=1, routed)           0.000    10.250    RAM/rstate3_carry_n_0
    SLICE_X55Y32         CARRY4 (Prop_carry4_CI_CO[3])
                                                      0.114    10.364 r  RAM/rstate3_carry__0/CO[3]
                         net (fo=1, routed)           0.000    10.364    RAM/rstate3_carry__0_n_0
    SLICE_X55Y33         CARRY4 (Prop_carry4_CI_CO[2])
                                                      0.228    10.592 r  RAM/rstate3_carry__1/CO[2]
                         net (fo=5, routed)           0.663    11.255    RAM/rstate3
    SLICE_X52Y33         LUT5 (Prop_lut5_I3_O)        0.313    11.568 r  RAM/mem_reg_0_i_6/O
                         net (fo=14, routed)          0.788    12.356    CPU/CM/DCACHE/mem_reg_0_1
    SLICE_X49Y40         LUT5 (Prop_lut5_I4_O)        0.124    12.480 r  CPU/CM/DCACHE/mem_reg_2_i_3/O
                         net (fo=1, routed)           0.643    13.122    RAM/mem_reg_2_0[0]
    RAMB36_X1Y8          RAMB36E1                                     r  RAM/mem_reg_2/WEA[0]
  -------------------------------------------------------------------    -------------------

                         (clock MAIN rise edge)       5.000     5.000 r  
    D18                                               0.000     5.000 r  CLK (IN)
                         net (fo=0)                   0.000     5.000    CLK
    D18                  IBUF (Prop_ibuf_I_O)         0.820     5.820 r  CLK_IBUF_inst/O
                         net (fo=1, routed)           1.868     7.688    CLK_IBUF
    BUFGCTRL_X0Y16       BUFG (Prop_bufg_I_O)         0.091     7.779 r  CLK_IBUF_BUFG_inst/O
                         net (fo=71, routed)          1.497     9.276    RAM/CLK
    RAMB36_X1Y8          RAMB36E1                                     r  RAM/mem_reg_2/CLKARDCLK
                         clock pessimism              0.242     9.518    
                         clock uncertainty           -0.035     9.483    
    RAMB36_X1Y8          RAMB36E1 (Setup_ramb36e1_CLKARDCLK_WEA[0])
                                                     -0.532     8.951    RAM/mem_reg_2
  -------------------------------------------------------------------
                         required time                          8.951    
                         arrival time                         -13.122    
  -------------------------------------------------------------------
                         slack                                 -4.171    

Slack (VIOLATED) :        -4.171ns  (required time - arrival time)
  Source:                 CPU/DP/PC/pcif\\.PC_reg[10]/C
                            (rising edge-triggered cell FDCE clocked by CPUCLK  {rise@0.000ns fall@5.000ns period=10.000ns})
  Destination:            RAM/mem_reg_2/WEA[0]
                            (rising edge-triggered cell RAMB36E1 clocked by MAIN  {rise@0.000ns fall@2.500ns period=5.000ns})
  Path Group:             MAIN
  Path Type:              Setup (Max at Slow Process Corner)
  Requirement:            5.000ns  (MAIN rise@5.000ns - CPUCLK rise@0.000ns)
  Data Path Delay:        5.692ns  (logic 1.946ns (34.187%)  route 3.746ns (65.813%))
  Logic Levels:           7  (CARRY4=3 LUT5=2 LUT6=2)
  Clock Path Skew:        -2.912ns (DCD - SCD + CPR)
    Destination Clock Delay (DCD):    4.276ns = ( 9.276 - 5.000 ) 
    Source Clock Delay      (SCD):    7.430ns
    Clock Pessimism Removal (CPR):    0.242ns
  Clock Uncertainty:      0.035ns  ((TSJ^2 + TIJ^2)^1/2 + DJ) / 2 + PE
    Total System Jitter     (TSJ):    0.071ns
    Total Input Jitter      (TIJ):    0.000ns
    Discrete Jitter          (DJ):    0.000ns
    Phase Error              (PE):    0.000ns

    Location             Delay type                Incr(ns)  Path(ns)    Netlist Resource(s)
  -------------------------------------------------------------------    -------------------
                         (clock CPUCLK rise edge)     0.000     0.000 r  
    D18                                               0.000     0.000 r  CLK (IN)
                         net (fo=0)                   0.000     0.000    CLK
    D18                  IBUF (Prop_ibuf_I_O)         0.954     0.954 r  CLK_IBUF_inst/O
                         net (fo=1, routed)           1.972     2.925    CLK_IBUF
    BUFGCTRL_X0Y16       BUFG (Prop_bufg_I_O)         0.096     3.021 r  CLK_IBUF_BUFG_inst/O
                         net (fo=71, routed)          1.567     4.589    CLK_IBUF_BUFG
    SLICE_X37Y46         FDCE (Prop_fdce_C_Q)         0.456     5.045 r  CPUCLK_reg/Q
                         net (fo=2, routed)           0.731     5.776    CPUCLK
    BUFGCTRL_X0Y0        BUFG (Prop_bufg_I_O)         0.096     5.872 r  CPUCLK_BUFG_inst/O
                         net (fo=4213, routed)        1.558     7.430    CPU/DP/PC/CPUCLK_BUFG
    SLICE_X54Y29         FDCE                                         r  CPU/DP/PC/pcif\\.PC_reg[10]/C
  -------------------------------------------------------------------    -------------------
    SLICE_X54Y29         FDCE (Prop_fdce_C_Q)         0.518     7.948 r  CPU/DP/PC/pcif\\.PC_reg[10]/Q
                         net (fo=20, routed)          0.888     8.836    CPU/CM/DCACHE/addr_reg[31]_0[10]
    SLICE_X54Y34         LUT6 (Prop_lut6_I4_O)        0.124     8.960 r  CPU/CM/DCACHE/addr[10]_i_1/O
                         net (fo=19, routed)          0.764     9.725    RAM/D[10]
    SLICE_X55Y31         LUT6 (Prop_lut6_I4_O)        0.124     9.849 f  RAM/rstate3_carry_i_1/O
                         net (fo=1, routed)           0.000     9.849    RAM/rstate3_carry_i_1_n_0
    SLICE_X55Y31         CARRY4 (Prop_carry4_S[3]_CO[3])
                                                      0.401    10.250 r  RAM/rstate3_carry/CO[3]
                         net (fo=1, routed)           0.000    10.250    RAM/rstate3_carry_n_0
    SLICE_X55Y32         CARRY4 (Prop_carry4_CI_CO[3])
                                                      0.114    10.364 r  RAM/rstate3_carry__0/CO[3]
                         net (fo=1, routed)           0.000    10.364    RAM/rstate3_carry__0_n_0
    SLICE_X55Y33         CARRY4 (Prop_carry4_CI_CO[2])
                                                      0.228    10.592 r  RAM/rstate3_carry__1/CO[2]
                         net (fo=5, routed)           0.663    11.255    RAM/rstate3
    SLICE_X52Y33         LUT5 (Prop_lut5_I3_O)        0.313    11.568 r  RAM/mem_reg_0_i_6/O
                         net (fo=14, routed)          0.788    12.356    CPU/CM/DCACHE/mem_reg_0_1
    SLICE_X49Y40         LUT5 (Prop_lut5_I4_O)        0.124    12.480 r  CPU/CM/DCACHE/mem_reg_2_i_3/O
                         net (fo=1, routed)           0.643    13.122    RAM/mem_reg_2_0[0]
    RAMB36_X1Y8          RAMB36E1                                     r  RAM/mem_reg_2/WEA[0]
  -------------------------------------------------------------------    -------------------

                         (clock MAIN rise edge)       5.000     5.000 r  
    D18                                               0.000     5.000 r  CLK (IN)
                         net (fo=0)                   0.000     5.000    CLK
    D18                  IBUF (Prop_ibuf_I_O)         0.820     5.820 r  CLK_IBUF_inst/O
                         net (fo=1, routed)           1.868     7.688    CLK_IBUF
    BUFGCTRL_X0Y16       BUFG (Prop_bufg_I_O)         0.091     7.779 r  CLK_IBUF_BUFG_inst/O
                         net (fo=71, routed)          1.497     9.276    RAM/CLK
    RAMB36_X1Y8          RAMB36E1                                     r  RAM/mem_reg_2/CLKARDCLK
                         clock pessimism              0.242     9.518    
                         clock uncertainty           -0.035     9.483    
    RAMB36_X1Y8          RAMB36E1 (Setup_ramb36e1_CLKARDCLK_WEA[0])
                                                     -0.532     8.951    RAM/mem_reg_2
  -------------------------------------------------------------------
                         required time                          8.951    
                         arrival time                         -13.122    
  -------------------------------------------------------------------
                         slack                                 -4.171    




