reg__39: 
logic__68: 
logic__157: 
reg__53: 
reg__76: 
logic__81: 
case__54: 
logic__3: 
reg__66: 
logic__130: 
reg__6: 
reg__77: 
logic__161: 
reg__45: 
logic__133: 
reg__57: 
reg__72: 
ram: 
logic__156: 
memory_control: 
case__72: 
reg__37: 
logic__171: 
reg__73: 
logic__21: 
logic__177: 
pipeline: 
datapath__24: 
reg__56: 
datapath__20: 
logic__83: 
logic__41: 
system: 
logic__33: 
logic__100: 
logic__101: 
reg__11: 
logic__158: 
muxpart__10: 
logic__122: 
case__4: 
reg__18: 
reg__52: 
reg__26: 
logic: 
case__3: 
reg__41: 
reg__44: 
caches: 
muxpart__2: 
reg__15: 
reg: 
pc: 
reg__50: 
reg__22: 
reg__1: 
logic__111: 
logic__151: 
reg__30: 
logic__86: 
case__73: 
reg__35: 
reg__69: 
case__58: 
logic__97: 
case__56: 
hazard_unit: 
reg__83: 
case__38: 
case__63: 
case__68: 
logic__75: 
reg__32: 
case__48: 
case__45: 
logic__125: 
datapath__11: 
muxpart__13: 
logic__4: 
logic__74: 
reg__5: 
reg__82: 
case: 
case__1: 
datapath__1: 
logic__52: 
case__61: 
logic__79: 
logic__148: 
datapath__9: 
reg__9: 
muxpart__16: 
logic__146: 
case__50: 
logic__129: 
datapath__6: 
logic__94: 
reg__74: 
request_unit: 
case__74: 
logic__67: 
datapath__2: 
logic__131: 
case__27: 
logic__61: 
case__6: 
logic__120: 
case__71: 
logic__95: 
case__77: 
logic__85: 
muxpart__8: 
logic__39: 
logic__57: 
reg__10: 
case__70: 
logic__62: 
case__79: 
reg__70: 
ex_mem: 
case__24: 
logic__98: 
datapath__25: 
logic__169: 
reg__14: 
reg__17: 
case__10: 
reg__21: 
reg__25: 
logic__170: 
logic__26: 
logic__117: 
reg__80: 
logic__166: 
reg__29: 
reg__43: 
case__19: 
logic__124: 
reg__59: 
case__44: 
datapath__7: 
logic__35: 
case__5: 
muxpart: 
reg__84: 
reg__65: 
reg__54: 
reg__60: 
reg__71: 
logic__102: 
logic__126: 
logic__90: 
case__64: 
case__78: 
logic__123: 
reg__2: 
case__15: 
case__55: 
case__11: 
logic__37: 
reg__51: 
datapath__14: 
logic__55: 
logic__109: 
reg__55: 
case__21: 
case__62: 
logic__80: 
case__47: 
datapath__15: 
reg__4: 
logic__59: 
reg__8: 
if_id: 
case__46: 
logic__104: 
mem_wb: 
datapath__19: 
logic__96: 
muxpart__1: 
case__22: 
logic__76: 
logic__73: 
reg__42: 
logic__16: 
muxpart__5: 
logic__31: 
case__25: 
datapath__3: 
reg__63: 
case__43: 
reg__68: 
logic__128: 
logic__132: 
case__17: 
reg__81: 
logic__70: 
logic__103: 
case__12: 
logic__121: 
reg__48: 
logic__137: 
logic__58: 
id_ex: 
logic__82: 
muxpart__14: 
case__2: 
reg__13: 
logic__155: 
reg__20: 
case__34: 
logic__45: 
logic__127: 
logic__60: 
reg__36: 
logic__91: 
reg__28: 
muxpart__15: 
case__7: 
datapath__16: 
reg__24: 
reg__67: 
datapath__21: 
logic__118: 
datapath__8: 
logic__119: 
case__37: 
register_file: 
case__9: 
case__59: 
datapath: 
logic__110: 
reg__40: 
case__65: 
datapath__22: 
logic__140: 
case__52: 
case__23: 
logic__165: 
case__53: 
muxpart__4: 
reg__34: 
control_unit: 
reg__38: 
datapath__12: 
reg__79: 
reg__3: 
case__30: 
reg__7: 
reg__47: 
case__32: 
muxpart__17: 
case__69: 
case__18: 
case__28: 
datapath__4: 
logic__78: 
reg__58: 
case__41: 
logic__93: 
case__16: 
case__57: 
case__14: 
datapath__18: 
reg__64: 
case__51: 
reg__61: 
logic__72: 
muxpart__3: 
case__67: 
muxpart__7: 
datapath__10: 
case__20: 
reg__62: 
reg__12: 
reg__19: 
muxpart__6: 
logic__84: 
case__76: 
reg__49: 
logic__92: 
logic__69: 
case__13: 
reg__27: 
extram: 
reg__46: 
forwarding_unit: 
logic__71: 
alu: 
reg__16: 
logic__89: 
case__49: 
reg__23: 
reg__31: 
case__26: 
logic__88: 
datapath__23: 
case__42: 
logic__99: 
logic__114: 
reg__78: 
logic__77: 
muxpart__11: 
case__60: 
datapath__5: 
case__35: 
case__33: 
case__29: 
case__66: 
case__8: 
logic__12: 
case__31: 
datapath__17: 
logic__87: 
reg__33: 
case__75: 
datapath__13: 
case__36: 
logic__9: 
reg__75: 
