
*** Running vivado
    with args -log system.vds -m64 -product Vivado -mode batch -messageDb vivado.pb -notrace -source system.tcl


****** Vivado v2023.2 (64-bit)
  **** SW Build 4029153 on Fri Oct 13 20:13:54 MDT 2023
  **** IP Build 4028589 on Sat Oct 14 00:45:43 MDT 2023
  **** SharedData Build 4025554 on Tue Oct 10 17:18:54 MDT 2023
    ** Copyright 1986-2022 Xilinx, Inc. All Rights Reserved.
    ** Copyright 2022-2023 Advanced Micro Devices, Inc. All Rights Reserved.

source system.tcl -notrace
create_project: Time (s): cpu = 00:00:05 ; elapsed = 00:00:05 . Memory (MB): peak = 1569.652 ; gain = 51.867 ; free physical = 51236 ; free virtual = 185833
Command: synth_design -top system -part xc7s50csga324-1 -directive RuntimeOptimized
Starting synth_design
Attempting to get a license for feature 'Synthesis' and/or device 'xc7s50'
INFO: [Common 17-349] Got license for feature 'Synthesis' and/or device 'xc7s50'
INFO: [Device 21-403] Loading part xc7s50csga324-1
INFO: [Synth 8-7079] Multithreading enabled for synth_design using a maximum of 4 processes.
INFO: [Synth 8-7078] Launching helper process for spawning children vivado processes
INFO: [Synth 8-7075] Helper process launched with PID 443674
---------------------------------------------------------------------------------
Starting RTL Elaboration : Time (s): cpu = 00:00:03 ; elapsed = 00:00:03 . Memory (MB): peak = 2306.363 ; gain = 406.598 ; free physical = 50216 ; free virtual = 184832
---------------------------------------------------------------------------------
WARNING: [Synth 8-11067] parameter 'WORD_W' declared inside package 'cpu_types_pkg' shall be treated as localparam [/home/ecegridfs/a/437mg108/ece437/pipelinePartner/processors-team/include/cpu_types_pkg.vh:22]
WARNING: [Synth 8-11067] parameter 'WBYTES' declared inside package 'cpu_types_pkg' shall be treated as localparam [/home/ecegridfs/a/437mg108/ece437/pipelinePartner/processors-team/include/cpu_types_pkg.vh:23]
WARNING: [Synth 8-11067] parameter 'OP_W' declared inside package 'cpu_types_pkg' shall be treated as localparam [/home/ecegridfs/a/437mg108/ece437/pipelinePartner/processors-team/include/cpu_types_pkg.vh:26]
WARNING: [Synth 8-11067] parameter 'REG_W' declared inside package 'cpu_types_pkg' shall be treated as localparam [/home/ecegridfs/a/437mg108/ece437/pipelinePartner/processors-team/include/cpu_types_pkg.vh:28]
WARNING: [Synth 8-11067] parameter 'FUNC7_W' declared inside package 'cpu_types_pkg' shall be treated as localparam [/home/ecegridfs/a/437mg108/ece437/pipelinePartner/processors-team/include/cpu_types_pkg.vh:29]
WARNING: [Synth 8-11067] parameter 'FUNC3_W' declared inside package 'cpu_types_pkg' shall be treated as localparam [/home/ecegridfs/a/437mg108/ece437/pipelinePartner/processors-team/include/cpu_types_pkg.vh:30]
WARNING: [Synth 8-11067] parameter 'IMM_W_I' declared inside package 'cpu_types_pkg' shall be treated as localparam [/home/ecegridfs/a/437mg108/ece437/pipelinePartner/processors-team/include/cpu_types_pkg.vh:31]
WARNING: [Synth 8-11067] parameter 'IMM_W_U_J' declared inside package 'cpu_types_pkg' shall be treated as localparam [/home/ecegridfs/a/437mg108/ece437/pipelinePartner/processors-team/include/cpu_types_pkg.vh:32]
WARNING: [Synth 8-11067] parameter 'AOP_W' declared inside package 'cpu_types_pkg' shall be treated as localparam [/home/ecegridfs/a/437mg108/ece437/pipelinePartner/processors-team/include/cpu_types_pkg.vh:35]
WARNING: [Synth 8-11067] parameter 'ITAG_W' declared inside package 'cpu_types_pkg' shall be treated as localparam [/home/ecegridfs/a/437mg108/ece437/pipelinePartner/processors-team/include/cpu_types_pkg.vh:38]
WARNING: [Synth 8-11067] parameter 'IIDX_W' declared inside package 'cpu_types_pkg' shall be treated as localparam [/home/ecegridfs/a/437mg108/ece437/pipelinePartner/processors-team/include/cpu_types_pkg.vh:39]
WARNING: [Synth 8-11067] parameter 'IBLK_W' declared inside package 'cpu_types_pkg' shall be treated as localparam [/home/ecegridfs/a/437mg108/ece437/pipelinePartner/processors-team/include/cpu_types_pkg.vh:40]
WARNING: [Synth 8-11067] parameter 'IBYT_W' declared inside package 'cpu_types_pkg' shall be treated as localparam [/home/ecegridfs/a/437mg108/ece437/pipelinePartner/processors-team/include/cpu_types_pkg.vh:41]
WARNING: [Synth 8-11067] parameter 'DTAG_W' declared inside package 'cpu_types_pkg' shall be treated as localparam [/home/ecegridfs/a/437mg108/ece437/pipelinePartner/processors-team/include/cpu_types_pkg.vh:44]
WARNING: [Synth 8-11067] parameter 'DIDX_W' declared inside package 'cpu_types_pkg' shall be treated as localparam [/home/ecegridfs/a/437mg108/ece437/pipelinePartner/processors-team/include/cpu_types_pkg.vh:45]
WARNING: [Synth 8-11067] parameter 'DBLK_W' declared inside package 'cpu_types_pkg' shall be treated as localparam [/home/ecegridfs/a/437mg108/ece437/pipelinePartner/processors-team/include/cpu_types_pkg.vh:46]
WARNING: [Synth 8-11067] parameter 'DBYT_W' declared inside package 'cpu_types_pkg' shall be treated as localparam [/home/ecegridfs/a/437mg108/ece437/pipelinePartner/processors-team/include/cpu_types_pkg.vh:47]
WARNING: [Synth 8-11067] parameter 'DWAY_ASS' declared inside package 'cpu_types_pkg' shall be treated as localparam [/home/ecegridfs/a/437mg108/ece437/pipelinePartner/processors-team/include/cpu_types_pkg.vh:48]
INFO: [Synth 8-6157] synthesizing module 'system' [/home/ecegridfs/a/437mg108/ece437/pipelinePartner/processors-team/source/system.sv:17]
INFO: [Synth 8-6157] synthesizing module 'system_if' [/home/ecegridfs/a/437mg108/ece437/pipelinePartner/processors-team/include/system_if.vh:13]
INFO: [Synth 8-6155] done synthesizing module 'system_if' (0#1) [/home/ecegridfs/a/437mg108/ece437/pipelinePartner/processors-team/include/system_if.vh:13]
INFO: [Synth 8-6157] synthesizing module 'system_if' [/home/ecegridfs/a/437mg108/ece437/pipelinePartner/processors-team/include/system_if.vh:13]
INFO: [Synth 8-6155] done synthesizing module 'system_if' (0#1) [/home/ecegridfs/a/437mg108/ece437/pipelinePartner/processors-team/include/system_if.vh:13]
INFO: [Synth 8-6157] synthesizing module 'cpu_ram_if' [/home/ecegridfs/a/437mg108/ece437/pipelinePartner/processors-team/include/cpu_ram_if.vh:14]
INFO: [Synth 8-6155] done synthesizing module 'cpu_ram_if' (0#1) [/home/ecegridfs/a/437mg108/ece437/pipelinePartner/processors-team/include/cpu_ram_if.vh:14]
INFO: [Synth 8-6157] synthesizing module 'multicore' [/home/ecegridfs/a/437mg108/ece437/pipelinePartner/processors-team/source/multicore.sv:10]
	Parameter PC0 bound to: 0 - type: integer 
	Parameter PC1 bound to: 512 - type: integer 
INFO: [Synth 8-6157] synthesizing module 'datapath_cache_if' [/home/ecegridfs/a/437mg108/ece437/pipelinePartner/processors-team/include/datapath_cache_if.vh:13]
INFO: [Synth 8-6155] done synthesizing module 'datapath_cache_if' (0#1) [/home/ecegridfs/a/437mg108/ece437/pipelinePartner/processors-team/include/datapath_cache_if.vh:13]
INFO: [Synth 8-6157] synthesizing module 'datapath_cache_if' [/home/ecegridfs/a/437mg108/ece437/pipelinePartner/processors-team/include/datapath_cache_if.vh:13]
INFO: [Synth 8-6155] done synthesizing module 'datapath_cache_if' (0#1) [/home/ecegridfs/a/437mg108/ece437/pipelinePartner/processors-team/include/datapath_cache_if.vh:13]
INFO: [Synth 8-6157] synthesizing module 'caches_if' [/home/ecegridfs/a/437mg108/ece437/pipelinePartner/processors-team/include/caches_if.vh:18]
INFO: [Synth 8-6155] done synthesizing module 'caches_if' (0#1) [/home/ecegridfs/a/437mg108/ece437/pipelinePartner/processors-team/include/caches_if.vh:18]
INFO: [Synth 8-6157] synthesizing module 'caches_if' [/home/ecegridfs/a/437mg108/ece437/pipelinePartner/processors-team/include/caches_if.vh:18]
INFO: [Synth 8-6155] done synthesizing module 'caches_if' (0#1) [/home/ecegridfs/a/437mg108/ece437/pipelinePartner/processors-team/include/caches_if.vh:18]
INFO: [Synth 8-6157] synthesizing module 'cache_control_if' [/home/ecegridfs/a/437mg108/ece437/pipelinePartner/processors-team/include/cache_control_if.vh:25]
	Parameter CPUS bound to: 2 - type: integer 
WARNING: [Synth 8-330] inout connections inferred for interface port 'caches_if' with no modport [/home/ecegridfs/a/437mg108/ece437/pipelinePartner/processors-team/source/multicore.sv:25]
WARNING: [Synth 8-330] inout connections inferred for interface port 'caches_if' with no modport [/home/ecegridfs/a/437mg108/ece437/pipelinePartner/processors-team/source/multicore.sv:25]
INFO: [Synth 8-6155] done synthesizing module 'cache_control_if' (0#1) [/home/ecegridfs/a/437mg108/ece437/pipelinePartner/processors-team/include/cache_control_if.vh:25]
INFO: [Synth 8-6157] synthesizing module 'datapath' [/home/ecegridfs/a/437mg108/ece437/pipelinePartner/processors-team/source/datapath.sv:27]
	Parameter PC_INIT bound to: 0 - type: integer 
INFO: [Synth 8-6157] synthesizing module 'control_unit_if' [/home/ecegridfs/a/437mg108/ece437/pipelinePartner/processors-team/include/control_unit_if.vh:7]
INFO: [Synth 8-6155] done synthesizing module 'control_unit_if' (0#1) [/home/ecegridfs/a/437mg108/ece437/pipelinePartner/processors-team/include/control_unit_if.vh:7]
INFO: [Synth 8-6157] synthesizing module 'request_unit_if' [/home/ecegridfs/a/437mg108/ece437/pipelinePartner/processors-team/include/request_unit_if.vh:7]
INFO: [Synth 8-6155] done synthesizing module 'request_unit_if' (0#1) [/home/ecegridfs/a/437mg108/ece437/pipelinePartner/processors-team/include/request_unit_if.vh:7]
INFO: [Synth 8-6157] synthesizing module 'register_file_if' [/home/ecegridfs/a/437mg108/ece437/pipelinePartner/processors-team/include/register_file_if.vh:13]
INFO: [Synth 8-6155] done synthesizing module 'register_file_if' (0#1) [/home/ecegridfs/a/437mg108/ece437/pipelinePartner/processors-team/include/register_file_if.vh:13]
INFO: [Synth 8-6157] synthesizing module 'alu_if' [/home/ecegridfs/a/437mg108/ece437/pipelinePartner/processors-team/include/alu_if.vh:7]
INFO: [Synth 8-6155] done synthesizing module 'alu_if' (0#1) [/home/ecegridfs/a/437mg108/ece437/pipelinePartner/processors-team/include/alu_if.vh:7]
INFO: [Synth 8-6157] synthesizing module 'pc_if' [/home/ecegridfs/a/437mg108/ece437/pipelinePartner/processors-team/include/pc_if.vh:7]
INFO: [Synth 8-6155] done synthesizing module 'pc_if' (0#1) [/home/ecegridfs/a/437mg108/ece437/pipelinePartner/processors-team/include/pc_if.vh:7]
INFO: [Synth 8-6157] synthesizing module 'if_id_if' [/home/ecegridfs/a/437mg108/ece437/pipelinePartner/processors-team/include/if_id_if.vh:7]
INFO: [Synth 8-6155] done synthesizing module 'if_id_if' (0#1) [/home/ecegridfs/a/437mg108/ece437/pipelinePartner/processors-team/include/if_id_if.vh:7]
INFO: [Synth 8-6157] synthesizing module 'id_ex_if' [/home/ecegridfs/a/437mg108/ece437/pipelinePartner/processors-team/include/id_ex_if.vh:7]
INFO: [Synth 8-6155] done synthesizing module 'id_ex_if' (0#1) [/home/ecegridfs/a/437mg108/ece437/pipelinePartner/processors-team/include/id_ex_if.vh:7]
INFO: [Synth 8-6157] synthesizing module 'ex_mem_if' [/home/ecegridfs/a/437mg108/ece437/pipelinePartner/processors-team/include/ex_mem_if.vh:7]
INFO: [Synth 8-6155] done synthesizing module 'ex_mem_if' (0#1) [/home/ecegridfs/a/437mg108/ece437/pipelinePartner/processors-team/include/ex_mem_if.vh:7]
INFO: [Synth 8-6157] synthesizing module 'mem_wb_if' [/home/ecegridfs/a/437mg108/ece437/pipelinePartner/processors-team/include/mem_wb_if.vh:7]
INFO: [Synth 8-6155] done synthesizing module 'mem_wb_if' (0#1) [/home/ecegridfs/a/437mg108/ece437/pipelinePartner/processors-team/include/mem_wb_if.vh:7]
INFO: [Synth 8-6157] synthesizing module 'hazard_unit_if' [/home/ecegridfs/a/437mg108/ece437/pipelinePartner/processors-team/include/hazard_unit_if.vh:7]
INFO: [Synth 8-6155] done synthesizing module 'hazard_unit_if' (0#1) [/home/ecegridfs/a/437mg108/ece437/pipelinePartner/processors-team/include/hazard_unit_if.vh:7]
INFO: [Synth 8-6157] synthesizing module 'forwarding_unit_if' [/home/ecegridfs/a/437mg108/ece437/pipelinePartner/processors-team/include/forwarding_unit_if.vh:7]
INFO: [Synth 8-6155] done synthesizing module 'forwarding_unit_if' (0#1) [/home/ecegridfs/a/437mg108/ece437/pipelinePartner/processors-team/include/forwarding_unit_if.vh:7]
INFO: [Synth 8-6157] synthesizing module 'forwarding_unit' [/home/ecegridfs/a/437mg108/ece437/pipelinePartner/processors-team/source/forwarding_unit.sv:5]
INFO: [Synth 8-6155] done synthesizing module 'forwarding_unit' (0#1) [/home/ecegridfs/a/437mg108/ece437/pipelinePartner/processors-team/source/forwarding_unit.sv:5]
INFO: [Synth 8-6157] synthesizing module 'hazard_unit' [/home/ecegridfs/a/437mg108/ece437/pipelinePartner/processors-team/source/hazard_unit.sv:18]
INFO: [Synth 8-6155] done synthesizing module 'hazard_unit' (0#1) [/home/ecegridfs/a/437mg108/ece437/pipelinePartner/processors-team/source/hazard_unit.sv:18]
INFO: [Synth 8-6157] synthesizing module 'control_unit' [/home/ecegridfs/a/437mg108/ece437/pipelinePartner/processors-team/source/control_unit.sv:5]
INFO: [Synth 8-155] case statement is not full and has no default [/home/ecegridfs/a/437mg108/ece437/pipelinePartner/processors-team/source/control_unit.sv:44]
INFO: [Synth 8-155] case statement is not full and has no default [/home/ecegridfs/a/437mg108/ece437/pipelinePartner/processors-team/source/control_unit.sv:106]
INFO: [Synth 8-155] case statement is not full and has no default [/home/ecegridfs/a/437mg108/ece437/pipelinePartner/processors-team/source/control_unit.sv:40]
INFO: [Synth 8-6155] done synthesizing module 'control_unit' (0#1) [/home/ecegridfs/a/437mg108/ece437/pipelinePartner/processors-team/source/control_unit.sv:5]
INFO: [Synth 8-6157] synthesizing module 'request_unit' [/home/ecegridfs/a/437mg108/ece437/pipelinePartner/processors-team/source/request_unit.sv:4]
INFO: [Synth 8-6155] done synthesizing module 'request_unit' (0#1) [/home/ecegridfs/a/437mg108/ece437/pipelinePartner/processors-team/source/request_unit.sv:4]
INFO: [Synth 8-6157] synthesizing module 'register_file' [/home/ecegridfs/a/437mg108/ece437/pipelinePartner/processors-team/source/register_file.sv:4]
INFO: [Synth 8-6155] done synthesizing module 'register_file' (0#1) [/home/ecegridfs/a/437mg108/ece437/pipelinePartner/processors-team/source/register_file.sv:4]
INFO: [Synth 8-6157] synthesizing module 'alu' [/home/ecegridfs/a/437mg108/ece437/pipelinePartner/processors-team/source/alu.sv:4]
INFO: [Synth 8-6155] done synthesizing module 'alu' (0#1) [/home/ecegridfs/a/437mg108/ece437/pipelinePartner/processors-team/source/alu.sv:4]
INFO: [Synth 8-6157] synthesizing module 'pc' [/home/ecegridfs/a/437mg108/ece437/pipelinePartner/processors-team/source/pc.sv:4]
INFO: [Synth 8-6155] done synthesizing module 'pc' (0#1) [/home/ecegridfs/a/437mg108/ece437/pipelinePartner/processors-team/source/pc.sv:4]
INFO: [Synth 8-6157] synthesizing module 'if_id' [/home/ecegridfs/a/437mg108/ece437/pipelinePartner/processors-team/source/if_id.sv:8]
INFO: [Synth 8-6155] done synthesizing module 'if_id' (0#1) [/home/ecegridfs/a/437mg108/ece437/pipelinePartner/processors-team/source/if_id.sv:8]
INFO: [Synth 8-6157] synthesizing module 'id_ex' [/home/ecegridfs/a/437mg108/ece437/pipelinePartner/processors-team/source/id_ex.sv:4]
INFO: [Synth 8-6155] done synthesizing module 'id_ex' (0#1) [/home/ecegridfs/a/437mg108/ece437/pipelinePartner/processors-team/source/id_ex.sv:4]
INFO: [Synth 8-6157] synthesizing module 'ex_mem' [/home/ecegridfs/a/437mg108/ece437/pipelinePartner/processors-team/source/ex_mem.sv:4]
INFO: [Synth 8-6155] done synthesizing module 'ex_mem' (0#1) [/home/ecegridfs/a/437mg108/ece437/pipelinePartner/processors-team/source/ex_mem.sv:4]
INFO: [Synth 8-6157] synthesizing module 'mem_wb' [/home/ecegridfs/a/437mg108/ece437/pipelinePartner/processors-team/source/mem_wb.sv:4]
INFO: [Synth 8-6155] done synthesizing module 'mem_wb' (0#1) [/home/ecegridfs/a/437mg108/ece437/pipelinePartner/processors-team/source/mem_wb.sv:4]
INFO: [Synth 8-155] case statement is not full and has no default [/home/ecegridfs/a/437mg108/ece437/pipelinePartner/processors-team/source/datapath.sv:125]
INFO: [Synth 8-155] case statement is not full and has no default [/home/ecegridfs/a/437mg108/ece437/pipelinePartner/processors-team/source/datapath.sv:134]
INFO: [Synth 8-6155] done synthesizing module 'datapath' (0#1) [/home/ecegridfs/a/437mg108/ece437/pipelinePartner/processors-team/source/datapath.sv:27]
INFO: [Synth 8-6157] synthesizing module 'datapath__parameterized0' [/home/ecegridfs/a/437mg108/ece437/pipelinePartner/processors-team/source/datapath.sv:27]
	Parameter PC_INIT bound to: 512 - type: integer 
INFO: [Synth 8-6157] synthesizing module 'control_unit_if' [/home/ecegridfs/a/437mg108/ece437/pipelinePartner/processors-team/include/control_unit_if.vh:7]
INFO: [Synth 8-6155] done synthesizing module 'control_unit_if' (0#1) [/home/ecegridfs/a/437mg108/ece437/pipelinePartner/processors-team/include/control_unit_if.vh:7]
INFO: [Synth 8-6157] synthesizing module 'request_unit_if' [/home/ecegridfs/a/437mg108/ece437/pipelinePartner/processors-team/include/request_unit_if.vh:7]
INFO: [Synth 8-6155] done synthesizing module 'request_unit_if' (0#1) [/home/ecegridfs/a/437mg108/ece437/pipelinePartner/processors-team/include/request_unit_if.vh:7]
INFO: [Synth 8-6157] synthesizing module 'register_file_if' [/home/ecegridfs/a/437mg108/ece437/pipelinePartner/processors-team/include/register_file_if.vh:13]
INFO: [Synth 8-6155] done synthesizing module 'register_file_if' (0#1) [/home/ecegridfs/a/437mg108/ece437/pipelinePartner/processors-team/include/register_file_if.vh:13]
INFO: [Synth 8-6157] synthesizing module 'alu_if' [/home/ecegridfs/a/437mg108/ece437/pipelinePartner/processors-team/include/alu_if.vh:7]
INFO: [Synth 8-6155] done synthesizing module 'alu_if' (0#1) [/home/ecegridfs/a/437mg108/ece437/pipelinePartner/processors-team/include/alu_if.vh:7]
INFO: [Synth 8-6157] synthesizing module 'pc_if' [/home/ecegridfs/a/437mg108/ece437/pipelinePartner/processors-team/include/pc_if.vh:7]
INFO: [Synth 8-6155] done synthesizing module 'pc_if' (0#1) [/home/ecegridfs/a/437mg108/ece437/pipelinePartner/processors-team/include/pc_if.vh:7]
INFO: [Synth 8-6157] synthesizing module 'if_id_if' [/home/ecegridfs/a/437mg108/ece437/pipelinePartner/processors-team/include/if_id_if.vh:7]
INFO: [Synth 8-6155] done synthesizing module 'if_id_if' (0#1) [/home/ecegridfs/a/437mg108/ece437/pipelinePartner/processors-team/include/if_id_if.vh:7]
INFO: [Synth 8-6157] synthesizing module 'id_ex_if' [/home/ecegridfs/a/437mg108/ece437/pipelinePartner/processors-team/include/id_ex_if.vh:7]
INFO: [Synth 8-6155] done synthesizing module 'id_ex_if' (0#1) [/home/ecegridfs/a/437mg108/ece437/pipelinePartner/processors-team/include/id_ex_if.vh:7]
INFO: [Synth 8-6157] synthesizing module 'ex_mem_if' [/home/ecegridfs/a/437mg108/ece437/pipelinePartner/processors-team/include/ex_mem_if.vh:7]
INFO: [Synth 8-6155] done synthesizing module 'ex_mem_if' (0#1) [/home/ecegridfs/a/437mg108/ece437/pipelinePartner/processors-team/include/ex_mem_if.vh:7]
INFO: [Synth 8-6157] synthesizing module 'mem_wb_if' [/home/ecegridfs/a/437mg108/ece437/pipelinePartner/processors-team/include/mem_wb_if.vh:7]
INFO: [Synth 8-6155] done synthesizing module 'mem_wb_if' (0#1) [/home/ecegridfs/a/437mg108/ece437/pipelinePartner/processors-team/include/mem_wb_if.vh:7]
INFO: [Synth 8-6157] synthesizing module 'hazard_unit_if' [/home/ecegridfs/a/437mg108/ece437/pipelinePartner/processors-team/include/hazard_unit_if.vh:7]
INFO: [Synth 8-6155] done synthesizing module 'hazard_unit_if' (0#1) [/home/ecegridfs/a/437mg108/ece437/pipelinePartner/processors-team/include/hazard_unit_if.vh:7]
INFO: [Synth 8-6157] synthesizing module 'forwarding_unit_if' [/home/ecegridfs/a/437mg108/ece437/pipelinePartner/processors-team/include/forwarding_unit_if.vh:7]
INFO: [Synth 8-6155] done synthesizing module 'forwarding_unit_if' (0#1) [/home/ecegridfs/a/437mg108/ece437/pipelinePartner/processors-team/include/forwarding_unit_if.vh:7]
INFO: [Synth 8-155] case statement is not full and has no default [/home/ecegridfs/a/437mg108/ece437/pipelinePartner/processors-team/source/datapath.sv:125]
INFO: [Synth 8-155] case statement is not full and has no default [/home/ecegridfs/a/437mg108/ece437/pipelinePartner/processors-team/source/datapath.sv:134]
INFO: [Synth 8-6155] done synthesizing module 'datapath__parameterized0' (0#1) [/home/ecegridfs/a/437mg108/ece437/pipelinePartner/processors-team/source/datapath.sv:27]
INFO: [Synth 8-6157] synthesizing module 'caches' [/home/ecegridfs/a/437mg108/ece437/pipelinePartner/processors-team/source/caches.sv:9]
INFO: [Synth 8-6157] synthesizing module 'icache' [/home/ecegridfs/a/437mg108/ece437/pipelinePartner/processors-team/source/icache.sv:5]
INFO: [Synth 8-155] case statement is not full and has no default [/home/ecegridfs/a/437mg108/ece437/pipelinePartner/processors-team/source/icache.sv:37]
INFO: [Synth 8-6155] done synthesizing module 'icache' (0#1) [/home/ecegridfs/a/437mg108/ece437/pipelinePartner/processors-team/source/icache.sv:5]
INFO: [Synth 8-6157] synthesizing module 'dcache' [/home/ecegridfs/a/437mg108/ece437/pipelinePartner/processors-team/source/dcache.sv:22]
INFO: [Synth 8-155] case statement is not full and has no default [/home/ecegridfs/a/437mg108/ece437/pipelinePartner/processors-team/source/dcache.sv:91]
INFO: [Synth 8-155] case statement is not full and has no default [/home/ecegridfs/a/437mg108/ece437/pipelinePartner/processors-team/source/dcache.sv:325]
INFO: [Synth 8-155] case statement is not full and has no default [/home/ecegridfs/a/437mg108/ece437/pipelinePartner/processors-team/source/dcache.sv:362]
INFO: [Synth 8-6155] done synthesizing module 'dcache' (0#1) [/home/ecegridfs/a/437mg108/ece437/pipelinePartner/processors-team/source/dcache.sv:22]
INFO: [Synth 8-6155] done synthesizing module 'caches' (0#1) [/home/ecegridfs/a/437mg108/ece437/pipelinePartner/processors-team/source/caches.sv:9]
INFO: [Synth 8-6157] synthesizing module 'caches__parameterized0' [/home/ecegridfs/a/437mg108/ece437/pipelinePartner/processors-team/source/caches.sv:9]
INFO: [Synth 8-6157] synthesizing module 'icache__parameterized0' [/home/ecegridfs/a/437mg108/ece437/pipelinePartner/processors-team/source/icache.sv:5]
INFO: [Synth 8-155] case statement is not full and has no default [/home/ecegridfs/a/437mg108/ece437/pipelinePartner/processors-team/source/icache.sv:37]
INFO: [Synth 8-6155] done synthesizing module 'icache__parameterized0' (0#1) [/home/ecegridfs/a/437mg108/ece437/pipelinePartner/processors-team/source/icache.sv:5]
INFO: [Synth 8-6157] synthesizing module 'dcache__parameterized0' [/home/ecegridfs/a/437mg108/ece437/pipelinePartner/processors-team/source/dcache.sv:22]
INFO: [Synth 8-155] case statement is not full and has no default [/home/ecegridfs/a/437mg108/ece437/pipelinePartner/processors-team/source/dcache.sv:91]
INFO: [Synth 8-155] case statement is not full and has no default [/home/ecegridfs/a/437mg108/ece437/pipelinePartner/processors-team/source/dcache.sv:325]
INFO: [Synth 8-155] case statement is not full and has no default [/home/ecegridfs/a/437mg108/ece437/pipelinePartner/processors-team/source/dcache.sv:362]
INFO: [Synth 8-6155] done synthesizing module 'dcache__parameterized0' (0#1) [/home/ecegridfs/a/437mg108/ece437/pipelinePartner/processors-team/source/dcache.sv:22]
INFO: [Synth 8-6155] done synthesizing module 'caches__parameterized0' (0#1) [/home/ecegridfs/a/437mg108/ece437/pipelinePartner/processors-team/source/caches.sv:9]
INFO: [Synth 8-6157] synthesizing module 'memory_control' [/home/ecegridfs/a/437mg108/ece437/pipelinePartner/processors-team/source/memory_control.sv:16]
INFO: [Synth 8-155] case statement is not full and has no default [/home/ecegridfs/a/437mg108/ece437/pipelinePartner/processors-team/source/memory_control.sv:67]
INFO: [Synth 8-155] case statement is not full and has no default [/home/ecegridfs/a/437mg108/ece437/pipelinePartner/processors-team/source/memory_control.sv:150]
INFO: [Synth 8-155] case statement is not full and has no default [/home/ecegridfs/a/437mg108/ece437/pipelinePartner/processors-team/source/memory_control.sv:233]
INFO: [Synth 8-6155] done synthesizing module 'memory_control' (0#1) [/home/ecegridfs/a/437mg108/ece437/pipelinePartner/processors-team/source/memory_control.sv:16]
INFO: [Synth 8-6155] done synthesizing module 'multicore' (0#1) [/home/ecegridfs/a/437mg108/ece437/pipelinePartner/processors-team/source/multicore.sv:10]
INFO: [Synth 8-6157] synthesizing module 'ram' [/home/ecegridfs/a/437mg108/ece437/pipelinePartner/processors-team/source/ram.sv:15]
INFO: [Synth 8-3876] $readmem data file 'meminit.mem' is read successfully [/home/ecegridfs/a/437mg108/ece437/pipelinePartner/processors-team/source/ram.sv:61]
INFO: [Synth 8-6155] done synthesizing module 'ram' (0#1) [/home/ecegridfs/a/437mg108/ece437/pipelinePartner/processors-team/source/ram.sv:15]
INFO: [Synth 8-6155] done synthesizing module 'system' (0#1) [/home/ecegridfs/a/437mg108/ece437/pipelinePartner/processors-team/source/system.sv:17]
WARNING: [Synth 8-7137] Register pcif\.PC_reg in module pc has both Set and reset with same priority. This may cause simulation mismatches. Consider rewriting code  [/home/ecegridfs/a/437mg108/ece437/pipelinePartner/processors-team/source/pc.sv:13]
WARNING: [Synth 8-3848] Net exm\.dmemaddr in module/entity ex_mem does not have driver. [/home/ecegridfs/a/437mg108/ece437/pipelinePartner/processors-team/source/ex_mem.sv:6]
WARNING: [Synth 8-3848] Net exm\.branchPCand_out in module/entity ex_mem does not have driver. [/home/ecegridfs/a/437mg108/ece437/pipelinePartner/processors-team/source/ex_mem.sv:6]
WARNING: [Synth 8-3848] Net exm\.branchPCadder_out in module/entity ex_mem does not have driver. [/home/ecegridfs/a/437mg108/ece437/pipelinePartner/processors-team/source/ex_mem.sv:6]
WARNING: [Synth 8-3848] Net exm\.jumpPCsrc_out in module/entity ex_mem does not have driver. [/home/ecegridfs/a/437mg108/ece437/pipelinePartner/processors-team/source/ex_mem.sv:6]
WARNING: [Synth 8-3848] Net exm\.jumpPCadder_out in module/entity ex_mem does not have driver. [/home/ecegridfs/a/437mg108/ece437/pipelinePartner/processors-team/source/ex_mem.sv:6]
WARNING: [Synth 8-3848] Net dpif\.datomic in module/entity datapath does not have driver. [/home/ecegridfs/a/437mg108/ece437/pipelinePartner/processors-team/source/datapath.sv:29]
WARNING: [Synth 8-3848] Net exm\.branchPCand_in in module/entity datapath does not have driver. [/home/ecegridfs/a/437mg108/ece437/pipelinePartner/processors-team/include/ex_mem_if.vh:13]
WARNING: [Synth 8-3848] Net exm\.branchPCadder_in in module/entity datapath does not have driver. [/home/ecegridfs/a/437mg108/ece437/pipelinePartner/processors-team/include/ex_mem_if.vh:13]
WARNING: [Synth 8-3848] Net exm\.jumpPCsrc_in in module/entity datapath does not have driver. [/home/ecegridfs/a/437mg108/ece437/pipelinePartner/processors-team/include/ex_mem_if.vh:13]
WARNING: [Synth 8-3848] Net exm\.jumpPCadder_in in module/entity datapath does not have driver. [/home/ecegridfs/a/437mg108/ece437/pipelinePartner/processors-team/include/ex_mem_if.vh:13]
WARNING: [Synth 8-3848] Net dx\.dhit in module/entity datapath does not have driver. [/home/ecegridfs/a/437mg108/ece437/pipelinePartner/processors-team/include/id_ex_if.vh:14]
WARNING: [Synth 8-3848] Net ruif\.dWEN in module/entity datapath does not have driver. [/home/ecegridfs/a/437mg108/ece437/pipelinePartner/processors-team/include/request_unit_if.vh:11]
WARNING: [Synth 8-3848] Net ruif\.dREN in module/entity datapath does not have driver. [/home/ecegridfs/a/437mg108/ece437/pipelinePartner/processors-team/include/request_unit_if.vh:11]
WARNING: [Synth 8-3848] Net ruif\.dhit in module/entity datapath does not have driver. [/home/ecegridfs/a/437mg108/ece437/pipelinePartner/processors-team/include/request_unit_if.vh:11]
WARNING: [Synth 8-3848] Net ruif\.ihit in module/entity datapath does not have driver. [/home/ecegridfs/a/437mg108/ece437/pipelinePartner/processors-team/include/request_unit_if.vh:11]
WARNING: [Synth 8-3848] Net dpif\.datomic in module/entity datapath__parameterized0 does not have driver. [/home/ecegridfs/a/437mg108/ece437/pipelinePartner/processors-team/source/datapath.sv:29]
WARNING: [Synth 8-3848] Net exm\.branchPCand_in in module/entity datapath__parameterized0 does not have driver. [/home/ecegridfs/a/437mg108/ece437/pipelinePartner/processors-team/include/ex_mem_if.vh:13]
WARNING: [Synth 8-3848] Net exm\.branchPCadder_in in module/entity datapath__parameterized0 does not have driver. [/home/ecegridfs/a/437mg108/ece437/pipelinePartner/processors-team/include/ex_mem_if.vh:13]
WARNING: [Synth 8-3848] Net exm\.jumpPCsrc_in in module/entity datapath__parameterized0 does not have driver. [/home/ecegridfs/a/437mg108/ece437/pipelinePartner/processors-team/include/ex_mem_if.vh:13]
WARNING: [Synth 8-3848] Net exm\.jumpPCadder_in in module/entity datapath__parameterized0 does not have driver. [/home/ecegridfs/a/437mg108/ece437/pipelinePartner/processors-team/include/ex_mem_if.vh:13]
WARNING: [Synth 8-3848] Net dx\.dhit in module/entity datapath__parameterized0 does not have driver. [/home/ecegridfs/a/437mg108/ece437/pipelinePartner/processors-team/include/id_ex_if.vh:14]
WARNING: [Synth 8-3848] Net ruif\.dWEN in module/entity datapath__parameterized0 does not have driver. [/home/ecegridfs/a/437mg108/ece437/pipelinePartner/processors-team/include/request_unit_if.vh:11]
WARNING: [Synth 8-3848] Net ruif\.dREN in module/entity datapath__parameterized0 does not have driver. [/home/ecegridfs/a/437mg108/ece437/pipelinePartner/processors-team/include/request_unit_if.vh:11]
WARNING: [Synth 8-3848] Net ruif\.dhit in module/entity datapath__parameterized0 does not have driver. [/home/ecegridfs/a/437mg108/ece437/pipelinePartner/processors-team/include/request_unit_if.vh:11]
WARNING: [Synth 8-3848] Net ruif\.ihit in module/entity datapath__parameterized0 does not have driver. [/home/ecegridfs/a/437mg108/ece437/pipelinePartner/processors-team/include/request_unit_if.vh:11]
WARNING: [Synth 8-6014] Unused sequential element miss_addr_reg was removed.  [/home/ecegridfs/a/437mg108/ece437/pipelinePartner/processors-team/source/icache.sv:65]
WARNING: [Synth 8-3848] Net dcif\.dhit in module/entity icache does not have driver. [/home/ecegridfs/a/437mg108/ece437/pipelinePartner/processors-team/source/icache.sv:7]
WARNING: [Synth 8-3848] Net dcif\.dmemload in module/entity icache does not have driver. [/home/ecegridfs/a/437mg108/ece437/pipelinePartner/processors-team/source/icache.sv:7]
WARNING: [Synth 8-3848] Net dcif\.flushed in module/entity icache does not have driver. [/home/ecegridfs/a/437mg108/ece437/pipelinePartner/processors-team/source/icache.sv:7]
WARNING: [Synth 8-3848] Net cif\.dREN in module/entity icache does not have driver. [/home/ecegridfs/a/437mg108/ece437/pipelinePartner/processors-team/source/icache.sv:8]
WARNING: [Synth 8-3848] Net cif\.dWEN in module/entity icache does not have driver. [/home/ecegridfs/a/437mg108/ece437/pipelinePartner/processors-team/source/icache.sv:8]
WARNING: [Synth 8-3848] Net cif\.daddr in module/entity icache does not have driver. [/home/ecegridfs/a/437mg108/ece437/pipelinePartner/processors-team/source/icache.sv:8]
WARNING: [Synth 8-3848] Net cif\.dstore in module/entity icache does not have driver. [/home/ecegridfs/a/437mg108/ece437/pipelinePartner/processors-team/source/icache.sv:8]
WARNING: [Synth 8-3848] Net cif\.ccwrite in module/entity icache does not have driver. [/home/ecegridfs/a/437mg108/ece437/pipelinePartner/processors-team/source/icache.sv:8]
WARNING: [Synth 8-3848] Net cif\.cctrans in module/entity icache does not have driver. [/home/ecegridfs/a/437mg108/ece437/pipelinePartner/processors-team/source/icache.sv:8]
WARNING: [Synth 8-87] always_comb on 'snoop_stateReg_reg' did not result in combinational logic [/home/ecegridfs/a/437mg108/ece437/pipelinePartner/processors-team/source/dcache.sv:96]
WARNING: [Synth 8-3848] Net dcif\.ihit in module/entity dcache does not have driver. [/home/ecegridfs/a/437mg108/ece437/pipelinePartner/processors-team/source/dcache.sv:23]
WARNING: [Synth 8-3848] Net dcif\.imemload in module/entity dcache does not have driver. [/home/ecegridfs/a/437mg108/ece437/pipelinePartner/processors-team/source/dcache.sv:23]
WARNING: [Synth 8-3848] Net cif\.iREN in module/entity dcache does not have driver. [/home/ecegridfs/a/437mg108/ece437/pipelinePartner/processors-team/source/dcache.sv:24]
WARNING: [Synth 8-3848] Net cif\.iaddr in module/entity dcache does not have driver. [/home/ecegridfs/a/437mg108/ece437/pipelinePartner/processors-team/source/dcache.sv:24]
WARNING: [Synth 8-6014] Unused sequential element miss_addr_reg was removed.  [/home/ecegridfs/a/437mg108/ece437/pipelinePartner/processors-team/source/icache.sv:65]
WARNING: [Synth 8-3848] Net dcif\.dhit in module/entity icache__parameterized0 does not have driver. [/home/ecegridfs/a/437mg108/ece437/pipelinePartner/processors-team/source/icache.sv:7]
WARNING: [Synth 8-3848] Net dcif\.dmemload in module/entity icache__parameterized0 does not have driver. [/home/ecegridfs/a/437mg108/ece437/pipelinePartner/processors-team/source/icache.sv:7]
WARNING: [Synth 8-3848] Net dcif\.flushed in module/entity icache__parameterized0 does not have driver. [/home/ecegridfs/a/437mg108/ece437/pipelinePartner/processors-team/source/icache.sv:7]
WARNING: [Synth 8-3848] Net cif\.dREN in module/entity icache__parameterized0 does not have driver. [/home/ecegridfs/a/437mg108/ece437/pipelinePartner/processors-team/source/icache.sv:8]
WARNING: [Synth 8-3848] Net cif\.dWEN in module/entity icache__parameterized0 does not have driver. [/home/ecegridfs/a/437mg108/ece437/pipelinePartner/processors-team/source/icache.sv:8]
WARNING: [Synth 8-3848] Net cif\.daddr in module/entity icache__parameterized0 does not have driver. [/home/ecegridfs/a/437mg108/ece437/pipelinePartner/processors-team/source/icache.sv:8]
WARNING: [Synth 8-3848] Net cif\.dstore in module/entity icache__parameterized0 does not have driver. [/home/ecegridfs/a/437mg108/ece437/pipelinePartner/processors-team/source/icache.sv:8]
WARNING: [Synth 8-3848] Net cif\.ccwrite in module/entity icache__parameterized0 does not have driver. [/home/ecegridfs/a/437mg108/ece437/pipelinePartner/processors-team/source/icache.sv:8]
WARNING: [Synth 8-3848] Net cif\.cctrans in module/entity icache__parameterized0 does not have driver. [/home/ecegridfs/a/437mg108/ece437/pipelinePartner/processors-team/source/icache.sv:8]
WARNING: [Synth 8-87] always_comb on 'snoop_stateReg_reg' did not result in combinational logic [/home/ecegridfs/a/437mg108/ece437/pipelinePartner/processors-team/source/dcache.sv:96]
WARNING: [Synth 8-3848] Net dcif\.ihit in module/entity dcache__parameterized0 does not have driver. [/home/ecegridfs/a/437mg108/ece437/pipelinePartner/processors-team/source/dcache.sv:23]
WARNING: [Synth 8-3848] Net dcif\.imemload in module/entity dcache__parameterized0 does not have driver. [/home/ecegridfs/a/437mg108/ece437/pipelinePartner/processors-team/source/dcache.sv:23]
WARNING: [Synth 8-3848] Net cif\.iREN in module/entity dcache__parameterized0 does not have driver. [/home/ecegridfs/a/437mg108/ece437/pipelinePartner/processors-team/source/dcache.sv:24]
WARNING: [Synth 8-3848] Net cif\.iaddr in module/entity dcache__parameterized0 does not have driver. [/home/ecegridfs/a/437mg108/ece437/pipelinePartner/processors-team/source/dcache.sv:24]
WARNING: [Synth 8-7129] Port ramif\.memREN in module ram is either unconnected or has no load
WARNING: [Synth 8-7129] Port ramif\.memWEN in module ram is either unconnected or has no load
WARNING: [Synth 8-7129] Port ramif\.memaddr[31] in module ram is either unconnected or has no load
WARNING: [Synth 8-7129] Port ramif\.memaddr[30] in module ram is either unconnected or has no load
WARNING: [Synth 8-7129] Port ramif\.memaddr[29] in module ram is either unconnected or has no load
WARNING: [Synth 8-7129] Port ramif\.memaddr[28] in module ram is either unconnected or has no load
WARNING: [Synth 8-7129] Port ramif\.memaddr[27] in module ram is either unconnected or has no load
WARNING: [Synth 8-7129] Port ramif\.memaddr[26] in module ram is either unconnected or has no load
WARNING: [Synth 8-7129] Port ramif\.memaddr[25] in module ram is either unconnected or has no load
WARNING: [Synth 8-7129] Port ramif\.memaddr[24] in module ram is either unconnected or has no load
WARNING: [Synth 8-7129] Port ramif\.memaddr[23] in module ram is either unconnected or has no load
WARNING: [Synth 8-7129] Port ramif\.memaddr[22] in module ram is either unconnected or has no load
WARNING: [Synth 8-7129] Port ramif\.memaddr[21] in module ram is either unconnected or has no load
WARNING: [Synth 8-7129] Port ramif\.memaddr[20] in module ram is either unconnected or has no load
WARNING: [Synth 8-7129] Port ramif\.memaddr[19] in module ram is either unconnected or has no load
WARNING: [Synth 8-7129] Port ramif\.memaddr[18] in module ram is either unconnected or has no load
WARNING: [Synth 8-7129] Port ramif\.memaddr[17] in module ram is either unconnected or has no load
WARNING: [Synth 8-7129] Port ramif\.memaddr[16] in module ram is either unconnected or has no load
WARNING: [Synth 8-7129] Port ramif\.memaddr[15] in module ram is either unconnected or has no load
WARNING: [Synth 8-7129] Port ramif\.memaddr[14] in module ram is either unconnected or has no load
WARNING: [Synth 8-7129] Port ramif\.memaddr[13] in module ram is either unconnected or has no load
WARNING: [Synth 8-7129] Port ramif\.memaddr[12] in module ram is either unconnected or has no load
WARNING: [Synth 8-7129] Port ramif\.memaddr[11] in module ram is either unconnected or has no load
WARNING: [Synth 8-7129] Port ramif\.memaddr[10] in module ram is either unconnected or has no load
WARNING: [Synth 8-7129] Port ramif\.memaddr[9] in module ram is either unconnected or has no load
WARNING: [Synth 8-7129] Port ramif\.memaddr[8] in module ram is either unconnected or has no load
WARNING: [Synth 8-7129] Port ramif\.memaddr[7] in module ram is either unconnected or has no load
WARNING: [Synth 8-7129] Port ramif\.memaddr[6] in module ram is either unconnected or has no load
WARNING: [Synth 8-7129] Port ramif\.memaddr[5] in module ram is either unconnected or has no load
WARNING: [Synth 8-7129] Port ramif\.memaddr[4] in module ram is either unconnected or has no load
WARNING: [Synth 8-7129] Port ramif\.memaddr[3] in module ram is either unconnected or has no load
WARNING: [Synth 8-7129] Port ramif\.memaddr[2] in module ram is either unconnected or has no load
WARNING: [Synth 8-7129] Port ramif\.memaddr[1] in module ram is either unconnected or has no load
WARNING: [Synth 8-7129] Port ramif\.memaddr[0] in module ram is either unconnected or has no load
WARNING: [Synth 8-7129] Port ramif\.memstore[31] in module ram is either unconnected or has no load
WARNING: [Synth 8-7129] Port ramif\.memstore[30] in module ram is either unconnected or has no load
WARNING: [Synth 8-7129] Port ramif\.memstore[29] in module ram is either unconnected or has no load
WARNING: [Synth 8-7129] Port ramif\.memstore[28] in module ram is either unconnected or has no load
WARNING: [Synth 8-7129] Port ramif\.memstore[27] in module ram is either unconnected or has no load
WARNING: [Synth 8-7129] Port ramif\.memstore[26] in module ram is either unconnected or has no load
WARNING: [Synth 8-7129] Port ramif\.memstore[25] in module ram is either unconnected or has no load
WARNING: [Synth 8-7129] Port ramif\.memstore[24] in module ram is either unconnected or has no load
WARNING: [Synth 8-7129] Port ramif\.memstore[23] in module ram is either unconnected or has no load
WARNING: [Synth 8-7129] Port ramif\.memstore[22] in module ram is either unconnected or has no load
WARNING: [Synth 8-7129] Port ramif\.memstore[21] in module ram is either unconnected or has no load
WARNING: [Synth 8-7129] Port ramif\.memstore[20] in module ram is either unconnected or has no load
WARNING: [Synth 8-7129] Port ramif\.memstore[19] in module ram is either unconnected or has no load
WARNING: [Synth 8-7129] Port ramif\.memstore[18] in module ram is either unconnected or has no load
WARNING: [Synth 8-7129] Port ramif\.memstore[17] in module ram is either unconnected or has no load
WARNING: [Synth 8-7129] Port ramif\.memstore[16] in module ram is either unconnected or has no load
WARNING: [Synth 8-7129] Port ramif\.memstore[15] in module ram is either unconnected or has no load
WARNING: [Synth 8-7129] Port ramif\.memstore[14] in module ram is either unconnected or has no load
WARNING: [Synth 8-7129] Port ramif\.memstore[13] in module ram is either unconnected or has no load
WARNING: [Synth 8-7129] Port ramif\.memstore[12] in module ram is either unconnected or has no load
WARNING: [Synth 8-7129] Port ramif\.memstore[11] in module ram is either unconnected or has no load
WARNING: [Synth 8-7129] Port ramif\.memstore[10] in module ram is either unconnected or has no load
WARNING: [Synth 8-7129] Port ramif\.memstore[9] in module ram is either unconnected or has no load
WARNING: [Synth 8-7129] Port ramif\.memstore[8] in module ram is either unconnected or has no load
WARNING: [Synth 8-7129] Port ramif\.memstore[7] in module ram is either unconnected or has no load
WARNING: [Synth 8-7129] Port ramif\.memstore[6] in module ram is either unconnected or has no load
WARNING: [Synth 8-7129] Port ramif\.memstore[5] in module ram is either unconnected or has no load
WARNING: [Synth 8-7129] Port ramif\.memstore[4] in module ram is either unconnected or has no load
WARNING: [Synth 8-7129] Port ramif\.memstore[3] in module ram is either unconnected or has no load
WARNING: [Synth 8-7129] Port ramif\.memstore[2] in module ram is either unconnected or has no load
WARNING: [Synth 8-7129] Port ramif\.memstore[1] in module ram is either unconnected or has no load
WARNING: [Synth 8-7129] Port ramif\.memstore[0] in module ram is either unconnected or has no load
WARNING: [Synth 8-7129] Port halt in module ram is either unconnected or has no load
WARNING: [Synth 8-7129] Port ccif\.cif0\.iwait in module memory_control is either unconnected or has no load
WARNING: [Synth 8-7129] Port ccif\.cif0\.dwait in module memory_control is either unconnected or has no load
WARNING: [Synth 8-7129] Port ccif\.cif0\.iREN in module memory_control is either unconnected or has no load
WARNING: [Synth 8-7129] Port ccif\.cif0\.dREN in module memory_control is either unconnected or has no load
WARNING: [Synth 8-7129] Port ccif\.cif0\.dWEN in module memory_control is either unconnected or has no load
WARNING: [Synth 8-7129] Port ccif\.cif0\.iload[31] in module memory_control is either unconnected or has no load
WARNING: [Synth 8-7129] Port ccif\.cif0\.iload[30] in module memory_control is either unconnected or has no load
WARNING: [Synth 8-7129] Port ccif\.cif0\.iload[29] in module memory_control is either unconnected or has no load
WARNING: [Synth 8-7129] Port ccif\.cif0\.iload[28] in module memory_control is either unconnected or has no load
WARNING: [Synth 8-7129] Port ccif\.cif0\.iload[27] in module memory_control is either unconnected or has no load
WARNING: [Synth 8-7129] Port ccif\.cif0\.iload[26] in module memory_control is either unconnected or has no load
WARNING: [Synth 8-7129] Port ccif\.cif0\.iload[25] in module memory_control is either unconnected or has no load
WARNING: [Synth 8-7129] Port ccif\.cif0\.iload[24] in module memory_control is either unconnected or has no load
WARNING: [Synth 8-7129] Port ccif\.cif0\.iload[23] in module memory_control is either unconnected or has no load
WARNING: [Synth 8-7129] Port ccif\.cif0\.iload[22] in module memory_control is either unconnected or has no load
WARNING: [Synth 8-7129] Port ccif\.cif0\.iload[21] in module memory_control is either unconnected or has no load
WARNING: [Synth 8-7129] Port ccif\.cif0\.iload[20] in module memory_control is either unconnected or has no load
WARNING: [Synth 8-7129] Port ccif\.cif0\.iload[19] in module memory_control is either unconnected or has no load
WARNING: [Synth 8-7129] Port ccif\.cif0\.iload[18] in module memory_control is either unconnected or has no load
WARNING: [Synth 8-7129] Port ccif\.cif0\.iload[17] in module memory_control is either unconnected or has no load
WARNING: [Synth 8-7129] Port ccif\.cif0\.iload[16] in module memory_control is either unconnected or has no load
WARNING: [Synth 8-7129] Port ccif\.cif0\.iload[15] in module memory_control is either unconnected or has no load
WARNING: [Synth 8-7129] Port ccif\.cif0\.iload[14] in module memory_control is either unconnected or has no load
WARNING: [Synth 8-7129] Port ccif\.cif0\.iload[13] in module memory_control is either unconnected or has no load
WARNING: [Synth 8-7129] Port ccif\.cif0\.iload[12] in module memory_control is either unconnected or has no load
WARNING: [Synth 8-7129] Port ccif\.cif0\.iload[11] in module memory_control is either unconnected or has no load
WARNING: [Synth 8-7129] Port ccif\.cif0\.iload[10] in module memory_control is either unconnected or has no load
WARNING: [Synth 8-7129] Port ccif\.cif0\.iload[9] in module memory_control is either unconnected or has no load
WARNING: [Synth 8-7129] Port ccif\.cif0\.iload[8] in module memory_control is either unconnected or has no load
WARNING: [Synth 8-7129] Port ccif\.cif0\.iload[7] in module memory_control is either unconnected or has no load
WARNING: [Synth 8-7129] Port ccif\.cif0\.iload[6] in module memory_control is either unconnected or has no load
WARNING: [Synth 8-7129] Port ccif\.cif0\.iload[5] in module memory_control is either unconnected or has no load
WARNING: [Synth 8-7129] Port ccif\.cif0\.iload[4] in module memory_control is either unconnected or has no load
INFO: [Common 17-14] Message 'Synth 8-7129' appears 100 times and further instances of the messages will be disabled. Use the Tcl command set_msg_config to change the current settings.
---------------------------------------------------------------------------------
Finished RTL Elaboration : Time (s): cpu = 00:00:06 ; elapsed = 00:00:07 . Memory (MB): peak = 2500.332 ; gain = 600.566 ; free physical = 49565 ; free virtual = 184185
---------------------------------------------------------------------------------
---------------------------------------------------------------------------------
Start Handling Custom Attributes
---------------------------------------------------------------------------------
---------------------------------------------------------------------------------
Finished Handling Custom Attributes : Time (s): cpu = 00:00:06 ; elapsed = 00:00:07 . Memory (MB): peak = 2515.176 ; gain = 615.410 ; free physical = 49553 ; free virtual = 184172
---------------------------------------------------------------------------------
---------------------------------------------------------------------------------
Finished RTL Optimization Phase 1 : Time (s): cpu = 00:00:06 ; elapsed = 00:00:07 . Memory (MB): peak = 2515.176 ; gain = 615.410 ; free physical = 49552 ; free virtual = 184171
---------------------------------------------------------------------------------
Netlist sorting complete. Time (s): cpu = 00:00:00.14 ; elapsed = 00:00:00.14 . Memory (MB): peak = 2515.176 ; gain = 0.000 ; free physical = 49523 ; free virtual = 184060
INFO: [Project 1-570] Preparing netlist for logic optimization

Processing XDC Constraints
Initializing timing engine
Parsing XDC File [/home/ecegridfs/a/437mg108/ece437/pipelinePartner/processors-team/build/generated_clock.xdc]
Finished Parsing XDC File [/home/ecegridfs/a/437mg108/ece437/pipelinePartner/processors-team/build/generated_clock.xdc]
Completed Processing XDC Constraints

Netlist sorting complete. Time (s): cpu = 00:00:00 ; elapsed = 00:00:00 . Memory (MB): peak = 2663.926 ; gain = 0.000 ; free physical = 49285 ; free virtual = 183642
INFO: [Project 1-111] Unisim Transformation Summary:
No Unisim elements were transformed.

Constraint Validation Runtime : Time (s): cpu = 00:00:00.34 ; elapsed = 00:00:00.11 . Memory (MB): peak = 2663.961 ; gain = 0.000 ; free physical = 49261 ; free virtual = 183616
---------------------------------------------------------------------------------
Finished Constraint Validation : Time (s): cpu = 00:00:14 ; elapsed = 00:00:15 . Memory (MB): peak = 2663.961 ; gain = 764.195 ; free physical = 49216 ; free virtual = 183197
---------------------------------------------------------------------------------
---------------------------------------------------------------------------------
Start Loading Part and Timing Information
---------------------------------------------------------------------------------
Loading part: xc7s50csga324-1
---------------------------------------------------------------------------------
Finished Loading Part and Timing Information : Time (s): cpu = 00:00:14 ; elapsed = 00:00:15 . Memory (MB): peak = 2663.961 ; gain = 764.195 ; free physical = 49214 ; free virtual = 183196
---------------------------------------------------------------------------------
---------------------------------------------------------------------------------
Start Applying 'set_property' XDC Constraints
---------------------------------------------------------------------------------
---------------------------------------------------------------------------------
Finished applying 'set_property' XDC Constraints : Time (s): cpu = 00:00:14 ; elapsed = 00:00:15 . Memory (MB): peak = 2663.961 ; gain = 764.195 ; free physical = 49208 ; free virtual = 183188
---------------------------------------------------------------------------------
INFO: [Synth 8-802] inferred FSM for state register 'curr_state_reg' in module 'icache'
INFO: [Synth 8-802] inferred FSM for state register 'curr_state_reg' in module 'icache__parameterized0'
INFO: [Synth 8-802] inferred FSM for state register 'curr_state_reg' in module 'memory_control'
---------------------------------------------------------------------------------------------------
                   State |                     New Encoding |                Previous Encoding 
---------------------------------------------------------------------------------------------------
             COMPARE_TAG |                                0 | 00000000000000000000000000000000
                ALLOCATE |                                1 | 00000000000000000000000000000001
---------------------------------------------------------------------------------------------------
INFO: [Synth 8-3354] encoded FSM with state register 'curr_state_reg' using encoding 'sequential' in module 'icache'
WARNING: [Synth 8-327] inferring latch for variable 'snoop_stateReg_reg' [/home/ecegridfs/a/437mg108/ece437/pipelinePartner/processors-team/source/dcache.sv:96]
---------------------------------------------------------------------------------------------------
                   State |                     New Encoding |                Previous Encoding 
---------------------------------------------------------------------------------------------------
             COMPARE_TAG |                                0 | 00000000000000000000000000000000
                ALLOCATE |                                1 | 00000000000000000000000000000001
---------------------------------------------------------------------------------------------------
INFO: [Synth 8-3354] encoded FSM with state register 'curr_state_reg' using encoding 'sequential' in module 'icache__parameterized0'
WARNING: [Synth 8-327] inferring latch for variable 'snoop_stateReg_reg' [/home/ecegridfs/a/437mg108/ece437/pipelinePartner/processors-team/source/dcache.sv:96]
---------------------------------------------------------------------------------------------------
                   State |                     New Encoding |                Previous Encoding 
---------------------------------------------------------------------------------------------------
                    IDLE |                             0000 | 00000000000000000000000000000000
                  WRITE1 |                             0001 | 00000000000000000000000000001010
                  WRITE2 |                             0010 | 00000000000000000000000000001011
                   SNOOP |                             0011 | 00000000000000000000000000000001
                   CHECK |                             0100 | 00000000000000000000000000000010
                   CTOC1 |                             0101 | 00000000000000000000000000000101
                   CTOC2 |                             0110 | 00000000000000000000000000000110
                  DCTOC1 |                             0111 | 00000000000000000000000000000111
                  DCTOC2 |                             1000 | 00000000000000000000000000001000
             MEM_ACCESS1 |                             1001 | 00000000000000000000000000000011
             MEM_ACCESS2 |                             1010 | 00000000000000000000000000000100
                  IFETCH |                             1011 | 00000000000000000000000000001001
---------------------------------------------------------------------------------------------------
INFO: [Synth 8-3354] encoded FSM with state register 'curr_state_reg' using encoding 'sequential' in module 'memory_control'
---------------------------------------------------------------------------------
Finished RTL Optimization Phase 2 : Time (s): cpu = 00:00:18 ; elapsed = 00:00:19 . Memory (MB): peak = 2663.961 ; gain = 764.195 ; free physical = 49898 ; free virtual = 183706
---------------------------------------------------------------------------------
---------------------------------------------------------------------------------
Start RTL Component Statistics 
---------------------------------------------------------------------------------
Detailed RTL Component Info : 
+---Adders : 
	   2 Input   32 Bit       Adders := 10    
	   3 Input   32 Bit       Adders := 2     
	   2 Input    3 Bit       Adders := 2     
	   2 Input    2 Bit       Adders := 1     
+---XORs : 
	   2 Input     32 Bit         XORs := 2     
+---Registers : 
	               32 Bit    Registers := 205   
	               26 Bit    Registers := 66    
	                8 Bit    Registers := 2     
	                5 Bit    Registers := 10    
	                4 Bit    Registers := 5     
	                2 Bit    Registers := 11    
	                1 Bit    Registers := 140   
+---RAMs : 
	             512K Bit	(16384 X 32 bit)          RAMs := 1     
+---Muxes : 
	  11 Input   32 Bit        Muxes := 2     
	   2 Input   32 Bit        Muxes := 548   
	   4 Input   32 Bit        Muxes := 2     
	   3 Input   32 Bit        Muxes := 6     
	  12 Input   32 Bit        Muxes := 8     
	  10 Input   32 Bit        Muxes := 2     
	   2 Input   26 Bit        Muxes := 100   
	   2 Input    8 Bit        Muxes := 24    
	   2 Input    5 Bit        Muxes := 6     
	  11 Input    4 Bit        Muxes := 4     
	   2 Input    4 Bit        Muxes := 14    
	   8 Input    4 Bit        Muxes := 2     
	   7 Input    4 Bit        Muxes := 2     
	  28 Input    4 Bit        Muxes := 1     
	   5 Input    4 Bit        Muxes := 2     
	  13 Input    3 Bit        Muxes := 4     
	   2 Input    3 Bit        Muxes := 4     
	   2 Input    2 Bit        Muxes := 13    
	   7 Input    2 Bit        Muxes := 4     
	  11 Input    2 Bit        Muxes := 6     
	  12 Input    2 Bit        Muxes := 2     
	   4 Input    2 Bit        Muxes := 3     
	  11 Input    1 Bit        Muxes := 12    
	   2 Input    1 Bit        Muxes := 2111  
	  12 Input    1 Bit        Muxes := 4     
	   4 Input    1 Bit        Muxes := 34    
	  13 Input    1 Bit        Muxes := 8     
	   5 Input    1 Bit        Muxes := 2     
	   7 Input    1 Bit        Muxes := 4     
	  10 Input    1 Bit        Muxes := 2     
---------------------------------------------------------------------------------
Finished RTL Component Statistics 
---------------------------------------------------------------------------------
---------------------------------------------------------------------------------
Start Part Resource Summary
---------------------------------------------------------------------------------
Part Resources:
DSPs: 120 (col length:60)
BRAMs: 150 (col length: RAMB18 60 RAMB36 30)
---------------------------------------------------------------------------------
Finished Part Resource Summary
---------------------------------------------------------------------------------
---------------------------------------------------------------------------------
Start Cross Boundary and Area Optimization
---------------------------------------------------------------------------------
WARNING: [Synth 8-7080] Parallel synthesis criteria is not met
WARNING: [Synth 8-3332] Sequential element (snoop_stateReg_reg[3]) is unused and will be removed from module dcache.
WARNING: [Synth 8-3332] Sequential element (snoop_stateReg_reg[3]) is unused and will be removed from module dcache__parameterized0.
---------------------------------------------------------------------------------
Finished Cross Boundary and Area Optimization : Time (s): cpu = 00:00:57 ; elapsed = 00:01:01 . Memory (MB): peak = 2709.910 ; gain = 810.145 ; free physical = 49810 ; free virtual = 183651
---------------------------------------------------------------------------------
---------------------------------------------------------------------------------
Start ROM, RAM, DSP, Shift Register and Retiming Reporting
---------------------------------------------------------------------------------

Block RAM: Preliminary Mapping Report (see note below)
+------------+-------------+------------------------+---+---+------------------------+---+---+------------------+--------+--------+
|Module Name | RTL Object  | PORT A (Depth x Width) | W | R | PORT B (Depth x Width) | W | R | Ports driving FF | RAMB18 | RAMB36 | 
+------------+-------------+------------------------+---+---+------------------------+---+---+------------------+--------+--------+
|system      | RAM/mem_reg | 16 K x 32(READ_FIRST)  | W | R | 16 K x 32(WRITE_FIRST) |   | R | Port A and B     | 0      | 16     | 
+------------+-------------+------------------------+---+---+------------------------+---+---+------------------+--------+--------+

Note: The table above is a preliminary report that shows the Block RAMs at the current stage of the synthesis flow. Some Block RAMs may be reimplemented as non Block RAM primitives later in the synthesis flow. Multiple instantiated Block RAMs are reported only once. 
---------------------------------------------------------------------------------
Finished ROM, RAM, DSP, Shift Register and Retiming Reporting
---------------------------------------------------------------------------------
---------------------------------------------------------------------------------
Start Applying XDC Timing Constraints
---------------------------------------------------------------------------------
---------------------------------------------------------------------------------
Finished Applying XDC Timing Constraints : Time (s): cpu = 00:01:00 ; elapsed = 00:01:04 . Memory (MB): peak = 2709.910 ; gain = 810.145 ; free physical = 49820 ; free virtual = 183646
---------------------------------------------------------------------------------
---------------------------------------------------------------------------------
Start ROM, RAM, DSP, Shift Register and Retiming Reporting
---------------------------------------------------------------------------------

Block RAM: Final Mapping Report
+------------+-------------+------------------------+---+---+------------------------+---+---+------------------+--------+--------+
|Module Name | RTL Object  | PORT A (Depth x Width) | W | R | PORT B (Depth x Width) | W | R | Ports driving FF | RAMB18 | RAMB36 | 
+------------+-------------+------------------------+---+---+------------------------+---+---+------------------+--------+--------+
|system      | RAM/mem_reg | 16 K x 32(READ_FIRST)  | W | R | 16 K x 32(WRITE_FIRST) |   | R | Port A and B     | 0      | 16     | 
+------------+-------------+------------------------+---+---+------------------------+---+---+------------------+--------+--------+

---------------------------------------------------------------------------------
Finished ROM, RAM, DSP, Shift Register and Retiming Reporting
---------------------------------------------------------------------------------
Found timing loop:
     0: CPUi_1/\ccif\.ccwrite [0] (multicore__GB0)
      [/home/ecegridfs/a/437mg108/ece437/pipelinePartner/processors-team/source/multicore.sv:10]
     1: CPUi_2/I3[0] (multicore__GB1)
      [/home/ecegridfs/a/437mg108/ece437/pipelinePartner/processors-team/source/multicore.sv:10]
     2: CPUi_1/\ccif\.ccwrite [0] (multicore__GB0)
      [/home/ecegridfs/a/437mg108/ece437/pipelinePartner/processors-team/source/multicore.sv:10]
CRITICAL WARNING: [Synth 8-295] found timing loop. [/home/ecegridfs/a/437mg108/ece437/pipelinePartner/processors-team/source/system.sv:17]
WARNING: [Synth 8-326] inferred exception to break timing loop: 'set_false_path -through CPUi_2/\ccif\.ccwrite [0]'
---------------------------------------------------------------------------------
Start Technology Mapping
---------------------------------------------------------------------------------
CRITICAL WARNING: [Synth 8-6859] multi-driven net on pin \cif\.iaddr [31] with 1st driver pin 'CPUi_1/i_19264/O' [/home/ecegridfs/a/437mg108/ece437/pipelinePartner/processors-team/source/icache.sv:29]
CRITICAL WARNING: [Synth 8-6859] multi-driven net on pin \cif\.iaddr [31] with 2nd driver pin 'GND' [/home/ecegridfs/a/437mg108/ece437/pipelinePartner/processors-team/source/icache.sv:29]
CRITICAL WARNING: [Synth 8-6858] multi-driven net \cif\.iaddr [31] is connected to at least one constant driver which has been preserved, other driver is ignored [/home/ecegridfs/a/437mg108/ece437/pipelinePartner/processors-team/source/icache.sv:29]
CRITICAL WARNING: [Synth 8-6859] multi-driven net on pin \cif\.iaddr [30] with 1st driver pin 'CPUi_1/i_19265/O' [/home/ecegridfs/a/437mg108/ece437/pipelinePartner/processors-team/source/icache.sv:29]
CRITICAL WARNING: [Synth 8-6859] multi-driven net on pin \cif\.iaddr [30] with 2nd driver pin 'GND' [/home/ecegridfs/a/437mg108/ece437/pipelinePartner/processors-team/source/icache.sv:29]
CRITICAL WARNING: [Synth 8-6858] multi-driven net \cif\.iaddr [30] is connected to at least one constant driver which has been preserved, other driver is ignored [/home/ecegridfs/a/437mg108/ece437/pipelinePartner/processors-team/source/icache.sv:29]
CRITICAL WARNING: [Synth 8-6859] multi-driven net on pin \cif\.iaddr [29] with 1st driver pin 'CPUi_1/i_19266/O' [/home/ecegridfs/a/437mg108/ece437/pipelinePartner/processors-team/source/icache.sv:29]
CRITICAL WARNING: [Synth 8-6859] multi-driven net on pin \cif\.iaddr [29] with 2nd driver pin 'GND' [/home/ecegridfs/a/437mg108/ece437/pipelinePartner/processors-team/source/icache.sv:29]
CRITICAL WARNING: [Synth 8-6858] multi-driven net \cif\.iaddr [29] is connected to at least one constant driver which has been preserved, other driver is ignored [/home/ecegridfs/a/437mg108/ece437/pipelinePartner/processors-team/source/icache.sv:29]
CRITICAL WARNING: [Synth 8-6859] multi-driven net on pin \cif\.iaddr [28] with 1st driver pin 'CPUi_1/i_19267/O' [/home/ecegridfs/a/437mg108/ece437/pipelinePartner/processors-team/source/icache.sv:29]
CRITICAL WARNING: [Synth 8-6859] multi-driven net on pin \cif\.iaddr [28] with 2nd driver pin 'GND' [/home/ecegridfs/a/437mg108/ece437/pipelinePartner/processors-team/source/icache.sv:29]
CRITICAL WARNING: [Synth 8-6858] multi-driven net \cif\.iaddr [28] is connected to at least one constant driver which has been preserved, other driver is ignored [/home/ecegridfs/a/437mg108/ece437/pipelinePartner/processors-team/source/icache.sv:29]
CRITICAL WARNING: [Synth 8-6859] multi-driven net on pin \cif\.iaddr [27] with 1st driver pin 'CPUi_1/i_19268/O' [/home/ecegridfs/a/437mg108/ece437/pipelinePartner/processors-team/source/icache.sv:29]
CRITICAL WARNING: [Synth 8-6859] multi-driven net on pin \cif\.iaddr [27] with 2nd driver pin 'GND' [/home/ecegridfs/a/437mg108/ece437/pipelinePartner/processors-team/source/icache.sv:29]
CRITICAL WARNING: [Synth 8-6858] multi-driven net \cif\.iaddr [27] is connected to at least one constant driver which has been preserved, other driver is ignored [/home/ecegridfs/a/437mg108/ece437/pipelinePartner/processors-team/source/icache.sv:29]
CRITICAL WARNING: [Synth 8-6859] multi-driven net on pin \cif\.iaddr [26] with 1st driver pin 'CPUi_1/i_19269/O' [/home/ecegridfs/a/437mg108/ece437/pipelinePartner/processors-team/source/icache.sv:29]
CRITICAL WARNING: [Synth 8-6859] multi-driven net on pin \cif\.iaddr [26] with 2nd driver pin 'GND' [/home/ecegridfs/a/437mg108/ece437/pipelinePartner/processors-team/source/icache.sv:29]
CRITICAL WARNING: [Synth 8-6858] multi-driven net \cif\.iaddr [26] is connected to at least one constant driver which has been preserved, other driver is ignored [/home/ecegridfs/a/437mg108/ece437/pipelinePartner/processors-team/source/icache.sv:29]
CRITICAL WARNING: [Synth 8-6859] multi-driven net on pin \cif\.iaddr [25] with 1st driver pin 'CPUi_1/i_19270/O' [/home/ecegridfs/a/437mg108/ece437/pipelinePartner/processors-team/source/icache.sv:29]
CRITICAL WARNING: [Synth 8-6859] multi-driven net on pin \cif\.iaddr [25] with 2nd driver pin 'GND' [/home/ecegridfs/a/437mg108/ece437/pipelinePartner/processors-team/source/icache.sv:29]
CRITICAL WARNING: [Synth 8-6858] multi-driven net \cif\.iaddr [25] is connected to at least one constant driver which has been preserved, other driver is ignored [/home/ecegridfs/a/437mg108/ece437/pipelinePartner/processors-team/source/icache.sv:29]
CRITICAL WARNING: [Synth 8-6859] multi-driven net on pin \cif\.iaddr [24] with 1st driver pin 'CPUi_1/i_19271/O' [/home/ecegridfs/a/437mg108/ece437/pipelinePartner/processors-team/source/icache.sv:29]
CRITICAL WARNING: [Synth 8-6859] multi-driven net on pin \cif\.iaddr [24] with 2nd driver pin 'GND' [/home/ecegridfs/a/437mg108/ece437/pipelinePartner/processors-team/source/icache.sv:29]
CRITICAL WARNING: [Synth 8-6858] multi-driven net \cif\.iaddr [24] is connected to at least one constant driver which has been preserved, other driver is ignored [/home/ecegridfs/a/437mg108/ece437/pipelinePartner/processors-team/source/icache.sv:29]
CRITICAL WARNING: [Synth 8-6859] multi-driven net on pin \cif\.iaddr [23] with 1st driver pin 'CPUi_1/i_19272/O' [/home/ecegridfs/a/437mg108/ece437/pipelinePartner/processors-team/source/icache.sv:29]
CRITICAL WARNING: [Synth 8-6859] multi-driven net on pin \cif\.iaddr [23] with 2nd driver pin 'GND' [/home/ecegridfs/a/437mg108/ece437/pipelinePartner/processors-team/source/icache.sv:29]
CRITICAL WARNING: [Synth 8-6858] multi-driven net \cif\.iaddr [23] is connected to at least one constant driver which has been preserved, other driver is ignored [/home/ecegridfs/a/437mg108/ece437/pipelinePartner/processors-team/source/icache.sv:29]
CRITICAL WARNING: [Synth 8-6859] multi-driven net on pin \cif\.iaddr [22] with 1st driver pin 'CPUi_1/i_19273/O' [/home/ecegridfs/a/437mg108/ece437/pipelinePartner/processors-team/source/icache.sv:29]
CRITICAL WARNING: [Synth 8-6859] multi-driven net on pin \cif\.iaddr [22] with 2nd driver pin 'GND' [/home/ecegridfs/a/437mg108/ece437/pipelinePartner/processors-team/source/icache.sv:29]
CRITICAL WARNING: [Synth 8-6858] multi-driven net \cif\.iaddr [22] is connected to at least one constant driver which has been preserved, other driver is ignored [/home/ecegridfs/a/437mg108/ece437/pipelinePartner/processors-team/source/icache.sv:29]
CRITICAL WARNING: [Synth 8-6859] multi-driven net on pin \cif\.iaddr [21] with 1st driver pin 'CPUi_1/i_19274/O' [/home/ecegridfs/a/437mg108/ece437/pipelinePartner/processors-team/source/icache.sv:29]
CRITICAL WARNING: [Synth 8-6859] multi-driven net on pin \cif\.iaddr [21] with 2nd driver pin 'GND' [/home/ecegridfs/a/437mg108/ece437/pipelinePartner/processors-team/source/icache.sv:29]
CRITICAL WARNING: [Synth 8-6858] multi-driven net \cif\.iaddr [21] is connected to at least one constant driver which has been preserved, other driver is ignored [/home/ecegridfs/a/437mg108/ece437/pipelinePartner/processors-team/source/icache.sv:29]
CRITICAL WARNING: [Synth 8-6859] multi-driven net on pin \cif\.iaddr [20] with 1st driver pin 'CPUi_1/i_19275/O' [/home/ecegridfs/a/437mg108/ece437/pipelinePartner/processors-team/source/icache.sv:29]
CRITICAL WARNING: [Synth 8-6859] multi-driven net on pin \cif\.iaddr [20] with 2nd driver pin 'GND' [/home/ecegridfs/a/437mg108/ece437/pipelinePartner/processors-team/source/icache.sv:29]
CRITICAL WARNING: [Synth 8-6858] multi-driven net \cif\.iaddr [20] is connected to at least one constant driver which has been preserved, other driver is ignored [/home/ecegridfs/a/437mg108/ece437/pipelinePartner/processors-team/source/icache.sv:29]
CRITICAL WARNING: [Synth 8-6859] multi-driven net on pin \cif\.iaddr [19] with 1st driver pin 'CPUi_1/i_19276/O' [/home/ecegridfs/a/437mg108/ece437/pipelinePartner/processors-team/source/icache.sv:29]
CRITICAL WARNING: [Synth 8-6859] multi-driven net on pin \cif\.iaddr [19] with 2nd driver pin 'GND' [/home/ecegridfs/a/437mg108/ece437/pipelinePartner/processors-team/source/icache.sv:29]
CRITICAL WARNING: [Synth 8-6858] multi-driven net \cif\.iaddr [19] is connected to at least one constant driver which has been preserved, other driver is ignored [/home/ecegridfs/a/437mg108/ece437/pipelinePartner/processors-team/source/icache.sv:29]
CRITICAL WARNING: [Synth 8-6859] multi-driven net on pin \cif\.iaddr [18] with 1st driver pin 'CPUi_1/i_19277/O' [/home/ecegridfs/a/437mg108/ece437/pipelinePartner/processors-team/source/icache.sv:29]
CRITICAL WARNING: [Synth 8-6859] multi-driven net on pin \cif\.iaddr [18] with 2nd driver pin 'GND' [/home/ecegridfs/a/437mg108/ece437/pipelinePartner/processors-team/source/icache.sv:29]
CRITICAL WARNING: [Synth 8-6858] multi-driven net \cif\.iaddr [18] is connected to at least one constant driver which has been preserved, other driver is ignored [/home/ecegridfs/a/437mg108/ece437/pipelinePartner/processors-team/source/icache.sv:29]
CRITICAL WARNING: [Synth 8-6859] multi-driven net on pin \cif\.iaddr [17] with 1st driver pin 'CPUi_1/i_19278/O' [/home/ecegridfs/a/437mg108/ece437/pipelinePartner/processors-team/source/icache.sv:29]
CRITICAL WARNING: [Synth 8-6859] multi-driven net on pin \cif\.iaddr [17] with 2nd driver pin 'GND' [/home/ecegridfs/a/437mg108/ece437/pipelinePartner/processors-team/source/icache.sv:29]
CRITICAL WARNING: [Synth 8-6858] multi-driven net \cif\.iaddr [17] is connected to at least one constant driver which has been preserved, other driver is ignored [/home/ecegridfs/a/437mg108/ece437/pipelinePartner/processors-team/source/icache.sv:29]
CRITICAL WARNING: [Synth 8-6859] multi-driven net on pin \cif\.iaddr [16] with 1st driver pin 'CPUi_1/i_19279/O' [/home/ecegridfs/a/437mg108/ece437/pipelinePartner/processors-team/source/icache.sv:29]
CRITICAL WARNING: [Synth 8-6859] multi-driven net on pin \cif\.iaddr [16] with 2nd driver pin 'GND' [/home/ecegridfs/a/437mg108/ece437/pipelinePartner/processors-team/source/icache.sv:29]
CRITICAL WARNING: [Synth 8-6858] multi-driven net \cif\.iaddr [16] is connected to at least one constant driver which has been preserved, other driver is ignored [/home/ecegridfs/a/437mg108/ece437/pipelinePartner/processors-team/source/icache.sv:29]
CRITICAL WARNING: [Synth 8-6859] multi-driven net on pin \cif\.iaddr [15] with 1st driver pin 'CPUi_1/i_19280/O' [/home/ecegridfs/a/437mg108/ece437/pipelinePartner/processors-team/source/icache.sv:29]
CRITICAL WARNING: [Synth 8-6859] multi-driven net on pin \cif\.iaddr [15] with 2nd driver pin 'GND' [/home/ecegridfs/a/437mg108/ece437/pipelinePartner/processors-team/source/icache.sv:29]
CRITICAL WARNING: [Synth 8-6858] multi-driven net \cif\.iaddr [15] is connected to at least one constant driver which has been preserved, other driver is ignored [/home/ecegridfs/a/437mg108/ece437/pipelinePartner/processors-team/source/icache.sv:29]
CRITICAL WARNING: [Synth 8-6859] multi-driven net on pin \cif\.iaddr [14] with 1st driver pin 'CPUi_1/i_19281/O' [/home/ecegridfs/a/437mg108/ece437/pipelinePartner/processors-team/source/icache.sv:29]
CRITICAL WARNING: [Synth 8-6859] multi-driven net on pin \cif\.iaddr [14] with 2nd driver pin 'GND' [/home/ecegridfs/a/437mg108/ece437/pipelinePartner/processors-team/source/icache.sv:29]
CRITICAL WARNING: [Synth 8-6858] multi-driven net \cif\.iaddr [14] is connected to at least one constant driver which has been preserved, other driver is ignored [/home/ecegridfs/a/437mg108/ece437/pipelinePartner/processors-team/source/icache.sv:29]
CRITICAL WARNING: [Synth 8-6859] multi-driven net on pin \cif\.iaddr [13] with 1st driver pin 'CPUi_1/i_19282/O' [/home/ecegridfs/a/437mg108/ece437/pipelinePartner/processors-team/source/icache.sv:29]
CRITICAL WARNING: [Synth 8-6859] multi-driven net on pin \cif\.iaddr [13] with 2nd driver pin 'GND' [/home/ecegridfs/a/437mg108/ece437/pipelinePartner/processors-team/source/icache.sv:29]
CRITICAL WARNING: [Synth 8-6858] multi-driven net \cif\.iaddr [13] is connected to at least one constant driver which has been preserved, other driver is ignored [/home/ecegridfs/a/437mg108/ece437/pipelinePartner/processors-team/source/icache.sv:29]
CRITICAL WARNING: [Synth 8-6859] multi-driven net on pin \cif\.iaddr [12] with 1st driver pin 'CPUi_1/i_19283/O' [/home/ecegridfs/a/437mg108/ece437/pipelinePartner/processors-team/source/icache.sv:29]
CRITICAL WARNING: [Synth 8-6859] multi-driven net on pin \cif\.iaddr [12] with 2nd driver pin 'GND' [/home/ecegridfs/a/437mg108/ece437/pipelinePartner/processors-team/source/icache.sv:29]
CRITICAL WARNING: [Synth 8-6858] multi-driven net \cif\.iaddr [12] is connected to at least one constant driver which has been preserved, other driver is ignored [/home/ecegridfs/a/437mg108/ece437/pipelinePartner/processors-team/source/icache.sv:29]
CRITICAL WARNING: [Synth 8-6859] multi-driven net on pin \cif\.iaddr [11] with 1st driver pin 'CPUi_1/i_19284/O' [/home/ecegridfs/a/437mg108/ece437/pipelinePartner/processors-team/source/icache.sv:29]
CRITICAL WARNING: [Synth 8-6859] multi-driven net on pin \cif\.iaddr [11] with 2nd driver pin 'GND' [/home/ecegridfs/a/437mg108/ece437/pipelinePartner/processors-team/source/icache.sv:29]
CRITICAL WARNING: [Synth 8-6858] multi-driven net \cif\.iaddr [11] is connected to at least one constant driver which has been preserved, other driver is ignored [/home/ecegridfs/a/437mg108/ece437/pipelinePartner/processors-team/source/icache.sv:29]
CRITICAL WARNING: [Synth 8-6859] multi-driven net on pin \cif\.iaddr [10] with 1st driver pin 'CPUi_1/i_19285/O' [/home/ecegridfs/a/437mg108/ece437/pipelinePartner/processors-team/source/icache.sv:29]
CRITICAL WARNING: [Synth 8-6859] multi-driven net on pin \cif\.iaddr [10] with 2nd driver pin 'GND' [/home/ecegridfs/a/437mg108/ece437/pipelinePartner/processors-team/source/icache.sv:29]
CRITICAL WARNING: [Synth 8-6858] multi-driven net \cif\.iaddr [10] is connected to at least one constant driver which has been preserved, other driver is ignored [/home/ecegridfs/a/437mg108/ece437/pipelinePartner/processors-team/source/icache.sv:29]
CRITICAL WARNING: [Synth 8-6859] multi-driven net on pin \cif\.iaddr [9] with 1st driver pin 'CPUi_1/i_19286/O' [/home/ecegridfs/a/437mg108/ece437/pipelinePartner/processors-team/source/icache.sv:29]
CRITICAL WARNING: [Synth 8-6859] multi-driven net on pin \cif\.iaddr [9] with 2nd driver pin 'GND' [/home/ecegridfs/a/437mg108/ece437/pipelinePartner/processors-team/source/icache.sv:29]
CRITICAL WARNING: [Synth 8-6858] multi-driven net \cif\.iaddr [9] is connected to at least one constant driver which has been preserved, other driver is ignored [/home/ecegridfs/a/437mg108/ece437/pipelinePartner/processors-team/source/icache.sv:29]
CRITICAL WARNING: [Synth 8-6859] multi-driven net on pin \cif\.iaddr [8] with 1st driver pin 'CPUi_1/i_19287/O' [/home/ecegridfs/a/437mg108/ece437/pipelinePartner/processors-team/source/icache.sv:29]
CRITICAL WARNING: [Synth 8-6859] multi-driven net on pin \cif\.iaddr [8] with 2nd driver pin 'GND' [/home/ecegridfs/a/437mg108/ece437/pipelinePartner/processors-team/source/icache.sv:29]
CRITICAL WARNING: [Synth 8-6858] multi-driven net \cif\.iaddr [8] is connected to at least one constant driver which has been preserved, other driver is ignored [/home/ecegridfs/a/437mg108/ece437/pipelinePartner/processors-team/source/icache.sv:29]
CRITICAL WARNING: [Synth 8-6859] multi-driven net on pin \cif\.iaddr [7] with 1st driver pin 'CPUi_1/i_19288/O' [/home/ecegridfs/a/437mg108/ece437/pipelinePartner/processors-team/source/icache.sv:29]
CRITICAL WARNING: [Synth 8-6859] multi-driven net on pin \cif\.iaddr [7] with 2nd driver pin 'GND' [/home/ecegridfs/a/437mg108/ece437/pipelinePartner/processors-team/source/icache.sv:29]
CRITICAL WARNING: [Synth 8-6858] multi-driven net \cif\.iaddr [7] is connected to at least one constant driver which has been preserved, other driver is ignored [/home/ecegridfs/a/437mg108/ece437/pipelinePartner/processors-team/source/icache.sv:29]
CRITICAL WARNING: [Synth 8-6859] multi-driven net on pin \cif\.iaddr [6] with 1st driver pin 'CPUi_1/i_19289/O' [/home/ecegridfs/a/437mg108/ece437/pipelinePartner/processors-team/source/icache.sv:29]
CRITICAL WARNING: [Synth 8-6859] multi-driven net on pin \cif\.iaddr [6] with 2nd driver pin 'GND' [/home/ecegridfs/a/437mg108/ece437/pipelinePartner/processors-team/source/icache.sv:29]
CRITICAL WARNING: [Synth 8-6858] multi-driven net \cif\.iaddr [6] is connected to at least one constant driver which has been preserved, other driver is ignored [/home/ecegridfs/a/437mg108/ece437/pipelinePartner/processors-team/source/icache.sv:29]
CRITICAL WARNING: [Synth 8-6859] multi-driven net on pin \cif\.iaddr [5] with 1st driver pin 'CPUi_1/i_19290/O' [/home/ecegridfs/a/437mg108/ece437/pipelinePartner/processors-team/source/icache.sv:29]
CRITICAL WARNING: [Synth 8-6859] multi-driven net on pin \cif\.iaddr [5] with 2nd driver pin 'GND' [/home/ecegridfs/a/437mg108/ece437/pipelinePartner/processors-team/source/icache.sv:29]
CRITICAL WARNING: [Synth 8-6858] multi-driven net \cif\.iaddr [5] is connected to at least one constant driver which has been preserved, other driver is ignored [/home/ecegridfs/a/437mg108/ece437/pipelinePartner/processors-team/source/icache.sv:29]
CRITICAL WARNING: [Synth 8-6859] multi-driven net on pin \cif\.iaddr [4] with 1st driver pin 'CPUi_1/i_19291/O' [/home/ecegridfs/a/437mg108/ece437/pipelinePartner/processors-team/source/icache.sv:29]
CRITICAL WARNING: [Synth 8-6859] multi-driven net on pin \cif\.iaddr [4] with 2nd driver pin 'GND' [/home/ecegridfs/a/437mg108/ece437/pipelinePartner/processors-team/source/icache.sv:29]
CRITICAL WARNING: [Synth 8-6858] multi-driven net \cif\.iaddr [4] is connected to at least one constant driver which has been preserved, other driver is ignored [/home/ecegridfs/a/437mg108/ece437/pipelinePartner/processors-team/source/icache.sv:29]
CRITICAL WARNING: [Synth 8-6859] multi-driven net on pin \cif\.iaddr [3] with 1st driver pin 'CPUi_1/i_19292/O' [/home/ecegridfs/a/437mg108/ece437/pipelinePartner/processors-team/source/icache.sv:29]
CRITICAL WARNING: [Synth 8-6859] multi-driven net on pin \cif\.iaddr [3] with 2nd driver pin 'GND' [/home/ecegridfs/a/437mg108/ece437/pipelinePartner/processors-team/source/icache.sv:29]
CRITICAL WARNING: [Synth 8-6858] multi-driven net \cif\.iaddr [3] is connected to at least one constant driver which has been preserved, other driver is ignored [/home/ecegridfs/a/437mg108/ece437/pipelinePartner/processors-team/source/icache.sv:29]
CRITICAL WARNING: [Synth 8-6859] multi-driven net on pin \cif\.iaddr [2] with 1st driver pin 'CPUi_1/i_19293/O' [/home/ecegridfs/a/437mg108/ece437/pipelinePartner/processors-team/source/icache.sv:29]
CRITICAL WARNING: [Synth 8-6859] multi-driven net on pin \cif\.iaddr [2] with 2nd driver pin 'GND' [/home/ecegridfs/a/437mg108/ece437/pipelinePartner/processors-team/source/icache.sv:29]
CRITICAL WARNING: [Synth 8-6858] multi-driven net \cif\.iaddr [2] is connected to at least one constant driver which has been preserved, other driver is ignored [/home/ecegridfs/a/437mg108/ece437/pipelinePartner/processors-team/source/icache.sv:29]
CRITICAL WARNING: [Synth 8-6859] multi-driven net on pin \cif\.iaddr [1] with 1st driver pin 'CPUi_1/i_19294/O' [/home/ecegridfs/a/437mg108/ece437/pipelinePartner/processors-team/source/icache.sv:29]
CRITICAL WARNING: [Synth 8-6859] multi-driven net on pin \cif\.iaddr [1] with 2nd driver pin 'GND' [/home/ecegridfs/a/437mg108/ece437/pipelinePartner/processors-team/source/icache.sv:29]
CRITICAL WARNING: [Synth 8-6858] multi-driven net \cif\.iaddr [1] is connected to at least one constant driver which has been preserved, other driver is ignored [/home/ecegridfs/a/437mg108/ece437/pipelinePartner/processors-team/source/icache.sv:29]
CRITICAL WARNING: [Synth 8-6859] multi-driven net on pin \cif\.iaddr [0] with 1st driver pin 'CPUi_1/i_19295/O' [/home/ecegridfs/a/437mg108/ece437/pipelinePartner/processors-team/source/icache.sv:29]
CRITICAL WARNING: [Synth 8-6859] multi-driven net on pin \cif\.iaddr [0] with 2nd driver pin 'GND' [/home/ecegridfs/a/437mg108/ece437/pipelinePartner/processors-team/source/icache.sv:29]
CRITICAL WARNING: [Synth 8-6858] multi-driven net \cif\.iaddr [0] is connected to at least one constant driver which has been preserved, other driver is ignored [/home/ecegridfs/a/437mg108/ece437/pipelinePartner/processors-team/source/icache.sv:29]
INFO: [Synth 8-7052] The timing for the instance RAM/mem_reg_0 (implemented as a Block RAM) might be sub-optimal as no optional output register could be merged into the ram block. Providing additional output register may help in improving timing.
INFO: [Synth 8-7052] The timing for the instance RAM/mem_reg_0 (implemented as a Block RAM) might be sub-optimal as no optional output register could be merged into the ram block. Providing additional output register may help in improving timing.
INFO: [Synth 8-7052] The timing for the instance RAM/mem_reg_1 (implemented as a Block RAM) might be sub-optimal as no optional output register could be merged into the ram block. Providing additional output register may help in improving timing.
INFO: [Synth 8-7052] The timing for the instance RAM/mem_reg_1 (implemented as a Block RAM) might be sub-optimal as no optional output register could be merged into the ram block. Providing additional output register may help in improving timing.
INFO: [Synth 8-7052] The timing for the instance RAM/mem_reg_2 (implemented as a Block RAM) might be sub-optimal as no optional output register could be merged into the ram block. Providing additional output register may help in improving timing.
INFO: [Synth 8-7052] The timing for the instance RAM/mem_reg_2 (implemented as a Block RAM) might be sub-optimal as no optional output register could be merged into the ram block. Providing additional output register may help in improving timing.
INFO: [Synth 8-7052] The timing for the instance RAM/mem_reg_3 (implemented as a Block RAM) might be sub-optimal as no optional output register could be merged into the ram block. Providing additional output register may help in improving timing.
INFO: [Synth 8-7052] The timing for the instance RAM/mem_reg_3 (implemented as a Block RAM) might be sub-optimal as no optional output register could be merged into the ram block. Providing additional output register may help in improving timing.
INFO: [Synth 8-7052] The timing for the instance RAM/mem_reg_4 (implemented as a Block RAM) might be sub-optimal as no optional output register could be merged into the ram block. Providing additional output register may help in improving timing.
INFO: [Synth 8-7052] The timing for the instance RAM/mem_reg_4 (implemented as a Block RAM) might be sub-optimal as no optional output register could be merged into the ram block. Providing additional output register may help in improving timing.
INFO: [Synth 8-7052] The timing for the instance RAM/mem_reg_5 (implemented as a Block RAM) might be sub-optimal as no optional output register could be merged into the ram block. Providing additional output register may help in improving timing.
INFO: [Synth 8-7052] The timing for the instance RAM/mem_reg_5 (implemented as a Block RAM) might be sub-optimal as no optional output register could be merged into the ram block. Providing additional output register may help in improving timing.
INFO: [Synth 8-7052] The timing for the instance RAM/mem_reg_6 (implemented as a Block RAM) might be sub-optimal as no optional output register could be merged into the ram block. Providing additional output register may help in improving timing.
INFO: [Synth 8-7052] The timing for the instance RAM/mem_reg_6 (implemented as a Block RAM) might be sub-optimal as no optional output register could be merged into the ram block. Providing additional output register may help in improving timing.
INFO: [Synth 8-7052] The timing for the instance RAM/mem_reg_7 (implemented as a Block RAM) might be sub-optimal as no optional output register could be merged into the ram block. Providing additional output register may help in improving timing.
INFO: [Synth 8-7052] The timing for the instance RAM/mem_reg_7 (implemented as a Block RAM) might be sub-optimal as no optional output register could be merged into the ram block. Providing additional output register may help in improving timing.
INFO: [Synth 8-7052] The timing for the instance RAM/mem_reg_8 (implemented as a Block RAM) might be sub-optimal as no optional output register could be merged into the ram block. Providing additional output register may help in improving timing.
INFO: [Synth 8-7052] The timing for the instance RAM/mem_reg_8 (implemented as a Block RAM) might be sub-optimal as no optional output register could be merged into the ram block. Providing additional output register may help in improving timing.
INFO: [Synth 8-7052] The timing for the instance RAM/mem_reg_9 (implemented as a Block RAM) might be sub-optimal as no optional output register could be merged into the ram block. Providing additional output register may help in improving timing.
INFO: [Synth 8-7052] The timing for the instance RAM/mem_reg_9 (implemented as a Block RAM) might be sub-optimal as no optional output register could be merged into the ram block. Providing additional output register may help in improving timing.
INFO: [Synth 8-7052] The timing for the instance RAM/mem_reg_10 (implemented as a Block RAM) might be sub-optimal as no optional output register could be merged into the ram block. Providing additional output register may help in improving timing.
INFO: [Synth 8-7052] The timing for the instance RAM/mem_reg_10 (implemented as a Block RAM) might be sub-optimal as no optional output register could be merged into the ram block. Providing additional output register may help in improving timing.
INFO: [Synth 8-7052] The timing for the instance RAM/mem_reg_11 (implemented as a Block RAM) might be sub-optimal as no optional output register could be merged into the ram block. Providing additional output register may help in improving timing.
INFO: [Synth 8-7052] The timing for the instance RAM/mem_reg_11 (implemented as a Block RAM) might be sub-optimal as no optional output register could be merged into the ram block. Providing additional output register may help in improving timing.
INFO: [Synth 8-7052] The timing for the instance RAM/mem_reg_12 (implemented as a Block RAM) might be sub-optimal as no optional output register could be merged into the ram block. Providing additional output register may help in improving timing.
INFO: [Synth 8-7052] The timing for the instance RAM/mem_reg_12 (implemented as a Block RAM) might be sub-optimal as no optional output register could be merged into the ram block. Providing additional output register may help in improving timing.
INFO: [Synth 8-7052] The timing for the instance RAM/mem_reg_13 (implemented as a Block RAM) might be sub-optimal as no optional output register could be merged into the ram block. Providing additional output register may help in improving timing.
INFO: [Synth 8-7052] The timing for the instance RAM/mem_reg_13 (implemented as a Block RAM) might be sub-optimal as no optional output register could be merged into the ram block. Providing additional output register may help in improving timing.
INFO: [Synth 8-7052] The timing for the instance RAM/mem_reg_14 (implemented as a Block RAM) might be sub-optimal as no optional output register could be merged into the ram block. Providing additional output register may help in improving timing.
INFO: [Synth 8-7052] The timing for the instance RAM/mem_reg_14 (implemented as a Block RAM) might be sub-optimal as no optional output register could be merged into the ram block. Providing additional output register may help in improving timing.
INFO: [Synth 8-7052] The timing for the instance RAM/mem_reg_15 (implemented as a Block RAM) might be sub-optimal as no optional output register could be merged into the ram block. Providing additional output register may help in improving timing.
INFO: [Synth 8-7052] The timing for the instance RAM/mem_reg_15 (implemented as a Block RAM) might be sub-optimal as no optional output register could be merged into the ram block. Providing additional output register may help in improving timing.
---------------------------------------------------------------------------------
Finished Technology Mapping : Time (s): cpu = 00:01:41 ; elapsed = 00:01:45 . Memory (MB): peak = 2709.910 ; gain = 810.145 ; free physical = 50005 ; free virtual = 184062
---------------------------------------------------------------------------------
---------------------------------------------------------------------------------
Start IO Insertion
---------------------------------------------------------------------------------
---------------------------------------------------------------------------------
Start Flattening Before IO Insertion
---------------------------------------------------------------------------------
---------------------------------------------------------------------------------
Finished Flattening Before IO Insertion
---------------------------------------------------------------------------------
---------------------------------------------------------------------------------
Start Final Netlist Cleanup
---------------------------------------------------------------------------------
---------------------------------------------------------------------------------
Finished Final Netlist Cleanup
---------------------------------------------------------------------------------
---------------------------------------------------------------------------------
Finished IO Insertion : Time (s): cpu = 00:01:45 ; elapsed = 00:01:50 . Memory (MB): peak = 2709.910 ; gain = 810.145 ; free physical = 49840 ; free virtual = 183883
---------------------------------------------------------------------------------
---------------------------------------------------------------------------------
Start Renaming Generated Instances
---------------------------------------------------------------------------------
---------------------------------------------------------------------------------
Finished Renaming Generated Instances : Time (s): cpu = 00:01:45 ; elapsed = 00:01:50 . Memory (MB): peak = 2709.910 ; gain = 810.145 ; free physical = 49845 ; free virtual = 183888
---------------------------------------------------------------------------------
---------------------------------------------------------------------------------
Start Rebuilding User Hierarchy
---------------------------------------------------------------------------------
---------------------------------------------------------------------------------
Finished Rebuilding User Hierarchy : Time (s): cpu = 00:01:46 ; elapsed = 00:01:51 . Memory (MB): peak = 2709.910 ; gain = 810.145 ; free physical = 49848 ; free virtual = 183892
---------------------------------------------------------------------------------
---------------------------------------------------------------------------------
Start Renaming Generated Ports
---------------------------------------------------------------------------------
---------------------------------------------------------------------------------
Finished Renaming Generated Ports : Time (s): cpu = 00:01:46 ; elapsed = 00:01:51 . Memory (MB): peak = 2709.910 ; gain = 810.145 ; free physical = 49847 ; free virtual = 183891
---------------------------------------------------------------------------------
---------------------------------------------------------------------------------
Start Handling Custom Attributes
---------------------------------------------------------------------------------
---------------------------------------------------------------------------------
Finished Handling Custom Attributes : Time (s): cpu = 00:01:46 ; elapsed = 00:01:51 . Memory (MB): peak = 2709.910 ; gain = 810.145 ; free physical = 49847 ; free virtual = 183890
---------------------------------------------------------------------------------
---------------------------------------------------------------------------------
Start Renaming Generated Nets
---------------------------------------------------------------------------------
---------------------------------------------------------------------------------
Finished Renaming Generated Nets : Time (s): cpu = 00:01:46 ; elapsed = 00:01:51 . Memory (MB): peak = 2709.910 ; gain = 810.145 ; free physical = 49841 ; free virtual = 183884
---------------------------------------------------------------------------------
---------------------------------------------------------------------------------
Start Writing Synthesis Report
---------------------------------------------------------------------------------

Report BlackBoxes: 
+-+--------------+----------+
| |BlackBox name |Instances |
+-+--------------+----------+
+-+--------------+----------+

Report Cell Usage: 
+------+---------+------+
|      |Cell     |Count |
+------+---------+------+
|1     |BUFG     |     2|
|2     |CARRY4   |   148|
|3     |LUT1     |    26|
|4     |LUT2     |   438|
|5     |LUT3     |  1234|
|6     |LUT4     |   820|
|7     |LUT5     |  1497|
|8     |LUT6     |  8157|
|9     |MUXF7    |  1924|
|10    |MUXF8    |   494|
|11    |RAMB36E1 |    16|
|26    |FDCE     |  8216|
|27    |FDPE     |    19|
|28    |LD       |     6|
|29    |IBUF     |    83|
|30    |OBUF     |    65|
+------+---------+------+
---------------------------------------------------------------------------------
Finished Writing Synthesis Report : Time (s): cpu = 00:01:46 ; elapsed = 00:01:51 . Memory (MB): peak = 2709.910 ; gain = 810.145 ; free physical = 49834 ; free virtual = 183879
---------------------------------------------------------------------------------
Synthesis finished with 0 errors, 97 critical warnings and 6 warnings.
Synthesis Optimization Runtime : Time (s): cpu = 00:01:42 ; elapsed = 00:01:48 . Memory (MB): peak = 2709.910 ; gain = 661.359 ; free physical = 49849 ; free virtual = 183893
Synthesis Optimization Complete : Time (s): cpu = 00:01:46 ; elapsed = 00:01:51 . Memory (MB): peak = 2709.918 ; gain = 810.145 ; free physical = 49849 ; free virtual = 183893
INFO: [Project 1-571] Translating synthesized netlist
Netlist sorting complete. Time (s): cpu = 00:00:00.13 ; elapsed = 00:00:00.13 . Memory (MB): peak = 2709.918 ; gain = 0.000 ; free physical = 50147 ; free virtual = 184192
INFO: [Netlist 29-17] Analyzing 2588 Unisim elements for replacement
INFO: [Netlist 29-28] Unisim Transformation completed in 0 CPU seconds
INFO: [Project 1-570] Preparing netlist for logic optimization
INFO: [Opt 31-138] Pushed 0 inverter(s) to 0 load pin(s).
Netlist sorting complete. Time (s): cpu = 00:00:00 ; elapsed = 00:00:00 . Memory (MB): peak = 2741.926 ; gain = 0.000 ; free physical = 50115 ; free virtual = 184166
INFO: [Project 1-111] Unisim Transformation Summary:
  A total of 6 instances were transformed.
  LD => LDCE: 6 instances

Synth Design complete | Checksum: 8036cca2
INFO: [Common 17-83] Releasing license: Synthesis
178 Infos, 182 Warnings, 97 Critical Warnings and 0 Errors encountered.
synth_design completed successfully
synth_design: Time (s): cpu = 00:01:53 ; elapsed = 00:01:57 . Memory (MB): peak = 2741.961 ; gain = 1172.309 ; free physical = 50111 ; free virtual = 184163
INFO: [Common 17-2834] synth_design peak Physical Memory [PSS] (MB): overall = 2149.035; main = 1806.751; forked = 389.373
INFO: [Common 17-2834] synth_design peak Virtual Memory [VSS] (MB): overall = 4336.535; main = 2741.930; forked = 1626.621
INFO: [runtcl-6] Synthesis results are not added to the cache due to CRITICAL_WARNING
Write ShapeDB Complete: Time (s): cpu = 00:00:00.04 ; elapsed = 00:00:00.02 . Memory (MB): peak = 2765.938 ; gain = 0.000 ; free physical = 50115 ; free virtual = 184166
INFO: [Common 17-1381] The checkpoint '/home/ecegridfs/a/437mg108/ece437/pipelinePartner/processors-team/build/system.runs/synth_1/system.dcp' has been generated.
INFO: [runtcl-4] Executing : report_utilization -file system_utilization_synth.rpt -pb system_utilization_synth.pb
INFO: [Common 17-206] Exiting Vivado at Tue Dec  2 18:03:29 2025...
